 QQDemo_d

 Timestamp is 51e77337 (Thu Jul 18 12:46:47 2013)

 Preferred load address is 00400000

 Start         Length     Name                   Class
 0001:00000000 0009c933H .text                   CODE
 0001:0009c940 00003dc6H .text$x                 CODE
 0001:000a0710 000015fbH .text$yc                CODE
 0001:000a1d10 00001170H .text$yd                CODE
 0002:00000000 00000104H .CRT$XCA                DATA
 0002:00000104 00000113H .CRT$XCC                DATA
 0002:00000218 00000190H .CRT$XCL                DATA
 0002:000003a8 00000113H .CRT$XCU                DATA
 0002:000004bc 00000104H .CRT$XCZ                DATA
 0002:000005c0 00000104H .CRT$XIA                DATA
 0002:000006c4 00000113H .CRT$XIC                DATA
 0002:000007d8 00000104H .CRT$XIY                DATA
 0002:000008dc 00000104H .CRT$XIZ                DATA
 0002:000009e0 00000104H .CRT$XPA                DATA
 0002:00000ae4 00000109H .CRT$XPX                DATA
 0002:00000bf0 00000104H .CRT$XPXA               DATA
 0002:00000cf4 00000104H .CRT$XPZ                DATA
 0002:00000df8 00000104H .CRT$XTA                DATA
 0002:00000efc 00000104H .CRT$XTZ                DATA
 0002:00001000 0001a6baH .rdata                  DATA
 0002:0001b6bc 0000014bH .rdata$debug            DATA
 0002:0001b808 000015d0H .rdata$r                DATA
 0002:0001cde0 000003d0H .rdata$sxdata           DATA
 0002:0001d1b0 00000104H .rtc$IAA                DATA
 0002:0001d2b4 00000139H .rtc$IMZ                DATA
 0002:0001d3f0 00000104H .rtc$IZZ                DATA
 0002:0001d4f4 00000104H .rtc$TAA                DATA
 0002:0001d5f8 00000139H .rtc$TMZ                DATA
 0002:0001d734 00000104H .rtc$TZZ                DATA
 0002:0001d838 000038f3H .xdata$x                DATA
 0002:0002112c 00000104H ATL$__a                 DATA
 0002:00021230 00000104H ATL$__z                 DATA
 0002:00021334 00000000H .edata                  DATA
 0003:00000000 0000232fH .data                   DATA
 0003:00002340 000026a8H .bss                    DATA
 0004:00000000 0000008cH .idata$2                DATA
 0004:0000008c 00000014H .idata$3                DATA
 0004:000000a0 00000934H .idata$4                DATA
 0004:000009d4 00000934H .idata$5                DATA
 0004:00001308 00004426H .idata$6                DATA
 0005:00000000 000001d3H .rsrc$01                DATA
 0005:000001e0 00219e29H .rsrc$02                DATA

  Address         Publics by Value              Rva+Base       Lib:Object

 0000:00000000       __except_list              00000000     <absolute>
 0000:00000096       ___safe_se_handler_count   00000096     <absolute>
 0000:00000000       ___ImageBase               00400000     <linker-defined>
 0001:00002420       ??0ChatDialog@@QAE@ABV?$basic_string@DU?$char_traits@D@std@@V?$allocator@D@2@@std@@KABUFriendListItemInfo@DuiLib@@1@Z 00403420 f   chat_dialog.obj
 0001:00002570       ??1ChatDialog@@UAE@XZ      00403570 f   chat_dialog.obj
 0001:00002660       ?GetWindowClassName@ChatDialog@@UBEPBDXZ 00403660 f   chat_dialog.obj
 0001:00002680       ?CreateControl@ChatDialog@@UAEPAVCControlUI@DuiLib@@PBD@Z 00403680 f   chat_dialog.obj
 0001:000026a0       ?OnFinalMessage@ChatDialog@@UAEXPAUHWND__@@@Z 004036a0 f   chat_dialog.obj
 0001:00002730       ?Receive@ChatDialog@@UAEHUSkinChangedParam@@@Z 00403730 f   chat_dialog.obj
 0001:000028d0       ?GetSkinFile@ChatDialog@@UAE?AV?$basic_string@DU?$char_traits@D@std@@V?$allocator@D@2@@std@@XZ 004038d0 f   chat_dialog.obj
 0001:00002920       ?GetSkinFolder@ChatDialog@@UAE?AV?$basic_string@DU?$char_traits@D@std@@V?$allocator@D@2@@std@@XZ 00403920 f   chat_dialog.obj
 0001:00002a40       ?OnClose@ChatDialog@@UAEJIIJAAH@Z 00403a40 f   chat_dialog.obj
 0001:00002a60       ?OnSetFocus@ChatDialog@@UAEJIIJAAH@Z 00403a60 f   chat_dialog.obj
 0001:00002a80       ?OnSysCommand@ChatDialog@@UAEJIIJAAH@Z 00403a80 f   chat_dialog.obj
 0001:00002c20       ?HandleMessage@ChatDialog@@UAEJIIJ@Z 00403c20 f   chat_dialog.obj
 0001:00002c60       ?ResponseDefaultKeyEvent@ChatDialog@@UAEJI@Z 00403c60 f   chat_dialog.obj
 0001:00002c90       ?OnTimer@ChatDialog@@IAEXAAUtagTNotifyUI@DuiLib@@@Z 00403c90 f   chat_dialog.obj
 0001:00002cb0       ?OnExit@ChatDialog@@IAEXAAUtagTNotifyUI@DuiLib@@@Z 00403cb0 f   chat_dialog.obj
 0001:00002cf0       ?Init@ChatDialog@@UAEXXZ   00403cf0 f   chat_dialog.obj
 0001:00002d10       ?OnPrepare@ChatDialog@@IAEXAAUtagTNotifyUI@DuiLib@@@Z 00403d10 f   chat_dialog.obj
 0001:00002fc0       ?GetCurrentTimeString@@YA?AV?$basic_string@DU?$char_traits@D@std@@V?$allocator@D@2@@std@@XZ 00403fc0 f   chat_dialog.obj
 0001:000030f0       ?SendMsg@ChatDialog@@QAEXXZ 004040f0 f   chat_dialog.obj
 0001:00003600       ?Notify@ChatDialog@@MAEXAAUtagTNotifyUI@DuiLib@@@Z 00404600 f   chat_dialog.obj
 0001:000045e0       ?SetTextColor@ChatDialog@@QAEXK@Z 004055e0 f   chat_dialog.obj
 0001:00004660       ?HandleCustomMessage@ChatDialog@@UAEJIIJAAH@Z 00405660 f   chat_dialog.obj
 0001:00004680       ?FontStyleChanged@ChatDialog@@AAEXXZ 00405680 f   chat_dialog.obj
 0001:00004f30       ??_EChatDialog@@UAEPAXI@Z  00405f30 f i chat_dialog.obj
 0001:00004f30       ??_GChatDialog@@UAEPAXI@Z  00405f30 f i chat_dialog.obj
 0001:00004f80       ??0FriendListItemInfo@DuiLib@@QAE@ABU01@@Z 00405f80 f i chat_dialog.obj
 0001:00005070       ??1FriendListItemInfo@DuiLib@@QAE@XZ 00406070 f i chat_dialog.obj
 0001:00005120       ??1SkinChangedParam@@QAE@XZ 00406120 f i chat_dialog.obj
 0001:00005150       __tcsicmp                  00406150 f i chat_dialog.obj
 0001:00005180       ??0?$basic_string@DU?$char_traits@D@std@@V?$allocator@D@2@@std@@QAE@ABV01@@Z 00406180 f i chat_dialog.obj
 0001:00005250       ??0?$basic_string@DU?$char_traits@D@std@@V?$allocator@D@2@@std@@QAE@PBD@Z 00406250 f i chat_dialog.obj
 0001:00005300       ??1?$basic_string@DU?$char_traits@D@std@@V?$allocator@D@2@@std@@QAE@XZ 00406300 f i chat_dialog.obj
 0001:00005390       ??4?$basic_string@DU?$char_traits@D@std@@V?$allocator@D@2@@std@@QAEAAV01@ABV01@@Z 00406390 f i chat_dialog.obj
 0001:000053d0       ??4?$basic_string@DU?$char_traits@D@std@@V?$allocator@D@2@@std@@QAEAAV01@PBD@Z 004063d0 f i chat_dialog.obj
 0001:00005410       ?c_str@?$basic_string@DU?$char_traits@D@std@@V?$allocator@D@2@@std@@QBEPBDXZ 00406410 f i chat_dialog.obj
 0001:00005440       ?empty@?$basic_string@DU?$char_traits@D@std@@V?$allocator@D@2@@std@@QBE_NXZ 00406440 f i chat_dialog.obj
 0001:00005470       ??0?$ReceiverImpl@HUSkinChangedParam@@@@QAE@XZ 00406470 f i chat_dialog.obj
 0001:000054d0       ??1?$ReceiverImpl@HUSkinChangedParam@@@@UAE@XZ 004064d0 f i chat_dialog.obj
 0001:00005510       ?AddObserver@?$ReceiverImpl@HUSkinChangedParam@@@@UAEXPAV?$ObserverImplBase@HUSkinChangedParam@@@@@Z 00406510 f i chat_dialog.obj
 0001:00005570       ?RemoveObserver@?$ReceiverImpl@HUSkinChangedParam@@@@UAEXXZ 00406570 f i chat_dialog.obj
 0001:000056d0       ?Receive@?$ReceiverImpl@HUSkinChangedParam@@@@UAEHUSkinChangedParam@@@Z 004066d0 f i chat_dialog.obj
 0001:00005760       ?Respond@?$ReceiverImpl@HUSkinChangedParam@@@@UAEHUSkinChangedParam@@PAV?$ObserverImplBase@HUSkinChangedParam@@@@@Z 00406760 f i chat_dialog.obj
 0001:000057f0       ??_E?$ReceiverImpl@HUSkinChangedParam@@@@UAEPAXI@Z 004067f0 f i chat_dialog.obj
 0001:000057f0       ??_G?$ReceiverImpl@HUSkinChangedParam@@@@UAEPAXI@Z 004067f0 f i chat_dialog.obj
 0001:00005840       ??0?$ReceiverImplBase@HUSkinChangedParam@@@@QAE@XZ 00406840 f i chat_dialog.obj
 0001:00005870       ??1?$map@HPAV?$ObserverImplBase@HUSkinChangedParam@@@@U?$less@H@std@@V?$allocator@U?$pair@$$CBHPAV?$ObserverImplBase@HUSkinChangedParam@@@@@std@@@3@@std@@QAE@XZ 00406870 f i chat_dialog.obj
 0001:000058a0       ??1?$_Tree_iterator@V?$_Tree_val@V?$_Tmap_traits@HPAV?$ObserverImplBase@HUSkinChangedParam@@@@U?$less@H@std@@V?$allocator@U?$pair@$$CBHPAV?$ObserverImplBase@HUSkinChangedParam@@@@@std@@@3@$0A@@std@@@std@@@std@@QAE@XZ 004068a0 f i chat_dialog.obj
 0001:000058d0       ??1?$_Tree_const_iterator@V?$_Tree_val@V?$_Tmap_traits@HPAV?$ObserverImplBase@HUSkinChangedParam@@@@U?$less@H@std@@V?$allocator@U?$pair@$$CBHPAV?$ObserverImplBase@HUSkinChangedParam@@@@@std@@@3@$0A@@std@@@std@@@std@@QAE@XZ 004068d0 f i chat_dialog.obj
 0001:00005900       ??1?$_Tree_unchecked_const_iterator@V?$_Tree_val@V?$_Tmap_traits@HPAV?$ObserverImplBase@HUSkinChangedParam@@@@U?$less@H@std@@V?$allocator@U?$pair@$$CBHPAV?$ObserverImplBase@HUSkinChangedParam@@@@@std@@@3@$0A@@std@@@std@@U_Iterator_base12@2@@std@@QAE@XZ 00406900 f i chat_dialog.obj
 0001:00005930       ??1?$_Iterator012@Ubidirectional_iterator_tag@std@@U?$pair@$$CBHPAV?$ObserverImplBase@HUSkinChangedParam@@@@@2@HPBU32@ABU32@U_Iterator_base12@2@@std@@QAE@XZ 00406930 f i chat_dialog.obj
 0001:00005960       ??1_Iterator_base12@std@@QAE@XZ 00406960 f i chat_dialog.obj
 0001:00005a30       ?_Orphan_me@_Iterator_base12@std@@QAEXXZ 00406a30 f i chat_dialog.obj
 0001:00005ae0       ?assign@?$basic_string@DU?$char_traits@D@std@@V?$allocator@D@2@@std@@QAEAAV12@ABV12@@Z 00406ae0 f i chat_dialog.obj
 0001:00005b20       ?assign@?$basic_string@DU?$char_traits@D@std@@V?$allocator@D@2@@std@@QAEAAV12@ABV12@II@Z 00406b20 f i chat_dialog.obj
 0001:00005c20       ?copy@?$char_traits@D@std@@SAPADPADPBDI@Z 00406c20 f i chat_dialog.obj
 0001:00005c50       ?size@?$basic_string@DU?$char_traits@D@std@@V?$allocator@D@2@@std@@QBEIXZ 00406c50 f i chat_dialog.obj
 0001:00005c70       ?assign@?$basic_string@DU?$char_traits@D@std@@V?$allocator@D@2@@std@@QAEAAV12@PBD@Z 00406c70 f i chat_dialog.obj
 0001:00005cd0       ?length@?$char_traits@D@std@@SAIPBD@Z 00406cd0 f i chat_dialog.obj
 0001:00005cf0       ?_Tidy@?$basic_string@DU?$char_traits@D@std@@V?$allocator@D@2@@std@@QAEX_NI@Z 00406cf0 f i chat_dialog.obj
 0001:00005db0       ?_Myptr@?$basic_string@DU?$char_traits@D@std@@V?$allocator@D@2@@std@@QBEPBDXZ 00406db0 f i chat_dialog.obj
 0001:00005e00       ??0?$_String_val@DV?$allocator@D@std@@@std@@QAE@V?$allocator@D@1@@Z 00406e00 f i chat_dialog.obj
 0001:00005f40       ??0_Container_proxy@std@@QAE@XZ 00406f40 f i chat_dialog.obj
 0001:00005f80       ??0_Container_base12@std@@QAE@XZ 00406f80 f i chat_dialog.obj
 0001:00005fb0       ??1_Container_base12@std@@QAE@XZ 00406fb0 f i chat_dialog.obj
 0001:00005fe0       ?_Orphan_all@_Container_base12@std@@QAEXXZ 00406fe0 f i chat_dialog.obj
 0001:000060c0       ??1?$_String_val@DV?$allocator@D@std@@@std@@QAE@XZ 004070c0 f i chat_dialog.obj
 0001:000061d0       ??0?$allocator@D@std@@QAE@XZ 004071d0 f i chat_dialog.obj
 0001:000061f0       ??0?$allocator@D@std@@QAE@ABV01@@Z 004071f0 f i chat_dialog.obj
 0001:00006210       ??0?$map@HPAV?$ObserverImplBase@HUSkinChangedParam@@@@U?$less@H@std@@V?$allocator@U?$pair@$$CBHPAV?$ObserverImplBase@HUSkinChangedParam@@@@@std@@@3@@std@@QAE@XZ 00407210 f i chat_dialog.obj
 0001:00006260       ??A?$map@HPAV?$ObserverImplBase@HUSkinChangedParam@@@@U?$less@H@std@@V?$allocator@U?$pair@$$CBHPAV?$ObserverImplBase@HUSkinChangedParam@@@@@std@@@3@@std@@QAEAAPAV?$ObserverImplBase@HUSkinChangedParam@@@@ABH@Z 00407260 f i chat_dialog.obj
 0001:00006480       ??1?$_Tree@V?$_Tmap_traits@HPAV?$ObserverImplBase@HUSkinChangedParam@@@@U?$less@H@std@@V?$allocator@U?$pair@$$CBHPAV?$ObserverImplBase@HUSkinChangedParam@@@@@std@@@3@$0A@@std@@@std@@QAE@XZ 00407480 f i chat_dialog.obj
 0001:00006500       ?begin@?$_Tree@V?$_Tmap_traits@HPAV?$ObserverImplBase@HUSkinChangedParam@@@@U?$less@H@std@@V?$allocator@U?$pair@$$CBHPAV?$ObserverImplBase@HUSkinChangedParam@@@@@std@@@3@$0A@@std@@@std@@QAE?AV?$_Tree_iterator@V?$_Tree_val@V?$_Tmap_traits@HPAV?$ObserverImplBase@HUSkinChangedParam@@@@U?$less@H@std@@V?$allocator@U?$pair@$$CBHPAV?$ObserverImplBase@HUSkinChangedParam@@@@@std@@@3@$0A@@std@@@std@@@2@XZ 00407500 f i chat_dialog.obj
 0001:00006570       ?end@?$_Tree@V?$_Tmap_traits@HPAV?$ObserverImplBase@HUSkinChangedParam@@@@U?$less@H@std@@V?$allocator@U?$pair@$$CBHPAV?$ObserverImplBase@HUSkinChangedParam@@@@@std@@@3@$0A@@std@@@std@@QAE?AV?$_Tree_iterator@V?$_Tree_val@V?$_Tmap_traits@HPAV?$ObserverImplBase@HUSkinChangedParam@@@@U?$less@H@std@@V?$allocator@U?$pair@$$CBHPAV?$ObserverImplBase@HUSkinChangedParam@@@@@std@@@3@$0A@@std@@@std@@@2@XZ 00407570 f i chat_dialog.obj
 0001:000065d0       ??C?$_Tree_iterator@V?$_Tree_val@V?$_Tmap_traits@HPAV?$ObserverImplBase@HUSkinChangedParam@@@@U?$less@H@std@@V?$allocator@U?$pair@$$CBHPAV?$ObserverImplBase@HUSkinChangedParam@@@@@std@@@3@$0A@@std@@@std@@@std@@QBEPAU?$pair@$$CBHPAV?$ObserverImplBase@HUSkinChangedParam@@@@@1@XZ 004075d0 f i chat_dialog.obj
 0001:00006600       ??E?$_Tree_iterator@V?$_Tree_val@V?$_Tmap_traits@HPAV?$ObserverImplBase@HUSkinChangedParam@@@@U?$less@H@std@@V?$allocator@U?$pair@$$CBHPAV?$ObserverImplBase@HUSkinChangedParam@@@@@std@@@3@$0A@@std@@@std@@@std@@QAEAAV01@XZ 00407600 f i chat_dialog.obj
 0001:00006630       ??9?$_Tree_const_iterator@V?$_Tree_val@V?$_Tmap_traits@HPAV?$ObserverImplBase@HUSkinChangedParam@@@@U?$less@H@std@@V?$allocator@U?$pair@$$CBHPAV?$ObserverImplBase@HUSkinChangedParam@@@@@std@@@3@$0A@@std@@@std@@@std@@QBE_NABV01@@Z 00407630 f i chat_dialog.obj
 0001:00006680       ??0?$_Tree_const_iterator@V?$_Tree_val@V?$_Tmap_traits@HPAV?$ObserverImplBase@HUSkinChangedParam@@@@U?$less@H@std@@V?$allocator@U?$pair@$$CBHPAV?$ObserverImplBase@HUSkinChangedParam@@@@@std@@@3@$0A@@std@@@std@@@std@@QAE@ABV01@@Z 00407680 f i chat_dialog.obj
 0001:000066c0       ??4?$_Tree_iterator@V?$_Tree_val@V?$_Tmap_traits@HPAV?$ObserverImplBase@HUSkinChangedParam@@@@U?$less@H@std@@V?$allocator@U?$pair@$$CBHPAV?$ObserverImplBase@HUSkinChangedParam@@@@@std@@@3@$0A@@std@@@std@@@std@@QAEAAV01@ABV01@@Z 004076c0 f i chat_dialog.obj
 0001:00006700       ??0?$_Tree_unchecked_const_iterator@V?$_Tree_val@V?$_Tmap_traits@HPAV?$ObserverImplBase@HUSkinChangedParam@@@@U?$less@H@std@@V?$allocator@U?$pair@$$CBHPAV?$ObserverImplBase@HUSkinChangedParam@@@@@std@@@3@$0A@@std@@@std@@U_Iterator_base12@2@@std@@QAE@ABV01@@Z 00407700 f i chat_dialog.obj
 0001:00006750       ??4?$_Tree_const_iterator@V?$_Tree_val@V?$_Tmap_traits@HPAV?$ObserverImplBase@HUSkinChangedParam@@@@U?$less@H@std@@V?$allocator@U?$pair@$$CBHPAV?$ObserverImplBase@HUSkinChangedParam@@@@@std@@@3@$0A@@std@@@std@@@std@@QAEAAV01@ABV01@@Z 00407750 f i chat_dialog.obj
 0001:00006790       ??0?$_Iterator012@Ubidirectional_iterator_tag@std@@U?$pair@$$CBHPAV?$ObserverImplBase@HUSkinChangedParam@@@@@2@HPBU32@ABU32@U_Iterator_base12@2@@std@@QAE@ABU01@@Z 00407790 f i chat_dialog.obj
 0001:000067d0       ??0_Iterator_base12@std@@QAE@ABU01@@Z 004077d0 f i chat_dialog.obj
 0001:00006820       ??4_Iterator_base12@std@@QAEAAU01@ABU01@@Z 00407820 f i chat_dialog.obj
 0001:00006870       ?_Adopt@_Iterator_base12@std@@QAEXPBU_Container_base12@2@@Z 00407870 f i chat_dialog.obj
 0001:00006990       ??4?$_Tree_unchecked_const_iterator@V?$_Tree_val@V?$_Tmap_traits@HPAV?$ObserverImplBase@HUSkinChangedParam@@@@U?$less@H@std@@V?$allocator@U?$pair@$$CBHPAV?$ObserverImplBase@HUSkinChangedParam@@@@@std@@@3@$0A@@std@@@std@@U_Iterator_base12@2@@std@@QAEAAV01@ABV01@@Z 00407990 f i chat_dialog.obj
 0001:000069e0       ??4?$_Iterator012@Ubidirectional_iterator_tag@std@@U?$pair@$$CBHPAV?$ObserverImplBase@HUSkinChangedParam@@@@@2@HPBU32@ABU32@U_Iterator_base12@2@@std@@QAEAAU01@ABU01@@Z 004079e0 f i chat_dialog.obj
 0001:00006a20       ?assign@?$basic_string@DU?$char_traits@D@std@@V?$allocator@D@2@@std@@QAEAAV12@PBDI@Z 00407a20 f i chat_dialog.obj
 0001:00006b00       ?erase@?$basic_string@DU?$char_traits@D@std@@V?$allocator@D@2@@std@@QAEAAV12@II@Z 00407b00 f i chat_dialog.obj
 0001:00006bd0       ?move@?$char_traits@D@std@@SAPADPADPBDI@Z 00407bd0 f i chat_dialog.obj
 0001:00006c00       ?_Eos@?$basic_string@DU?$char_traits@D@std@@V?$allocator@D@2@@std@@QAEXI@Z 00407c00 f i chat_dialog.obj
 0001:00006c60       ?assign@?$char_traits@D@std@@SAXAADABD@Z 00407c60 f i chat_dialog.obj
 0001:00006c80       ?_Grow@?$basic_string@DU?$char_traits@D@std@@V?$allocator@D@2@@std@@QAE_NI_N@Z 00407c80 f i chat_dialog.obj
 0001:00006d60       ?_Myptr@?$basic_string@DU?$char_traits@D@std@@V?$allocator@D@2@@std@@QAEPADXZ 00407d60 f i chat_dialog.obj
 0001:00006db0       ?_Xran@?$basic_string@DU?$char_traits@D@std@@V?$allocator@D@2@@std@@QBEXXZ 00407db0 f i chat_dialog.obj
 0001:00006de0       ?deallocate@?$allocator@D@std@@QAEXPADI@Z 00407de0 f i chat_dialog.obj
 0001:00006e20       ??0?$_Tree@V?$_Tmap_traits@HPAV?$ObserverImplBase@HUSkinChangedParam@@@@U?$less@H@std@@V?$allocator@U?$pair@$$CBHPAV?$ObserverImplBase@HUSkinChangedParam@@@@@std@@@3@$0A@@std@@@std@@QAE@ABU?$less@H@1@ABV?$allocator@U?$pair@$$CBHPAV?$ObserverImplBase@HUSkinChangedParam@@@@@std@@@1@@Z 00407e20 f i chat_dialog.obj
 0001:00006e80       ?lower_bound@?$_Tree@V?$_Tmap_traits@HPAV?$ObserverImplBase@HUSkinChangedParam@@@@U?$less@H@std@@V?$allocator@U?$pair@$$CBHPAV?$ObserverImplBase@HUSkinChangedParam@@@@@std@@@3@$0A@@std@@@std@@QAE?AV?$_Tree_iterator@V?$_Tree_val@V?$_Tmap_traits@HPAV?$ObserverImplBase@HUSkinChangedParam@@@@U?$less@H@std@@V?$allocator@U?$pair@$$CBHPAV?$ObserverImplBase@HUSkinChangedParam@@@@@std@@@3@$0A@@std@@@std@@@2@ABH@Z 00407e80 f i chat_dialog.obj
 0001:00006ef0       ?_Lmost@?$_Tree@V?$_Tmap_traits@HPAV?$ObserverImplBase@HUSkinChangedParam@@@@U?$less@H@std@@V?$allocator@U?$pair@$$CBHPAV?$ObserverImplBase@HUSkinChangedParam@@@@@std@@@3@$0A@@std@@@std@@IBEAAPAU_Node@?$_Tree_nod@V?$_Tmap_traits@HPAV?$ObserverImplBase@HUSkinChangedParam@@@@U?$less@H@std@@V?$allocator@U?$pair@$$CBHPAV?$ObserverImplBase@HUSkinChangedParam@@@@@std@@@3@$0A@@std@@@2@XZ 00407ef0 f i chat_dialog.obj
 0001:00006f30       ?_Tidy@?$_Tree@V?$_Tmap_traits@HPAV?$ObserverImplBase@HUSkinChangedParam@@@@U?$less@H@std@@V?$allocator@U?$pair@$$CBHPAV?$ObserverImplBase@HUSkinChangedParam@@@@@std@@@3@$0A@@std@@@std@@IAEXXZ 00407f30 f i chat_dialog.obj
 0001:00007060       ??1?$_Tree_val@V?$_Tmap_traits@HPAV?$ObserverImplBase@HUSkinChangedParam@@@@U?$less@H@std@@V?$allocator@U?$pair@$$CBHPAV?$ObserverImplBase@HUSkinChangedParam@@@@@std@@@3@$0A@@std@@@std@@QAE@XZ 00408060 f i chat_dialog.obj
 0001:000070f0       ?_Key@?$_Tree_val@V?$_Tmap_traits@HPAV?$ObserverImplBase@HUSkinChangedParam@@@@U?$less@H@std@@V?$allocator@U?$pair@$$CBHPAV?$ObserverImplBase@HUSkinChangedParam@@@@@std@@@3@$0A@@std@@@std@@SAAAHPAU_Node@?$_Tree_nod@V?$_Tmap_traits@HPAV?$ObserverImplBase@HUSkinChangedParam@@@@U?$less@H@std@@V?$allocator@U?$pair@$$CBHPAV?$ObserverImplBase@HUSkinChangedParam@@@@@std@@@3@$0A@@std@@@2@@Z 004080f0 f i chat_dialog.obj
 0001:00007120       ??0?$allocator@U?$pair@$$CBHPAV?$ObserverImplBase@HUSkinChangedParam@@@@@std@@@std@@QAE@XZ 00408120 f i chat_dialog.obj
 0001:00007140       ??R?$less@H@std@@QBE_NABH0@Z 00408140 f i chat_dialog.obj
 0001:00007170       ??0?$_Tree_iterator@V?$_Tree_val@V?$_Tmap_traits@HPAV?$ObserverImplBase@HUSkinChangedParam@@@@U?$less@H@std@@V?$allocator@U?$pair@$$CBHPAV?$ObserverImplBase@HUSkinChangedParam@@@@@std@@@3@$0A@@std@@@std@@@std@@QAE@PAU_Node@?$_Tree_nod@V?$_Tmap_traits@HPAV?$ObserverImplBase@HUSkinChangedParam@@@@U?$less@H@std@@V?$allocator@U?$pair@$$CBHPAV?$ObserverImplBase@HUSkinChangedParam@@@@@std@@@3@$0A@@std@@@1@PBV?$_Tree_val@V?$_Tmap_traits@HPAV?$ObserverImplBase@HUSkinChangedParam@@@@U?$less@H@std@@V?$allocator@U?$pair@$$CBHPAV?$ObserverImplBase@HUSkinChangedParam@@@@@std@@@3@$0A@@std@@@1@@Z 00408170 f i chat_dialog.obj
 0001:000071b0       ??D?$_Tree_iterator@V?$_Tree_val@V?$_Tmap_traits@HPAV?$ObserverImplBase@HUSkinChangedParam@@@@U?$less@H@std@@V?$allocator@U?$pair@$$CBHPAV?$ObserverImplBase@HUSkinChangedParam@@@@@std@@@3@$0A@@std@@@std@@@std@@QBEAAU?$pair@$$CBHPAV?$ObserverImplBase@HUSkinChangedParam@@@@@1@XZ 004081b0 f i chat_dialog.obj
 0001:000071e0       ??E?$_Tree_const_iterator@V?$_Tree_val@V?$_Tmap_traits@HPAV?$ObserverImplBase@HUSkinChangedParam@@@@U?$less@H@std@@V?$allocator@U?$pair@$$CBHPAV?$ObserverImplBase@HUSkinChangedParam@@@@@std@@@3@$0A@@std@@@std@@@std@@QAEAAV01@XZ 004081e0 f i chat_dialog.obj
 0001:000072d0       ?_Getcont@_Iterator_base12@std@@QBEPBU_Container_base12@2@XZ 004082d0 f i chat_dialog.obj
 0001:00007320       ??8?$_Tree_const_iterator@V?$_Tree_val@V?$_Tmap_traits@HPAV?$ObserverImplBase@HUSkinChangedParam@@@@U?$less@H@std@@V?$allocator@U?$pair@$$CBHPAV?$ObserverImplBase@HUSkinChangedParam@@@@@std@@@3@$0A@@std@@@std@@@std@@QBE_NABV01@@Z 00408320 f i chat_dialog.obj
 0001:00007410       ?_Mynode@?$_Tree_unchecked_const_iterator@V?$_Tree_val@V?$_Tmap_traits@HPAV?$ObserverImplBase@HUSkinChangedParam@@@@U?$less@H@std@@V?$allocator@U?$pair@$$CBHPAV?$ObserverImplBase@HUSkinChangedParam@@@@@std@@@3@$0A@@std@@@std@@U_Iterator_base12@2@@std@@QBEPAU_Node@?$_Tree_nod@V?$_Tmap_traits@HPAV?$ObserverImplBase@HUSkinChangedParam@@@@U?$less@H@std@@V?$allocator@U?$pair@$$CBHPAV?$ObserverImplBase@HUSkinChangedParam@@@@@std@@@3@$0A@@std@@@2@XZ 00408410 f i chat_dialog.obj
 0001:00007430       ??0?$pair@$$CBHPAV?$ObserverImplBase@HUSkinChangedParam@@@@@std@@QAE@ABH$$QAPAV?$ObserverImplBase@HUSkinChangedParam@@@@@Z 00408430 f i chat_dialog.obj
 0001:00007480       ?deallocate@?$allocator@U_Container_proxy@std@@@std@@QAEXPAU_Container_proxy@2@I@Z 00408480 f i chat_dialog.obj
 0001:000074c0       ?allocate@?$allocator@U_Container_proxy@std@@@std@@QAEPAU_Container_proxy@2@I@Z 004084c0 f i chat_dialog.obj
 0001:00007500       ?max_size@?$basic_string@DU?$char_traits@D@std@@V?$allocator@D@2@@std@@QBEIXZ 00408500 f i chat_dialog.obj
 0001:00007570       ?_Copy@?$basic_string@DU?$char_traits@D@std@@V?$allocator@D@2@@std@@QAEXII@Z 00408570 f i chat_dialog.obj
 0001:00007780       ?_Inside@?$basic_string@DU?$char_traits@D@std@@V?$allocator@D@2@@std@@QAE_NPBD@Z 00408780 f i chat_dialog.obj
 0001:000077e0       ?_Xlen@?$basic_string@DU?$char_traits@D@std@@V?$allocator@D@2@@std@@QBEXXZ 004087e0 f i chat_dialog.obj
 0001:00007810       ?erase@?$_Tree@V?$_Tmap_traits@HPAV?$ObserverImplBase@HUSkinChangedParam@@@@U?$less@H@std@@V?$allocator@U?$pair@$$CBHPAV?$ObserverImplBase@HUSkinChangedParam@@@@@std@@@3@$0A@@std@@@std@@QAE?AV?$_Tree_iterator@V?$_Tree_val@V?$_Tmap_traits@HPAV?$ObserverImplBase@HUSkinChangedParam@@@@U?$less@H@std@@V?$allocator@U?$pair@$$CBHPAV?$ObserverImplBase@HUSkinChangedParam@@@@@std@@@3@$0A@@std@@@std@@@2@V?$_Tree_const_iterator@V?$_Tree_val@V?$_Tmap_traits@HPAV?$ObserverImplBase@HUSkinChangedParam@@@@U?$less@H@std@@V?$allocator@U?$pair@$$CBHPAV?$ObserverImplBase@HUSkinChangedParam@@@@@std@@@3@$0A@@std@@@std@@@2@0@Z 00408810 f i chat_dialog.obj
 0001:00007a90       ?_Lbound@?$_Tree@V?$_Tmap_traits@HPAV?$ObserverImplBase@HUSkinChangedParam@@@@U?$less@H@std@@V?$allocator@U?$pair@$$CBHPAV?$ObserverImplBase@HUSkinChangedParam@@@@@std@@@3@$0A@@std@@@std@@IAEPAU_Node@?$_Tree_nod@V?$_Tmap_traits@HPAV?$ObserverImplBase@HUSkinChangedParam@@@@U?$less@H@std@@V?$allocator@U?$pair@$$CBHPAV?$ObserverImplBase@HUSkinChangedParam@@@@@std@@@3@$0A@@std@@@2@ABH@Z 00408a90 f i chat_dialog.obj
 0001:00007b80       ??0?$_Tree_val@V?$_Tmap_traits@HPAV?$ObserverImplBase@HUSkinChangedParam@@@@U?$less@H@std@@V?$allocator@U?$pair@$$CBHPAV?$ObserverImplBase@HUSkinChangedParam@@@@@std@@@3@$0A@@std@@@std@@QAE@ABU?$less@H@1@V?$allocator@U?$pair@$$CBHPAV?$ObserverImplBase@HUSkinChangedParam@@@@@std@@@1@@Z 00408b80 f i chat_dialog.obj
 0001:00007cd0       ?_Isnil@?$_Tree_val@V?$_Tmap_traits@HPAV?$ObserverImplBase@HUSkinChangedParam@@@@U?$less@H@std@@V?$allocator@U?$pair@$$CBHPAV?$ObserverImplBase@HUSkinChangedParam@@@@@std@@@3@$0A@@std@@@std@@SAAADPAU_Node@?$_Tree_nod@V?$_Tmap_traits@HPAV?$ObserverImplBase@HUSkinChangedParam@@@@U?$less@H@std@@V?$allocator@U?$pair@$$CBHPAV?$ObserverImplBase@HUSkinChangedParam@@@@@std@@@3@$0A@@std@@@2@@Z 00408cd0 f i chat_dialog.obj
 0001:00007ce0       ?_Left@?$_Tree_val@V?$_Tmap_traits@HPAV?$ObserverImplBase@HUSkinChangedParam@@@@U?$less@H@std@@V?$allocator@U?$pair@$$CBHPAV?$ObserverImplBase@HUSkinChangedParam@@@@@std@@@3@$0A@@std@@@std@@SAAAPAU_Node@?$_Tree_nod@V?$_Tmap_traits@HPAV?$ObserverImplBase@HUSkinChangedParam@@@@U?$less@H@std@@V?$allocator@U?$pair@$$CBHPAV?$ObserverImplBase@HUSkinChangedParam@@@@@std@@@3@$0A@@std@@@2@PAU342@@Z 00408ce0 f i chat_dialog.obj
 0001:00007cf0       ?_Myval@?$_Tree_val@V?$_Tmap_traits@HPAV?$ObserverImplBase@HUSkinChangedParam@@@@U?$less@H@std@@V?$allocator@U?$pair@$$CBHPAV?$ObserverImplBase@HUSkinChangedParam@@@@@std@@@3@$0A@@std@@@std@@SAAAU?$pair@$$CBHPAV?$ObserverImplBase@HUSkinChangedParam@@@@@2@PAU_Node@?$_Tree_nod@V?$_Tmap_traits@HPAV?$ObserverImplBase@HUSkinChangedParam@@@@U?$less@H@std@@V?$allocator@U?$pair@$$CBHPAV?$ObserverImplBase@HUSkinChangedParam@@@@@std@@@3@$0A@@std@@@2@@Z 00408cf0 f i chat_dialog.obj
 0001:00007d00       ??1?$_Tree_nod@V?$_Tmap_traits@HPAV?$ObserverImplBase@HUSkinChangedParam@@@@U?$less@H@std@@V?$allocator@U?$pair@$$CBHPAV?$ObserverImplBase@HUSkinChangedParam@@@@@std@@@3@$0A@@std@@@std@@QAE@XZ 00408d00 f i chat_dialog.obj
 0001:00007e10       ??0?$allocator@U?$pair@$$CBHPAV?$ObserverImplBase@HUSkinChangedParam@@@@@std@@@std@@QAE@ABV01@@Z 00408e10 f i chat_dialog.obj
 0001:00007e30       ?deallocate@?$allocator@U_Node@?$_Tree_nod@V?$_Tmap_traits@HPAV?$ObserverImplBase@HUSkinChangedParam@@@@U?$less@H@std@@V?$allocator@U?$pair@$$CBHPAV?$ObserverImplBase@HUSkinChangedParam@@@@@std@@@3@$0A@@std@@@std@@@std@@QAEXPAU_Node@?$_Tree_nod@V?$_Tmap_traits@HPAV?$ObserverImplBase@HUSkinChangedParam@@@@U?$less@H@std@@V?$allocator@U?$pair@$$CBHPAV?$ObserverImplBase@HUSkinChangedParam@@@@@std@@@3@$0A@@std@@@2@I@Z 00408e30 f i chat_dialog.obj
 0001:00007e70       ??0?$_Tree_const_iterator@V?$_Tree_val@V?$_Tmap_traits@HPAV?$ObserverImplBase@HUSkinChangedParam@@@@U?$less@H@std@@V?$allocator@U?$pair@$$CBHPAV?$ObserverImplBase@HUSkinChangedParam@@@@@std@@@3@$0A@@std@@@std@@@std@@QAE@PAU_Node@?$_Tree_nod@V?$_Tmap_traits@HPAV?$ObserverImplBase@HUSkinChangedParam@@@@U?$less@H@std@@V?$allocator@U?$pair@$$CBHPAV?$ObserverImplBase@HUSkinChangedParam@@@@@std@@@3@$0A@@std@@@1@PBV?$_Tree_val@V?$_Tmap_traits@HPAV?$ObserverImplBase@HUSkinChangedParam@@@@U?$less@H@std@@V?$allocator@U?$pair@$$CBHPAV?$ObserverImplBase@HUSkinChangedParam@@@@@std@@@3@$0A@@std@@@1@@Z 00408e70 f i chat_dialog.obj
 0001:00007eb0       ??D?$_Tree_const_iterator@V?$_Tree_val@V?$_Tmap_traits@HPAV?$ObserverImplBase@HUSkinChangedParam@@@@U?$less@H@std@@V?$allocator@U?$pair@$$CBHPAV?$ObserverImplBase@HUSkinChangedParam@@@@@std@@@3@$0A@@std@@@std@@@std@@QBEABU?$pair@$$CBHPAV?$ObserverImplBase@HUSkinChangedParam@@@@@1@XZ 00408eb0 f i chat_dialog.obj
 0001:00007fa0       ??E?$_Tree_unchecked_const_iterator@V?$_Tree_val@V?$_Tmap_traits@HPAV?$ObserverImplBase@HUSkinChangedParam@@@@U?$less@H@std@@V?$allocator@U?$pair@$$CBHPAV?$ObserverImplBase@HUSkinChangedParam@@@@@std@@@3@$0A@@std@@@std@@U_Iterator_base12@2@@std@@QAEAAV01@XZ 00408fa0 f i chat_dialog.obj
 0001:000080b0       ??0?$_Pair_base@$$CBHPAV?$ObserverImplBase@HUSkinChangedParam@@@@@std@@QAE@ABH$$QAPAV?$ObserverImplBase@HUSkinChangedParam@@@@@Z 004090b0 f i chat_dialog.obj
 0001:00008100       ??1?$_Tmap_traits@HPAV?$ObserverImplBase@HUSkinChangedParam@@@@U?$less@H@std@@V?$allocator@U?$pair@$$CBHPAV?$ObserverImplBase@HUSkinChangedParam@@@@@std@@@3@$0A@@std@@QAE@XZ 00409100 f i chat_dialog.obj
 0001:00008130       ?allocate@?$allocator@D@std@@QAEPADI@Z 00409130 f i chat_dialog.obj
 0001:00008170       ?max_size@?$allocator@D@std@@QBEIXZ 00409170 f i chat_dialog.obj
 0001:000081d0       ?erase@?$_Tree@V?$_Tmap_traits@HPAV?$ObserverImplBase@HUSkinChangedParam@@@@U?$less@H@std@@V?$allocator@U?$pair@$$CBHPAV?$ObserverImplBase@HUSkinChangedParam@@@@@std@@@3@$0A@@std@@@std@@QAE?AV?$_Tree_iterator@V?$_Tree_val@V?$_Tmap_traits@HPAV?$ObserverImplBase@HUSkinChangedParam@@@@U?$less@H@std@@V?$allocator@U?$pair@$$CBHPAV?$ObserverImplBase@HUSkinChangedParam@@@@@std@@@3@$0A@@std@@@std@@@2@V?$_Tree_const_iterator@V?$_Tree_val@V?$_Tmap_traits@HPAV?$ObserverImplBase@HUSkinChangedParam@@@@U?$less@H@std@@V?$allocator@U?$pair@$$CBHPAV?$ObserverImplBase@HUSkinChangedParam@@@@@std@@@3@$0A@@std@@@std@@@2@@Z 004091d0 f i chat_dialog.obj
 0001:00008c00       ?clear@?$_Tree@V?$_Tmap_traits@HPAV?$ObserverImplBase@HUSkinChangedParam@@@@U?$less@H@std@@V?$allocator@U?$pair@$$CBHPAV?$ObserverImplBase@HUSkinChangedParam@@@@@std@@@3@$0A@@std@@@std@@QAEXXZ 00409c00 f i chat_dialog.obj
 0001:00008ca0       ?_Root@?$_Tree@V?$_Tmap_traits@HPAV?$ObserverImplBase@HUSkinChangedParam@@@@U?$less@H@std@@V?$allocator@U?$pair@$$CBHPAV?$ObserverImplBase@HUSkinChangedParam@@@@@std@@@3@$0A@@std@@@std@@IBEAAPAU_Node@?$_Tree_nod@V?$_Tmap_traits@HPAV?$ObserverImplBase@HUSkinChangedParam@@@@U?$less@H@std@@V?$allocator@U?$pair@$$CBHPAV?$ObserverImplBase@HUSkinChangedParam@@@@@std@@@3@$0A@@std@@@2@XZ 00409ca0 f i chat_dialog.obj
 0001:00008ce0       ?_Color@?$_Tree_val@V?$_Tmap_traits@HPAV?$ObserverImplBase@HUSkinChangedParam@@@@U?$less@H@std@@V?$allocator@U?$pair@$$CBHPAV?$ObserverImplBase@HUSkinChangedParam@@@@@std@@@3@$0A@@std@@@std@@SAAADPAU_Node@?$_Tree_nod@V?$_Tmap_traits@HPAV?$ObserverImplBase@HUSkinChangedParam@@@@U?$less@H@std@@V?$allocator@U?$pair@$$CBHPAV?$ObserverImplBase@HUSkinChangedParam@@@@@std@@@3@$0A@@std@@@2@@Z 00409ce0 f i chat_dialog.obj
 0001:00008cf0       ?_Parent@?$_Tree_val@V?$_Tmap_traits@HPAV?$ObserverImplBase@HUSkinChangedParam@@@@U?$less@H@std@@V?$allocator@U?$pair@$$CBHPAV?$ObserverImplBase@HUSkinChangedParam@@@@@std@@@3@$0A@@std@@@std@@SAAAPAU_Node@?$_Tree_nod@V?$_Tmap_traits@HPAV?$ObserverImplBase@HUSkinChangedParam@@@@U?$less@H@std@@V?$allocator@U?$pair@$$CBHPAV?$ObserverImplBase@HUSkinChangedParam@@@@@std@@@3@$0A@@std@@@2@PAU342@@Z 00409cf0 f i chat_dialog.obj
 0001:00008d00       ?_Right@?$_Tree_val@V?$_Tmap_traits@HPAV?$ObserverImplBase@HUSkinChangedParam@@@@U?$less@H@std@@V?$allocator@U?$pair@$$CBHPAV?$ObserverImplBase@HUSkinChangedParam@@@@@std@@@3@$0A@@std@@@std@@SAAAPAU_Node@?$_Tree_nod@V?$_Tmap_traits@HPAV?$ObserverImplBase@HUSkinChangedParam@@@@U?$less@H@std@@V?$allocator@U?$pair@$$CBHPAV?$ObserverImplBase@HUSkinChangedParam@@@@@std@@@3@$0A@@std@@@2@PAU342@@Z 00409d00 f i chat_dialog.obj
 0001:00008d10       ?_Min@?$_Tree_val@V?$_Tmap_traits@HPAV?$ObserverImplBase@HUSkinChangedParam@@@@U?$less@H@std@@V?$allocator@U?$pair@$$CBHPAV?$ObserverImplBase@HUSkinChangedParam@@@@@std@@@3@$0A@@std@@@std@@SAPAU_Node@?$_Tree_nod@V?$_Tmap_traits@HPAV?$ObserverImplBase@HUSkinChangedParam@@@@U?$less@H@std@@V?$allocator@U?$pair@$$CBHPAV?$ObserverImplBase@HUSkinChangedParam@@@@@std@@@3@$0A@@std@@@2@PAU342@@Z 00409d10 f i chat_dialog.obj
 0001:00008d60       ??0?$_Tree_nod@V?$_Tmap_traits@HPAV?$ObserverImplBase@HUSkinChangedParam@@@@U?$less@H@std@@V?$allocator@U?$pair@$$CBHPAV?$ObserverImplBase@HUSkinChangedParam@@@@@std@@@3@$0A@@std@@@std@@QAE@ABU?$less@H@1@V?$allocator@U?$pair@$$CBHPAV?$ObserverImplBase@HUSkinChangedParam@@@@@std@@@1@@Z 00409d60 f i chat_dialog.obj
 0001:00008eb0       ?allocate@?$allocator@U_Node@?$_Tree_nod@V?$_Tmap_traits@HPAV?$ObserverImplBase@HUSkinChangedParam@@@@U?$less@H@std@@V?$allocator@U?$pair@$$CBHPAV?$ObserverImplBase@HUSkinChangedParam@@@@@std@@@3@$0A@@std@@@std@@@std@@QAEPAU_Node@?$_Tree_nod@V?$_Tmap_traits@HPAV?$ObserverImplBase@HUSkinChangedParam@@@@U?$less@H@std@@V?$allocator@U?$pair@$$CBHPAV?$ObserverImplBase@HUSkinChangedParam@@@@@std@@@3@$0A@@std@@@2@I@Z 00409eb0 f i chat_dialog.obj
 0001:00008ef0       ??E?$_Tree_const_iterator@V?$_Tree_val@V?$_Tmap_traits@HPAV?$ObserverImplBase@HUSkinChangedParam@@@@U?$less@H@std@@V?$allocator@U?$pair@$$CBHPAV?$ObserverImplBase@HUSkinChangedParam@@@@@std@@@3@$0A@@std@@@std@@@std@@QAE?AV01@H@Z 00409ef0 f i chat_dialog.obj
 0001:00008ff0       ??0?$_Tree_unchecked_const_iterator@V?$_Tree_val@V?$_Tmap_traits@HPAV?$ObserverImplBase@HUSkinChangedParam@@@@U?$less@H@std@@V?$allocator@U?$pair@$$CBHPAV?$ObserverImplBase@HUSkinChangedParam@@@@@std@@@3@$0A@@std@@@std@@U_Iterator_base12@2@@std@@QAE@PAU_Node@?$_Tree_nod@V?$_Tmap_traits@HPAV?$ObserverImplBase@HUSkinChangedParam@@@@U?$less@H@std@@V?$allocator@U?$pair@$$CBHPAV?$ObserverImplBase@HUSkinChangedParam@@@@@std@@@3@$0A@@std@@@1@PBV?$_Tree_val@V?$_Tmap_traits@HPAV?$ObserverImplBase@HUSkinChangedParam@@@@U?$less@H@std@@V?$allocator@U?$pair@$$CBHPAV?$ObserverImplBase@HUSkinChangedParam@@@@@std@@@3@$0A@@std@@@1@@Z 00409ff0 f i chat_dialog.obj
 0001:00009090       ??0?$_Iterator012@Ubidirectional_iterator_tag@std@@U?$pair@$$CBHPAV?$ObserverImplBase@HUSkinChangedParam@@@@@2@HPBU32@ABU32@U_Iterator_base12@2@@std@@QAE@XZ 0040a090 f i chat_dialog.obj
 0001:000090c0       ??0_Iterator_base12@std@@QAE@XZ 0040a0c0 f i chat_dialog.obj
 0001:00009100       ?_Erase@?$_Tree@V?$_Tmap_traits@HPAV?$ObserverImplBase@HUSkinChangedParam@@@@U?$less@H@std@@V?$allocator@U?$pair@$$CBHPAV?$ObserverImplBase@HUSkinChangedParam@@@@@std@@@3@$0A@@std@@@std@@IAEXPAU_Node@?$_Tree_nod@V?$_Tmap_traits@HPAV?$ObserverImplBase@HUSkinChangedParam@@@@U?$less@H@std@@V?$allocator@U?$pair@$$CBHPAV?$ObserverImplBase@HUSkinChangedParam@@@@@std@@@3@$0A@@std@@@2@@Z 0040a100 f i chat_dialog.obj
 0001:000091e0       ?_Lrotate@?$_Tree@V?$_Tmap_traits@HPAV?$ObserverImplBase@HUSkinChangedParam@@@@U?$less@H@std@@V?$allocator@U?$pair@$$CBHPAV?$ObserverImplBase@HUSkinChangedParam@@@@@std@@@3@$0A@@std@@@std@@IAEXPAU_Node@?$_Tree_nod@V?$_Tmap_traits@HPAV?$ObserverImplBase@HUSkinChangedParam@@@@U?$less@H@std@@V?$allocator@U?$pair@$$CBHPAV?$ObserverImplBase@HUSkinChangedParam@@@@@std@@@3@$0A@@std@@@2@@Z 0040a1e0 f i chat_dialog.obj
 0001:00009380       ?_Rmost@?$_Tree@V?$_Tmap_traits@HPAV?$ObserverImplBase@HUSkinChangedParam@@@@U?$less@H@std@@V?$allocator@U?$pair@$$CBHPAV?$ObserverImplBase@HUSkinChangedParam@@@@@std@@@3@$0A@@std@@@std@@IBEAAPAU_Node@?$_Tree_nod@V?$_Tmap_traits@HPAV?$ObserverImplBase@HUSkinChangedParam@@@@U?$less@H@std@@V?$allocator@U?$pair@$$CBHPAV?$ObserverImplBase@HUSkinChangedParam@@@@@std@@@3@$0A@@std@@@2@XZ 0040a380 f i chat_dialog.obj
 0001:000093c0       ?_Rrotate@?$_Tree@V?$_Tmap_traits@HPAV?$ObserverImplBase@HUSkinChangedParam@@@@U?$less@H@std@@V?$allocator@U?$pair@$$CBHPAV?$ObserverImplBase@HUSkinChangedParam@@@@@std@@@3@$0A@@std@@@std@@IAEXPAU_Node@?$_Tree_nod@V?$_Tmap_traits@HPAV?$ObserverImplBase@HUSkinChangedParam@@@@U?$less@H@std@@V?$allocator@U?$pair@$$CBHPAV?$ObserverImplBase@HUSkinChangedParam@@@@@std@@@3@$0A@@std@@@2@@Z 0040a3c0 f i chat_dialog.obj
 0001:00009560       ?_Orphan_ptr@?$_Tree@V?$_Tmap_traits@HPAV?$ObserverImplBase@HUSkinChangedParam@@@@U?$less@H@std@@V?$allocator@U?$pair@$$CBHPAV?$ObserverImplBase@HUSkinChangedParam@@@@@std@@@3@$0A@@std@@@std@@IBEXAAV12@PAU_Node@?$_Tree_nod@V?$_Tmap_traits@HPAV?$ObserverImplBase@HUSkinChangedParam@@@@U?$less@H@std@@V?$allocator@U?$pair@$$CBHPAV?$ObserverImplBase@HUSkinChangedParam@@@@@std@@@3@$0A@@std@@@2@@Z 0040a560 f i chat_dialog.obj
 0001:000096b0       ?_Getpfirst@_Container_base12@std@@QBEPAPAU_Iterator_base12@2@XZ 0040a6b0 f i chat_dialog.obj
 0001:00009700       ?_Clrcont@_Iterator_base12@std@@QAEXXZ 0040a700 f i chat_dialog.obj
 0001:00009730       ?_Getpnext@_Iterator_base12@std@@QAEPAPAU12@XZ 0040a730 f i chat_dialog.obj
 0001:00009750       ?_Max@?$_Tree_val@V?$_Tmap_traits@HPAV?$ObserverImplBase@HUSkinChangedParam@@@@U?$less@H@std@@V?$allocator@U?$pair@$$CBHPAV?$ObserverImplBase@HUSkinChangedParam@@@@@std@@@3@$0A@@std@@@std@@SAPAU_Node@?$_Tree_nod@V?$_Tmap_traits@HPAV?$ObserverImplBase@HUSkinChangedParam@@@@U?$less@H@std@@V?$allocator@U?$pair@$$CBHPAV?$ObserverImplBase@HUSkinChangedParam@@@@@std@@@3@$0A@@std@@@2@PAU342@@Z 0040a750 f i chat_dialog.obj
 0001:000097a0       ??0?$_Tmap_traits@HPAV?$ObserverImplBase@HUSkinChangedParam@@@@U?$less@H@std@@V?$allocator@U?$pair@$$CBHPAV?$ObserverImplBase@HUSkinChangedParam@@@@@std@@@3@$0A@@std@@QAE@U?$less@H@1@@Z 0040a7a0 f i chat_dialog.obj
 0001:000097e0       ??$?HDU?$char_traits@D@std@@V?$allocator@D@1@@std@@YA?AV?$basic_string@DU?$char_traits@D@std@@V?$allocator@D@2@@0@$$QAV10@PBD@Z 0040a7e0 f i chat_dialog.obj
 0001:00009840       ??0?$basic_string@DU?$char_traits@D@std@@V?$allocator@D@2@@std@@QAE@$$QAV01@@Z 0040a840 f i chat_dialog.obj
 0001:00009910       ?assign@?$basic_string@DU?$char_traits@D@std@@V?$allocator@D@2@@std@@QAEAAV12@$$QAV12@@Z 0040a910 f i chat_dialog.obj
 0001:00009a40       ?get_allocator@?$basic_string@DU?$char_traits@D@std@@V?$allocator@D@2@@std@@QBE?AV?$allocator@D@2@XZ 0040aa40 f i chat_dialog.obj
 0001:00009a80       ??$forward@V?$allocator@D@std@@@std@@YA$$QAV?$allocator@D@0@AAV10@@Z 0040aa80 f i chat_dialog.obj
 0001:00009a90       ??$forward@V?$basic_string@DU?$char_traits@D@std@@V?$allocator@D@2@@std@@@std@@YA$$QAV?$basic_string@DU?$char_traits@D@std@@V?$allocator@D@2@@0@AAV10@@Z 0040aa90 f i chat_dialog.obj
 0001:00009aa0       ??$_Debug_pointer@D@std@@YAXPBDPB_WI@Z 0040aaa0 f i chat_dialog.obj
 0001:00009ad0       ??$?9DD@std@@YA_NABV?$allocator@D@0@0@Z 0040aad0 f i chat_dialog.obj
 0001:00009b00       ??$?0D@?$allocator@U_Container_proxy@std@@@std@@QAE@ABV?$allocator@D@1@@Z 0040ab00 f i chat_dialog.obj
 0001:00009b20       ??$_Cons_val@V?$allocator@U_Container_proxy@std@@@std@@U_Container_proxy@2@U32@@std@@YAXAAV?$allocator@U_Container_proxy@std@@@0@PAU_Container_proxy@0@$$QAU20@@Z 0040ab20 f i chat_dialog.obj
 0001:00009b50       ??$_Dest_val@V?$allocator@U_Container_proxy@std@@@std@@U_Container_proxy@2@@std@@YAXAAV?$allocator@U_Container_proxy@std@@@0@PAU_Container_proxy@0@@Z 0040ab50 f i chat_dialog.obj
 0001:00009b70       ??$insert@U?$pair@$$CBHPAV?$ObserverImplBase@HUSkinChangedParam@@@@@std@@@?$_Tree@V?$_Tmap_traits@HPAV?$ObserverImplBase@HUSkinChangedParam@@@@U?$less@H@std@@V?$allocator@U?$pair@$$CBHPAV?$ObserverImplBase@HUSkinChangedParam@@@@@std@@@3@$0A@@std@@@std@@QAE?AV?$_Tree_iterator@V?$_Tree_val@V?$_Tmap_traits@HPAV?$ObserverImplBase@HUSkinChangedParam@@@@U?$less@H@std@@V?$allocator@U?$pair@$$CBHPAV?$ObserverImplBase@HUSkinChangedParam@@@@@std@@@3@$0A@@std@@@std@@@1@V?$_Tree_const_iterator@V?$_Tree_val@V?$_Tmap_traits@HPAV?$ObserverImplBase@HUSkinChangedParam@@@@U?$less@H@std@@V?$allocator@U?$pair@$$CBHPAV?$ObserverImplBase@HUSkinChangedParam@@@@@std@@@3@$0A@@std@@@std@@@1@$$QAU?$pair@$$CBHPAV?$ObserverImplBase@HUSkinChangedParam@@@@@1@@Z 0040ab70 f i chat_dialog.obj
 0001:00009c60       ??$_Kfn@$$CBHPAV?$ObserverImplBase@HUSkinChangedParam@@@@@?$_Tmap_traits@HPAV?$ObserverImplBase@HUSkinChangedParam@@@@U?$less@H@std@@V?$allocator@U?$pair@$$CBHPAV?$ObserverImplBase@HUSkinChangedParam@@@@@std@@@3@$0A@@std@@SAABHABU?$pair@$$CBHPAV?$ObserverImplBase@HUSkinChangedParam@@@@@1@@Z 0040ac60 f i chat_dialog.obj
 0001:00009c70       ??$move@AAPAV?$ObserverImplBase@HUSkinChangedParam@@@@@std@@YA$$QAPAV?$ObserverImplBase@HUSkinChangedParam@@@@AAPAV1@@Z 0040ac70 f i chat_dialog.obj
 0001:00009c80       ??$_Allocate@U_Container_proxy@std@@@std@@YAPAU_Container_proxy@0@IPAU10@@Z 0040ac80 f i chat_dialog.obj
 0001:00009d20       ??0bad_alloc@std@@QAE@PBD@Z 0040ad20 f i chat_dialog.obj
 0001:00009d70       ??1bad_alloc@std@@UAE@XZ   0040ad70 f i chat_dialog.obj
 0001:00009db0       ??_Ebad_alloc@std@@UAEPAXI@Z 0040adb0 f i chat_dialog.obj
 0001:00009db0       ??_Gbad_alloc@std@@UAEPAXI@Z 0040adb0 f i chat_dialog.obj
 0001:00009e00       ??$_Debug_lt_pred@U?$less@H@std@@HH@std@@YA_NU?$less@H@0@AAHABHPB_WI@Z 0040ae00 f i chat_dialog.obj
 0001:00009e70       ??$?0U_Node@?$_Tree_nod@V?$_Tmap_traits@HPAV?$ObserverImplBase@HUSkinChangedParam@@@@U?$less@H@std@@V?$allocator@U?$pair@$$CBHPAV?$ObserverImplBase@HUSkinChangedParam@@@@@std@@@3@$0A@@std@@@std@@@?$allocator@U_Container_proxy@std@@@std@@QAE@ABV?$allocator@U_Node@?$_Tree_nod@V?$_Tmap_traits@HPAV?$ObserverImplBase@HUSkinChangedParam@@@@U?$less@H@std@@V?$allocator@U?$pair@$$CBHPAV?$ObserverImplBase@HUSkinChangedParam@@@@@std@@@3@$0A@@std@@@std@@@1@@Z 0040ae70 f i chat_dialog.obj
 0001:00009e90       ??$_Allocate@D@std@@YAPADIPAD@Z 0040ae90 f i chat_dialog.obj
 0001:00009f20       ??$swap@D@std@@YAXAAD0@Z   0040af20 f i chat_dialog.obj
 0001:00009fd0       ??$addressof@U?$pair@$$CBHPAV?$ObserverImplBase@HUSkinChangedParam@@@@@std@@@std@@YAPAU?$pair@$$CBHPAV?$ObserverImplBase@HUSkinChangedParam@@@@@0@AAU10@@Z 0040afd0 f i chat_dialog.obj
 0001:00009fe0       ??$_Dest_val@V?$allocator@U?$pair@$$CBHPAV?$ObserverImplBase@HUSkinChangedParam@@@@@std@@@std@@U?$pair@$$CBHPAV?$ObserverImplBase@HUSkinChangedParam@@@@@2@@std@@YAXAAV?$allocator@U?$pair@$$CBHPAV?$ObserverImplBase@HUSkinChangedParam@@@@@std@@@0@PAU?$pair@$$CBHPAV?$ObserverImplBase@HUSkinChangedParam@@@@@0@@Z 0040afe0 f i chat_dialog.obj
 0001:0000a000       ??$?0U?$pair@$$CBHPAV?$ObserverImplBase@HUSkinChangedParam@@@@@std@@@?$allocator@U_Node@?$_Tree_nod@V?$_Tmap_traits@HPAV?$ObserverImplBase@HUSkinChangedParam@@@@U?$less@H@std@@V?$allocator@U?$pair@$$CBHPAV?$ObserverImplBase@HUSkinChangedParam@@@@@std@@@3@$0A@@std@@@std@@@std@@QAE@ABV?$allocator@U?$pair@$$CBHPAV?$ObserverImplBase@HUSkinChangedParam@@@@@std@@@1@@Z 0040b000 f i chat_dialog.obj
 0001:0000a020       ??$_Allocate@U_Node@?$_Tree_nod@V?$_Tmap_traits@HPAV?$ObserverImplBase@HUSkinChangedParam@@@@U?$less@H@std@@V?$allocator@U?$pair@$$CBHPAV?$ObserverImplBase@HUSkinChangedParam@@@@@std@@@3@$0A@@std@@@std@@@std@@YAPAU_Node@?$_Tree_nod@V?$_Tmap_traits@HPAV?$ObserverImplBase@HUSkinChangedParam@@@@U?$less@H@std@@V?$allocator@U?$pair@$$CBHPAV?$ObserverImplBase@HUSkinChangedParam@@@@@std@@@3@$0A@@std@@@0@IPAU120@@Z 0040b020 f i chat_dialog.obj
 0001:0000a0c0       ??0bad_alloc@std@@QAE@ABV01@@Z 0040b0c0 f i chat_dialog.obj
 0001:0000a110       ?append@?$basic_string@DU?$char_traits@D@std@@V?$allocator@D@2@@std@@QAEAAV12@PBD@Z 0040b110 f i chat_dialog.obj
 0001:0000a170       ?_Insert@?$_Tree@V?$_Tmap_traits@HPAV?$ObserverImplBase@HUSkinChangedParam@@@@U?$less@H@std@@V?$allocator@U?$pair@$$CBHPAV?$ObserverImplBase@HUSkinChangedParam@@@@@std@@@3@$0A@@std@@@std@@QAE?AV?$_Tree_iterator@V?$_Tree_val@V?$_Tmap_traits@HPAV?$ObserverImplBase@HUSkinChangedParam@@@@U?$less@H@std@@V?$allocator@U?$pair@$$CBHPAV?$ObserverImplBase@HUSkinChangedParam@@@@@std@@@3@$0A@@std@@@std@@@2@V?$_Tree_const_iterator@V?$_Tree_val@V?$_Tmap_traits@HPAV?$ObserverImplBase@HUSkinChangedParam@@@@U?$less@H@std@@V?$allocator@U?$pair@$$CBHPAV?$ObserverImplBase@HUSkinChangedParam@@@@@std@@@3@$0A@@std@@@std@@@2@PAU_Node@?$_Tree_nod@V?$_Tmap_traits@HPAV?$ObserverImplBase@HUSkinChangedParam@@@@U?$less@H@std@@V?$allocator@U?$pair@$$CBHPAV?$ObserverImplBase@HUSkinChangedParam@@@@@std@@@3@$0A@@std@@@2@@Z 0040b170 f i chat_dialog.obj
 0001:0000b010       ?destroy@?$allocator@U?$pair@$$CBHPAV?$ObserverImplBase@HUSkinChangedParam@@@@@std@@@std@@QAEXPAU?$pair@$$CBHPAV?$ObserverImplBase@HUSkinChangedParam@@@@@2@@Z 0040c010 f i chat_dialog.obj
 0001:0000b050       ?construct@?$allocator@U_Container_proxy@std@@@std@@QAEXPAU_Container_proxy@2@$$QAU32@@Z 0040c050 f i chat_dialog.obj
 0001:0000b120       ??2@YAPAXIPAX@Z            0040c120 f i chat_dialog.obj
 0001:0000b130       ??3@YAXPAX0@Z              0040c130 f i chat_dialog.obj
 0001:0000b140       ?destroy@?$allocator@U_Container_proxy@std@@@std@@QAEXPAU_Container_proxy@2@@Z 0040c140 f i chat_dialog.obj
 0001:0000b180       ??1?$pair@V?$_Tree_iterator@V?$_Tree_val@V?$_Tmap_traits@HPAV?$ObserverImplBase@HUSkinChangedParam@@@@U?$less@H@std@@V?$allocator@U?$pair@$$CBHPAV?$ObserverImplBase@HUSkinChangedParam@@@@@std@@@3@$0A@@std@@@std@@@std@@_N@std@@QAE@XZ 0040c180 f i chat_dialog.obj
 0001:0000b1b0       ??0?$_Tree_iterator@V?$_Tree_val@V?$_Tmap_traits@HPAV?$ObserverImplBase@HUSkinChangedParam@@@@U?$less@H@std@@V?$allocator@U?$pair@$$CBHPAV?$ObserverImplBase@HUSkinChangedParam@@@@@std@@@3@$0A@@std@@@std@@@std@@QAE@ABV01@@Z 0040c1b0 f i chat_dialog.obj
 0001:0000b1f0       ??1?$_Pair_base@V?$_Tree_iterator@V?$_Tree_val@V?$_Tmap_traits@HPAV?$ObserverImplBase@HUSkinChangedParam@@@@U?$less@H@std@@V?$allocator@U?$pair@$$CBHPAV?$ObserverImplBase@HUSkinChangedParam@@@@@std@@@3@$0A@@std@@@std@@@std@@_N@std@@QAE@XZ 0040c1f0 f i chat_dialog.obj
 0001:0000b220       ?append@?$basic_string@DU?$char_traits@D@std@@V?$allocator@D@2@@std@@QAEAAV12@PBDI@Z 0040c220 f i chat_dialog.obj
 0001:0000b340       ?size@?$_Tree@V?$_Tmap_traits@HPAV?$ObserverImplBase@HUSkinChangedParam@@@@U?$less@H@std@@V?$allocator@U?$pair@$$CBHPAV?$ObserverImplBase@HUSkinChangedParam@@@@@std@@@3@$0A@@std@@@std@@QBEIXZ 0040c340 f i chat_dialog.obj
 0001:0000b360       ?_Linsert@?$_Tree@V?$_Tmap_traits@HPAV?$ObserverImplBase@HUSkinChangedParam@@@@U?$less@H@std@@V?$allocator@U?$pair@$$CBHPAV?$ObserverImplBase@HUSkinChangedParam@@@@@std@@@3@$0A@@std@@@std@@QAE?AU?$pair@V?$_Tree_iterator@V?$_Tree_val@V?$_Tmap_traits@HPAV?$ObserverImplBase@HUSkinChangedParam@@@@U?$less@H@std@@V?$allocator@U?$pair@$$CBHPAV?$ObserverImplBase@HUSkinChangedParam@@@@@std@@@3@$0A@@std@@@std@@@std@@_N@2@PAU_Node@?$_Tree_nod@V?$_Tmap_traits@HPAV?$ObserverImplBase@HUSkinChangedParam@@@@U?$less@H@std@@V?$allocator@U?$pair@$$CBHPAV?$ObserverImplBase@HUSkinChangedParam@@@@@std@@@3@$0A@@std@@@2@_N@Z 0040c360 f i chat_dialog.obj
 0001:0000b870       ?_Insert@?$_Tree@V?$_Tmap_traits@HPAV?$ObserverImplBase@HUSkinChangedParam@@@@U?$less@H@std@@V?$allocator@U?$pair@$$CBHPAV?$ObserverImplBase@HUSkinChangedParam@@@@@std@@@3@$0A@@std@@@std@@IAE?AV?$_Tree_iterator@V?$_Tree_val@V?$_Tmap_traits@HPAV?$ObserverImplBase@HUSkinChangedParam@@@@U?$less@H@std@@V?$allocator@U?$pair@$$CBHPAV?$ObserverImplBase@HUSkinChangedParam@@@@@std@@@3@$0A@@std@@@std@@@2@_NPAU_Node@?$_Tree_nod@V?$_Tmap_traits@HPAV?$ObserverImplBase@HUSkinChangedParam@@@@U?$less@H@std@@V?$allocator@U?$pair@$$CBHPAV?$ObserverImplBase@HUSkinChangedParam@@@@@std@@@3@$0A@@std@@@2@1@Z 0040c870 f i chat_dialog.obj
 0001:0000bdf0       ??0?$_Tree_const_iterator@V?$_Tree_val@V?$_Tmap_traits@HPAV?$ObserverImplBase@HUSkinChangedParam@@@@U?$less@H@std@@V?$allocator@U?$pair@$$CBHPAV?$ObserverImplBase@HUSkinChangedParam@@@@@std@@@3@$0A@@std@@@std@@@std@@QAE@XZ 0040cdf0 f i chat_dialog.obj
 0001:0000be20       ??F?$_Tree_const_iterator@V?$_Tree_val@V?$_Tmap_traits@HPAV?$ObserverImplBase@HUSkinChangedParam@@@@U?$less@H@std@@V?$allocator@U?$pair@$$CBHPAV?$ObserverImplBase@HUSkinChangedParam@@@@@std@@@3@$0A@@std@@@std@@@std@@QAEAAV01@XZ 0040ce20 f i chat_dialog.obj
 0001:0000bf90       ?append@?$basic_string@DU?$char_traits@D@std@@V?$allocator@D@2@@std@@QAEAAV12@ABV12@II@Z 0040cf90 f i chat_dialog.obj
 0001:0000c090       ?max_size@?$_Tree@V?$_Tmap_traits@HPAV?$ObserverImplBase@HUSkinChangedParam@@@@U?$less@H@std@@V?$allocator@U?$pair@$$CBHPAV?$ObserverImplBase@HUSkinChangedParam@@@@@std@@@3@$0A@@std@@@std@@QBEIXZ 0040d090 f i chat_dialog.obj
 0001:0000c0c0       ??F?$_Tree_iterator@V?$_Tree_val@V?$_Tmap_traits@HPAV?$ObserverImplBase@HUSkinChangedParam@@@@U?$less@H@std@@V?$allocator@U?$pair@$$CBHPAV?$ObserverImplBase@HUSkinChangedParam@@@@@std@@@3@$0A@@std@@@std@@@std@@QAEAAV01@XZ 0040d0c0 f i chat_dialog.obj
 0001:0000c0f0       ??0?$_Tree_unchecked_const_iterator@V?$_Tree_val@V?$_Tmap_traits@HPAV?$ObserverImplBase@HUSkinChangedParam@@@@U?$less@H@std@@V?$allocator@U?$pair@$$CBHPAV?$ObserverImplBase@HUSkinChangedParam@@@@@std@@@3@$0A@@std@@@std@@U_Iterator_base12@2@@std@@QAE@XZ 0040d0f0 f i chat_dialog.obj
 0001:0000c130       ??F?$_Tree_unchecked_const_iterator@V?$_Tree_val@V?$_Tmap_traits@HPAV?$ObserverImplBase@HUSkinChangedParam@@@@U?$less@H@std@@V?$allocator@U?$pair@$$CBHPAV?$ObserverImplBase@HUSkinChangedParam@@@@@std@@@3@$0A@@std@@@std@@U_Iterator_base12@2@@std@@QAEAAV01@XZ 0040d130 f i chat_dialog.obj
 0001:0000c280       ??0?$pair@V?$_Tree_iterator@V?$_Tree_val@V?$_Tmap_traits@HPAV?$ObserverImplBase@HUSkinChangedParam@@@@U?$less@H@std@@V?$allocator@U?$pair@$$CBHPAV?$ObserverImplBase@HUSkinChangedParam@@@@@std@@@3@$0A@@std@@@std@@@std@@_N@std@@QAE@$$QAV?$_Tree_iterator@V?$_Tree_val@V?$_Tmap_traits@HPAV?$ObserverImplBase@HUSkinChangedParam@@@@U?$less@H@std@@V?$allocator@U?$pair@$$CBHPAV?$ObserverImplBase@HUSkinChangedParam@@@@@std@@@3@$0A@@std@@@std@@@1@$$QA_N@Z 0040d280 f i chat_dialog.obj
 0001:0000c2e0       ?max_size@?$allocator@U?$pair@$$CBHPAV?$ObserverImplBase@HUSkinChangedParam@@@@@std@@@std@@QBEIXZ 0040d2e0 f i chat_dialog.obj
 0001:0000c340       ??0?$_Pair_base@V?$_Tree_iterator@V?$_Tree_val@V?$_Tmap_traits@HPAV?$ObserverImplBase@HUSkinChangedParam@@@@U?$less@H@std@@V?$allocator@U?$pair@$$CBHPAV?$ObserverImplBase@HUSkinChangedParam@@@@@std@@@3@$0A@@std@@@std@@@std@@_N@std@@QAE@$$QAV?$_Tree_iterator@V?$_Tree_val@V?$_Tmap_traits@HPAV?$ObserverImplBase@HUSkinChangedParam@@@@U?$less@H@std@@V?$allocator@U?$pair@$$CBHPAV?$ObserverImplBase@HUSkinChangedParam@@@@@std@@@3@$0A@@std@@@std@@@1@$$QA_N@Z 0040d340 f i chat_dialog.obj
 0001:0000c3f0       ??$move@AAV?$basic_string@DU?$char_traits@D@std@@V?$allocator@D@2@@std@@@std@@YA$$QAV?$basic_string@DU?$char_traits@D@std@@V?$allocator@D@2@@0@AAV10@@Z 0040d3f0 f i chat_dialog.obj
 0001:0000c400       ??$?8DD@std@@YA_NABV?$allocator@D@0@0@Z 0040d400 f i chat_dialog.obj
 0001:0000c410       ??$forward@U_Container_proxy@std@@@std@@YA$$QAU_Container_proxy@0@AAU10@@Z 0040d410 f i chat_dialog.obj
 0001:0000c420       ??$forward@U?$pair@$$CBHPAV?$ObserverImplBase@HUSkinChangedParam@@@@@std@@@std@@YA$$QAU?$pair@$$CBHPAV?$ObserverImplBase@HUSkinChangedParam@@@@@0@AAU10@@Z 0040d420 f i chat_dialog.obj
 0001:0000c430       ??$_Buynode@U?$pair@$$CBHPAV?$ObserverImplBase@HUSkinChangedParam@@@@@std@@@?$_Tree_val@V?$_Tmap_traits@HPAV?$ObserverImplBase@HUSkinChangedParam@@@@U?$less@H@std@@V?$allocator@U?$pair@$$CBHPAV?$ObserverImplBase@HUSkinChangedParam@@@@@std@@@3@$0A@@std@@@std@@QAEPAU_Node@?$_Tree_nod@V?$_Tmap_traits@HPAV?$ObserverImplBase@HUSkinChangedParam@@@@U?$less@H@std@@V?$allocator@U?$pair@$$CBHPAV?$ObserverImplBase@HUSkinChangedParam@@@@@std@@@3@$0A@@std@@@1@$$QAU?$pair@$$CBHPAV?$ObserverImplBase@HUSkinChangedParam@@@@@1@@Z 0040d430 f i chat_dialog.obj
 0001:0000c560       ??$_Move@AAD@std@@YA$$QADAAD@Z 0040d560 f i chat_dialog.obj
 0001:0000c570       ??$_Debug_lt_pred@U?$less@H@std@@HH@std@@YA_NU?$less@H@0@ABHAAHPB_WI@Z 0040d570 f i chat_dialog.obj
 0001:0000c5e0       ??$_Destroy@U?$pair@$$CBHPAV?$ObserverImplBase@HUSkinChangedParam@@@@@std@@@std@@YAXPAU?$pair@$$CBHPAV?$ObserverImplBase@HUSkinChangedParam@@@@@0@@Z 0040d5e0 f i chat_dialog.obj
 0001:0000c5f0       ??$_Destroy@U_Container_proxy@std@@@std@@YAXPAU_Container_proxy@0@@Z 0040d5f0 f i chat_dialog.obj
 0001:0000c600       ??$?0AAV?$_Tree_iterator@V?$_Tree_val@V?$_Tmap_traits@HPAV?$ObserverImplBase@HUSkinChangedParam@@@@U?$less@H@std@@V?$allocator@U?$pair@$$CBHPAV?$ObserverImplBase@HUSkinChangedParam@@@@@std@@@3@$0A@@std@@@std@@@std@@_N@?$pair@V?$_Tree_iterator@V?$_Tree_val@V?$_Tmap_traits@HPAV?$ObserverImplBase@HUSkinChangedParam@@@@U?$less@H@std@@V?$allocator@U?$pair@$$CBHPAV?$ObserverImplBase@HUSkinChangedParam@@@@@std@@@3@$0A@@std@@@std@@@std@@_N@std@@QAE@AAV?$_Tree_iterator@V?$_Tree_val@V?$_Tmap_traits@HPAV?$ObserverImplBase@HUSkinChangedParam@@@@U?$less@H@std@@V?$allocator@U?$pair@$$CBHPAV?$ObserverImplBase@HUSkinChangedParam@@@@@std@@@3@$0A@@std@@@std@@@1@$$QA_N@Z 0040d600 f i chat_dialog.obj
 0001:0000c660       ??$move@AAV?$_Tree_iterator@V?$_Tree_val@V?$_Tmap_traits@HPAV?$ObserverImplBase@HUSkinChangedParam@@@@U?$less@H@std@@V?$allocator@U?$pair@$$CBHPAV?$ObserverImplBase@HUSkinChangedParam@@@@@std@@@3@$0A@@std@@@std@@@std@@@std@@YA$$QAV?$_Tree_iterator@V?$_Tree_val@V?$_Tmap_traits@HPAV?$ObserverImplBase@HUSkinChangedParam@@@@U?$less@H@std@@V?$allocator@U?$pair@$$CBHPAV?$ObserverImplBase@HUSkinChangedParam@@@@@std@@@3@$0A@@std@@@std@@@0@AAV10@@Z 0040d660 f i chat_dialog.obj
 0001:0000c670       ??$move@AA_N@std@@YA$$QA_NAA_N@Z 0040d670 f i chat_dialog.obj
 0001:0000c680       ?_Buynode@?$_Tree_val@V?$_Tmap_traits@HPAV?$ObserverImplBase@HUSkinChangedParam@@@@U?$less@H@std@@V?$allocator@U?$pair@$$CBHPAV?$ObserverImplBase@HUSkinChangedParam@@@@@std@@@3@$0A@@std@@@std@@QAEPAU_Node@?$_Tree_nod@V?$_Tmap_traits@HPAV?$ObserverImplBase@HUSkinChangedParam@@@@U?$less@H@std@@V?$allocator@U?$pair@$$CBHPAV?$ObserverImplBase@HUSkinChangedParam@@@@@std@@@3@$0A@@std@@@2@XZ 0040d680 f i chat_dialog.obj
 0001:0000c740       ??$_Cons_val@V?$allocator@U?$pair@$$CBHPAV?$ObserverImplBase@HUSkinChangedParam@@@@@std@@@std@@U?$pair@$$CBHPAV?$ObserverImplBase@HUSkinChangedParam@@@@@2@U32@@std@@YAXAAV?$allocator@U?$pair@$$CBHPAV?$ObserverImplBase@HUSkinChangedParam@@@@@std@@@0@PAU?$pair@$$CBHPAV?$ObserverImplBase@HUSkinChangedParam@@@@@0@$$QAU20@@Z 0040d740 f i chat_dialog.obj
 0001:0000c770       ??$forward@AAV?$_Tree_iterator@V?$_Tree_val@V?$_Tmap_traits@HPAV?$ObserverImplBase@HUSkinChangedParam@@@@U?$less@H@std@@V?$allocator@U?$pair@$$CBHPAV?$ObserverImplBase@HUSkinChangedParam@@@@@std@@@3@$0A@@std@@@std@@@std@@@std@@YAAAV?$_Tree_iterator@V?$_Tree_val@V?$_Tmap_traits@HPAV?$ObserverImplBase@HUSkinChangedParam@@@@U?$less@H@std@@V?$allocator@U?$pair@$$CBHPAV?$ObserverImplBase@HUSkinChangedParam@@@@@std@@@3@$0A@@std@@@std@@@0@AAV10@@Z 0040d770 f i chat_dialog.obj
 0001:0000c780       ??$forward@_N@std@@YA$$QA_NAA_N@Z 0040d780 f i chat_dialog.obj
 0001:0000c790       ??$?0AAV?$_Tree_iterator@V?$_Tree_val@V?$_Tmap_traits@HPAV?$ObserverImplBase@HUSkinChangedParam@@@@U?$less@H@std@@V?$allocator@U?$pair@$$CBHPAV?$ObserverImplBase@HUSkinChangedParam@@@@@std@@@3@$0A@@std@@@std@@@std@@_N@?$_Pair_base@V?$_Tree_iterator@V?$_Tree_val@V?$_Tmap_traits@HPAV?$ObserverImplBase@HUSkinChangedParam@@@@U?$less@H@std@@V?$allocator@U?$pair@$$CBHPAV?$ObserverImplBase@HUSkinChangedParam@@@@@std@@@3@$0A@@std@@@std@@@std@@_N@std@@QAE@AAV?$_Tree_iterator@V?$_Tree_val@V?$_Tmap_traits@HPAV?$ObserverImplBase@HUSkinChangedParam@@@@U?$less@H@std@@V?$allocator@U?$pair@$$CBHPAV?$ObserverImplBase@HUSkinChangedParam@@@@@std@@@3@$0A@@std@@@std@@@1@$$QA_N@Z 0040d790 f i chat_dialog.obj
 0001:0000c840       ?construct@?$allocator@U?$pair@$$CBHPAV?$ObserverImplBase@HUSkinChangedParam@@@@@std@@@std@@QAEXPAU?$pair@$$CBHPAV?$ObserverImplBase@HUSkinChangedParam@@@@@2@$$QAU32@@Z 0040d840 f i chat_dialog.obj
 0001:0000c910       ??$?0$$CBHPAV?$ObserverImplBase@HUSkinChangedParam@@@@@?$pair@$$CBHPAV?$ObserverImplBase@HUSkinChangedParam@@@@@std@@QAE@$$QAU01@@Z 0040d910 f i chat_dialog.obj
 0001:0000c970       ??0?$_Pair_base@$$CBHPAV?$ObserverImplBase@HUSkinChangedParam@@@@@std@@QAE@$$QBH$$QAPAV?$ObserverImplBase@HUSkinChangedParam@@@@@Z 0040d970 f i chat_dialog.obj
 0001:0000c9d0       ??$forward@$$CBH@std@@YA$$QBHABH@Z 0040d9d0 f i chat_dialog.obj
 0001:0000c9e0       ??$forward@PAV?$ObserverImplBase@HUSkinChangedParam@@@@@std@@YA$$QAPAV?$ObserverImplBase@HUSkinChangedParam@@@@AAPAV1@@Z 0040d9e0 f i chat_dialog.obj
 0001:0000c9f0       ??$move@ABH@std@@YA$$QBHABH@Z 0040d9f0 f i chat_dialog.obj
 0001:0000ca00       ??_EChatDialog@@WCAA@AEPAXI@Z 0040da00 f i chat_dialog.obj
 0001:0000ca10       ??0CColorPicker@@QAE@PAVChatDialog@@UtagPOINT@@@Z 0040da10 f   ColorPicker.obj
 0001:0000cb10       ?GetWindowClassName@CColorPicker@@UBEPBDXZ 0040db10 f   ColorPicker.obj
 0001:0000cb30       ?OnFinalMessage@CColorPicker@@UAEXPAUHWND__@@@Z 0040db30 f   ColorPicker.obj
 0001:0000cba0       ?Notify@CColorPicker@@UAEXAAUtagTNotifyUI@DuiLib@@@Z 0040dba0 f   ColorPicker.obj
 0001:0000ccd0       ?Init@CColorPicker@@UAEXXZ 0040dcd0 f   ColorPicker.obj
 0001:0000d010       ?GetSkinFile@CColorPicker@@UAE?AV?$basic_string@DU?$char_traits@D@std@@V?$allocator@D@2@@std@@XZ 0040e010 f   ColorPicker.obj
 0001:0000d060       ?GetSkinFolder@CColorPicker@@UAE?AV?$basic_string@DU?$char_traits@D@std@@V?$allocator@D@2@@std@@XZ 0040e060 f   ColorPicker.obj
 0001:0000d180       ?OnKillFocus@CColorPicker@@UAEJIIJAAH@Z 0040e180 f   ColorPicker.obj
 0001:0000d3c0       ??_GCColorPicker@@UAEPAXI@Z 0040e3c0 f i ColorPicker.obj
 0001:0000d3c0       ??_ECColorPicker@@UAEPAXI@Z 0040e3c0 f i ColorPicker.obj
 0001:0000d410       ??1CColorPicker@@UAE@XZ    0040e410 f i ColorPicker.obj
 0001:0000d440       ??_GCHorizontalLayoutUI@DuiLib@@UAEPAXI@Z 0040e440 f i ColorPicker.obj
 0001:0000d440       ??_ECHorizontalLayoutUI@DuiLib@@UAEPAXI@Z 0040e440 f i ColorPicker.obj
 0001:0000d4a0       ??_GCButtonUI@DuiLib@@UAEPAXI@Z 0040e4a0 f i ColorPicker.obj
 0001:0000d4a0       ??_ECButtonUI@DuiLib@@UAEPAXI@Z 0040e4a0 f i ColorPicker.obj
 0001:0000d500       ??_ECControlUI@DuiLib@@UAEPAXI@Z 0040e500 f i ColorPicker.obj
 0001:0000d500       ??_GCControlUI@DuiLib@@UAEPAXI@Z 0040e500 f i ColorPicker.obj
 0001:0000d560       ??0OS_CLockable@@QAE@XZ    0040e560 f   debug.obj
 0001:0000d650       ??1OS_CLockable@@QAE@XZ    0040e650 f   debug.obj
 0001:0000d690       ?Acquire@OS_CLockable@@QAEXXZ 0040e690 f   debug.obj
 0001:0000d6d0       ?Release@OS_CLockable@@QAEXXZ 0040e6d0 f   debug.obj
 0001:0000d710       ?DbgPrint@@YAHPBDZZ        0040e710 f   debug.obj
 0001:0000db50       ??0OS_CAutoLock@@QAE@AAVOS_CLockable@@@Z 0040eb50 f i debug.obj
 0001:0000db90       ??1OS_CAutoLock@@QAE@XZ    0040eb90 f i debug.obj
 0001:0000dbc0       ??_Estringdispid@CComTypeInfoHolder@ATL@@QAEPAXI@Z 0040ebc0 f i main.obj
 0001:0000dc60       ??1stringdispid@CComTypeInfoHolder@ATL@@QAE@XZ 0040ec60 f i main.obj
 0001:0000dc90       ??1CComBSTR@ATL@@QAE@XZ    0040ec90 f i main.obj
 0001:0000dcd0       _WinMain@16                0040ecd0 f   main.obj
 0001:0000df70       ?Init@CComModule@ATL@@QAEJPAU_ATL_OBJMAP_ENTRY30@2@PAUHINSTANCE__@@PBU_GUID@@@Z 0040ef70 f i main.obj
 0001:0000e090       ?Term@CComModule@ATL@@QAEXXZ 0040f090 f i main.obj
 0001:0000e1b0       ?Term@CAtlWinModule@ATL@@QAEXXZ 0040f1b0 f i main.obj
 0001:0000e1f0       ?GetModuleInstance@CAtlBaseModule@ATL@@QAEPAUHINSTANCE__@@XZ 0040f1f0 f i main.obj
 0001:0000e210       ?Term@CAtlModule@ATL@@QAEXXZ 0040f210 f i main.obj
 0001:0000e2e0       ?Term@CComCriticalSection@ATL@@QAEJXZ 0040f2e0 f i main.obj
 0001:0000e320       ?AtlWinModuleTerm@ATL@@YGJPAU_ATL_WIN_MODULE70@1@PAUHINSTANCE__@@@Z 0040f320 f i main.obj
 0001:0000e400       ?GetSize@?$CSimpleArray@GV?$CSimpleArrayEqualHelper@G@ATL@@@ATL@@QBEHXZ 0040f400 f i main.obj
 0001:0000e420       ?RemoveAll@?$CSimpleArray@GV?$CSimpleArrayEqualHelper@G@ATL@@@ATL@@QAEXXZ 0040f420 f i main.obj
 0001:0000e4c0       ??A?$CSimpleArray@GV?$CSimpleArrayEqualHelper@G@ATL@@@ATL@@QAEAAGH@Z 0040f4c0 f i main.obj
 0001:0000e560       ?_AtlRaiseException@ATL@@YAXKK@Z 0040f560 f i main.obj
 0001:0000e5a0       ??0Thank_you@Define_the_symbol__ATL_MIXED@@QAE@XZ 0040f5a0 f i main.obj
 0001:0000e5d0       ?one@Thank_you@Define_the_symbol__ATL_MIXED@@UAEXXZ 0040f5d0 f i main.obj
 0001:0000e5f0       ??0CComModule@ATL@@QAE@XZ  0040f5f0 f i main.obj
 0001:0000e670       ?Lock@CAtlModule@ATL@@UAEJXZ 0040f670 f i main.obj
 0001:0000e6b0       ?Increment@CComMultiThreadModel@ATL@@SGKPAJ@Z 0040f6b0 f i main.obj
 0001:0000e6e0       ?Unlock@CAtlModule@ATL@@UAEJXZ 0040f6e0 f i main.obj
 0001:0000e720       ?Decrement@CComMultiThreadModel@ATL@@SGKPAJ@Z 0040f720 f i main.obj
 0001:0000e750       ?GetLockCount@CAtlModule@ATL@@UAEJXZ 0040f750 f i main.obj
 0001:0000e770       ?GetGITPtr@CAtlModule@ATL@@UAEJPAPAUIGlobalInterfaceTable@@@Z 0040f770 f i main.obj
 0001:0000e8b0       ?UpdateRegistryFromResourceD@CComModule@ATL@@UAGJPBDHPAU_ATL_REGMAP_ENTRY@2@@Z 0040f8b0 f i main.obj
 0001:0000e8c0       ?UpdateRegistryFromResourceD@CComModule@ATL@@UAGJIHPAU_ATL_REGMAP_ENTRY@2@@Z 0040f8c0 f i main.obj
 0001:0000e8d0       ?UpdateRegistryFromResourceS@CComModule@ATL@@UAGJPBDHPAU_ATL_REGMAP_ENTRY@2@@Z 0040f8d0 f i main.obj
 0001:0000e900       ?UpdateRegistryFromResourceS@CComModule@ATL@@UAGJIHPAU_ATL_REGMAP_ENTRY@2@@Z 0040f900 f i main.obj
 0001:0000e930       ??_GCComModule@ATL@@UAEPAXI@Z 0040f930 f i main.obj
 0001:0000e930       ??_ECComModule@ATL@@UAEPAXI@Z 0040f930 f i main.obj
 0001:0000e980       ??1CComModule@ATL@@UAE@XZ  0040f980 f i main.obj
 0001:0000e9c0       ??1?$CAtlModuleT@VCComModule@ATL@@@ATL@@UAE@XZ 0040f9c0 f i main.obj
 0001:0000e9f0       ??1CAtlModule@ATL@@UAE@XZ  0040f9f0 f i main.obj
 0001:0000ea30       ??1_ATL_MODULE70@ATL@@QAE@XZ 0040fa30 f i main.obj
 0001:0000ea60       ??1CComCriticalSection@ATL@@QAE@XZ 0040fa60 f i main.obj
 0001:0000ea80       ?UpdateRegistryFromResourceS@CAtlModule@ATL@@QAGJPBDHPAU_ATL_REGMAP_ENTRY@2@@Z 0040fa80 f i main.obj
 0001:0000f380       _HRESULT_FROM_WIN32        00410380 f i main.obj
 0001:0000f3d0       ??$AtlMultiply@H@ATL@@YAJPAHHH@Z 004103d0 f i main.obj
 0001:0000f470       ?_AtlVerifyStackAvailable@_ATL_SAFE_ALLOCA_IMPL@ATL@@YA_NK@Z 00410470 f i main.obj
 0001:0000f670       ?_AtlGetConversionACP@ATL@@YGIXZ 00410670 f i main.obj
 0001:0000f680       ?AtlA2WHelper@@YGPA_WPA_WPBDHI@Z 00410680 f i main.obj
 0001:0000f7a0       ?ocslen@@YAHPB_W@Z         004107a0 f i main.obj
 0001:0000f7d0       ?ocscpy_s@@YA_NPA_WIPB_W@Z 004107d0 f i main.obj
 0001:0000f820       ?AtlHresultFromLastError@ATL@@YAJXZ 00410820 f i main.obj
 0001:0000f870       ?EscapeSingleQuote@CAtlModule@ATL@@SAXPA_WIPB_W@Z 00410870 f i main.obj
 0001:0000f940       ??1CRegObject@ATL@@UAE@XZ  00410940 f i main.obj
 0001:0000f9e0       ??1CExpansionVector@ATL@@QAE@XZ 004109e0 f i main.obj
 0001:0000fa60       ?ClearReplacements@CExpansionVector@ATL@@QAEJXZ 00410a60 f i main.obj
 0001:0000fb10       ?QueryInterface@CRegObject@ATL@@UAGJABU_GUID@@PAPAX@Z 00410b10 f i main.obj
 0001:0000fb60       ?AddRef@CRegObject@ATL@@UAGKXZ 00410b60 f i main.obj
 0001:0000fbb0       ?Release@CRegObject@ATL@@UAGKXZ 00410bb0 f i main.obj
 0001:0000fc00       ?FinalConstruct@CRegObject@ATL@@QAEJXZ 00410c00 f i main.obj
 0001:0000fc30       ?Init@CComSafeDeleteCriticalSection@ATL@@QAEJXZ 00410c30 f i main.obj
 0001:0000fcc0       ?Init@CComCriticalSection@ATL@@QAEJXZ 00410cc0 f i main.obj
 0001:0000fd40       ??_ECRegObject@ATL@@UAEPAXI@Z 00410d40 f i main.obj
 0001:0000fd40       ??_GCRegObject@ATL@@UAEPAXI@Z 00410d40 f i main.obj
 0001:0000fd90       ??1CComAutoDeleteCriticalSection@ATL@@QAE@XZ 00410d90 f i main.obj
 0001:0000fdc0       ??1CComSafeDeleteCriticalSection@ATL@@QAE@XZ 00410dc0 f i main.obj
 0001:0000fe10       ?AddReplacement@CRegObject@ATL@@UAGJPB_W0@Z 00410e10 f i main.obj
 0001:00010100       ?AtlW2AHelper@@YGPADPADPB_WHI@Z 00411100 f i main.obj
 0001:00010220       ?Unlock@CComCriticalSection@ATL@@QAEJXZ 00411220 f i main.obj
 0001:00010260       ?Lock@CComSafeDeleteCriticalSection@ATL@@QAEJXZ 00411260 f i main.obj
 0001:000102d0       ?Lock@CComCriticalSection@ATL@@QAEJXZ 004112d0 f i main.obj
 0001:00010310       ?Add@CExpansionVector@ATL@@QAEHPBDPB_W@Z 00411310 f i main.obj
 0001:000106c0       ?memcpy_s@Checked@ATL@@YAXPAXIPBXI@Z 004116c0 f i main.obj
 0001:00010700       ?AtlCrtErrorCheck@ATL@@YAHH@Z 00411700 f i main.obj
 0001:00010800       ?AtlThrowImpl@ATL@@YGXJ@Z  00411800 f i main.obj
 0001:000108a0       ??0CTraceFileAndLineInfo@ATL@@QAE@PBDH@Z 004118a0 f i main.obj
 0001:000108e0       ??RCTraceFileAndLineInfo@ATL@@QBAXKIPBDZZ 004118e0 f i main.obj
 0001:00010950       ?TraceV@CTrace@ATL@@QBAXPBDHKI0PAD@Z 00411950 f i main.obj
 0001:00010990       ??BCTraceCategory@ATL@@QBEKXZ 00411990 f i main.obj
 0001:000109b0       ??0CAtlException@ATL@@QAE@J@Z 004119b0 f i main.obj
 0001:000109e0       ?ResourceRegisterSz@CRegObject@ATL@@QAGJPB_W00@Z 004119e0 f i main.obj
 0001:00010dc0       ?RegisterFromResource@CRegObject@ATL@@IAEJPB_WPBD1H@Z 00411dc0 f i main.obj
 0001:00011400       ?ResourceUnregisterSz@CRegObject@ATL@@QAGJPB_W00@Z 00412400 f i main.obj
 0001:000117e0       ?ClearReplacements@CRegObject@ATL@@UAGJXZ 004127e0 f i main.obj
 0001:00011840       ??0CRegParser@ATL@@QAE@PAVCRegObject@1@@Z 00412840 f i main.obj
 0001:00011880       ?RegisterBuffer@CRegParser@ATL@@QAEJPADH@Z 00412880 f i main.obj
 0001:00011c70       ?GenerateError@CRegParser@ATL@@IAEJI@Z 00412c70 f i main.obj
 0001:00011c90       ?HKeyFromString@CRegParser@ATL@@KAPAUHKEY__@@PAD@Z 00412c90 f i main.obj
 0001:00011d10       ?SkipWhiteSpace@CRegParser@ATL@@IAEXXZ 00412d10 f i main.obj
 0001:00011d80       ?IsSpace@CRegParser@ATL@@IAEHD@Z 00412d80 f i main.obj
 0001:00011e10       ?NextToken@CRegParser@ATL@@IAEJPAD@Z 00412e10 f i main.obj
 0001:00012150       ?EndOfVar@CRegParser@ATL@@IAEHXZ 00413150 f i main.obj
 0001:000121d0       ?PreProcessBuffer@CRegParser@ATL@@QAEJPADPAPAD@Z 004131d0 f i main.obj
 0001:000128a0       ?_tcsstr@@YAPADPADPBD@Z    004138a0 f i main.obj
 0001:000128d0       __tcsstr                   004138d0 f i main.obj
 0001:00012900       ?tcsncpy_s@Checked@ATL@@YAHPADIPBDI@Z 00413900 f i main.obj
 0001:00012940       __tcsncpy_s                00413940 f i main.obj
 0001:00012970       ??0CParseBuffer@CRegParser@ATL@@QAE@H@Z 00413970 f i main.obj
 0001:00012a00       ?AtlCoTaskMemCAlloc@ATL@@YAPAXKK@Z 00413a00 f i main.obj
 0001:00012ac0       ??$AtlMultiply@K@ATL@@YAJPAKKK@Z 00413ac0 f i main.obj
 0001:00012b30       ??1CParseBuffer@CRegParser@ATL@@QAE@XZ 00413b30 f i main.obj
 0001:00012b80       ?AddChar@CParseBuffer@CRegParser@ATL@@QAEHPBD@Z 00413b80 f i main.obj
 0001:00012bf0       ?Append@CParseBuffer@CRegParser@ATL@@QAEHPBDH@Z 00413bf0 f i main.obj
 0001:00012db0       ?AtlCoTaskMemRecalloc@ATL@@YAPAXPAXKK@Z 00413db0 f i main.obj
 0001:00012e70       ?AddString@CParseBuffer@CRegParser@ATL@@QAEHPB_W@Z 00413e70 f i main.obj
 0001:00013130       ?Detach@CParseBuffer@CRegParser@ATL@@QAEPADXZ 00414130 f i main.obj
 0001:00013190       ?StrFromMap@CRegObject@ATL@@QAEPB_WPAD@Z 00414190 f i main.obj
 0001:00013240       ?StrChrA@CRegParser@ATL@@KAPADPADD@Z 00414240 f i main.obj
 0001:000132c0       ?RegisterSubkeys@CRegParser@ATL@@IAEJPADPAUHKEY__@@HH@Z 004142c0 f i main.obj
 0001:00014140       ?AtlHresultFromWin32@ATL@@YAJK@Z 00415140 f i main.obj
 0001:00014160       ??0CRegKey@ATL@@QAE@PAVCAtlTransactionManager@1@@Z 00415160 f i main.obj
 0001:000141a0       ??1CRegKey@ATL@@QAE@XZ     004151a0 f i main.obj
 0001:000141d0       ??BCRegKey@ATL@@QBEPAUHKEY__@@XZ 004151d0 f i main.obj
 0001:000141f0       ?Detach@CRegKey@ATL@@QAEPAUHKEY__@@XZ 004151f0 f i main.obj
 0001:00014250       ?Attach@CRegKey@ATL@@QAEXPAUHKEY__@@@Z 00415250 f i main.obj
 0001:000142e0       ?DeleteSubKey@CRegKey@ATL@@QAEJPBD@Z 004152e0 f i main.obj
 0001:00014440       ?RegDeleteKeyA@CAtlTransactionManager@ATL@@QAEJPAUHKEY__@@PBD@Z 00415440 f i main.obj
 0001:00014570       ?DeleteValue@CRegKey@ATL@@QAEJPBD@Z 00415570 f i main.obj
 0001:00014600       ?Close@CRegKey@ATL@@QAEJXZ 00415600 f i main.obj
 0001:00014680       ?Create@CRegKey@ATL@@QAEJPAUHKEY__@@PBDPADKKPAU_SECURITY_ATTRIBUTES@@PAK@Z 00415680 f i main.obj
 0001:00014830       ?RegCreateKeyExA@CAtlTransactionManager@ATL@@QAEJPAUHKEY__@@PBDKPADKKQAU_SECURITY_ATTRIBUTES@@PAPAU3@PAK@Z 00415830 f i main.obj
 0001:000149b0       ?Open@CRegKey@ATL@@QAEJPAUHKEY__@@PBDK@Z 004159b0 f i main.obj
 0001:00014b40       ?RegOpenKeyExA@CAtlTransactionManager@ATL@@QAEJPAUHKEY__@@PBDKKPAPAU3@@Z 00415b40 f i main.obj
 0001:00014c90       ?RecurseDeleteKey@CRegKey@ATL@@QAEJPBD@Z 00415c90 f i main.obj
 0001:00014ee0       ?AddValue@CRegParser@ATL@@IAEJAAVCRegKey@2@PBDPAD@Z 00415ee0 f i main.obj
 0001:00015b10       ?SetDWORDValue@CRegKey@ATL@@QAEJPBDK@Z 00416b10 f i main.obj
 0001:00015bb0       ?SetStringValue@CRegKey@ATL@@QAEJPBD0K@Z 00416bb0 f i main.obj
 0001:00015d00       ?SetMultiStringValue@CRegKey@ATL@@QAEJPBD0@Z 00416d00 f i main.obj
 0001:00015e50       ?VTFromRegType@CRegParser@ATL@@KAHPBDAAG@Z 00416e50 f i main.obj
 0001:00015f70       ?ChToByte@CRegParser@ATL@@KAED@Z 00416f70 f i main.obj
 0001:000160c0       ?CanForceRemoveKey@CRegParser@ATL@@IAEHPBD@Z 004170c0 f i main.obj
 0001:00016150       ?HasSubKeys@CRegParser@ATL@@IAEHPAUHKEY__@@@Z 00417150 f i main.obj
 0001:00016290       ?SkipAssignment@CRegParser@ATL@@IAEJPAD@Z 00417290 f i main.obj
 0001:000163b0       ??0CRegObject@ATL@@QAE@XZ  004173b0 f i main.obj
 0001:00016450       ??0IRegistrarBase@@QAE@XZ  00417450 f i main.obj
 0001:00016480       ??0CExpansionVector@ATL@@QAE@XZ 00417480 f i main.obj
 0001:000164b0       ??0CComAutoDeleteCriticalSection@ATL@@QAE@XZ 004174b0 f i main.obj
 0001:000164e0       ??0CComSafeDeleteCriticalSection@ATL@@QAE@XZ 004174e0 f i main.obj
 0001:00016520       ??0CComCriticalSection@ATL@@QAE@XZ 00417520 f i main.obj
 0001:00016560       ??0IUnknown@@QAE@XZ        00417560 f i main.obj
 0001:00016580       ?UpdateRegistryFromResourceS@CAtlModule@ATL@@QAGJIHPAU_ATL_REGMAP_ENTRY@2@@Z 00417580 f i main.obj
 0001:00016cf0       ?ResourceRegister@CRegObject@ATL@@QAGJPB_WI0@Z 00417cf0 f i main.obj
 0001:00016f90       ?ResourceUnregister@CRegObject@ATL@@QAGJPB_WI0@Z 00417f90 f i main.obj
 0001:00017230       ?AtlGetPerUserRegistration@ATL@@YGJPA_N@Z 00418230 f i main.obj
 0001:00017260       ??0?$CAtlSafeAllocBufferManager@VCCRTAllocator@ATL@@@_ATL_SAFE_ALLOCA_IMPL@ATL@@QAE@XZ 00418260 f i main.obj
 0001:00017290       ?Allocate@?$CAtlSafeAllocBufferManager@VCCRTAllocator@ATL@@@_ATL_SAFE_ALLOCA_IMPL@ATL@@QAEPAXK@Z 00418290 f i main.obj
 0001:00017310       ?Allocate@CCRTAllocator@ATL@@SAPAXI@Z 00418310 f i main.obj
 0001:00017330       ??1?$CAtlSafeAllocBufferManager@VCCRTAllocator@ATL@@@_ATL_SAFE_ALLOCA_IMPL@ATL@@QAE@XZ 00418330 f i main.obj
 0001:000173a0       ?Free@CCRTAllocator@ATL@@SAXPAX@Z 004183a0 f i main.obj
 0001:000173c0       ??0?$CAtlModuleT@VCComModule@ATL@@@ATL@@QAE@XZ 004183c0 f i main.obj
 0001:00017400       ??0CAtlModule@ATL@@QAE@XZ  00418400 f i main.obj
 0001:00017550       ??0_ATL_MODULE70@ATL@@QAE@XZ 00418550 f i main.obj
 0001:00017590       ?AddCommonRGSReplacements@?$CAtlModuleT@VCComModule@ATL@@@ATL@@UAEJPAUIRegistrarBase@@@Z 00418590 f i main.obj
 0001:000175f0       ??0?$CSimpleMap@PADPA_WVCExpansionVectorEqualHelper@ATL@@@ATL@@QAE@XZ 004185f0 f i main.obj
 0001:00017630       ??1?$CSimpleMap@PADPA_WVCExpansionVectorEqualHelper@ATL@@@ATL@@QAE@XZ 00418630 f i main.obj
 0001:00017660       ?GetSize@?$CSimpleMap@PADPA_WVCExpansionVectorEqualHelper@ATL@@@ATL@@QBEHXZ 00418660 f i main.obj
 0001:00017680       ?Add@?$CSimpleMap@PADPA_WVCExpansionVectorEqualHelper@ATL@@@ATL@@QAEHABQADABQA_W@Z 00418680 f i main.obj
 0001:00017770       ?RemoveAll@?$CSimpleMap@PADPA_WVCExpansionVectorEqualHelper@ATL@@@ATL@@QAEXXZ 00418770 f i main.obj
 0001:00017830       ?Lookup@?$CSimpleMap@PADPA_WVCExpansionVectorEqualHelper@ATL@@@ATL@@QBEPA_WABQAD@Z 00418830 f i main.obj
 0001:000178a0       ?GetKeyAt@?$CSimpleMap@PADPA_WVCExpansionVectorEqualHelper@ATL@@@ATL@@QBEAAPADH@Z 004188a0 f i main.obj
 0001:00017940       ?GetValueAt@?$CSimpleMap@PADPA_WVCExpansionVectorEqualHelper@ATL@@@ATL@@QBEAAPA_WH@Z 00418940 f i main.obj
 0001:000179e0       ??0?$CAutoVectorPtr@D@ATL@@QAE@XZ 004189e0 f i main.obj
 0001:00017a10       ??1?$CAutoVectorPtr@D@ATL@@QAE@XZ 00418a10 f i main.obj
 0001:00017a40       ?Attach@?$CAutoVectorPtr@D@ATL@@QAEXPAD@Z 00418a40 f i main.obj
 0001:00017ab0       ?Detach@?$CAutoVectorPtr@D@ATL@@QAEPADXZ 00418ab0 f i main.obj
 0001:00017af0       ??0?$CAutoVectorPtr@_W@ATL@@QAE@XZ 00418af0 f i main.obj
 0001:00017b20       ??1?$CAutoVectorPtr@_W@ATL@@QAE@XZ 00418b20 f i main.obj
 0001:00017b50       ?Attach@?$CAutoVectorPtr@_W@ATL@@QAEXPA_W@Z 00418b50 f i main.obj
 0001:00017bc0       ?Detach@?$CAutoVectorPtr@_W@ATL@@QAEPA_WXZ 00418bc0 f i main.obj
 0001:00017c00       ??0?$CTempBuffer@D$0EAA@VCCRTAllocator@ATL@@@ATL@@QAE@XZ 00418c00 f i main.obj
 0001:00017c30       ??1?$CTempBuffer@D$0EAA@VCCRTAllocator@ATL@@@ATL@@QAE@XZ 00418c30 f i main.obj
 0001:00017c70       ??B?$CTempBuffer@D$0EAA@VCCRTAllocator@ATL@@@ATL@@QBEPADXZ 00418c70 f i main.obj
 0001:00017c90       ?Allocate@?$CTempBuffer@D$0EAA@VCCRTAllocator@ATL@@@ATL@@QAEPADI@Z 00418c90 f i main.obj
 0001:00017ce0       ??0?$CTempBuffer@D$0BAA@VCCRTAllocator@ATL@@@ATL@@QAE@XZ 00418ce0 f i main.obj
 0001:00017d10       ??1?$CTempBuffer@D$0BAA@VCCRTAllocator@ATL@@@ATL@@QAE@XZ 00418d10 f i main.obj
 0001:00017d50       ??B?$CTempBuffer@D$0BAA@VCCRTAllocator@ATL@@@ATL@@QBEPADXZ 00418d50 f i main.obj
 0001:00017d70       ?Allocate@?$CTempBuffer@D$0BAA@VCCRTAllocator@ATL@@@ATL@@QAEPADI@Z 00418d70 f i main.obj
 0001:00017dc0       ??0?$CTempBuffer@E$0BAA@VCCRTAllocator@ATL@@@ATL@@QAE@XZ 00418dc0 f i main.obj
 0001:00017df0       ??1?$CTempBuffer@E$0BAA@VCCRTAllocator@ATL@@@ATL@@QAE@XZ 00418df0 f i main.obj
 0001:00017e30       ??B?$CTempBuffer@E$0BAA@VCCRTAllocator@ATL@@@ATL@@QBEPAEXZ 00418e30 f i main.obj
 0001:00017e50       ?Allocate@?$CTempBuffer@E$0BAA@VCCRTAllocator@ATL@@@ATL@@QAEPAEI@Z 00418e50 f i main.obj
 0001:00017ea0       ?InitLibId@?$CAtlModuleT@VCComModule@ATL@@@ATL@@SAXXZ 00418ea0 f i main.obj
 0001:00017eb0       ?GetAppId@?$CAtlModuleT@VCComModule@ATL@@@ATL@@SAPB_WXZ 00418eb0 f i main.obj
 0001:00017ec0       ?FindKey@?$CSimpleMap@PADPA_WVCExpansionVectorEqualHelper@ATL@@@ATL@@QBEHABQAD@Z 00418ec0 f i main.obj
 0001:00017f50       ?IsEqualKey@CExpansionVectorEqualHelper@ATL@@SA_NQAD0@Z 00418f50 f i main.obj
 0001:00017f90       ?InternalSetAtIndex@?$CSimpleMap@PADPA_WVCExpansionVectorEqualHelper@ATL@@@ATL@@QAEXHABQADABQA_W@Z 00418f90 f i main.obj
 0001:000180d0       ?Free@?$CAutoVectorPtr@D@ATL@@QAEXXZ 004190d0 f i main.obj
 0001:00018130       ?Free@?$CAutoVectorPtr@_W@ATL@@QAEXXZ 00419130 f i main.obj
 0001:00018190       ?AllocateBytes@?$CTempBuffer@D$0EAA@VCCRTAllocator@ATL@@@ATL@@QAEPADI@Z 00419190 f i main.obj
 0001:00018220       ?FreeHeap@?$CTempBuffer@D$0EAA@VCCRTAllocator@ATL@@@ATL@@AAEXXZ 00419220 f i main.obj
 0001:00018260       ?AllocateBytes@?$CTempBuffer@D$0BAA@VCCRTAllocator@ATL@@@ATL@@QAEPADI@Z 00419260 f i main.obj
 0001:000182f0       ?FreeHeap@?$CTempBuffer@D$0BAA@VCCRTAllocator@ATL@@@ATL@@AAEXXZ 004192f0 f i main.obj
 0001:00018330       ?AllocateBytes@?$CTempBuffer@E$0BAA@VCCRTAllocator@ATL@@@ATL@@QAEPAEI@Z 00419330 f i main.obj
 0001:000183c0       ?FreeHeap@?$CTempBuffer@E$0BAA@VCCRTAllocator@ATL@@@ATL@@AAEXXZ 004193c0 f i main.obj
 0001:00018400       ?GetData@CAtlSafeAllocBufferNode@?$CAtlSafeAllocBufferManager@VCCRTAllocator@ATL@@@_ATL_SAFE_ALLOCA_IMPL@ATL@@QAEPAXXZ 00419400 f i main.obj
 0001:00018420       ?AllocateHeap@?$CTempBuffer@D$0EAA@VCCRTAllocator@ATL@@@ATL@@AAEXI@Z 00419420 f i main.obj
 0001:00018490       ?AllocateHeap@?$CTempBuffer@D$0BAA@VCCRTAllocator@ATL@@@ATL@@AAEXI@Z 00419490 f i main.obj
 0001:00018500       ?AllocateHeap@?$CTempBuffer@E$0BAA@VCCRTAllocator@ATL@@@ATL@@AAEXI@Z 00419500 f i main.obj
 0001:00018570       ??0?$Wrapper@PAD@?$CSimpleMap@PADPA_WVCExpansionVectorEqualHelper@ATL@@@ATL@@QAE@ABQAD@Z 00419570 f i main.obj
 0001:000185a0       ??0?$Wrapper@PA_W@?$CSimpleMap@PADPA_WVCExpansionVectorEqualHelper@ATL@@@ATL@@QAE@ABQA_W@Z 004195a0 f i main.obj
 0001:000185d0       ??$AtlAdd@K@ATL@@YAJPAKKK@Z 004195d0 f i main.obj
 0001:00018610       ??$AtlAddThrow@K@ATL@@YAKKK@Z 00419610 f i main.obj
 0001:000186b0       ??$AtlMultiplyThrow@I@ATL@@YAIII@Z 004196b0 f i main.obj
 0001:00018750       ??$AtlMultiply@I@ATL@@YAJPAIII@Z 00419750 f i main.obj
 0001:000187c0       ??$?2PAD@?$Wrapper@PAD@?$CSimpleMap@PADPA_WVCExpansionVectorEqualHelper@ATL@@@ATL@@SAPAXIPAPAD@Z 004197c0 f i main.obj
 0001:000187d0       ??$?3PAD@?$Wrapper@PAD@?$CSimpleMap@PADPA_WVCExpansionVectorEqualHelper@ATL@@@ATL@@SAXPAXPAPAD@Z 004197d0 f i main.obj
 0001:000187e0       ??$?2PA_W@?$Wrapper@PA_W@?$CSimpleMap@PADPA_WVCExpansionVectorEqualHelper@ATL@@@ATL@@SAPAXIPAPA_W@Z 004197e0 f i main.obj
 0001:000187f0       ??$?3PA_W@?$Wrapper@PA_W@?$CSimpleMap@PADPA_WVCExpansionVectorEqualHelper@ATL@@@ATL@@SAXPAXPAPA_W@Z 004197f0 f i main.obj
 0001:00018800       ??0MainFrame@@QAE@XZ       00419800 f   main_frame.obj
 0001:000188d0       ??1MainFrame@@UAE@XZ       004198d0 f   main_frame.obj
 0001:000189a0       ?GetWindowClassName@MainFrame@@UBEPBDXZ 004199a0 f   main_frame.obj
 0001:000189c0       ?CreateControl@MainFrame@@UAEPAVCControlUI@DuiLib@@PBD@Z 004199c0 f   main_frame.obj
 0001:00018b40       ?OnFinalMessage@MainFrame@@UAEXPAUHWND__@@@Z 00419b40 f   main_frame.obj
 0001:00018bb0       ?GetSkinFile@MainFrame@@UAE?AV?$basic_string@DU?$char_traits@D@std@@V?$allocator@D@2@@std@@XZ 00419bb0 f   main_frame.obj
 0001:00018c00       ?GetSkinFolder@MainFrame@@UAE?AV?$basic_string@DU?$char_traits@D@std@@V?$allocator@D@2@@std@@XZ 00419c00 f   main_frame.obj
 0001:00018d20       ?OnClose@MainFrame@@UAEJIIJAAH@Z 00419d20 f   main_frame.obj
 0001:00018d40       ?OnSysCommand@MainFrame@@UAEJIIJAAH@Z 00419d40 f   main_frame.obj
 0001:00018ee0       ?HandleMessage@MainFrame@@UAEJIIJ@Z 00419ee0 f   main_frame.obj
 0001:00018f20       ?ResponseDefaultKeyEvent@MainFrame@@UAEJI@Z 00419f20 f   main_frame.obj
 0001:00018f50       ?OnTimer@MainFrame@@IAEXAAUtagTNotifyUI@DuiLib@@@Z 00419f50 f   main_frame.obj
 0001:00018f70       ?OnExit@MainFrame@@IAEXAAUtagTNotifyUI@DuiLib@@@Z 00419f70 f   main_frame.obj
 0001:00018fb0       ?Init@MainFrame@@UAEXXZ    00419fb0 f   main_frame.obj
 0001:00018fd0       ?GetBkColor@MainFrame@@QAEKXZ 00419fd0 f   main_frame.obj
 0001:00019040       ?SetBkColor@MainFrame@@QAEXK@Z 0041a040 f   main_frame.obj
 0001:000191c0       ?UpdateFriendsList@MainFrame@@AAEXXZ 0041a1c0 f   main_frame.obj
 0001:000196c0       ?UpdateGroupsList@MainFrame@@AAEXXZ 0041a6c0 f   main_frame.obj
 0001:000198b0       ?UpdateMicroBlogList@MainFrame@@AAEXXZ 0041a8b0 f   main_frame.obj
 0001:00019900       ?OnPrepare@MainFrame@@IAEXAAUtagTNotifyUI@DuiLib@@@Z 0041a900 f   main_frame.obj
 0001:00019a10       ?Notify@MainFrame@@MAEXAAUtagTNotifyUI@DuiLib@@@Z 0041aa10 f   main_frame.obj
 0001:0001b680       ?HandleCustomMessage@MainFrame@@UAEJIIJAAH@Z 0041c680 f   main_frame.obj
 0001:0001c240       ??_GMainFrame@@UAEPAXI@Z   0041d240 f i main_frame.obj
 0001:0001c240       ??_EMainFrame@@UAEPAXI@Z   0041d240 f i main_frame.obj
 0001:0001c290       ??0FriendListItemInfo@DuiLib@@QAE@XZ 0041d290 f i main_frame.obj
 0001:0001c340       ??0SkinChangedParam@@QAE@XZ 0041d340 f i main_frame.obj
 0001:0001c380       ??0SkinChangedParam@@QAE@ABU0@@Z 0041d380 f i main_frame.obj
 0001:0001c3d0       ??4FriendListItemInfo@DuiLib@@QAEAAU01@ABU01@@Z 0041d3d0 f i main_frame.obj
 0001:0001c470       ??0GroupsListItemInfo@DuiLib@@QAE@XZ 0041d470 f i main_frame.obj
 0001:0001c520       ??1GroupsListItemInfo@DuiLib@@QAE@XZ 0041d520 f i main_frame.obj
 0001:0001c5d0       ??1?$_Vector_iterator@V?$_Vector_val@UFriendListItemInfo@DuiLib@@V?$allocator@UFriendListItemInfo@DuiLib@@@std@@@std@@@std@@QAE@XZ 0041d5d0 f i main_frame.obj
 0001:0001c600       ??0?$_Vector_const_iterator@V?$_Vector_val@UFriendListItemInfo@DuiLib@@V?$allocator@UFriendListItemInfo@DuiLib@@@std@@@std@@@std@@QAE@ABV01@@Z 0041d600 f i main_frame.obj
 0001:0001c650       ??1?$_Vector_const_iterator@V?$_Vector_val@UFriendListItemInfo@DuiLib@@V?$allocator@UFriendListItemInfo@DuiLib@@@std@@@std@@@std@@QAE@XZ 0041d650 f i main_frame.obj
 0001:0001c680       ??0?$_Iterator012@Urandom_access_iterator_tag@std@@UFriendListItemInfo@DuiLib@@HPBU34@ABU34@U_Iterator_base12@2@@std@@QAE@ABU01@@Z 0041d680 f i main_frame.obj
 0001:0001c6c0       ??1?$_Iterator012@Urandom_access_iterator_tag@std@@UFriendListItemInfo@DuiLib@@HPBU34@ABU34@U_Iterator_base12@2@@std@@QAE@XZ 0041d6c0 f i main_frame.obj
 0001:0001c6f0       ??0?$basic_string@DU?$char_traits@D@std@@V?$allocator@D@2@@std@@QAE@XZ 0041d6f0 f i main_frame.obj
 0001:0001c790       ??0?$vector@UFriendListItemInfo@DuiLib@@V?$allocator@UFriendListItemInfo@DuiLib@@@std@@@std@@QAE@XZ 0041d790 f i main_frame.obj
 0001:0001c7e0       ??1?$vector@UFriendListItemInfo@DuiLib@@V?$allocator@UFriendListItemInfo@DuiLib@@@std@@@std@@QAE@XZ 0041d7e0 f i main_frame.obj
 0001:0001c860       ?begin@?$vector@UFriendListItemInfo@DuiLib@@V?$allocator@UFriendListItemInfo@DuiLib@@@std@@@std@@QAE?AV?$_Vector_iterator@V?$_Vector_val@UFriendListItemInfo@DuiLib@@V?$allocator@UFriendListItemInfo@DuiLib@@@std@@@std@@@2@XZ 0041d860 f i main_frame.obj
 0001:0001c8c0       ?end@?$vector@UFriendListItemInfo@DuiLib@@V?$allocator@UFriendListItemInfo@DuiLib@@@std@@@std@@QAE?AV?$_Vector_iterator@V?$_Vector_val@UFriendListItemInfo@DuiLib@@V?$allocator@UFriendListItemInfo@DuiLib@@@std@@@std@@@2@XZ 0041d8c0 f i main_frame.obj
 0001:0001c920       ?empty@?$vector@UFriendListItemInfo@DuiLib@@V?$allocator@UFriendListItemInfo@DuiLib@@@std@@@std@@QBE_NXZ 0041d920 f i main_frame.obj
[...]
 0004:00000d54       __imp_?EndDown@CContainerUI@DuiLib@@UAEXXZ 004cbd54     DuiLib_d:DuiLib_d.dll
 0004:00000d58       __imp_?LineLeft@CContainerUI@DuiLib@@UAEXXZ 004cbd58     DuiLib_d:DuiLib_d.dll
 0004:00000d5c       __imp_?LineRight@CContainerUI@DuiLib@@UAEXXZ 004cbd5c     DuiLib_d:DuiLib_d.dll
 0004:00000d60       __imp_?PageLeft@CContainerUI@DuiLib@@UAEXXZ 004cbd60     DuiLib_d:DuiLib_d.dll
 0004:00000d64       __imp_?PageRight@CContainerUI@DuiLib@@UAEXXZ 004cbd64     DuiLib_d:DuiLib_d.dll
 0004:00000d68       __imp_?HomeLeft@CContainerUI@DuiLib@@UAEXXZ 004cbd68     DuiLib_d:DuiLib_d.dll
 0004:00000d6c       __imp_?DoPostPaint@CVerticalLayoutUI@DuiLib@@UAEXPAUHDC__@@ABUtagRECT@@@Z 004cbd6c     DuiLib_d:DuiLib_d.dll
 0004:00000d70       __imp_?EnableScrollBar@CContainerUI@DuiLib@@UAEX_N0@Z 004cbd70     DuiLib_d:DuiLib_d.dll
 0004:00000d74       __imp_?GetVerticalScrollBar@CContainerUI@DuiLib@@UBEPAVCScrollBarUI@2@XZ 004cbd74     DuiLib_d:DuiLib_d.dll
 0004:00000d78       __imp_?GetHorizontalScrollBar@CContainerUI@DuiLib@@UBEPAVCScrollBarUI@2@XZ 004cbd78     DuiLib_d:DuiLib_d.dll
 0004:00000d7c       __imp_?SetFloatPos@CContainerUI@DuiLib@@MAEXH@Z 004cbd7c     DuiLib_d:DuiLib_d.dll
 0004:00000d80       __imp_?ProcessScrollBar@CContainerUI@DuiLib@@MAEXUtagRECT@@HH@Z 004cbd80     DuiLib_d:DuiLib_d.dll
 0004:00000d84       __imp_?GetClass@CButtonUI@DuiLib@@UBEPBDXZ 004cbd84     DuiLib_d:DuiLib_d.dll
 0004:00000d88       __imp_?GetInterface@CButtonUI@DuiLib@@UAEPAXPBD@Z 004cbd88     DuiLib_d:DuiLib_d.dll
 0004:00000d8c       __imp_?GetControlFlags@CButtonUI@DuiLib@@UBEIXZ 004cbd8c     DuiLib_d:DuiLib_d.dll
 0004:00000d90       __imp_?Activate@CButtonUI@DuiLib@@UAE_NXZ 004cbd90     DuiLib_d:DuiLib_d.dll
 0004:00000d94       __imp_?SetManager@CControlUI@DuiLib@@UAEXPAVCPaintManagerUI@2@PAV12@_N@Z 004cbd94     DuiLib_d:DuiLib_d.dll
 0004:00000d98       __imp_?SetPos@CControlUI@DuiLib@@UAEXUtagRECT@@@Z 004cbd98     DuiLib_d:DuiLib_d.dll
 0004:00000d9c       __imp_?SetVisible@CControlUI@DuiLib@@UAEX_N@Z 004cbd9c     DuiLib_d:DuiLib_d.dll
 0004:00000da0       __imp_?SetInternVisible@CControlUI@DuiLib@@UAEX_N@Z 004cbda0     DuiLib_d:DuiLib_d.dll
 0004:00000da4       __imp_?SetEnabled@CButtonUI@DuiLib@@UAEX_N@Z 004cbda4     DuiLib_d:DuiLib_d.dll
 0004:00000da8       __imp_?SetMouseEnabled@CControlUI@DuiLib@@UAEX_N@Z 004cbda8     DuiLib_d:DuiLib_d.dll
 0004:00000dac       __imp_?FindControl@CControlUI@DuiLib@@UAEPAV12@P6GPAV12@PAV12@PAX@Z1I@Z 004cbdac     DuiLib_d:DuiLib_d.dll
 0004:00000db0       __imp_?DoEvent@CButtonUI@DuiLib@@UAEXAAUtagTEventUI@2@@Z 004cbdb0     DuiLib_d:DuiLib_d.dll
 0004:00000db4       __imp_?SetAttribute@CButtonUI@DuiLib@@UAEXPBD0@Z 004cbdb4     DuiLib_d:DuiLib_d.dll
 0004:00000db8       __imp_?EstimateSize@CButtonUI@DuiLib@@UAE?AUtagSIZE@@U3@@Z 004cbdb8     DuiLib_d:DuiLib_d.dll
 0004:00000dbc       __imp_?DoPaint@CControlUI@DuiLib@@UAEXPAUHDC__@@ABUtagRECT@@@Z 004cbdbc     DuiLib_d:DuiLib_d.dll
 0004:00000dc0       __imp_?PaintStatusImage@CButtonUI@DuiLib@@UAEXPAUHDC__@@@Z 004cbdc0     DuiLib_d:DuiLib_d.dll
 0004:00000dc4       __imp_?PaintText@CButtonUI@DuiLib@@UAEXPAUHDC__@@@Z 004cbdc4     DuiLib_d:DuiLib_d.dll
 0004:00000dc8       __imp_?DoPostPaint@CControlUI@DuiLib@@UAEXPAUHDC__@@ABUtagRECT@@@Z 004cbdc8     DuiLib_d:DuiLib_d.dll
 0004:00000dcc       __imp_?GetClass@CControlUI@DuiLib@@UBEPBDXZ 004cbdcc     DuiLib_d:DuiLib_d.dll
 0004:00000dd0       __imp_?GetInterface@CControlUI@DuiLib@@UAEPAXPBD@Z 004cbdd0     DuiLib_d:DuiLib_d.dll
 0004:00000dd4       __imp_?GetControlFlags@CControlUI@DuiLib@@UBEIXZ 004cbdd4     DuiLib_d:DuiLib_d.dll
 0004:00000dd8       __imp_?DoEvent@CControlUI@DuiLib@@UAEXAAUtagTEventUI@2@@Z 004cbdd8     DuiLib_d:DuiLib_d.dll
 0004:00000ddc       __imp_?SetAttribute@CControlUI@DuiLib@@UAEXPBD0@Z 004cbddc     DuiLib_d:DuiLib_d.dll
 0004:00000de0       __imp_??1CHorizontalLayoutUI@DuiLib@@UAE@XZ 004cbde0     DuiLib_d:DuiLib_d.dll
 0004:00000de4       __imp_??1CButtonUI@DuiLib@@UAE@XZ 004cbde4     DuiLib_d:DuiLib_d.dll
 0004:00000de8       __imp_??1CControlUI@DuiLib@@UAE@XZ 004cbde8     DuiLib_d:DuiLib_d.dll
 0004:00000dec       __imp_?Term@CPaintManagerUI@DuiLib@@SAXXZ 004cbdec     DuiLib_d:DuiLib_d.dll
 0004:00000df0       __imp_?MessageLoop@CPaintManagerUI@DuiLib@@SAXXZ 004cbdf0     DuiLib_d:DuiLib_d.dll
 0004:00000df4       __imp_??BCWindowWnd@DuiLib@@QBEPAUHWND__@@XZ 004cbdf4     DuiLib_d:DuiLib_d.dll
 0004:00000df8       __imp_?CenterWindow@CWindowWnd@DuiLib@@QAEXXZ 004cbdf8     DuiLib_d:DuiLib_d.dll
 0004:00000dfc       __imp_?SetResourcePath@CPaintManagerUI@DuiLib@@SAXPBD@Z 004cbdfc     DuiLib_d:DuiLib_d.dll
 0004:00000e00       __imp_?SetInstance@CPaintManagerUI@DuiLib@@SAXPAUHINSTANCE__@@@Z 004cbe00     DuiLib_d:DuiLib_d.dll
 0004:00000e04       __imp_?GetBkImage@CControlUI@DuiLib@@QAEPBDXZ 004cbe04     DuiLib_d:DuiLib_d.dll
 0004:00000e08       __imp_?NeedUpdate@CControlUI@DuiLib@@QAEXXZ 004cbe08     DuiLib_d:DuiLib_d.dll
 0004:00000e0c       __imp_?SelectItem@CTabLayoutUI@DuiLib@@QAE_NH@Z 004cbe0c     DuiLib_d:DuiLib_d.dll
 0004:00000e10       __imp_?GetCurSel@CTabLayoutUI@DuiLib@@QBEHXZ 004cbe10     DuiLib_d:DuiLib_d.dll
 0004:00000e14       __imp_??1CDialogBuilder@DuiLib@@QAE@XZ 004cbe14     DuiLib_d:DuiLib_d.dll
 0004:00000e18       __imp_??1CListUI@DuiLib@@UAE@XZ 004cbe18     DuiLib_d:DuiLib_d.dll
 0004:00000e1c       __imp_?SetItemShowHtml@CListUI@DuiLib@@QAEX_N@Z 004cbe1c     DuiLib_d:DuiLib_d.dll
 0004:00000e20       __imp_??0CDialogBuilder@DuiLib@@QAE@XZ 004cbe20     DuiLib_d:DuiLib_d.dll
 0004:00000e24       __imp_??0CRect@DuiLib@@QAE@HHHH@Z 004cbe24     DuiLib_d:DuiLib_d.dll
 0004:00000e28       __imp_??0CListUI@DuiLib@@QAE@XZ 004cbe28     DuiLib_d:DuiLib_d.dll
 0004:00000e2c       __imp_?GetClass@CListUI@DuiLib@@UBEPBDXZ 004cbe2c     DuiLib_d:DuiLib_d.dll
 0004:00000e30       __imp_?GetInterface@CListUI@DuiLib@@UAEPAXPBD@Z 004cbe30     DuiLib_d:DuiLib_d.dll
 0004:00000e34       __imp_?GetControlFlags@CListUI@DuiLib@@UBEIXZ 004cbe34     DuiLib_d:DuiLib_d.dll
 0004:00000e38       __imp_?SetPos@CListUI@DuiLib@@UAEXUtagRECT@@@Z 004cbe38     DuiLib_d:DuiLib_d.dll
 0004:00000e3c       __imp_?SetAttribute@CListUI@DuiLib@@UAEXPBD0@Z 004cbe3c     DuiLib_d:DuiLib_d.dll
 0004:00000e40       \177DuiLib_d_NULL_THUNK_DATA 004cbe40     DuiLib_d:DuiLib_d.dll
 0004:00000f38       __imp__CreateRoundRectRgn@24 004cbf38     gdi32:GDI32.dll
 0004:00000f3c       __imp__DeleteObject@4      004cbf3c     gdi32:GDI32.dll
 0004:00000f40       \177GDI32_NULL_THUNK_DATA  004cbf40     gdi32:GDI32.dll
 0004:00000f6c       __imp__HeapFree@12         004cbf6c     kernel32:KERNEL32.dll
 0004:00000f70       __imp__HeapCreate@12       004cbf70     kernel32:KERNEL32.dll
 0004:00000f74       __imp__HeapDestroy@4       004cbf74     kernel32:KERNEL32.dll
 0004:00000f78       __imp__QueryPerformanceCounter@4 004cbf78     kernel32:KERNEL32.dll
 0004:00000f7c       __imp__HeapQueryInformation@20 004cbf7c     kernel32:KERNEL32.dll
 0004:00000f80       __imp__GetSystemTimeAsFileTime@4 004cbf80     kernel32:KERNEL32.dll
 0004:00000f84       __imp__FreeEnvironmentStringsW@4 004cbf84     kernel32:KERNEL32.dll
 0004:00000f88       __imp__GetEnvironmentStringsW@0 004cbf88     kernel32:KERNEL32.dll
 0004:00000f8c       __imp__GetProcessHeap@0    004cbf8c     kernel32:KERNEL32.dll
 0004:00000f90       __imp__HeapSize@12         004cbf90     kernel32:KERNEL32.dll
 0004:00000f94       __imp__HeapReAlloc@16      004cbf94     kernel32:KERNEL32.dll
 0004:00000f98       __imp__GetCurrentProcessId@0 004cbf98     kernel32:KERNEL32.dll
 0004:00000f9c       __imp__GetStringTypeW@16   004cbf9c     kernel32:KERNEL32.dll
 0004:00000fa0       __imp__SetStdHandle@8      004cbfa0     kernel32:KERNEL32.dll
 0004:00000fa4       __imp__GetLocaleInfoA@16   004cbfa4     kernel32:KERNEL32.dll
 0004:00000fa8       __imp__IsValidLocale@8     004cbfa8     kernel32:KERNEL32.dll
 0004:00000fac       __imp__EnumSystemLocalesA@8 004cbfac     kernel32:KERNEL32.dll
 0004:00000fb0       __imp__GetUserDefaultLCID@0 004cbfb0     kernel32:KERNEL32.dll
 0004:00000fb4       __imp__CreateFileW@28      004cbfb4     kernel32:KERNEL32.dll
 0004:00000fb8       __imp__SetEndOfFile@4      004cbfb8     kernel32:KERNEL32.dll
 0004:00000fbc       __imp__WaitForSingleObject@8 004cbfbc     kernel32:KERNEL32.dll
 0004:00000fc0       __imp__SetEvent@4          004cbfc0     kernel32:KERNEL32.dll
 0004:00000fc4       __imp__OpenEventA@12       004cbfc4     kernel32:KERNEL32.dll
 0004:00000fc8       __imp__UnmapViewOfFile@4   004cbfc8     kernel32:KERNEL32.dll
 0004:00000fcc       __imp__MapViewOfFile@20    004cbfcc     kernel32:KERNEL32.dll
 0004:00000fd0       __imp__CreateFileMappingA@24 004cbfd0     kernel32:KERNEL32.dll
 0004:00000fd4       __imp__OpenFileMappingA@12 004cbfd4     kernel32:KERNEL32.dll
 0004:00000fd8       __imp__WriteFile@20        004cbfd8     kernel32:KERNEL32.dll
 0004:00000fdc       __imp__SetFileTime@16      004cbfdc     kernel32:KERNEL32.dll
 0004:00000fe0       __imp__CreateDirectoryA@8  004cbfe0     kernel32:KERNEL32.dll
 0004:00000fe4       __imp__DosDateTimeToFileTime@12 004cbfe4     kernel32:KERNEL32.dll
 0004:00000fe8       __imp__GetCurrentDirectoryA@8 004cbfe8     kernel32:KERNEL32.dll
 0004:00000fec       __imp__SystemTimeToFileTime@8 004cbfec     kernel32:KERNEL32.dll
 0004:00000ff0       __imp__ReadFile@20         004cbff0     kernel32:KERNEL32.dll
 0004:00000ff4       __imp__CloseHandle@4       004cbff4     kernel32:KERNEL32.dll
 0004:00000ff8       __imp__GetCurrentProcess@0 004cbff8     kernel32:KERNEL32.dll
 0004:00000ffc       __imp__DuplicateHandle@28  004cbffc     kernel32:KERNEL32.dll
 0004:00001000       __imp__CreateFileA@28      004cc000     kernel32:KERNEL32.dll
 0004:00001004       __imp__GetFileType@4       004cc004     kernel32:KERNEL32.dll
 0004:00001008       __imp__SetFilePointer@16   004cc008     kernel32:KERNEL32.dll
 0004:0000100c       __imp__FreeResource@4      004cc00c     kernel32:KERNEL32.dll
 0004:00001010       __imp__LockResource@4      004cc010     kernel32:KERNEL32.dll
 0004:00001014       __imp__IsDBCSLeadByte@4    004cc014     kernel32:KERNEL32.dll
 0004:00001018       __imp__GetProcAddress@8    004cc018     kernel32:KERNEL32.dll
 0004:0000101c       __imp__lstrcmpiA@8         004cc01c     kernel32:KERNEL32.dll
 0004:00001020       __imp__LoadLibraryExA@12   004cc020     kernel32:KERNEL32.dll
 0004:00001024       __imp__FindResourceA@12    004cc024     kernel32:KERNEL32.dll
 0004:00001028       __imp__LoadResource@8      004cc028     kernel32:KERNEL32.dll
 0004:0000102c       __imp__SizeofResource@8    004cc02c     kernel32:KERNEL32.dll
 0004:00001030       __imp__WideCharToMultiByte@32 004cc030     kernel32:KERNEL32.dll
 0004:00001034       __imp__InitializeCriticalSectionAndSpinCount@8 004cc034     kernel32:KERNEL32.dll
 0004:00001038       __imp__GetLastError@0      004cc038     kernel32:KERNEL32.dll
 0004:0000103c       __imp__lstrlenW@4          004cc03c     kernel32:KERNEL32.dll
 0004:00001040       __imp__MultiByteToWideChar@24 004cc040     kernel32:KERNEL32.dll
 0004:00001044       __imp__GetModuleFileNameA@12 004cc044     kernel32:KERNEL32.dll
 0004:00001048       __imp__lstrlenA@4          004cc048     kernel32:KERNEL32.dll
 0004:0000104c       __imp__GetModuleHandleA@4  004cc04c     kernel32:KERNEL32.dll
 0004:00001050       __imp__InterlockedDecrement@4 004cc050     kernel32:KERNEL32.dll
 0004:00001054       __imp__InterlockedIncrement@4 004cc054     kernel32:KERNEL32.dll
 0004:00001058       __imp__RaiseException@16   004cc058     kernel32:KERNEL32.dll
 0004:0000105c       __imp__LoadLibraryA@4      004cc05c     kernel32:KERNEL32.dll
 0004:00001060       __imp__FreeLibrary@4       004cc060     kernel32:KERNEL32.dll
 0004:00001064       __imp__GetTickCount@0      004cc064     kernel32:KERNEL32.dll
 0004:00001068       __imp__OutputDebugStringA@4 004cc068     kernel32:KERNEL32.dll
 0004:0000106c       __imp__LeaveCriticalSection@4 004cc06c     kernel32:KERNEL32.dll
 0004:00001070       __imp__EnterCriticalSection@4 004cc070     kernel32:KERNEL32.dll
 0004:00001074       __imp__DeleteCriticalSection@4 004cc074     kernel32:KERNEL32.dll
 0004:00001078       __imp__GetVersionExA@4     004cc078     kernel32:KERNEL32.dll
 0004:0000107c       __imp__InitializeCriticalSection@4 004cc07c     kernel32:KERNEL32.dll
 0004:00001080       __imp__Sleep@4             004cc080     kernel32:KERNEL32.dll
 0004:00001084       __imp__GetLocalTime@4      004cc084     kernel32:KERNEL32.dll
 0004:00001088       __imp__InterlockedExchange@8 004cc088     kernel32:KERNEL32.dll
 0004:0000108c       __imp__RtlUnwind@16        004cc08c     kernel32:KERNEL32.dll
 0004:00001090       __imp__DecodePointer@4     004cc090     kernel32:KERNEL32.dll
 0004:00001094       __imp__EncodePointer@4     004cc094     kernel32:KERNEL32.dll
 0004:00001098       __imp__TerminateProcess@8  004cc098     kernel32:KERNEL32.dll
 0004:0000109c       __imp__UnhandledExceptionFilter@4 004cc09c     kernel32:KERNEL32.dll
 0004:000010a0       __imp__SetUnhandledExceptionFilter@4 004cc0a0     kernel32:KERNEL32.dll
 0004:000010a4       __imp__IsDebuggerPresent@0 004cc0a4     kernel32:KERNEL32.dll
 0004:000010a8       __imp__GetModuleFileNameW@12 004cc0a8     kernel32:KERNEL32.dll
 0004:000010ac       __imp__VirtualProtect@16   004cc0ac     kernel32:KERNEL32.dll
 0004:000010b0       __imp__VirtualAlloc@16     004cc0b0     kernel32:KERNEL32.dll
 0004:000010b4       __imp__GetModuleHandleW@4  004cc0b4     kernel32:KERNEL32.dll
 0004:000010b8       __imp__GetSystemInfo@4     004cc0b8     kernel32:KERNEL32.dll
 0004:000010bc       __imp__VirtualQuery@12     004cc0bc     kernel32:KERNEL32.dll
 0004:000010c0       __imp__HeapValidate@12     004cc0c0     kernel32:KERNEL32.dll
 0004:000010c4       __imp__IsBadReadPtr@8      004cc0c4     kernel32:KERNEL32.dll
 0004:000010c8       __imp__GetCommandLineA@0   004cc0c8     kernel32:KERNEL32.dll
 0004:000010cc       __imp__HeapSetInformation@16 004cc0cc     kernel32:KERNEL32.dll
 0004:000010d0       __imp__GetStartupInfoW@4   004cc0d0     kernel32:KERNEL32.dll
 0004:000010d4       __imp__TlsAlloc@0          004cc0d4     kernel32:KERNEL32.dll
 0004:000010d8       __imp__TlsGetValue@4       004cc0d8     kernel32:KERNEL32.dll
 0004:000010dc       __imp__TlsSetValue@8       004cc0dc     kernel32:KERNEL32.dll
 0004:000010e0       __imp__GetCurrentThreadId@0 004cc0e0     kernel32:KERNEL32.dll
 0004:000010e4       __imp__TlsFree@4           004cc0e4     kernel32:KERNEL32.dll
 0004:000010e8       __imp__SetLastError@4      004cc0e8     kernel32:KERNEL32.dll
 0004:000010ec       __imp__GetCurrentThread@0  004cc0ec     kernel32:KERNEL32.dll
 0004:000010f0       __imp__LoadLibraryW@4      004cc0f0     kernel32:KERNEL32.dll
 0004:000010f4       __imp__FatalAppExitA@8     004cc0f4     kernel32:KERNEL32.dll
 0004:000010f8       __imp__IsProcessorFeaturePresent@4 004cc0f8     kernel32:KERNEL32.dll
 0004:000010fc       __imp__LCMapStringW@24     004cc0fc     kernel32:KERNEL32.dll
 0004:00001100       __imp__GetACP@0            004cc100     kernel32:KERNEL32.dll
 0004:00001104       __imp__GetOEMCP@0          004cc104     kernel32:KERNEL32.dll
 0004:00001108       __imp__GetCPInfo@8         004cc108     kernel32:KERNEL32.dll
 0004:0000110c       __imp__IsValidCodePage@4   004cc10c     kernel32:KERNEL32.dll
 0004:00001110       __imp__GetStdHandle@4      004cc110     kernel32:KERNEL32.dll
 0004:00001114       __imp__GetLocaleInfoW@16   004cc114     kernel32:KERNEL32.dll
 0004:00001118       __imp__WriteConsoleW@20    004cc118     kernel32:KERNEL32.dll
 0004:0000111c       __imp__OutputDebugStringW@4 004cc11c     kernel32:KERNEL32.dll
 0004:00001120       __imp__ExitProcess@4       004cc120     kernel32:KERNEL32.dll
 0004:00001124       __imp__SetConsoleCtrlHandler@8 004cc124     kernel32:KERNEL32.dll
 0004:00001128       __imp__FlushFileBuffers@4  004cc128     kernel32:KERNEL32.dll
 0004:0000112c       __imp__GetConsoleCP@0      004cc12c     kernel32:KERNEL32.dll
 0004:00001130       __imp__GetConsoleMode@8    004cc130     kernel32:KERNEL32.dll
 0004:00001134       __imp__SetHandleCount@4    004cc134     kernel32:KERNEL32.dll
 0004:00001138       __imp__HeapAlloc@12        004cc138     kernel32:KERNEL32.dll
 0004:0000113c       \177KERNEL32_NULL_THUNK_DATA 004cc13c     kernel32:KERNEL32.dll
 0004:000011c4       __imp__VarUI4FromStr@16    004cc1c4     oleaut32:OLEAUT32.dll
 0004:000011c8       __imp__SysFreeString@4     004cc1c8     oleaut32:OLEAUT32.dll
 0004:000011cc       \177OLEAUT32_NULL_THUNK_DATA 004cc1cc     oleaut32:OLEAUT32.dll
 0004:000011f8       __imp__IsZoomed@4          004cc1f8     user32:USER32.dll
 0004:000011fc       __imp__GetWindowRect@8     004cc1fc     user32:USER32.dll
 0004:00001200       __imp__UpdateWindow@4      004cc200     user32:USER32.dll
 0004:00001204       __imp__MsgWaitForMultipleObjectsEx@20 004cc204     user32:USER32.dll
 0004:00001208       __imp__PeekMessageA@20     004cc208     user32:USER32.dll
 0004:0000120c       __imp__IsWindowUnicode@4   004cc20c     user32:USER32.dll
 0004:00001210       __imp__GetMessageW@16      004cc210     user32:USER32.dll
 0004:00001214       __imp__GetMessageA@16      004cc214     user32:USER32.dll
 0004:00001218       __imp__TranslateMessage@4  004cc218     user32:USER32.dll
 0004:0000121c       __imp__GetWindowLongA@8    004cc21c     user32:USER32.dll
 0004:00001220       __imp__SetWindowLongA@12   004cc220     user32:USER32.dll
 0004:00001224       __imp__SetWindowPos@28     004cc224     user32:USER32.dll
 0004:00001228       __imp__SetWindowRgn@12     004cc228     user32:USER32.dll
 0004:0000122c       __imp__MonitorFromWindow@8 004cc22c     user32:USER32.dll
 0004:00001230       __imp__GetMonitorInfoA@8   004cc230     user32:USER32.dll
 0004:00001234       __imp__ScreenToClient@8    004cc234     user32:USER32.dll
 0004:00001238       __imp__GetClientRect@8     004cc238     user32:USER32.dll
 0004:0000123c       __imp__IsIconic@4          004cc23c     user32:USER32.dll
 0004:00001240       __imp__PostQuitMessage@4   004cc240     user32:USER32.dll
 0004:00001244       __imp__CharNextA@4         004cc244     user32:USER32.dll
 0004:00001248       __imp__UnregisterClassA@8  004cc248     user32:USER32.dll
 0004:0000124c       __imp__ShowWindow@8        004cc24c     user32:USER32.dll
 0004:00001250       __imp__MoveWindow@24       004cc250     user32:USER32.dll
 0004:00001254       __imp__DispatchMessageA@4  004cc254     user32:USER32.dll
 0004:00001258       __imp__DispatchMessageW@4  004cc258     user32:USER32.dll
 0004:0000125c       \177USER32_NULL_THUNK_DATA 004cc25c     user32:USER32.dll
 0004:0000129c       __imp__CoUninitialize@0    004cc29c     ole32:ole32.dll
 0004:000012a0       __imp__OleUninitialize@0   004cc2a0     ole32:ole32.dll
 0004:000012a4       __imp__OleInitialize@4     004cc2a4     ole32:ole32.dll
 0004:000012a8       __imp__CoInitialize@4      004cc2a8     ole32:ole32.dll
 0004:000012ac       __imp__CoCreateInstance@20 004cc2ac     ole32:ole32.dll
 0004:000012b0       __imp__CoTaskMemFree@4     004cc2b0     ole32:ole32.dll
 0004:000012b4       __imp__CoTaskMemAlloc@4    004cc2b4     ole32:ole32.dll
 0004:000012b8       __imp__CoTaskMemRealloc@8  004cc2b8     ole32:ole32.dll
 0004:000012bc       __imp__CoReleaseMarshalData@4 004cc2bc     ole32:ole32.dll
 0004:000012c0       __imp__CoMarshalInterface@24 004cc2c0     ole32:ole32.dll
 0004:000012c4       __imp__CreateStreamOnHGlobal@12 004cc2c4     ole32:ole32.dll
 0004:000012c8       __imp__CoUnmarshalInterface@12 004cc2c8     ole32:ole32.dll
 0004:000012cc       __imp__CoRevokeClassObject@4 004cc2cc     ole32:ole32.dll
 0004:000012d0       __imp__CoRegisterClassObject@20 004cc2d0     ole32:ole32.dll
 0004:000012d4       \177ole32_NULL_THUNK_DATA  004cc2d4     ole32:ole32.dll

 entry point at        0001:00043de0

