 MenuDemo_d

 Timestamp is 51e77331 (Thu Jul 18 12:46:41 2013)

 Preferred load address is 00400000

 Start         Length     Name                   Class
 0001:00000000 000603d2H .text                   CODE
 0001:000603e0 00001d77H .text$x                 CODE
 0001:00062160 00001089H .text$yc                CODE
 0001:000631f0 00001080H .text$yd                CODE
 0002:00000000 00000104H .CRT$XCA                DATA
 0002:00000104 00000104H .CRT$XCC                DATA
 0002:00000208 00000109H .CRT$XCU                DATA
 0002:00000314 00000104H .CRT$XCZ                DATA
 0002:00000418 00000104H .CRT$XIA                DATA
 0002:0000051c 00000113H .CRT$XIC                DATA
 0002:00000630 00000104H .CRT$XIY                DATA
 0002:00000734 00000104H .CRT$XIZ                DATA
 0002:00000838 00000104H .CRT$XPA                DATA
 0002:0000093c 00000109H .CRT$XPX                DATA
 0002:00000a48 00000104H .CRT$XPXA               DATA
 0002:00000b4c 00000104H .CRT$XPZ                DATA
 0002:00000c50 00000104H .CRT$XTA                DATA
 0002:00000d54 00000104H .CRT$XTZ                DATA
 0002:00000e60 000103a6H .rdata                  DATA
 0002:00011208 00000150H .rdata$debug            DATA
 0002:00011358 00000ffdH .rdata$r                DATA
 0002:00012360 0000021bH .rdata$sxdata           DATA
 0002:0001257c 00000104H .rtc$IAA                DATA
 0002:00012680 00000118H .rtc$IMZ                DATA
 0002:00012798 00000104H .rtc$IZZ                DATA
 0002:0001289c 00000104H .rtc$TAA                DATA
 0002:000129a0 00000118H .rtc$TMZ                DATA
 0002:00012ab8 00000104H .rtc$TZZ                DATA
 0002:00012bc0 00001e0eH .xdata$x                DATA
 0002:000149ce 00000000H .edata                  DATA
 0003:00000000 00001ab6H .data                   DATA
 0003:00001ac0 000024c4H .bss                    DATA
 0004:00000000 00000064H .idata$2                DATA
 0004:00000064 00000014H .idata$3                DATA
 0004:00000078 0000074cH .idata$4                DATA
 0004:000007c4 0000074cH .idata$5                DATA
 0004:00000f10 00003b23H .idata$6                DATA
 0005:00000000 00000876H .rsrc$01                DATA
 0005:00000880 0004f19cH .rsrc$02                DATA

  Address         Publics by Value              Rva+Base       Lib:Object

 0000:00000000       __except_list              00000000     <absolute>
 0000:0000003b       ___safe_se_handler_count   0000003b     <absolute>
 0000:00000000       ___ImageBase               00400000     <linker-defined>
 0001:00000cb0       ??0OS_CLockable@@QAE@XZ    00401cb0 f   debug.obj
 0001:00000da0       ??1OS_CLockable@@QAE@XZ    00401da0 f   debug.obj
 0001:00000de0       ?Acquire@OS_CLockable@@QAEXXZ 00401de0 f   debug.obj
 0001:00000e20       ?Release@OS_CLockable@@QAEXXZ 00401e20 f   debug.obj
 0001:00000e60       ?DbgPrint@@YAHPBDZZ        00401e60 f   debug.obj
 0001:000012a0       ??0OS_CAutoLock@@QAE@AAVOS_CLockable@@@Z 004022a0 f i debug.obj
 0001:000012e0       ??1OS_CAutoLock@@QAE@XZ    004022e0 f i debug.obj
 0001:00001310       ??0MainFrame@@QAE@XZ       00402310 f   main_frame.obj
 0001:00001360       ??1MainFrame@@UAE@XZ       00402360 f   main_frame.obj
 0001:000013c0       ?GetWindowClassName@MainFrame@@UBEPBDXZ 004023c0 f   main_frame.obj
 0001:000013e0       ?CreateControl@MainFrame@@UAEPAVCControlUI@DuiLib@@PBD@Z 004023e0 f   main_frame.obj
 0001:00001400       ?OnFinalMessage@MainFrame@@UAEXPAUHWND__@@@Z 00402400 f   main_frame.obj
 0001:00001470       ?GetSkinFile@MainFrame@@UAE?AV?$basic_string@DU?$char_traits@D@std@@V?$allocator@D@2@@std@@XZ 00402470 f   main_frame.obj
 0001:00001550       ?GetSkinFolder@MainFrame@@UAE?AV?$basic_string@DU?$char_traits@D@std@@V?$allocator@D@2@@std@@XZ 00402550 f   main_frame.obj
 0001:00001620       ?OnSysCommand@MainFrame@@UAEJIIJAAH@Z 00402620 f   main_frame.obj
 0001:000017c0       ?HandleMessage@MainFrame@@UAEJIIJ@Z 004027c0 f   main_frame.obj
 0001:00001800       ?ResponseDefaultKeyEvent@MainFrame@@UAEJI@Z 00402800 f   main_frame.obj
 0001:00001830       ?OnTimer@MainFrame@@IAEXAAUtagTNotifyUI@DuiLib@@@Z 00402830 f   main_frame.obj
 0001:00001850       ?OnExit@MainFrame@@IAEXAAUtagTNotifyUI@DuiLib@@@Z 00402850 f   main_frame.obj
 0001:00001890       ?Init@MainFrame@@UAEXXZ    00402890 f   main_frame.obj
 0001:000018b0       ?OnPrepare@MainFrame@@IAEXAAUtagTNotifyUI@DuiLib@@@Z 004028b0 f   main_frame.obj
 0001:000018d0       ?Notify@MainFrame@@MAEXAAUtagTNotifyUI@DuiLib@@@Z 004028d0 f   main_frame.obj
 0001:00001e70       ?HandleCustomMessage@MainFrame@@UAEJIIJAAH@Z 00402e70 f   main_frame.obj
 0001:00002170       ??_GMainFrame@@UAEPAXI@Z   00403170 f i main_frame.obj
 0001:00002170       ??_EMainFrame@@UAEPAXI@Z   00403170 f i main_frame.obj
 0001:000021c0       __tcsicmp                  004031c0 f i main_frame.obj
 0001:000021f0       ??0STRINGorID@DuiLib@@QAE@I@Z 004031f0 f i main_frame.obj
 0001:00002220       ??0?$basic_string@DU?$char_traits@D@std@@V?$allocator@D@2@@std@@QAE@PBD@Z 00403220 f i main_frame.obj
 0001:000022d0       ??1?$basic_string@DU?$char_traits@D@std@@V?$allocator@D@2@@std@@QAE@XZ 004032d0 f i main_frame.obj
 0001:00002360       ?assign@?$basic_string@DU?$char_traits@D@std@@V?$allocator@D@2@@std@@QAEAAV12@PBD@Z 00403360 f i main_frame.obj
 0001:000023c0       ?length@?$char_traits@D@std@@SAIPBD@Z 004033c0 f i main_frame.obj
 0001:000023e0       ?_Tidy@?$basic_string@DU?$char_traits@D@std@@V?$allocator@D@2@@std@@QAEX_NI@Z 004033e0 f i main_frame.obj
 0001:000024a0       ?copy@?$char_traits@D@std@@SAPADPADPBDI@Z 004034a0 f i main_frame.obj
 0001:000024d0       ??0?$_String_val@DV?$allocator@D@std@@@std@@QAE@V?$allocator@D@1@@Z 004034d0 f i main_frame.obj
 0001:00002610       ??0_Container_proxy@std@@QAE@XZ 00403610 f i main_frame.obj
 0001:00002650       ??0_Container_base12@std@@QAE@XZ 00403650 f i main_frame.obj
 0001:00002680       ??1_Container_base12@std@@QAE@XZ 00403680 f i main_frame.obj
 0001:000026b0       ?_Orphan_all@_Container_base12@std@@QAEXXZ 004036b0 f i main_frame.obj
 0001:00002790       ??1?$_String_val@DV?$allocator@D@std@@@std@@QAE@XZ 00403790 f i main_frame.obj
 0001:000028a0       ??0?$allocator@D@std@@QAE@XZ 004038a0 f i main_frame.obj
 0001:000028c0       ??0?$allocator@D@std@@QAE@ABV01@@Z 004038c0 f i main_frame.obj
 0001:000028e0       ?assign@?$basic_string@DU?$char_traits@D@std@@V?$allocator@D@2@@std@@QAEAAV12@PBDI@Z 004038e0 f i main_frame.obj
 0001:000029c0       ?_Eos@?$basic_string@DU?$char_traits@D@std@@V?$allocator@D@2@@std@@QAEXI@Z 004039c0 f i main_frame.obj
 0001:00002a20       ?assign@?$char_traits@D@std@@SAXAADABD@Z 00403a20 f i main_frame.obj
 0001:00002a40       ?_Myptr@?$basic_string@DU?$char_traits@D@std@@V?$allocator@D@2@@std@@QAEPADXZ 00403a40 f i main_frame.obj
 0001:00002a90       ?deallocate@?$allocator@D@std@@QAEXPADI@Z 00403a90 f i main_frame.obj
 0001:00002ad0       ?deallocate@?$allocator@U_Container_proxy@std@@@std@@QAEXPAU_Container_proxy@2@I@Z 00403ad0 f i main_frame.obj
 0001:00002b10       ?allocate@?$allocator@U_Container_proxy@std@@@std@@QAEPAU_Container_proxy@2@I@Z 00403b10 f i main_frame.obj
 0001:00002b50       ?assign@?$basic_string@DU?$char_traits@D@std@@V?$allocator@D@2@@std@@QAEAAV12@ABV12@II@Z 00403b50 f i main_frame.obj
 0001:00002c50       ?size@?$basic_string@DU?$char_traits@D@std@@V?$allocator@D@2@@std@@QBEIXZ 00403c50 f i main_frame.obj
 0001:00002c70       ?_Myptr@?$basic_string@DU?$char_traits@D@std@@V?$allocator@D@2@@std@@QBEPBDXZ 00403c70 f i main_frame.obj
 0001:00002cc0       ?_Xran@?$basic_string@DU?$char_traits@D@std@@V?$allocator@D@2@@std@@QBEXXZ 00403cc0 f i main_frame.obj
 0001:00002cf0       ?_Grow@?$basic_string@DU?$char_traits@D@std@@V?$allocator@D@2@@std@@QAE_NI_N@Z 00403cf0 f i main_frame.obj
 0001:00002dd0       ?_Inside@?$basic_string@DU?$char_traits@D@std@@V?$allocator@D@2@@std@@QAE_NPBD@Z 00403dd0 f i main_frame.obj
 0001:00002e30       ?_Xlen@?$basic_string@DU?$char_traits@D@std@@V?$allocator@D@2@@std@@QBEXXZ 00403e30 f i main_frame.obj
 0001:00002e60       ?erase@?$basic_string@DU?$char_traits@D@std@@V?$allocator@D@2@@std@@QAEAAV12@II@Z 00403e60 f i main_frame.obj
 0001:00002f30       ?move@?$char_traits@D@std@@SAPADPADPBDI@Z 00403f30 f i main_frame.obj
 0001:00002f60       ?max_size@?$basic_string@DU?$char_traits@D@std@@V?$allocator@D@2@@std@@QBEIXZ 00403f60 f i main_frame.obj
 0001:00002fd0       ?_Copy@?$basic_string@DU?$char_traits@D@std@@V?$allocator@D@2@@std@@QAEXII@Z 00403fd0 f i main_frame.obj
 0001:000031e0       ?allocate@?$allocator@D@std@@QAEPADI@Z 004041e0 f i main_frame.obj
 0001:00003220       ?max_size@?$allocator@D@std@@QBEIXZ 00404220 f i main_frame.obj
 0001:00003280       ??$_Debug_pointer@D@std@@YAXPBDPB_WI@Z 00404280 f i main_frame.obj
 0001:000032b0       ??$?0D@?$allocator@U_Container_proxy@std@@@std@@QAE@ABV?$allocator@D@1@@Z 004042b0 f i main_frame.obj
 0001:000032d0       ??$_Cons_val@V?$allocator@U_Container_proxy@std@@@std@@U_Container_proxy@2@U32@@std@@YAXAAV?$allocator@U_Container_proxy@std@@@0@PAU_Container_proxy@0@$$QAU20@@Z 004042d0 f i main_frame.obj
 0001:00003300       ??$_Dest_val@V?$allocator@U_Container_proxy@std@@@std@@U_Container_proxy@2@@std@@YAXAAV?$allocator@U_Container_proxy@std@@@0@PAU_Container_proxy@0@@Z 00404300 f i main_frame.obj
 0001:00003320       ??$_Allocate@U_Container_proxy@std@@@std@@YAPAU_Container_proxy@0@IPAU10@@Z 00404320 f i main_frame.obj
 0001:000033c0       ??0bad_alloc@std@@QAE@PBD@Z 004043c0 f i main_frame.obj
 0001:00003410       ??1bad_alloc@std@@UAE@XZ   00404410 f i main_frame.obj
 0001:00003450       ??_Gbad_alloc@std@@UAEPAXI@Z 00404450 f i main_frame.obj
 0001:00003450       ??_Ebad_alloc@std@@UAEPAXI@Z 00404450 f i main_frame.obj
 0001:000034a0       ??$_Allocate@D@std@@YAPADIPAD@Z 004044a0 f i main_frame.obj
 0001:00003530       ??0bad_alloc@std@@QAE@ABV01@@Z 00404530 f i main_frame.obj
 0001:00003580       ?construct@?$allocator@U_Container_proxy@std@@@std@@QAEXPAU_Container_proxy@2@$$QAU32@@Z 00404580 f i main_frame.obj
 0001:00003650       ??2@YAPAXIPAX@Z            00404650 f i main_frame.obj
 0001:00003660       ??3@YAXPAX0@Z              00404660 f i main_frame.obj
 0001:00003670       ?destroy@?$allocator@U_Container_proxy@std@@@std@@QAEXPAU_Container_proxy@2@@Z 00404670 f i main_frame.obj
 0001:000036b0       ??$forward@U_Container_proxy@std@@@std@@YA$$QAU_Container_proxy@0@AAU10@@Z 004046b0 f i main_frame.obj
 0001:000036c0       ??$_Destroy@U_Container_proxy@std@@@std@@YAXPAU_Container_proxy@0@@Z 004046c0 f i main_frame.obj
 0001:000036d0       ??0CMenuUI@DuiLib@@QAE@XZ  004046d0 f   UIMenu.obj
 0001:000037c0       ??1CMenuUI@DuiLib@@UAE@XZ  004047c0 f   UIMenu.obj
 0001:00003820       ?GetClass@CMenuUI@DuiLib@@UBEPBDXZ 00404820 f   UIMenu.obj
 0001:00003840       ?GetInterface@CMenuUI@DuiLib@@UAEPAXPBD@Z 00404840 f   UIMenu.obj
 0001:000038a0       ?DoEvent@CMenuUI@DuiLib@@UAEXAAUtagTEventUI@2@@Z 004048a0 f   UIMenu.obj
 0001:000038e0       ?Add@CMenuUI@DuiLib@@UAE_NPAVCControlUI@2@@Z 004048e0 f   UIMenu.obj
 0001:00003a40       ?AddAt@CMenuUI@DuiLib@@UAE_NPAVCControlUI@2@H@Z 00404a40 f   UIMenu.obj
 0001:00003ba0       ?GetItemIndex@CMenuUI@DuiLib@@UBEHPAVCControlUI@2@@Z 00404ba0 f   UIMenu.obj
 0001:00003c10       ?SetItemIndex@CMenuUI@DuiLib@@UAE_NPAVCControlUI@2@H@Z 00404c10 f   UIMenu.obj
 0001:00003c80       ?Remove@CMenuUI@DuiLib@@UAE_NPAVCControlUI@2@@Z 00404c80 f   UIMenu.obj
 0001:00003cf0       ?EstimateSize@CMenuUI@DuiLib@@UAE?AUtagSIZE@@U3@@Z 00404cf0 f   UIMenu.obj
 0001:00003e50       ?SetAttribute@CMenuUI@DuiLib@@UAEXPBD0@Z 00404e50 f   UIMenu.obj
 0001:00003e90       ??0CMenuWnd@DuiLib@@QAE@PAUHWND__@@@Z 00404e90 f   UIMenu.obj
 0001:00003f80       ?Receive@CMenuWnd@DuiLib@@UAEHUContextMenuParam@2@@Z 00404f80 f   UIMenu.obj
 0001:00004040       ?Init@CMenuWnd@DuiLib@@QAEXPAVCMenuElementUI@2@VSTRINGorID@2@PBDUtagPOINT@@@Z 00405040 f   UIMenu.obj
 0001:00004220       ?GetWindowClassName@CMenuWnd@DuiLib@@UBEPBDXZ 00405220 f   UIMenu.obj
 0001:00004240       ?OnFinalMessage@CMenuWnd@DuiLib@@UAEXPAUHWND__@@@Z 00405240 f   UIMenu.obj
 0001:000044f0       ?HandleMessage@CMenuWnd@DuiLib@@UAEJIIJ@Z 004054f0 f   UIMenu.obj
 0001:00005790       ??0CMenuElementUI@DuiLib@@QAE@XZ 00406790 f   UIMenu.obj
 0001:00005860       ??1CMenuElementUI@DuiLib@@UAE@XZ 00406860 f   UIMenu.obj
 0001:000058c0       ?GetClass@CMenuElementUI@DuiLib@@UBEPBDXZ 004068c0 f   UIMenu.obj
 0001:000058e0       ?GetInterface@CMenuElementUI@DuiLib@@UAEPAXPBD@Z 004068e0 f   UIMenu.obj
 0001:00005940       ?DoPaint@CMenuElementUI@DuiLib@@UAEXPAUHDC__@@ABUtagRECT@@@Z 00406940 f   UIMenu.obj
 0001:00005ac0       ?DrawItemText@CMenuElementUI@DuiLib@@UAEXPAUHDC__@@ABUtagRECT@@@Z 00406ac0 f   UIMenu.obj
 0001:00005d30       ?EstimateSize@CMenuElementUI@DuiLib@@UAE?AUtagSIZE@@U3@@Z 00406d30 f   UIMenu.obj
 0001:00006100       ?DoEvent@CMenuElementUI@DuiLib@@UAEXAAUtagTEventUI@2@@Z 00407100 f   UIMenu.obj
 0001:000065d0       ?Activate@CMenuElementUI@DuiLib@@UAE_NXZ 004075d0 f   UIMenu.obj
 0001:00006810       ?GetMenuWnd@CMenuElementUI@DuiLib@@QAEPAVCMenuWnd@2@XZ 00407810 f   UIMenu.obj
 0001:00006830       ?CreateMenuWnd@CMenuElementUI@DuiLib@@QAEXXZ 00407830 f   UIMenu.obj
 0001:00007690       ??_ECMenuUI@DuiLib@@UAEPAXI@Z 00408690 f i UIMenu.obj
 0001:00007690       ??_GCMenuUI@DuiLib@@UAEPAXI@Z 00408690 f i UIMenu.obj
 0001:000076e0       ??0STRINGorID@DuiLib@@QAE@PBD@Z 004086e0 f i UIMenu.obj
 0001:00007710       ??0CMenuBuilderCallback@DuiLib@@QAE@XZ 00408710 f i UIMenu.obj
 0001:00007750       ?CreateControl@CMenuBuilderCallback@DuiLib@@EAEPAVCControlUI@2@PBD@Z 00408750 f i UIMenu.obj
 0001:000078b0       ??0IDialogBuilderCallback@DuiLib@@QAE@XZ 004088b0 f i UIMenu.obj
 0001:000078e0       ??_GCMenuElementUI@DuiLib@@UAEPAXI@Z 004088e0 f i UIMenu.obj
 0001:000078e0       ??_ECMenuElementUI@DuiLib@@UAEPAXI@Z 004088e0 f i UIMenu.obj
 0001:00007930       ?AddReceiver@?$ObserverImpl@HUContextMenuParam@DuiLib@@@@UAEXPAV?$ReceiverImplBase@HUContextMenuParam@DuiLib@@@@@Z 00408930 f i UIMenu.obj
 0001:000079a0       ?RBroadcast@?$ObserverImpl@HUContextMenuParam@DuiLib@@@@UAEHUContextMenuParam@DuiLib@@@Z 004089a0 f i UIMenu.obj
 0001:00007b20       ??0?$ReceiverImpl@HUContextMenuParam@DuiLib@@@@QAE@XZ 00408b20 f i UIMenu.obj
 0001:00007b70       ??1?$ReceiverImpl@HUContextMenuParam@DuiLib@@@@UAE@XZ 00408b70 f i UIMenu.obj
 0001:00007bb0       ?AddObserver@?$ReceiverImpl@HUContextMenuParam@DuiLib@@@@UAEXPAV?$ObserverImplBase@HUContextMenuParam@DuiLib@@@@@Z 00408bb0 f i UIMenu.obj
 0001:00007bf0       ?RemoveObserver@?$ReceiverImpl@HUContextMenuParam@DuiLib@@@@UAEXXZ 00408bf0 f i UIMenu.obj
 0001:00007d50       ?Receive@?$ReceiverImpl@HUContextMenuParam@DuiLib@@@@UAEHUContextMenuParam@DuiLib@@@Z 00408d50 f i UIMenu.obj
 0001:00007d70       ?Respond@?$ReceiverImpl@HUContextMenuParam@DuiLib@@@@UAEHUContextMenuParam@DuiLib@@PAV?$ObserverImplBase@HUContextMenuParam@DuiLib@@@@@Z 00408d70 f i UIMenu.obj
 0001:00007d90       ??0?$Iterator@HUContextMenuParam@DuiLib@@@?$ObserverImpl@HUContextMenuParam@DuiLib@@@@QAE@AAV1@@Z 00408d90 f i UIMenu.obj
 0001:00007dd0       ?next@?$Iterator@HUContextMenuParam@DuiLib@@@?$ObserverImpl@HUContextMenuParam@DuiLib@@@@QAEPAV?$ReceiverImplBase@HUContextMenuParam@DuiLib@@@@XZ 00408dd0 f i UIMenu.obj
 0001:00007e90       ??1?$reverse_iterator@V?$_Vector_iterator@V?$_Vector_val@PAV?$ReceiverImplBase@HUContextMenuParam@DuiLib@@@@V?$allocator@PAV?$ReceiverImplBase@HUContextMenuParam@DuiLib@@@@@std@@@std@@@std@@@std@@QAE@XZ 00408e90 f i UIMenu.obj
 0001:00007ec0       ??_E?$ReceiverImpl@HUContextMenuParam@DuiLib@@@@UAEPAXI@Z 00408ec0 f i UIMenu.obj
 0001:00007ec0       ??_G?$ReceiverImpl@HUContextMenuParam@DuiLib@@@@UAEPAXI@Z 00408ec0 f i UIMenu.obj
 0001:00007f10       ??0?$ReceiverImplBase@HUContextMenuParam@DuiLib@@@@QAE@XZ 00408f10 f i UIMenu.obj
 0001:00007f40       ??1?$_Vector_iterator@V?$_Vector_val@PAV?$ObserverImplBase@HUContextMenuParam@DuiLib@@@@V?$allocator@PAV?$ObserverImplBase@HUContextMenuParam@DuiLib@@@@@std@@@std@@@std@@QAE@XZ 00408f40 f i UIMenu.obj
 0001:00007f70       ??1?$_Revranit@V?$_Vector_iterator@V?$_Vector_val@PAV?$ReceiverImplBase@HUContextMenuParam@DuiLib@@@@V?$allocator@PAV?$ReceiverImplBase@HUContextMenuParam@DuiLib@@@@@std@@@std@@@std@@U?$iterator@Urandom_access_iterator_tag@std@@PAV?$ReceiverImplBase@HUContextMenuParam@DuiLib@@@@HPAPAV3@AAPAV3@@2@@std@@QAE@XZ 00408f70 f i UIMenu.obj
 0001:00007fa0       ??1?$_Vector_iterator@V?$_Vector_val@PAV?$ReceiverImplBase@HUContextMenuParam@DuiLib@@@@V?$allocator@PAV?$ReceiverImplBase@HUContextMenuParam@DuiLib@@@@@std@@@std@@@std@@QAE@XZ 00408fa0 f i UIMenu.obj
 0001:00007fd0       ??1?$_Vector_const_iterator@V?$_Vector_val@PAV?$ReceiverImplBase@HUContextMenuParam@DuiLib@@@@V?$allocator@PAV?$ReceiverImplBase@HUContextMenuParam@DuiLib@@@@@std@@@std@@@std@@QAE@XZ 00408fd0 f i UIMenu.obj
 0001:00008000       ??1?$_Iterator012@Urandom_access_iterator_tag@std@@PAV?$ReceiverImplBase@HUContextMenuParam@DuiLib@@@@HPBQAV3@ABQAV3@U_Iterator_base12@2@@std@@QAE@XZ 00409000 f i UIMenu.obj
 0001:00008030       ??1_Iterator_base12@std@@QAE@XZ 00409030 f i UIMenu.obj
 0001:00008100       ?_Orphan_me@_Iterator_base12@std@@QAEXXZ 00409100 f i UIMenu.obj
 0001:000081b0       ??1?$_Vector_const_iterator@V?$_Vector_val@PAV?$ObserverImplBase@HUContextMenuParam@DuiLib@@@@V?$allocator@PAV?$ObserverImplBase@HUContextMenuParam@DuiLib@@@@@std@@@std@@@std@@QAE@XZ 004091b0 f i UIMenu.obj
 0001:000081e0       ??1?$_Iterator012@Urandom_access_iterator_tag@std@@PAV?$ObserverImplBase@HUContextMenuParam@DuiLib@@@@HPBQAV3@ABQAV3@U_Iterator_base12@2@@std@@QAE@XZ 004091e0 f i UIMenu.obj
 0001:00008210       ?rbegin@?$vector@PAV?$ReceiverImplBase@HUContextMenuParam@DuiLib@@@@V?$allocator@PAV?$ReceiverImplBase@HUContextMenuParam@DuiLib@@@@@std@@@std@@QAE?AV?$reverse_iterator@V?$_Vector_iterator@V?$_Vector_val@PAV?$ReceiverImplBase@HUContextMenuParam@DuiLib@@@@V?$allocator@PAV?$ReceiverImplBase@HUContextMenuParam@DuiLib@@@@@std@@@std@@@std@@@2@XZ 00409210 f i UIMenu.obj
 0001:00008300       ?end@?$vector@PAV?$ReceiverImplBase@HUContextMenuParam@DuiLib@@@@V?$allocator@PAV?$ReceiverImplBase@HUContextMenuParam@DuiLib@@@@@std@@@std@@QAE?AV?$_Vector_iterator@V?$_Vector_val@PAV?$ReceiverImplBase@HUContextMenuParam@DuiLib@@@@V?$allocator@PAV?$ReceiverImplBase@HUContextMenuParam@DuiLib@@@@@std@@@std@@@2@XZ 00409300 f i UIMenu.obj
 0001:00008360       ?rend@?$vector@PAV?$ReceiverImplBase@HUContextMenuParam@DuiLib@@@@V?$allocator@PAV?$ReceiverImplBase@HUContextMenuParam@DuiLib@@@@@std@@@std@@QAE?AV?$reverse_iterator@V?$_Vector_iterator@V?$_Vector_val@PAV?$ReceiverImplBase@HUContextMenuParam@DuiLib@@@@V?$allocator@PAV?$ReceiverImplBase@HUContextMenuParam@DuiLib@@@@@std@@@std@@@std@@@2@XZ 00409360 f i UIMenu.obj
 0001:00008450       ?begin@?$vector@PAV?$ReceiverImplBase@HUContextMenuParam@DuiLib@@@@V?$allocator@PAV?$ReceiverImplBase@HUContextMenuParam@DuiLib@@@@@std@@@std@@QAE?AV?$_Vector_iterator@V?$_Vector_val@PAV?$ReceiverImplBase@HUContextMenuParam@DuiLib@@@@V?$allocator@PAV?$ReceiverImplBase@HUContextMenuParam@DuiLib@@@@@std@@@std@@@2@XZ 00409450 f i UIMenu.obj
 0001:000084b0       ?size@?$vector@PAV?$ReceiverImplBase@HUContextMenuParam@DuiLib@@@@V?$allocator@PAV?$ReceiverImplBase@HUContextMenuParam@DuiLib@@@@@std@@@std@@QBEIXZ 004094b0 f i UIMenu.obj
 0001:000084e0       ??A?$vector@PAV?$ReceiverImplBase@HUContextMenuParam@DuiLib@@@@V?$allocator@PAV?$ReceiverImplBase@HUContextMenuParam@DuiLib@@@@@std@@@std@@QAEAAPAV?$ReceiverImplBase@HUContextMenuParam@DuiLib@@@@I@Z 004094e0 f i UIMenu.obj
 0001:000085a0       ?push_back@?$vector@PAV?$ReceiverImplBase@HUContextMenuParam@DuiLib@@@@V?$allocator@PAV?$ReceiverImplBase@HUContextMenuParam@DuiLib@@@@@std@@@std@@QAEXABQAV?$ReceiverImplBase@HUContextMenuParam@DuiLib@@@@@Z 004095a0 f i UIMenu.obj
 0001:00008700       ??0?$vector@PAV?$ObserverImplBase@HUContextMenuParam@DuiLib@@@@V?$allocator@PAV?$ObserverImplBase@HUContextMenuParam@DuiLib@@@@@std@@@std@@QAE@XZ 00409700 f i UIMenu.obj
 0001:00008750       ??1?$vector@PAV?$ObserverImplBase@HUContextMenuParam@DuiLib@@@@V?$allocator@PAV?$ObserverImplBase@HUContextMenuParam@DuiLib@@@@@std@@@std@@QAE@XZ 00409750 f i UIMenu.obj
 0001:000087d0       ?begin@?$vector@PAV?$ObserverImplBase@HUContextMenuParam@DuiLib@@@@V?$allocator@PAV?$ObserverImplBase@HUContextMenuParam@DuiLib@@@@@std@@@std@@QAE?AV?$_Vector_iterator@V?$_Vector_val@PAV?$ObserverImplBase@HUContextMenuParam@DuiLib@@@@V?$allocator@PAV?$ObserverImplBase@HUContextMenuParam@DuiLib@@@@@std@@@std@@@2@XZ 004097d0 f i UIMenu.obj
 0001:00008830       ?end@?$vector@PAV?$ObserverImplBase@HUContextMenuParam@DuiLib@@@@V?$allocator@PAV?$ObserverImplBase@HUContextMenuParam@DuiLib@@@@@std@@@std@@QAE?AV?$_Vector_iterator@V?$_Vector_val@PAV?$ObserverImplBase@HUContextMenuParam@DuiLib@@@@V?$allocator@PAV?$ObserverImplBase@HUContextMenuParam@DuiLib@@@@@std@@@std@@@2@XZ 00409830 f i UIMenu.obj
 0001:00008890       ?push_back@?$vector@PAV?$ObserverImplBase@HUContextMenuParam@DuiLib@@@@V?$allocator@PAV?$ObserverImplBase@HUContextMenuParam@DuiLib@@@@@std@@@std@@QAEXABQAV?$ObserverImplBase@HUContextMenuParam@DuiLib@@@@@Z 00409890 f i UIMenu.obj
 0001:000089f0       ??E?$reverse_iterator@V?$_Vector_iterator@V?$_Vector_val@PAV?$ReceiverImplBase@HUContextMenuParam@DuiLib@@@@V?$allocator@PAV?$ReceiverImplBase@HUContextMenuParam@DuiLib@@@@@std@@@std@@@std@@@std@@QAEAAV01@XZ 004099f0 f i UIMenu.obj
 0001:00008a20       ??D?$_Revranit@V?$_Vector_iterator@V?$_Vector_val@PAV?$ReceiverImplBase@HUContextMenuParam@DuiLib@@@@V?$allocator@PAV?$ReceiverImplBase@HUContextMenuParam@DuiLib@@@@@std@@@std@@@std@@U?$iterator@Urandom_access_iterator_tag@std@@PAV?$ReceiverImplBase@HUContextMenuParam@DuiLib@@@@HPAPAV3@AAPAV3@@2@@std@@QBEAAPAV?$ReceiverImplBase@HUContextMenuParam@DuiLib@@@@XZ 00409a20 f i UIMenu.obj
 0001:00008b10       ??D?$_Vector_iterator@V?$_Vector_val@PAV?$ReceiverImplBase@HUContextMenuParam@DuiLib@@@@V?$allocator@PAV?$ReceiverImplBase@HUContextMenuParam@DuiLib@@@@@std@@@std@@@std@@QBEAAPAV?$ReceiverImplBase@HUContextMenuParam@DuiLib@@@@XZ 00409b10 f i UIMenu.obj
 0001:00008b40       ??D?$_Vector_iterator@V?$_Vector_val@PAV?$ObserverImplBase@HUContextMenuParam@DuiLib@@@@V?$allocator@PAV?$ObserverImplBase@HUContextMenuParam@DuiLib@@@@@std@@@std@@@std@@QBEAAPAV?$ObserverImplBase@HUContextMenuParam@DuiLib@@@@XZ 00409b40 f i UIMenu.obj
 0001:00008b70       ??E?$_Vector_iterator@V?$_Vector_val@PAV?$ObserverImplBase@HUContextMenuParam@DuiLib@@@@V?$allocator@PAV?$ObserverImplBase@HUContextMenuParam@DuiLib@@@@@std@@@std@@@std@@QAEAAV01@XZ 00409b70 f i UIMenu.obj
 0001:00008ba0       ??9?$_Vector_const_iterator@V?$_Vector_val@PAV?$ObserverImplBase@HUContextMenuParam@DuiLib@@@@V?$allocator@PAV?$ObserverImplBase@HUContextMenuParam@DuiLib@@@@@std@@@std@@@std@@QBE_NABV01@@Z 00409ba0 f i UIMenu.obj
 0001:00008bf0       ??0?$reverse_iterator@V?$_Vector_iterator@V?$_Vector_val@PAV?$ReceiverImplBase@HUContextMenuParam@DuiLib@@@@V?$allocator@PAV?$ReceiverImplBase@HUContextMenuParam@DuiLib@@@@@std@@@std@@@std@@@std@@QAE@ABV01@@Z 00409bf0 f i UIMenu.obj
 0001:00008c30       ??0?$_Vector_iterator@V?$_Vector_val@PAV?$ReceiverImplBase@HUContextMenuParam@DuiLib@@@@V?$allocator@PAV?$ReceiverImplBase@HUContextMenuParam@DuiLib@@@@@std@@@std@@@std@@QAE@ABV01@@Z 00409c30 f i UIMenu.obj
 0001:00008c70       ??0?$_Vector_const_iterator@V?$_Vector_val@PAV?$ReceiverImplBase@HUContextMenuParam@DuiLib@@@@V?$allocator@PAV?$ReceiverImplBase@HUContextMenuParam@DuiLib@@@@@std@@@std@@@std@@QAE@ABV01@@Z 00409c70 f i UIMenu.obj
 0001:00008cc0       ??0?$_Iterator012@Urandom_access_iterator_tag@std@@PAV?$ReceiverImplBase@HUContextMenuParam@DuiLib@@@@HPBQAV3@ABQAV3@U_Iterator_base12@2@@std@@QAE@ABU01@@Z 00409cc0 f i UIMenu.obj
 0001:00008d00       ??0_Iterator_base12@std@@QAE@ABU01@@Z 00409d00 f i UIMenu.obj
 0001:00008d50       ??4_Iterator_base12@std@@QAEAAU01@ABU01@@Z 00409d50 f i UIMenu.obj
 0001:00008da0       ?_Adopt@_Iterator_base12@std@@QAEXPBU_Container_base12@2@@Z 00409da0 f i UIMenu.obj
 0001:00008ec0       ??0?$_Revranit@V?$_Vector_iterator@V?$_Vector_val@PAV?$ReceiverImplBase@HUContextMenuParam@DuiLib@@@@V?$allocator@PAV?$ReceiverImplBase@HUContextMenuParam@DuiLib@@@@@std@@@std@@@std@@U?$iterator@Urandom_access_iterator_tag@std@@PAV?$ReceiverImplBase@HUContextMenuParam@DuiLib@@@@HPAPAV3@AAPAV3@@2@@std@@QAE@ABV01@@Z 00409ec0 f i UIMenu.obj
 0001:00008f00       ?_Inside@?$vector@PAV?$ReceiverImplBase@HUContextMenuParam@DuiLib@@@@V?$allocator@PAV?$ReceiverImplBase@HUContextMenuParam@DuiLib@@@@@std@@@std@@IBE_NPBQAV?$ReceiverImplBase@HUContextMenuParam@DuiLib@@@@@Z 00409f00 f i UIMenu.obj
 0001:00008f60       ?_Reserve@?$vector@PAV?$ReceiverImplBase@HUContextMenuParam@DuiLib@@@@V?$allocator@PAV?$ReceiverImplBase@HUContextMenuParam@DuiLib@@@@@std@@@std@@IAEXI@Z 00409f60 f i UIMenu.obj
 0001:00009000       ?_Orphan_range@?$vector@PAV?$ReceiverImplBase@HUContextMenuParam@DuiLib@@@@V?$allocator@PAV?$ReceiverImplBase@HUContextMenuParam@DuiLib@@@@@std@@@std@@IBEXPAPAV?$ReceiverImplBase@HUContextMenuParam@DuiLib@@@@0@Z 0040a000 f i UIMenu.obj
 0001:00009150       ?_Getpfirst@_Container_base12@std@@QBEPAPAU_Iterator_base12@2@XZ 0040a150 f i UIMenu.obj
 0001:000091a0       ?_Clrcont@_Iterator_base12@std@@QAEXXZ 0040a1a0 f i UIMenu.obj
 0001:000091d0       ?_Getpnext@_Iterator_base12@std@@QAEPAPAU12@XZ 0040a1d0 f i UIMenu.obj
 0001:000091f0       ?_Inside@?$vector@PAV?$ObserverImplBase@HUContextMenuParam@DuiLib@@@@V?$allocator@PAV?$ObserverImplBase@HUContextMenuParam@DuiLib@@@@@std@@@std@@IBE_NPBQAV?$ObserverImplBase@HUContextMenuParam@DuiLib@@@@@Z 0040a1f0 f i UIMenu.obj
 0001:00009250       ?_Reserve@?$vector@PAV?$ObserverImplBase@HUContextMenuParam@DuiLib@@@@V?$allocator@PAV?$ObserverImplBase@HUContextMenuParam@DuiLib@@@@@std@@@std@@IAEXI@Z 0040a250 f i UIMenu.obj
 0001:000092f0       ?_Tidy@?$vector@PAV?$ObserverImplBase@HUContextMenuParam@DuiLib@@@@V?$allocator@PAV?$ObserverImplBase@HUContextMenuParam@DuiLib@@@@@std@@@std@@IAEXXZ 0040a2f0 f i UIMenu.obj
 0001:000093a0       ?_Orphan_range@?$vector@PAV?$ObserverImplBase@HUContextMenuParam@DuiLib@@@@V?$allocator@PAV?$ObserverImplBase@HUContextMenuParam@DuiLib@@@@@std@@@std@@IBEXPAPAV?$ObserverImplBase@HUContextMenuParam@DuiLib@@@@0@Z 0040a3a0 f i UIMenu.obj
 0001:000094f0       ??0?$_Vector_val@PAV?$ObserverImplBase@HUContextMenuParam@DuiLib@@@@V?$allocator@PAV?$ObserverImplBase@HUContextMenuParam@DuiLib@@@@@std@@@std@@QAE@V?$allocator@PAV?$ObserverImplBase@HUContextMenuParam@DuiLib@@@@@1@@Z 0040a4f0 f i UIMenu.obj
 0001:00009650       ??1?$_Vector_val@PAV?$ObserverImplBase@HUContextMenuParam@DuiLib@@@@V?$allocator@PAV?$ObserverImplBase@HUContextMenuParam@DuiLib@@@@@std@@@std@@QAE@XZ 0040a650 f i UIMenu.obj
 0001:00009760       ??0?$allocator@PAV?$ObserverImplBase@HUContextMenuParam@DuiLib@@@@@std@@QAE@XZ 0040a760 f i UIMenu.obj
 0001:00009780       ??0?$_Vector_iterator@V?$_Vector_val@PAV?$ReceiverImplBase@HUContextMenuParam@DuiLib@@@@V?$allocator@PAV?$ReceiverImplBase@HUContextMenuParam@DuiLib@@@@@std@@@std@@@std@@QAE@PAPAV?$ReceiverImplBase@HUContextMenuParam@DuiLib@@@@PBU_Container_base12@1@@Z 0040a780 f i UIMenu.obj
 0001:000097c0       ??F?$_Vector_iterator@V?$_Vector_val@PAV?$ReceiverImplBase@HUContextMenuParam@DuiLib@@@@V?$allocator@PAV?$ReceiverImplBase@HUContextMenuParam@DuiLib@@@@@std@@@std@@@std@@QAEAAV01@XZ 0040a7c0 f i UIMenu.obj
 0001:000097f0       ??D?$_Vector_const_iterator@V?$_Vector_val@PAV?$ReceiverImplBase@HUContextMenuParam@DuiLib@@@@V?$allocator@PAV?$ReceiverImplBase@HUContextMenuParam@DuiLib@@@@@std@@@std@@@std@@QBEABQAV?$ReceiverImplBase@HUContextMenuParam@DuiLib@@@@XZ 0040a7f0 f i UIMenu.obj
 0001:000098e0       ?_Getcont@_Iterator_base12@std@@QBEPBU_Container_base12@2@XZ 0040a8e0 f i UIMenu.obj
 0001:00009930       ??0?$reverse_iterator@V?$_Vector_iterator@V?$_Vector_val@PAV?$ReceiverImplBase@HUContextMenuParam@DuiLib@@@@V?$allocator@PAV?$ReceiverImplBase@HUContextMenuParam@DuiLib@@@@@std@@@std@@@std@@@std@@QAE@V?$_Vector_iterator@V?$_Vector_val@PAV?$ReceiverImplBase@HUContextMenuParam@DuiLib@@@@V?$allocator@PAV?$ReceiverImplBase@HUContextMenuParam@DuiLib@@@@@std@@@std@@@1@@Z 0040a930 f i UIMenu.obj
 0001:000099e0       ??E?$_Revranit@V?$_Vector_iterator@V?$_Vector_val@PAV?$ReceiverImplBase@HUContextMenuParam@DuiLib@@@@V?$allocator@PAV?$ReceiverImplBase@HUContextMenuParam@DuiLib@@@@@std@@@std@@@std@@U?$iterator@Urandom_access_iterator_tag@std@@PAV?$ReceiverImplBase@HUContextMenuParam@DuiLib@@@@HPAPAV3@AAPAV3@@2@@std@@QAEAAV01@XZ 0040a9e0 f i UIMenu.obj
 0001:00009a10       ??0?$_Vector_iterator@V?$_Vector_val@PAV?$ObserverImplBase@HUContextMenuParam@DuiLib@@@@V?$allocator@PAV?$ObserverImplBase@HUContextMenuParam@DuiLib@@@@@std@@@std@@@std@@QAE@PAPAV?$ObserverImplBase@HUContextMenuParam@DuiLib@@@@PBU_Container_base12@1@@Z 0040aa10 f i UIMenu.obj
 0001:00009a50       ??D?$_Vector_const_iterator@V?$_Vector_val@PAV?$ObserverImplBase@HUContextMenuParam@DuiLib@@@@V?$allocator@PAV?$ObserverImplBase@HUContextMenuParam@DuiLib@@@@@std@@@std@@@std@@QBEABQAV?$ObserverImplBase@HUContextMenuParam@DuiLib@@@@XZ 0040aa50 f i UIMenu.obj
 0001:00009b40       ??E?$_Vector_const_iterator@V?$_Vector_val@PAV?$ObserverImplBase@HUContextMenuParam@DuiLib@@@@V?$allocator@PAV?$ObserverImplBase@HUContextMenuParam@DuiLib@@@@@std@@@std@@@std@@QAEAAV01@XZ 0040ab40 f i UIMenu.obj
 0001:00009c20       ??8?$_Vector_const_iterator@V?$_Vector_val@PAV?$ObserverImplBase@HUContextMenuParam@DuiLib@@@@V?$allocator@PAV?$ObserverImplBase@HUContextMenuParam@DuiLib@@@@@std@@@std@@@std@@QBE_NABV01@@Z 0040ac20 f i UIMenu.obj
 0001:00009c70       ?reserve@?$vector@PAV?$ReceiverImplBase@HUContextMenuParam@DuiLib@@@@V?$allocator@PAV?$ReceiverImplBase@HUContextMenuParam@DuiLib@@@@@std@@@std@@QAEXI@Z 0040ac70 f i UIMenu.obj
 0001:00009e40       ?_Destroy@?$vector@PAV?$ReceiverImplBase@HUContextMenuParam@DuiLib@@@@V?$allocator@PAV?$ReceiverImplBase@HUContextMenuParam@DuiLib@@@@@std@@@std@@IAEXPAPAV?$ReceiverImplBase@HUContextMenuParam@DuiLib@@@@0@Z 0040ae40 f i UIMenu.obj
 0001:00009e90       ?capacity@?$vector@PAV?$ReceiverImplBase@HUContextMenuParam@DuiLib@@@@V?$allocator@PAV?$ReceiverImplBase@HUContextMenuParam@DuiLib@@@@@std@@@std@@QBEIXZ 0040ae90 f i UIMenu.obj
 0001:00009ec0       ?max_size@?$vector@PAV?$ReceiverImplBase@HUContextMenuParam@DuiLib@@@@V?$allocator@PAV?$ReceiverImplBase@HUContextMenuParam@DuiLib@@@@@std@@@std@@QBEIXZ 0040aec0 f i UIMenu.obj
 0001:00009ef0       ?_Grow_to@?$vector@PAV?$ReceiverImplBase@HUContextMenuParam@DuiLib@@@@V?$allocator@PAV?$ReceiverImplBase@HUContextMenuParam@DuiLib@@@@@std@@@std@@IBEII@Z 0040aef0 f i UIMenu.obj
 0001:00009f90       ?_Xlen@?$vector@PAV?$ReceiverImplBase@HUContextMenuParam@DuiLib@@@@V?$allocator@PAV?$ReceiverImplBase@HUContextMenuParam@DuiLib@@@@@std@@@std@@IBEXXZ 0040af90 f i UIMenu.obj
 0001:00009fc0       ?deallocate@?$allocator@PAV?$ReceiverImplBase@HUContextMenuParam@DuiLib@@@@@std@@QAEXPAPAV?$ReceiverImplBase@HUContextMenuParam@DuiLib@@@@I@Z 0040afc0 f i UIMenu.obj
 0001:0000a000       ?reserve@?$vector@PAV?$ObserverImplBase@HUContextMenuParam@DuiLib@@@@V?$allocator@PAV?$ObserverImplBase@HUContextMenuParam@DuiLib@@@@@std@@@std@@QAEXI@Z 0040b000 f i UIMenu.obj
 0001:0000a1d0       ?capacity@?$vector@PAV?$ObserverImplBase@HUContextMenuParam@DuiLib@@@@V?$allocator@PAV?$ObserverImplBase@HUContextMenuParam@DuiLib@@@@@std@@@std@@QBEIXZ 0040b1d0 f i UIMenu.obj
 0001:0000a200       ?size@?$vector@PAV?$ObserverImplBase@HUContextMenuParam@DuiLib@@@@V?$allocator@PAV?$ObserverImplBase@HUContextMenuParam@DuiLib@@@@@std@@@std@@QBEIXZ 0040b200 f i UIMenu.obj
 0001:0000a230       ?max_size@?$vector@PAV?$ObserverImplBase@HUContextMenuParam@DuiLib@@@@V?$allocator@PAV?$ObserverImplBase@HUContextMenuParam@DuiLib@@@@@std@@@std@@QBEIXZ 0040b230 f i UIMenu.obj
 0001:0000a260       ?_Destroy@?$vector@PAV?$ObserverImplBase@HUContextMenuParam@DuiLib@@@@V?$allocator@PAV?$ObserverImplBase@HUContextMenuParam@DuiLib@@@@@std@@@std@@IAEXPAPAV?$ObserverImplBase@HUContextMenuParam@DuiLib@@@@0@Z 0040b260 f i UIMenu.obj
 0001:0000a2b0       ?_Grow_to@?$vector@PAV?$ObserverImplBase@HUContextMenuParam@DuiLib@@@@V?$allocator@PAV?$ObserverImplBase@HUContextMenuParam@DuiLib@@@@@std@@@std@@IBEII@Z 0040b2b0 f i UIMenu.obj
 0001:0000a350       ?_Xlen@?$vector@PAV?$ObserverImplBase@HUContextMenuParam@DuiLib@@@@V?$allocator@PAV?$ObserverImplBase@HUContextMenuParam@DuiLib@@@@@std@@@std@@IBEXXZ 0040b350 f i UIMenu.obj
 0001:0000a380       ??0?$allocator@PAV?$ObserverImplBase@HUContextMenuParam@DuiLib@@@@@std@@QAE@ABV01@@Z 0040b380 f i UIMenu.obj
 0001:0000a3a0       ?deallocate@?$allocator@PAV?$ObserverImplBase@HUContextMenuParam@DuiLib@@@@@std@@QAEXPAPAV?$ObserverImplBase@HUContextMenuParam@DuiLib@@@@I@Z 0040b3a0 f i UIMenu.obj
 0001:0000a3e0       ??0?$_Vector_const_iterator@V?$_Vector_val@PAV?$ReceiverImplBase@HUContextMenuParam@DuiLib@@@@V?$allocator@PAV?$ReceiverImplBase@HUContextMenuParam@DuiLib@@@@@std@@@std@@@std@@QAE@PAPAV?$ReceiverImplBase@HUContextMenuParam@DuiLib@@@@PBU_Container_base12@1@@Z 0040b3e0 f i UIMenu.obj
 0001:0000a480       ??F?$_Vector_const_iterator@V?$_Vector_val@PAV?$ReceiverImplBase@HUContextMenuParam@DuiLib@@@@V?$allocator@PAV?$ReceiverImplBase@HUContextMenuParam@DuiLib@@@@@std@@@std@@@std@@QAEAAV01@XZ 0040b480 f i UIMenu.obj
 0001:0000a570       ??0?$_Revranit@V?$_Vector_iterator@V?$_Vector_val@PAV?$ReceiverImplBase@HUContextMenuParam@DuiLib@@@@V?$allocator@PAV?$ReceiverImplBase@HUContextMenuParam@DuiLib@@@@@std@@@std@@@std@@U?$iterator@Urandom_access_iterator_tag@std@@PAV?$ReceiverImplBase@HUContextMenuParam@DuiLib@@@@HPAPAV3@AAPAV3@@2@@std@@QAE@V?$_Vector_iterator@V?$_Vector_val@PAV?$ReceiverImplBase@HUContextMenuParam@DuiLib@@@@V?$allocator@PAV?$ReceiverImplBase@HUContextMenuParam@DuiLib@@@@@std@@@std@@@1@@Z 0040b570 f i UIMenu.obj
 0001:0000a600       ??0?$_Vector_const_iterator@V?$_Vector_val@PAV?$ObserverImplBase@HUContextMenuParam@DuiLib@@@@V?$allocator@PAV?$ObserverImplBase@HUContextMenuParam@DuiLib@@@@@std@@@std@@@std@@QAE@PAPAV?$ObserverImplBase@HUContextMenuParam@DuiLib@@@@PBU_Container_base12@1@@Z 0040b600 f i UIMenu.obj
 0001:0000a6a0       ?_Compat@?$_Vector_const_iterator@V?$_Vector_val@PAV?$ObserverImplBase@HUContextMenuParam@DuiLib@@@@V?$allocator@PAV?$ObserverImplBase@HUContextMenuParam@DuiLib@@@@@std@@@std@@@std@@QBEXABV12@@Z 0040b6a0 f i UIMenu.obj
 0001:0000a770       ??0?$_Iterator012@Urandom_access_iterator_tag@std@@PAV?$ReceiverImplBase@HUContextMenuParam@DuiLib@@@@HPBQAV3@ABQAV3@U_Iterator_base12@2@@std@@QAE@XZ 0040b770 f i UIMenu.obj
 0001:0000a7a0       ??0_Iterator_base12@std@@QAE@XZ 0040b7a0 f i UIMenu.obj
 0001:0000a7e0       ??0?$_Iterator012@Urandom_access_iterator_tag@std@@PAV?$ObserverImplBase@HUContextMenuParam@DuiLib@@@@HPBQAV3@ABQAV3@U_Iterator_base12@2@@std@@QAE@XZ 0040b7e0 f i UIMenu.obj
 0001:0000a810       ?allocate@?$allocator@PAV?$ReceiverImplBase@HUContextMenuParam@DuiLib@@@@@std@@QAEPAPAV?$ReceiverImplBase@HUContextMenuParam@DuiLib@@@@I@Z 0040b810 f i UIMenu.obj
 0001:0000a850       ?max_size@?$allocator@PAV?$ReceiverImplBase@HUContextMenuParam@DuiLib@@@@@std@@QBEIXZ 0040b850 f i UIMenu.obj
 0001:0000a8b0       ?allocate@?$allocator@PAV?$ObserverImplBase@HUContextMenuParam@DuiLib@@@@@std@@QAEPAPAV?$ObserverImplBase@HUContextMenuParam@DuiLib@@@@I@Z 0040b8b0 f i UIMenu.obj
 0001:0000a8f0       ?max_size@?$allocator@PAV?$ObserverImplBase@HUContextMenuParam@DuiLib@@@@@std@@QBEIXZ 0040b8f0 f i UIMenu.obj
 0001:0000a950       ??$?9V?$_Vector_iterator@V?$_Vector_val@PAV?$ReceiverImplBase@HUContextMenuParam@DuiLib@@@@V?$allocator@PAV?$ReceiverImplBase@HUContextMenuParam@DuiLib@@@@@std@@@std@@@std@@V01@@std@@YA_NABV?$reverse_iterator@V?$_Vector_iterator@V?$_Vector_val@PAV?$ReceiverImplBase@HUContextMenuParam@DuiLib@@@@V?$allocator@PAV?$ReceiverImplBase@HUContextMenuParam@DuiLib@@@@@std@@@std@@@std@@@0@0@Z 0040b950 f i UIMenu.obj
 0001:0000a980       ??$addressof@QAV?$ReceiverImplBase@HUContextMenuParam@DuiLib@@@@@std@@YAPBQAV?$ReceiverImplBase@HUContextMenuParam@DuiLib@@@@ABQAV1@@Z 0040b980 f i UIMenu.obj
 0001:0000a990       ??$_Cons_val@V?$allocator@PAV?$ReceiverImplBase@HUContextMenuParam@DuiLib@@@@@std@@PAV?$ReceiverImplBase@HUContextMenuParam@DuiLib@@@@AAPAV3@@std@@YAXAAV?$allocator@PAV?$ReceiverImplBase@HUContextMenuParam@DuiLib@@@@@0@PAPAV?$ReceiverImplBase@HUContextMenuParam@DuiLib@@@@AAPAV2@@Z 0040b990 f i UIMenu.obj
 0001:0000a9c0       ??$_Cons_val@V?$allocator@PAV?$ReceiverImplBase@HUContextMenuParam@DuiLib@@@@@std@@PAV?$ReceiverImplBase@HUContextMenuParam@DuiLib@@@@ABQAV3@@std@@YAXAAV?$allocator@PAV?$ReceiverImplBase@HUContextMenuParam@DuiLib@@@@@0@PAPAV?$ReceiverImplBase@HUContextMenuParam@DuiLib@@@@ABQAV2@@Z 0040b9c0 f i UIMenu.obj
 0001:0000a9f0       ??$addressof@QAV?$ObserverImplBase@HUContextMenuParam@DuiLib@@@@@std@@YAPBQAV?$ObserverImplBase@HUContextMenuParam@DuiLib@@@@ABQAV1@@Z 0040b9f0 f i UIMenu.obj
 0001:0000aa00       ??$_Cons_val@V?$allocator@PAV?$ObserverImplBase@HUContextMenuParam@DuiLib@@@@@std@@PAV?$ObserverImplBase@HUContextMenuParam@DuiLib@@@@AAPAV3@@std@@YAXAAV?$allocator@PAV?$ObserverImplBase@HUContextMenuParam@DuiLib@@@@@0@PAPAV?$ObserverImplBase@HUContextMenuParam@DuiLib@@@@AAPAV2@@Z 0040ba00 f i UIMenu.obj
 0001:0000aa30       ??$_Cons_val@V?$allocator@PAV?$ObserverImplBase@HUContextMenuParam@DuiLib@@@@@std@@PAV?$ObserverImplBase@HUContextMenuParam@DuiLib@@@@ABQAV3@@std@@YAXAAV?$allocator@PAV?$ObserverImplBase@HUContextMenuParam@DuiLib@@@@@0@PAPAV?$ObserverImplBase@HUContextMenuParam@DuiLib@@@@ABQAV2@@Z 0040ba30 f i UIMenu.obj
 0001:0000aa60       ??$_Destroy_range@V?$allocator@PAV?$ReceiverImplBase@HUContextMenuParam@DuiLib@@@@@std@@@std@@YAXPAPAV?$ReceiverImplBase@HUContextMenuParam@DuiLib@@@@0AAV?$allocator@PAV?$ReceiverImplBase@HUContextMenuParam@DuiLib@@@@@0@@Z 0040ba60 f i UIMenu.obj
 0001:0000aac0       ??$?0PAV?$ObserverImplBase@HUContextMenuParam@DuiLib@@@@@?$allocator@U_Container_proxy@std@@@std@@QAE@ABV?$allocator@PAV?$ObserverImplBase@HUContextMenuParam@DuiLib@@@@@1@@Z 0040bac0 f i UIMenu.obj
 0001:0000aae0       ??$_Umove@PAPAV?$ReceiverImplBase@HUContextMenuParam@DuiLib@@@@@?$vector@PAV?$ReceiverImplBase@HUContextMenuParam@DuiLib@@@@V?$allocator@PAV?$ReceiverImplBase@HUContextMenuParam@DuiLib@@@@@std@@@std@@IAEPAPAV?$ReceiverImplBase@HUContextMenuParam@DuiLib@@@@PAPAV2@00@Z 0040bae0 f i UIMenu.obj
 0001:0000ab30       ??$_Umove@PAPAV?$ObserverImplBase@HUContextMenuParam@DuiLib@@@@@?$vector@PAV?$ObserverImplBase@HUContextMenuParam@DuiLib@@@@V?$allocator@PAV?$ObserverImplBase@HUContextMenuParam@DuiLib@@@@@std@@@std@@IAEPAPAV?$ObserverImplBase@HUContextMenuParam@DuiLib@@@@PAPAV2@00@Z 0040bb30 f i UIMenu.obj
 0001:0000ab80       ??$_Destroy_range@V?$allocator@PAV?$ObserverImplBase@HUContextMenuParam@DuiLib@@@@@std@@@std@@YAXPAPAV?$ObserverImplBase@HUContextMenuParam@DuiLib@@@@0AAV?$allocator@PAV?$ObserverImplBase@HUContextMenuParam@DuiLib@@@@@0@@Z 0040bb80 f i UIMenu.obj
 0001:0000abe0       ??$_Allocate@PAV?$ReceiverImplBase@HUContextMenuParam@DuiLib@@@@@std@@YAPAPAV?$ReceiverImplBase@HUContextMenuParam@DuiLib@@@@IPAPAV1@@Z 0040bbe0 f i UIMenu.obj
 0001:0000ac80       ??$_Allocate@PAV?$ObserverImplBase@HUContextMenuParam@DuiLib@@@@@std@@YAPAPAV?$ObserverImplBase@HUContextMenuParam@DuiLib@@@@IPAPAV1@@Z 0040bc80 f i UIMenu.obj
 0001:0000ad20       ?construct@?$allocator@PAV?$ReceiverImplBase@HUContextMenuParam@DuiLib@@@@@std@@QAEXPAPAV?$ReceiverImplBase@HUContextMenuParam@DuiLib@@@@ABQAV3@@Z 0040bd20 f i UIMenu.obj
 0001:0000ad60       ?construct@?$allocator@PAV?$ObserverImplBase@HUContextMenuParam@DuiLib@@@@@std@@QAEXPAPAV?$ObserverImplBase@HUContextMenuParam@DuiLib@@@@ABQAV3@@Z 0040bd60 f i UIMenu.obj
 0001:0000ada0       ??$?8V?$_Vector_iterator@V?$_Vector_val@PAV?$ReceiverImplBase@HUContextMenuParam@DuiLib@@@@V?$allocator@PAV?$ReceiverImplBase@HUContextMenuParam@DuiLib@@@@@std@@@std@@@std@@V01@@std@@YA_NABV?$reverse_iterator@V?$_Vector_iterator@V?$_Vector_val@PAV?$ReceiverImplBase@HUContextMenuParam@DuiLib@@@@V?$allocator@PAV?$ReceiverImplBase@HUContextMenuParam@DuiLib@@@@@std@@@std@@@std@@@0@0@Z 0040bda0 f i UIMenu.obj
 0001:0000adc0       ??$forward@AAPAV?$ReceiverImplBase@HUContextMenuParam@DuiLib@@@@@std@@YAAAPAV?$ReceiverImplBase@HUContextMenuParam@DuiLib@@@@AAPAV1@@Z 0040bdc0 f i UIMenu.obj
 0001:0000add0       ??$construct@AAPAV?$ReceiverImplBase@HUContextMenuParam@DuiLib@@@@@?$allocator@PAV?$ReceiverImplBase@HUContextMenuParam@DuiLib@@@@@std@@QAEXPAPAV?$ReceiverImplBase@HUContextMenuParam@DuiLib@@@@AAPAV2@@Z 0040bdd0 f i UIMenu.obj
 0001:0000aea0       ??$forward@ABQAV?$ReceiverImplBase@HUContextMenuParam@DuiLib@@@@@std@@YAABQAV?$ReceiverImplBase@HUContextMenuParam@DuiLib@@@@ABQAV1@@Z 0040bea0 f i UIMenu.obj
 0001:0000aeb0       ??$_Ptr_cat@PAV?$ReceiverImplBase@HUContextMenuParam@DuiLib@@@@PAV1@@std@@YA?AU_Scalar_ptr_iterator_tag@0@PAPAV?$ReceiverImplBase@HUContextMenuParam@DuiLib@@@@0@Z 0040beb0 f i UIMenu.obj
 0001:0000af10       ??$forward@AAPAV?$ObserverImplBase@HUContextMenuParam@DuiLib@@@@@std@@YAAAPAV?$ObserverImplBase@HUContextMenuParam@DuiLib@@@@AAPAV1@@Z 0040bf10 f i UIMenu.obj
 0001:0000af20       ??$construct@AAPAV?$ObserverImplBase@HUContextMenuParam@DuiLib@@@@@?$allocator@PAV?$ObserverImplBase@HUContextMenuParam@DuiLib@@@@@std@@QAEXPAPAV?$ObserverImplBase@HUContextMenuParam@DuiLib@@@@AAPAV2@@Z 0040bf20 f i UIMenu.obj
 0001:0000aff0       ??$forward@ABQAV?$ObserverImplBase@HUContextMenuParam@DuiLib@@@@@std@@YAABQAV?$ObserverImplBase@HUContextMenuParam@DuiLib@@@@ABQAV1@@Z 0040bff0 f i UIMenu.obj
 0001:0000b000       ??$_Destroy_range@V?$allocator@PAV?$ReceiverImplBase@HUContextMenuParam@DuiLib@@@@@std@@@std@@YAXPAPAV?$ReceiverImplBase@HUContextMenuParam@DuiLib@@@@0AAV?$allocator@PAV?$ReceiverImplBase@HUContextMenuParam@DuiLib@@@@@0@U_Scalar_ptr_iterator_tag@0@@Z 0040c000 f i UIMenu.obj
 0001:0000b010       ??$_Uninitialized_move@PAPAV?$ReceiverImplBase@HUContextMenuParam@DuiLib@@@@PAPAV1@V?$allocator@PAV?$ReceiverImplBase@HUContextMenuParam@DuiLib@@@@@std@@@std@@YAPAPAV?$ReceiverImplBase@HUContextMenuParam@DuiLib@@@@PAPAV1@00AAV?$allocator@PAV?$ReceiverImplBase@HUContextMenuParam@DuiLib@@@@@0@@Z 0040c010 f i UIMenu.obj
 0001:0000b080       ??$_Uninitialized_move@PAPAV?$ObserverImplBase@HUContextMenuParam@DuiLib@@@@PAPAV1@V?$allocator@PAV?$ObserverImplBase@HUContextMenuParam@DuiLib@@@@@std@@@std@@YAPAPAV?$ObserverImplBase@HUContextMenuParam@DuiLib@@@@PAPAV1@00AAV?$allocator@PAV?$ObserverImplBase@HUContextMenuParam@DuiLib@@@@@0@@Z 0040c080 f i UIMenu.obj
 0001:0000b0f0       ??$_Ptr_cat@PAV?$ObserverImplBase@HUContextMenuParam@DuiLib@@@@PAV1@@std@@YA?AU_Scalar_ptr_iterator_tag@0@PAPAV?$ObserverImplBase@HUContextMenuParam@DuiLib@@@@0@Z 0040c0f0 f i UIMenu.obj
 0001:0000b150       ??$_Destroy_range@V?$allocator@PAV?$ObserverImplBase@HUContextMenuParam@DuiLib@@@@@std@@@std@@YAXPAPAV?$ObserverImplBase@HUContextMenuParam@DuiLib@@@@0AAV?$allocator@PAV?$ObserverImplBase@HUContextMenuParam@DuiLib@@@@@0@U_Scalar_ptr_iterator_tag@0@@Z 0040c150 f i UIMenu.obj
 0001:0000b160       ??$_Construct@PAV?$ReceiverImplBase@HUContextMenuParam@DuiLib@@@@ABQAV1@@std@@YAXPAPAV?$ReceiverImplBase@HUContextMenuParam@DuiLib@@@@ABQAV1@@Z 0040c160 f i UIMenu.obj
 0001:0000b230       ??$_Construct@PAV?$ObserverImplBase@HUContextMenuParam@DuiLib@@@@ABQAV1@@std@@YAXPAPAV?$ObserverImplBase@HUContextMenuParam@DuiLib@@@@ABQAV1@@Z 0040c230 f i UIMenu.obj
 0001:0000b300       ??$_Equal@V?$_Vector_iterator@V?$_Vector_val@PAV?$ReceiverImplBase@HUContextMenuParam@DuiLib@@@@V?$allocator@PAV?$ReceiverImplBase@HUContextMenuParam@DuiLib@@@@@std@@@std@@@std@@U?$iterator@Urandom_access_iterator_tag@std@@PAV?$ReceiverImplBase@HUContextMenuParam@DuiLib@@@@HPAPAV3@AAPAV3@@2@@?$_Revranit@V?$_Vector_iterator@V?$_Vector_val@PAV?$ReceiverImplBase@HUContextMenuParam@DuiLib@@@@V?$allocator@PAV?$ReceiverImplBase@HUContextMenuParam@DuiLib@@@@@std@@@std@@@std@@U?$iterator@Urandom_access_iterator_tag@std@@PAV?$ReceiverImplBase@HUContextMenuParam@DuiLib@@@@HPAPAV3@AAPAV3@@2@@std@@QBE_NABV01@@Z 0040c300 f i UIMenu.obj
 0001:0000b3c0       ??8?$_Vector_const_iterator@V?$_Vector_val@PAV?$ReceiverImplBase@HUContextMenuParam@DuiLib@@@@V?$allocator@PAV?$ReceiverImplBase@HUContextMenuParam@DuiLib@@@@@std@@@std@@@std@@QBE_NABV01@@Z 0040c3c0 f i UIMenu.obj
 0001:0000b410       ?_Compat@?$_Vector_const_iterator@V?$_Vector_val@PAV?$ReceiverImplBase@HUContextMenuParam@DuiLib@@@@V?$allocator@PAV?$ReceiverImplBase@HUContextMenuParam@DuiLib@@@@@std@@@std@@@std@@QBEXABV12@@Z 0040c410 f i UIMenu.obj
 0001:0000b4e0       ??$_Val_type@PAPAV?$ReceiverImplBase@HUContextMenuParam@DuiLib@@@@@std@@YAPAPAV?$ReceiverImplBase@HUContextMenuParam@DuiLib@@@@PAPAV1@@Z 0040c4e0 f i UIMenu.obj
 0001:0000b4f0       ??$_Uninit_move@PAV?$ReceiverImplBase@HUContextMenuParam@DuiLib@@@@PAV1@PAV1@@std@@YAPAPAV?$ReceiverImplBase@HUContextMenuParam@DuiLib@@@@PAPAV1@00AAV?$allocator@PAV?$ReceiverImplBase@HUContextMenuParam@DuiLib@@@@@0@0U_Scalar_ptr_iterator_tag@0@@Z 0040c4f0 f i UIMenu.obj
 0001:0000b580       ??$_Val_type@PAPAV?$ObserverImplBase@HUContextMenuParam@DuiLib@@@@@std@@YAPAPAV?$ObserverImplBase@HUContextMenuParam@DuiLib@@@@PAPAV1@@Z 0040c580 f i UIMenu.obj
 0001:0000b590       ??$_Uninit_move@PAV?$ObserverImplBase@HUContextMenuParam@DuiLib@@@@PAV1@PAV1@@std@@YAPAPAV?$ObserverImplBase@HUContextMenuParam@DuiLib@@@@PAPAV1@00AAV?$allocator@PAV?$ObserverImplBase@HUContextMenuParam@DuiLib@@@@@0@0U_Scalar_ptr_iterator_tag@0@@Z 0040c590 f i UIMenu.obj
 0001:0000b620       ?base@?$_Revranit@V?$_Vector_iterator@V?$_Vector_val@PAV?$ReceiverImplBase@HUContextMenuParam@DuiLib@@@@V?$allocator@PAV?$ReceiverImplBase@HUContextMenuParam@DuiLib@@@@@std@@@std@@@std@@U?$iterator@Urandom_access_iterator_tag@std@@PAV?$ReceiverImplBase@HUContextMenuParam@DuiLib@@@@HPAPAV3@AAPAV3@@2@@std@@QBE?AV?$_Vector_iterator@V?$_Vector_val@PAV?$ReceiverImplBase@HUContextMenuParam@DuiLib@@@@V?$allocator@PAV?$ReceiverImplBase@HUContextMenuParam@DuiLib@@@@@std@@@std@@@2@XZ 0040c620 f i UIMenu.obj
 0001:0000b680       ??$_Debug_range@PAPAV?$ReceiverImplBase@HUContextMenuParam@DuiLib@@@@@std@@YAXPAPAV?$ReceiverImplBase@HUContextMenuParam@DuiLib@@@@0PB_WI@Z 0040c680 f i UIMenu.obj
 0001:0000b6e0       ??$_Debug_pointer@PAV?$ReceiverImplBase@HUContextMenuParam@DuiLib@@@@@std@@YAXPAPAV?$ReceiverImplBase@HUContextMenuParam@DuiLib@@@@PB_WI@Z 0040c6e0 f i UIMenu.obj
 0001:0000b710       ??$_Debug_range@PAPAV?$ObserverImplBase@HUContextMenuParam@DuiLib@@@@@std@@YAXPAPAV?$ObserverImplBase@HUContextMenuParam@DuiLib@@@@0PB_WI@Z 0040c710 f i UIMenu.obj
 0001:0000b770       ??$_Debug_pointer@PAV?$ObserverImplBase@HUContextMenuParam@DuiLib@@@@@std@@YAXPAPAV?$ObserverImplBase@HUContextMenuParam@DuiLib@@@@PB_WI@Z 0040c770 f i UIMenu.obj
 0001:0000b7a0       ??$_Iter_cat@PAPAV?$ReceiverImplBase@HUContextMenuParam@DuiLib@@@@@std@@YA?AUrandom_access_iterator_tag@0@ABQAPAV?$ReceiverImplBase@HUContextMenuParam@DuiLib@@@@@Z 0040c7a0 f i UIMenu.obj
 0001:0000b810       ??$_Debug_range2@PAPAV?$ReceiverImplBase@HUContextMenuParam@DuiLib@@@@@std@@YAXPAPAV?$ReceiverImplBase@HUContextMenuParam@DuiLib@@@@0PB_WIUrandom_access_iterator_tag@0@@Z 0040c810 f i UIMenu.obj
 0001:0000b880       ??$_Iter_cat@PAPAV?$ObserverImplBase@HUContextMenuParam@DuiLib@@@@@std@@YA?AUrandom_access_iterator_tag@0@ABQAPAV?$ObserverImplBase@HUContextMenuParam@DuiLib@@@@@Z 0040c880 f i UIMenu.obj
 0001:0000b8f0       ??$_Debug_range2@PAPAV?$ObserverImplBase@HUContextMenuParam@DuiLib@@@@@std@@YAXPAPAV?$ObserverImplBase@HUContextMenuParam@DuiLib@@@@0PB_WIUrandom_access_iterator_tag@0@@Z 0040c8f0 f i UIMenu.obj
 0001:0000b960       ?DoEvent@CMenuUI@DuiLib@@WCJE@AEXAAUtagTEventUI@2@@Z 0040c960 f i UIMenu.obj
 0001:0000b970       ??_ECMenuWnd@DuiLib@@WBA@AEPAXI@Z 0040c970 f i UIMenu.obj
 0001:0000b980       ??_ECMenuWnd@DuiLib@@UAEPAXI@Z 0040c980 f i UIMenu.obj
 0001:0000b980       ??_GCMenuWnd@DuiLib@@UAEPAXI@Z 0040c980 f i UIMenu.obj
 0001:0000b9d0       ??1CMenuWnd@DuiLib@@UAE@XZ 0040c9d0 f i UIMenu.obj
 0001:0000ba90       ??0?$ObserverImpl@HUContextMenuParam@DuiLib@@@@QAE@XZ 0040ca90 f i UIMenu.obj
 0001:0000bae0       ?RemoveReceiver@?$ObserverImpl@HUContextMenuParam@DuiLib@@@@UAEXPAV?$ReceiverImplBase@HUContextMenuParam@DuiLib@@@@@Z 0040cae0 f i UIMenu.obj
 0001:0000bc70       ?Broadcast@?$ObserverImpl@HUContextMenuParam@DuiLib@@@@UAEHUContextMenuParam@DuiLib@@@Z 0040cc70 f i UIMenu.obj
 0001:0000bde0       ?Notify@?$ObserverImpl@HUContextMenuParam@DuiLib@@@@UAEHUContextMenuParam@DuiLib@@@Z 0040cde0 f i UIMenu.obj
 0001:0000bf60       ??_G?$ObserverImpl@HUContextMenuParam@DuiLib@@@@UAEPAXI@Z 0040cf60 f i UIMenu.obj
 0001:0000bf60       ??_E?$ObserverImpl@HUContextMenuParam@DuiLib@@@@UAEPAXI@Z 0040cf60 f i UIMenu.obj
 0001:0000bfb0       ??1?$ObserverImpl@HUContextMenuParam@DuiLib@@@@UAE@XZ 0040cfb0 f i UIMenu.obj
 0001:0000bff0       ??0?$ObserverImplBase@HUContextMenuParam@DuiLib@@@@QAE@XZ 0040cff0 f i UIMenu.obj
 0001:0000c020       ??0?$vector@PAV?$ReceiverImplBase@HUContextMenuParam@DuiLib@@@@V?$allocator@PAV?$ReceiverImplBase@HUContextMenuParam@DuiLib@@@@@std@@@std@@QAE@XZ 0040d020 f i UIMenu.obj
 0001:0000c070       ??1?$vector@PAV?$ReceiverImplBase@HUContextMenuParam@DuiLib@@@@V?$allocator@PAV?$ReceiverImplBase@HUContextMenuParam@DuiLib@@@@@std@@@std@@QAE@XZ 0040d070 f i UIMenu.obj
 0001:0000c0f0       ?erase@?$vector@PAV?$ReceiverImplBase@HUContextMenuParam@DuiLib@@@@V?$allocator@PAV?$ReceiverImplBase@HUContextMenuParam@DuiLib@@@@@std@@@std@@QAE?AV?$_Vector_iterator@V?$_Vector_val@PAV?$ReceiverImplBase@HUContextMenuParam@DuiLib@@@@V?$allocator@PAV?$ReceiverImplBase@HUContextMenuParam@DuiLib@@@@@std@@@std@@@2@V?$_Vector_const_iterator@V?$_Vector_val@PAV?$ReceiverImplBase@HUContextMenuParam@DuiLib@@@@V?$allocator@PAV?$ReceiverImplBase@HUContextMenuParam@DuiLib@@@@@std@@@std@@@2@@Z 0040d0f0 f i UIMenu.obj
 0001:0000c270       ??E?$_Vector_iterator@V?$_Vector_val@PAV?$ReceiverImplBase@HUContextMenuParam@DuiLib@@@@V?$allocator@PAV?$ReceiverImplBase@HUContextMenuParam@DuiLib@@@@@std@@@std@@@std@@QAEAAV01@XZ 0040d270 f i UIMenu.obj
 0001:0000c2a0       ??9?$_Vector_const_iterator@V?$_Vector_val@PAV?$ReceiverImplBase@HUContextMenuParam@DuiLib@@@@V?$allocator@PAV?$ReceiverImplBase@HUContextMenuParam@DuiLib@@@@@std@@@std@@@std@@QBE_NABV01@@Z 0040d2a0 f i UIMenu.obj
 0001:0000c2f0       ?_Make_iter@?$vector@PAV?$ReceiverImplBase@HUContextMenuParam@DuiLib@@@@V?$allocator@PAV?$ReceiverImplBase@HUContextMenuParam@DuiLib@@@@@std@@@std@@QBE?AV?$_Vector_iterator@V?$_Vector_val@PAV?$ReceiverImplBase@HUContextMenuParam@DuiLib@@@@V?$allocator@PAV?$ReceiverImplBase@HUContextMenuParam@DuiLib@@@@@std@@@std@@@2@V?$_Vector_const_iterator@V?$_Vector_val@PAV?$ReceiverImplBase@HUContextMenuParam@DuiLib@@@@V?$allocator@PAV?$ReceiverImplBase@HUContextMenuParam@DuiLib@@@@@std@@@std@@@2@@Z 0040d2f0 f i UIMenu.obj
 0001:0000c3a0       ?_Tidy@?$vector@PAV?$ReceiverImplBase@HUContextMenuParam@DuiLib@@@@V?$allocator@PAV?$ReceiverImplBase@HUContextMenuParam@DuiLib@@@@@std@@@std@@IAEXXZ 0040d3a0 f i UIMenu.obj
 0001:0000c450       ??0?$_Vector_val@PAV?$ReceiverImplBase@HUContextMenuParam@DuiLib@@@@V?$allocator@PAV?$ReceiverImplBase@HUContextMenuParam@DuiLib@@@@@std@@@std@@QAE@V?$allocator@PAV?$ReceiverImplBase@HUContextMenuParam@DuiLib@@@@@1@@Z 0040d450 f i UIMenu.obj
 0001:0000c5b0       ??1?$_Vector_val@PAV?$ReceiverImplBase@HUContextMenuParam@DuiLib@@@@V?$allocator@PAV?$ReceiverImplBase@HUContextMenuParam@DuiLib@@@@@std@@@std@@QAE@XZ 0040d5b0 f i UIMenu.obj
 0001:0000c6c0       ??0?$allocator@PAV?$ReceiverImplBase@HUContextMenuParam@DuiLib@@@@@std@@QAE@XZ 0040d6c0 f i UIMenu.obj
 0001:0000c6e0       ??E?$_Vector_const_iterator@V?$_Vector_val@PAV?$ReceiverImplBase@HUContextMenuParam@DuiLib@@@@V?$allocator@PAV?$ReceiverImplBase@HUContextMenuParam@DuiLib@@@@@std@@@std@@@std@@QAEAAV01@XZ 0040d6e0 f i UIMenu.obj
 0001:0000c7c0       ??0?$allocator@PAV?$ReceiverImplBase@HUContextMenuParam@DuiLib@@@@@std@@QAE@ABV01@@Z 0040d7c0 f i UIMenu.obj
 0001:0000c7e0       ??$_Move@PAPAV?$ReceiverImplBase@HUContextMenuParam@DuiLib@@@@PAPAV1@@std@@YAPAPAV?$ReceiverImplBase@HUContextMenuParam@DuiLib@@@@PAPAV1@00@Z 0040d7e0 f i UIMenu.obj
 0001:0000c840       ??$?0PAV?$ReceiverImplBase@HUContextMenuParam@DuiLib@@@@@?$allocator@U_Container_proxy@std@@@std@@QAE@ABV?$allocator@PAV?$ReceiverImplBase@HUContextMenuParam@DuiLib@@@@@1@@Z 0040d840 f i UIMenu.obj
 0001:0000c860       ??$_Move@PAPAV?$ReceiverImplBase@HUContextMenuParam@DuiLib@@@@PAPAV1@@std@@YAPAPAV?$ReceiverImplBase@HUContextMenuParam@DuiLib@@@@PAPAV1@00U_Scalar_ptr_iterator_tag@0@@Z 0040d860 f i UIMenu.obj
 0001:0000c8c0       ??0WindowImplBase@@QAE@XZ  0040d8c0 f   win_impl_base.obj
 0001:0000c950       ??1WindowImplBase@@UAE@XZ  0040d950 f   win_impl_base.obj
 0001:0000c9b0       ?GetClassStyle@WindowImplBase@@UBEIXZ 0040d9b0 f   win_impl_base.obj
 0001:0000c9d0       ?CreateControl@WindowImplBase@@UAEPAVCControlUI@DuiLib@@PBD@Z 0040d9d0 f   win_impl_base.obj
 0001:0000c9f0       ?OnFinalMessage@WindowImplBase@@UAEXPAUHWND__@@@Z 0040d9f0 f   win_impl_base.obj
 0001:0000cab0       ?Init@WindowImplBase@@UAEXXZ 0040dab0 f   win_impl_base.obj
 0001:0000cad0       ?OnClose@WindowImplBase@@UAEJIIJAAH@Z 0040dad0 f   win_impl_base.obj
 0001:0000caf0       ?OnDestroy@WindowImplBase@@UAEJIIJAAH@Z 0040daf0 f   win_impl_base.obj
 0001:0000cb10       ?OnNcActivate@WindowImplBase@@UAEJIIJAAH@Z 0040db10 f   win_impl_base.obj
 0001:0000cb70       ?OnNcCalcSize@WindowImplBase@@UAEJIIJAAH@Z 0040db70 f   win_impl_base.obj
 0001:0000cb90       ?OnNcPaint@WindowImplBase@@UAEJIIJAAH@Z 0040db90 f   win_impl_base.obj
 0001:0000cbb0       ?OnNcHitTest@WindowImplBase@@UAEJIIJAAH@Z 0040dbb0 f   win_impl_base.obj
 0001:0000ceb0       ?OnGetMinMaxInfo@WindowImplBase@@UAEJIIJAAH@Z 0040deb0 f   win_impl_base.obj
 0001:0000d000       ?OnMouseWheel@WindowImplBase@@UAEJIIJAAH@Z 0040e000 f   win_impl_base.obj
 0001:0000d020       ?OnSetFocus@WindowImplBase@@UAEJIIJAAH@Z 0040e020 f   win_impl_base.obj
 0001:0000d040       ?OnLButtonDown@WindowImplBase@@UAEJIIJAAH@Z 0040e040 f   win_impl_base.obj
 0001:0000d060       ?OnMouseMove@WindowImplBase@@UAEJIIJAAH@Z 0040e060 f   win_impl_base.obj
 0001:0000d080       ?OnLButtonUp@WindowImplBase@@UAEJIIJAAH@Z 0040e080 f   win_impl_base.obj
 0001:0000d0a0       ?OnKeyDown@WindowImplBase@@UAEJIIJAAH@Z 0040e0a0 f   win_impl_base.obj
 0001:0000d0c0       ?OnKillFocus@WindowImplBase@@UAEJIIJAAH@Z 0040e0c0 f   win_impl_base.obj
 0001:0000d0e0       ?OnSize@WindowImplBase@@UAEJIIJAAH@Z 0040e0e0 f   win_impl_base.obj
 0001:0000d2a0       ?OnSysCommand@WindowImplBase@@UAEJIIJAAH@Z 0040e2a0 f   win_impl_base.obj
 0001:0000d360       ?GetStyle@WindowImplBase@@UAEJXZ 0040e360 f   win_impl_base.obj
 0001:0000d3c0       ?OnCreate@WindowImplBase@@UAEJIIJAAH@Z 0040e3c0 f   win_impl_base.obj
 0001:0000d760       ?HandleCustomMessage@WindowImplBase@@UAEJIIJAAH@Z 0040e760 f   win_impl_base.obj
 0001:0000d780       ?HandleMessage@WindowImplBase@@UAEJIIJ@Z 0040e780 f   win_impl_base.obj
 0001:0000dde0       ?MessageHandler@WindowImplBase@@UAEJIIJAA_N@Z 0040ede0 f   win_impl_base.obj
 0001:0000de50       ?ResponseDefaultKeyEvent@WindowImplBase@@MAEJI@Z 0040ee50 f   win_impl_base.obj
 0001:0000e420       ??_GWindowImplBase@@UAEPAXI@Z 0040f420 f i win_impl_base.obj
 0001:0000e420       ??_EWindowImplBase@@UAEPAXI@Z 0040f420 f i win_impl_base.obj
 0001:0000e470       ??0INotifyUI@DuiLib@@QAE@XZ 0040f470 f i win_impl_base.obj
 0001:0000e4a0       ??0IMessageFilterUI@DuiLib@@QAE@XZ 0040f4a0 f i win_impl_base.obj
 0001:0000e4d0       ?c_str@?$basic_string@DU?$char_traits@D@std@@V?$allocator@D@2@@std@@QBEPBDXZ 0040f4d0 f i win_impl_base.obj
 0001:0000e500       _WinMain@16                0040f500 f   main.obj
 0001:0000e666       _InitializeCriticalSection@4 0040f666 f   kernel32:KERNEL32.dll
 0001:0000e66c       _GetVersionExA@4           0040f66c f   kernel32:KERNEL32.dll
 0001:0000e672       _DeleteCriticalSection@4   0040f672 f   kernel32:KERNEL32.dll
 0001:0000e678       _EnterCriticalSection@4    0040f678 f   kernel32:KERNEL32.dll
 0001:0000e67e       _LeaveCriticalSection@4    0040f67e f   kernel32:KERNEL32.dll
 0001:0000e684       _OutputDebugStringA@4      0040f684 f   kernel32:KERNEL32.dll
 0001:0000e68a       _GetTickCount@0            0040f68a f   kernel32:KERNEL32.dll
 0001:0000e690       _GetLocalTime@4            0040f690 f   kernel32:KERNEL32.dll
 0001:0000e696       _PostQuitMessage@4         0040f696 f   user32:USER32.dll
 0001:0000e69c       _IsZoomed@4                0040f69c f   user32:USER32.dll
 0001:0000e6a2       _ClientToScreen@8          0040f6a2 f   user32:USER32.dll
 0001:0000e6a8       _GetParent@4               0040f6a8 f   user32:USER32.dll
 0001:0000e6ae       _SendMessageA@16           0040f6ae f   user32:USER32.dll
 0001:0000e6b4       _ShowWindow@8              0040f6b4 f   user32:USER32.dll
 0001:0000e6ba       _SetForegroundWindow@4     0040f6ba f   user32:USER32.dll
 0001:0000e6c0       _MoveWindow@24             0040f6c0 f   user32:USER32.dll
 0001:0000e6c6       _MapWindowPoints@16        0040f6c6 f   user32:USER32.dll
 0001:0000e6cc       _GetWindowRect@8           0040f6cc f   user32:USER32.dll
 0001:0000e6d2       _GetMonitorInfoA@8         0040f6d2 f   user32:USER32.dll
 0001:0000e6d8       _MonitorFromWindow@8       0040f6d8 f   user32:USER32.dll
 0001:0000e6de       _SetWindowPos@28           0040f6de f   user32:USER32.dll
 0001:0000e6e4       _GetClientRect@8           0040f6e4 f   user32:USER32.dll
 0001:0000e6ea       _SetWindowLongA@12         0040f6ea f   user32:USER32.dll
 0001:0000e6f0       _GetWindowLongA@8          0040f6f0 f   user32:USER32.dll
 0001:0000e6f6       _IntersectRect@12          0040f6f6 f   user32:USER32.dll
 0001:0000e6fc       _IsIconic@4                0040f6fc f   user32:USER32.dll
 0001:0000e702       _ScreenToClient@8          0040f702 f   user32:USER32.dll
 0001:0000e708       _SetWindowRgn@12           0040f708 f   user32:USER32.dll
 0001:0000e70e       _DeleteObject@4            0040f70e f   gdi32:GDI32.dll
 0001:0000e714       _CreateRoundRectRgn@24     0040f714 f   gdi32:GDI32.dll
 0001:0000e71a       _CoInitialize@4            0040f71a f   ole32:ole32.dll
 0001:0000e720       ?GetSuperClassName@CWindowWnd@DuiLib@@MBEPBDXZ 0040f720 f   DuiLib_d:DuiLib_d.dll
 0001:0000e726       ??1CStdString@DuiLib@@QAE@XZ 0040f726 f   DuiLib_d:DuiLib_d.dll
 0001:0000e72c       ??BCStdString@DuiLib@@QBEPBDXZ 0040f72c f   DuiLib_d:DuiLib_d.dll
 0001:0000e732       ?GetInstancePath@CPaintManagerUI@DuiLib@@SA?AVCStdString@2@XZ 0040f732 f   DuiLib_d:DuiLib_d.dll
 0001:0000e738       ?FindControl@CPaintManagerUI@DuiLib@@QBEPAVCControlUI@2@PBD@Z 0040f738 f   DuiLib_d:DuiLib_d.dll
 0001:0000e73e       ?HandleMessage@CWindowWnd@DuiLib@@MAEJIIJ@Z 0040f73e f   DuiLib_d:DuiLib_d.dll
 0001:0000e744       ?Close@CWindowWnd@DuiLib@@QAEXI@Z 0040f744 f   DuiLib_d:DuiLib_d.dll
 0001:0000e74a       ??0CPoint@DuiLib@@QAE@ABUtagPOINT@@@Z 0040f74a f   DuiLib_d:DuiLib_d.dll
 0001:0000e750       ?SendMessageA@CWindowWnd@DuiLib@@QAEJIIJ@Z 0040f750 f   DuiLib_d:DuiLib_d.dll
 0001:0000e756       ??1CListUI@DuiLib@@UAE@XZ  0040f756 f   DuiLib_d:DuiLib_d.dll
 0001:0000e75c       ?GetHeader@CListUI@DuiLib@@UBEPAVCListHeaderUI@2@XZ 0040f75c f   DuiLib_d:DuiLib_d.dll
 0001:0000e762       ??0CListUI@DuiLib@@QAE@XZ  0040f762 f   DuiLib_d:DuiLib_d.dll
 0001:0000e768       ?GetName@CControlUI@DuiLib@@UBE?AVCStdString@2@XZ 0040f768 f   DuiLib_d:DuiLib_d.dll
 0001:0000e76e       ?SetName@CControlUI@DuiLib@@UAEXPBD@Z 0040f76e f   DuiLib_d:DuiLib_d.dll
 0001:0000e774       ?GetControlFlags@CListUI@DuiLib@@UBEIXZ 0040f774 f   DuiLib_d:DuiLib_d.dll
 0001:0000e77a       ?Activate@CControlUI@DuiLib@@UAE_NXZ 0040f77a f   DuiLib_d:DuiLib_d.dll
 0001:0000e780       ?GetManager@CControlUI@DuiLib@@UBEPAVCPaintManagerUI@2@XZ 0040f780 f   DuiLib_d:DuiLib_d.dll
 0001:0000e786       ?SetManager@CContainerUI@DuiLib@@UAEXPAVCPaintManagerUI@2@PAVCControlUI@2@_N@Z 0040f786 f   DuiLib_d:DuiLib_d.dll
 0001:0000e78c       ?GetParent@CControlUI@DuiLib@@UBEPAV12@XZ 0040f78c f   DuiLib_d:DuiLib_d.dll
 0001:0000e792       ?GetText@CControlUI@DuiLib@@UBE?AVCStdString@2@XZ 0040f792 f   DuiLib_d:DuiLib_d.dll
 0001:0000e798       ?SetText@CControlUI@DuiLib@@UAEXPBD@Z 0040f798 f   DuiLib_d:DuiLib_d.dll
 0001:0000e79e       ?GetPos@CControlUI@DuiLib@@UBEABUtagRECT@@XZ 0040f79e f   DuiLib_d:DuiLib_d.dll
 0001:0000e7a4       ?SetPos@CListUI@DuiLib@@UAEXUtagRECT@@@Z 0040f7a4 f   DuiLib_d:DuiLib_d.dll
 0001:0000e7aa       ?GetWidth@CControlUI@DuiLib@@UBEHXZ 0040f7aa f   DuiLib_d:DuiLib_d.dll
 0001:0000e7b0       ?GetHeight@CControlUI@DuiLib@@UBEHXZ 0040f7b0 f   DuiLib_d:DuiLib_d.dll
 0001:0000e7b6       ?GetX@CControlUI@DuiLib@@UBEHXZ 0040f7b6 f   DuiLib_d:DuiLib_d.dll
 0001:0000e7bc       ?GetY@CControlUI@DuiLib@@UBEHXZ 0040f7bc f   DuiLib_d:DuiLib_d.dll
 0001:0000e7c2       ?GetPadding@CControlUI@DuiLib@@UBE?AUtagRECT@@XZ 0040f7c2 f   DuiLib_d:DuiLib_d.dll
 0001:0000e7c8       ?SetPadding@CControlUI@DuiLib@@UAEXUtagRECT@@@Z 0040f7c8 f   DuiLib_d:DuiLib_d.dll
 0001:0000e7ce       ?GetFixedXY@CControlUI@DuiLib@@UBE?AUtagSIZE@@XZ 0040f7ce f   DuiLib_d:DuiLib_d.dll
 0001:0000e7d4       ?SetFixedXY@CControlUI@DuiLib@@UAEXUtagSIZE@@@Z 0040f7d4 f   DuiLib_d:DuiLib_d.dll
 0001:0000e7da       ?GetFixedWidth@CControlUI@DuiLib@@UBEHXZ 0040f7da f   DuiLib_d:DuiLib_d.dll
 0001:0000e7e0       ?SetFixedWidth@CControlUI@DuiLib@@UAEXH@Z 0040f7e0 f   DuiLib_d:DuiLib_d.dll
 0001:0000e7e6       ?GetFixedHeight@CControlUI@DuiLib@@UBEHXZ 0040f7e6 f   DuiLib_d:DuiLib_d.dll
 0001:0000e7ec       ?SetFixedHeight@CControlUI@DuiLib@@UAEXH@Z 0040f7ec f   DuiLib_d:DuiLib_d.dll
 0001:0000e7f2       ?GetMinWidth@CControlUI@DuiLib@@UBEHXZ 0040f7f2 f   DuiLib_d:DuiLib_d.dll
 0001:0000e7f8       ?SetMinWidth@CControlUI@DuiLib@@UAEXH@Z 0040f7f8 f   DuiLib_d:DuiLib_d.dll
 0001:0000e7fe       ?GetMaxWidth@CControlUI@DuiLib@@UBEHXZ 0040f7fe f   DuiLib_d:DuiLib_d.dll
 0001:0000e804       ?SetMaxWidth@CControlUI@DuiLib@@UAEXH@Z 0040f804 f   DuiLib_d:DuiLib_d.dll
 0001:0000e80a       ?GetMinHeight@CControlUI@DuiLib@@UBEHXZ 0040f80a f   DuiLib_d:DuiLib_d.dll
 0001:0000e810       ?SetMinHeight@CControlUI@DuiLib@@UAEXH@Z 0040f810 f   DuiLib_d:DuiLib_d.dll
 0001:0000e816       ?GetMaxHeight@CControlUI@DuiLib@@UBEHXZ 0040f816 f   DuiLib_d:DuiLib_d.dll
 0001:0000e81c       ?SetMaxHeight@CControlUI@DuiLib@@UAEXH@Z 0040f81c f   DuiLib_d:DuiLib_d.dll
 0001:0000e822       ?SetRelativePos@CControlUI@DuiLib@@UAEXUtagSIZE@@0@Z 0040f822 f   DuiLib_d:DuiLib_d.dll
 0001:0000e828       ?SetRelativeParentSize@CControlUI@DuiLib@@UAEXUtagSIZE@@@Z 0040f828 f   DuiLib_d:DuiLib_d.dll
 0001:0000e82e       ?GetRelativePos@CControlUI@DuiLib@@UBE?AUtagTRelativePosUI@2@XZ 0040f82e f   DuiLib_d:DuiLib_d.dll
 0001:0000e834       ?IsRelativePos@CControlUI@DuiLib@@UBE_NXZ 0040f834 f   DuiLib_d:DuiLib_d.dll
 0001:0000e83a       ?GetToolTip@CControlUI@DuiLib@@UBE?AVCStdString@2@XZ 0040f83a f   DuiLib_d:DuiLib_d.dll
 0001:0000e840       ?SetToolTip@CControlUI@DuiLib@@UAEXPBD@Z 0040f840 f   DuiLib_d:DuiLib_d.dll
 0001:0000e846       ?GetShortcut@CControlUI@DuiLib@@UBEDXZ 0040f846 f   DuiLib_d:DuiLib_d.dll
 0001:0000e84c       ?SetShortcut@CControlUI@DuiLib@@UAEXD@Z 0040f84c f   DuiLib_d:DuiLib_d.dll
 0001:0000e852       ?IsContextMenuUsed@CControlUI@DuiLib@@UBE_NXZ 0040f852 f   DuiLib_d:DuiLib_d.dll
 0001:0000e858       ?SetContextMenuUsed@CControlUI@DuiLib@@UAEX_N@Z 0040f858 f   DuiLib_d:DuiLib_d.dll
 0001:0000e85e       ?GetUserData@CControlUI@DuiLib@@UAEABVCStdString@2@XZ 0040f85e f   DuiLib_d:DuiLib_d.dll
 0001:0000e864       ?SetUserData@CControlUI@DuiLib@@UAEXPBD@Z 0040f864 f   DuiLib_d:DuiLib_d.dll
 0001:0000e86a       ?GetTag@CControlUI@DuiLib@@UBEIXZ 0040f86a f   DuiLib_d:DuiLib_d.dll
 0001:0000e870       ?SetTag@CControlUI@DuiLib@@UAEXI@Z 0040f870 f   DuiLib_d:DuiLib_d.dll
 0001:0000e876       ?IsVisible@CControlUI@DuiLib@@UBE_NXZ 0040f876 f   DuiLib_d:DuiLib_d.dll
 0001:0000e87c       ?SetVisible@CContainerUI@DuiLib@@UAEX_N@Z 0040f87c f   DuiLib_d:DuiLib_d.dll
 0001:0000e882       ?SetInternVisible@CContainerUI@DuiLib@@UAEX_N@Z 0040f882 f   DuiLib_d:DuiLib_d.dll
 0001:0000e888       ?IsEnabled@CControlUI@DuiLib@@UBE_NXZ 0040f888 f   DuiLib_d:DuiLib_d.dll
 0001:0000e88e       ?SetEnabled@CControlUI@DuiLib@@UAEX_N@Z 0040f88e f   DuiLib_d:DuiLib_d.dll
 0001:0000e894       ?IsMouseEnabled@CControlUI@DuiLib@@UBE_NXZ 0040f894 f   DuiLib_d:DuiLib_d.dll
 0001:0000e89a       ?SetMouseEnabled@CContainerUI@DuiLib@@UAEX_N@Z 0040f89a f   DuiLib_d:DuiLib_d.dll
 0001:0000e8a0       ?IsKeyboardEnabled@CControlUI@DuiLib@@UBE_NXZ 0040f8a0 f   DuiLib_d:DuiLib_d.dll
 0001:0000e8a6       ?SetKeyboardEnabled@CControlUI@DuiLib@@UAEX_N@Z 0040f8a6 f   DuiLib_d:DuiLib_d.dll
 0001:0000e8ac       ?IsFocused@CControlUI@DuiLib@@UBE_NXZ 0040f8ac f   DuiLib_d:DuiLib_d.dll
 0001:0000e8b2       ?SetFocus@CControlUI@DuiLib@@UAEXXZ 0040f8b2 f   DuiLib_d:DuiLib_d.dll
 0001:0000e8b8       ?IsFloat@CControlUI@DuiLib@@UBE_NXZ 0040f8b8 f   DuiLib_d:DuiLib_d.dll
 0001:0000e8be       ?SetFloat@CControlUI@DuiLib@@UAEX_N@Z 0040f8be f   DuiLib_d:DuiLib_d.dll
 0001:0000e8c4       ?FindControl@CContainerUI@DuiLib@@UAEPAVCControlUI@2@P6GPAV32@PAV32@PAX@Z1I@Z 0040f8c4 f   DuiLib_d:DuiLib_d.dll
 0001:0000e8ca       ?Init@CControlUI@DuiLib@@UAEXXZ 0040f8ca f   DuiLib_d:DuiLib_d.dll
 0001:0000e8d0       ?DoInit@CControlUI@DuiLib@@UAEXXZ 0040f8d0 f   DuiLib_d:DuiLib_d.dll
 0001:0000e8d6       ?Event@CControlUI@DuiLib@@UAEXAAUtagTEventUI@2@@Z 0040f8d6 f   DuiLib_d:DuiLib_d.dll
 0001:0000e8dc       ?DoPaint@CContainerUI@DuiLib@@UAEXPAUHDC__@@ABUtagRECT@@@Z 0040f8dc f   DuiLib_d:DuiLib_d.dll
 0001:0000e8e2       ?PaintBkColor@CControlUI@DuiLib@@UAEXPAUHDC__@@@Z 0040f8e2 f   DuiLib_d:DuiLib_d.dll
 0001:0000e8e8       ?PaintBkImage@CControlUI@DuiLib@@UAEXPAUHDC__@@@Z 0040f8e8 f   DuiLib_d:DuiLib_d.dll
 0001:0000e8ee       ?PaintStatusImage@CControlUI@DuiLib@@UAEXPAUHDC__@@@Z 0040f8ee f   DuiLib_d:DuiLib_d.dll
 0001:0000e8f4       ?PaintText@CControlUI@DuiLib@@UAEXPAUHDC__@@@Z 0040f8f4 f   DuiLib_d:DuiLib_d.dll
 0001:0000e8fa       ?PaintBorder@CControlUI@DuiLib@@UAEXPAUHDC__@@@Z 0040f8fa f   DuiLib_d:DuiLib_d.dll
 0001:0000e900       ?DoPostPaint@CVerticalLayoutUI@DuiLib@@UAEXPAUHDC__@@ABUtagRECT@@@Z 0040f900 f   DuiLib_d:DuiLib_d.dll
 0001:0000e906       ?GetInset@CContainerUI@DuiLib@@UBE?AUtagRECT@@XZ 0040f906 f   DuiLib_d:DuiLib_d.dll
 0001:0000e90c       ?SetInset@CContainerUI@DuiLib@@UAEXUtagRECT@@@Z 0040f90c f   DuiLib_d:DuiLib_d.dll
 0001:0000e912       ?GetChildPadding@CListUI@DuiLib@@UBEHXZ 0040f912 f   DuiLib_d:DuiLib_d.dll
 0001:0000e918       ?SetChildPadding@CListUI@DuiLib@@UAEXH@Z 0040f918 f   DuiLib_d:DuiLib_d.dll
 0001:0000e91e       ?IsAutoDestroy@CContainerUI@DuiLib@@UBE_NXZ 0040f91e f   DuiLib_d:DuiLib_d.dll
 0001:0000e924       ?SetAutoDestroy@CContainerUI@DuiLib@@UAEX_N@Z 0040f924 f   DuiLib_d:DuiLib_d.dll
 0001:0000e92a       ?IsDelayedDestroy@CContainerUI@DuiLib@@UBE_NXZ 0040f92a f   DuiLib_d:DuiLib_d.dll
 0001:0000e930       ?SetDelayedDestroy@CContainerUI@DuiLib@@UAEX_N@Z 0040f930 f   DuiLib_d:DuiLib_d.dll
 0001:0000e936       ?IsMouseChildEnabled@CContainerUI@DuiLib@@UBE_NXZ 0040f936 f   DuiLib_d:DuiLib_d.dll
 0001:0000e93c       ?SetMouseChildEnabled@CContainerUI@DuiLib@@UAEX_N@Z 0040f93c f   DuiLib_d:DuiLib_d.dll
 0001:0000e942       ?FindSelectable@CContainerUI@DuiLib@@UBEHH_N@Z 0040f942 f   DuiLib_d:DuiLib_d.dll
 0001:0000e948       ?GetScrollPos@CListUI@DuiLib@@UBE?AUtagSIZE@@XZ 0040f948 f   DuiLib_d:DuiLib_d.dll
 0001:0000e94e       ?GetScrollRange@CListUI@DuiLib@@UBE?AUtagSIZE@@XZ 0040f94e f   DuiLib_d:DuiLib_d.dll
 0001:0000e954       ?SetScrollPos@CListUI@DuiLib@@UAEXUtagSIZE@@@Z 0040f954 f   DuiLib_d:DuiLib_d.dll
 0001:0000e95a       ?LineUp@CListUI@DuiLib@@UAEXXZ 0040f95a f   DuiLib_d:DuiLib_d.dll
 0001:0000e960       ?LineDown@CListUI@DuiLib@@UAEXXZ 0040f960 f   DuiLib_d:DuiLib_d.dll
 0001:0000e966       ?PageUp@CListUI@DuiLib@@UAEXXZ 0040f966 f   DuiLib_d:DuiLib_d.dll
 0001:0000e96c       ?PageDown@CListUI@DuiLib@@UAEXXZ 0040f96c f   DuiLib_d:DuiLib_d.dll
 0001:0000e972       ?HomeUp@CListUI@DuiLib@@UAEXXZ 0040f972 f   DuiLib_d:DuiLib_d.dll
 0001:0000e978       ?EndDown@CListUI@DuiLib@@UAEXXZ 0040f978 f   DuiLib_d:DuiLib_d.dll
 0001:0000e97e       ?LineLeft@CListUI@DuiLib@@UAEXXZ 0040f97e f   DuiLib_d:DuiLib_d.dll
 0001:0000e984       ?LineRight@CListUI@DuiLib@@UAEXXZ 0040f984 f   DuiLib_d:DuiLib_d.dll
 0001:0000e98a       ?PageLeft@CListUI@DuiLib@@UAEXXZ 0040f98a f   DuiLib_d:DuiLib_d.dll
 0001:0000e990       ?PageRight@CListUI@DuiLib@@UAEXXZ 0040f990 f   DuiLib_d:DuiLib_d.dll
 0001:0000e996       ?HomeLeft@CListUI@DuiLib@@UAEXXZ 0040f996 f   DuiLib_d:DuiLib_d.dll
 0001:0000e99c       ?EndRight@CListUI@DuiLib@@UAEXXZ 0040f99c f   DuiLib_d:DuiLib_d.dll
 0001:0000e9a2       ?EnableScrollBar@CListUI@DuiLib@@UAEX_N0@Z 0040f9a2 f   DuiLib_d:DuiLib_d.dll
 0001:0000e9a8       ?GetVerticalScrollBar@CListUI@DuiLib@@UBEPAVCScrollBarUI@2@XZ 0040f9a8 f   DuiLib_d:DuiLib_d.dll
 0001:0000e9ae       ?GetHorizontalScrollBar@CListUI@DuiLib@@UBEPAVCScrollBarUI@2@XZ 0040f9ae f   DuiLib_d:DuiLib_d.dll
 0001:0000e9b4       ?SetFloatPos@CContainerUI@DuiLib@@MAEXH@Z 0040f9b4 f   DuiLib_d:DuiLib_d.dll
 0001:0000e9ba       ?ProcessScrollBar@CContainerUI@DuiLib@@MAEXUtagRECT@@HH@Z 0040f9ba f   DuiLib_d:DuiLib_d.dll
 0001:0000e9c0       ?GetItemAt@CListUI@DuiLib@@UBEPAVCControlUI@2@H@Z 0040f9c0 f   DuiLib_d:DuiLib_d.dll
 0001:0000e9c6       ?GetCount@CListUI@DuiLib@@UBEHXZ 0040f9c6 f   DuiLib_d:DuiLib_d.dll
 0001:0000e9cc       ?RemoveAt@CListUI@DuiLib@@UAE_NH@Z 0040f9cc f   DuiLib_d:DuiLib_d.dll
 0001:0000e9d2       ?RemoveAll@CListUI@DuiLib@@UAEXXZ 0040f9d2 f   DuiLib_d:DuiLib_d.dll
 0001:0000e9d8       ?GetListInfo@CListUI@DuiLib@@UAEPAUtagTListInfoUI@2@XZ 0040f9d8 f   DuiLib_d:DuiLib_d.dll
 0001:0000e9de       ?GetCurSel@CListUI@DuiLib@@UBEHXZ 0040f9de f   DuiLib_d:DuiLib_d.dll
 0001:0000e9e4       ?SelectItem@CListUI@DuiLib@@UAE_NH_N@Z 0040f9e4 f   DuiLib_d:DuiLib_d.dll
 0001:0000e9ea       ?GetList@CListUI@DuiLib@@UBEPAVCContainerUI@2@XZ 0040f9ea f   DuiLib_d:DuiLib_d.dll
 0001:0000e9f0       ?GetTextCallback@CListUI@DuiLib@@UBEPAVIListCallbackUI@2@XZ 0040f9f0 f   DuiLib_d:DuiLib_d.dll
 0001:0000e9f6       ?SetTextCallback@CListUI@DuiLib@@UAEXPAVIListCallbackUI@2@@Z 0040f9f6 f   DuiLib_d:DuiLib_d.dll
 0001:0000e9fc       ?ExpandItem@CListUI@DuiLib@@UAE_NH_N@Z 0040f9fc f   DuiLib_d:DuiLib_d.dll
 0001:0000ea02       ?GetExpandedItem@CListUI@DuiLib@@UBEHXZ 0040fa02 f   DuiLib_d:DuiLib_d.dll
 0001:0000ea08       ?GetInterface@CListUI@DuiLib@@UAEPAXPBD@Z 0040fa08 f   DuiLib_d:DuiLib_d.dll
 0001:0000ea0e       ?DoEvent@CListUI@DuiLib@@UAEXAAUtagTEventUI@2@@Z 0040fa0e f   DuiLib_d:DuiLib_d.dll
 0001:0000ea14       ?Add@CListUI@DuiLib@@UAE_NPAVCControlUI@2@@Z 0040fa14 f   DuiLib_d:DuiLib_d.dll
 0001:0000ea1a       ?AddAt@CListUI@DuiLib@@UAE_NPAVCControlUI@2@H@Z 0040fa1a f   DuiLib_d:DuiLib_d.dll
 0001:0000ea20       ?GetItemIndex@CListUI@DuiLib@@UBEHPAVCControlUI@2@@Z 0040fa20 f   DuiLib_d:DuiLib_d.dll
 0001:0000ea26       ?SetItemIndex@CListUI@DuiLib@@UAE_NPAVCControlUI@2@H@Z 0040fa26 f   DuiLib_d:DuiLib_d.dll
 0001:0000ea2c       ?Remove@CListUI@DuiLib@@UAE_NPAVCControlUI@2@@Z 0040fa2c f   DuiLib_d:DuiLib_d.dll
 0001:0000ea32       ??0CSize@DuiLib@@QAE@HH@Z  0040fa32 f   DuiLib_d:DuiLib_d.dll
 0001:0000ea38       ?SetAttribute@CListUI@DuiLib@@UAEXPBD0@Z 0040fa38 f   DuiLib_d:DuiLib_d.dll
 0001:0000ea3e       ??0CPaintManagerUI@DuiLib@@QAE@XZ 0040fa3e f   DuiLib_d:DuiLib_d.dll
 0001:0000ea44       ??0CStdString@DuiLib@@QAE@XZ 0040fa44 f   DuiLib_d:DuiLib_d.dll
 0001:0000ea4a       ??0CWindowWnd@DuiLib@@QAE@XZ 0040fa4a f   DuiLib_d:DuiLib_d.dll
 0001:0000ea50       ?GetClassStyle@CWindowWnd@DuiLib@@MBEIXZ 0040fa50 f   DuiLib_d:DuiLib_d.dll
 0001:0000ea56       ?Create@CWindowWnd@DuiLib@@QAEPAUHWND__@@PAU3@PBDKKUtagRECT@@PAUHMENU__@@@Z 0040fa56 f   DuiLib_d:DuiLib_d.dll
 0001:0000ea5c       ??0CRect@DuiLib@@QAE@XZ    0040fa5c f   DuiLib_d:DuiLib_d.dll
 0001:0000ea62       ?GetPaintWindow@CPaintManagerUI@DuiLib@@QBEPAUHWND__@@XZ 0040fa62 f   DuiLib_d:DuiLib_d.dll
 0001:0000ea68       ??4CStdString@DuiLib@@QAEABV01@PBD@Z 0040fa68 f   DuiLib_d:DuiLib_d.dll
 0001:0000ea6e       ?Invalidate@CListContainerElementUI@DuiLib@@QAEXXZ 0040fa6e f   DuiLib_d:DuiLib_d.dll
 0001:0000ea74       ?MessageHandler@CPaintManagerUI@DuiLib@@QAE_NIIJAAJ@Z 0040fa74 f   DuiLib_d:DuiLib_d.dll
 0001:0000ea7a       ??1CDialogBuilder@DuiLib@@QAE@XZ 0040fa7a f   DuiLib_d:DuiLib_d.dll
 0001:0000ea80       ?GetHeight@CRect@DuiLib@@QBEHXZ 0040fa80 f   DuiLib_d:DuiLib_d.dll
 0001:0000ea86       ?GetWidth@CRect@DuiLib@@QBEHXZ 0040fa86 f   DuiLib_d:DuiLib_d.dll
 0001:0000ea8c       ?GetInitSize@CPaintManagerUI@DuiLib@@QAE?AUtagSIZE@@XZ 0040fa8c f   DuiLib_d:DuiLib_d.dll
 0001:0000ea92       ?SetInitSize@CPaintManagerUI@DuiLib@@QAEXHH@Z 0040fa92 f   DuiLib_d:DuiLib_d.dll
 0001:0000ea98       ?Create@CDialogBuilder@DuiLib@@QAEPAVCControlUI@2@VSTRINGorID@2@PBDPAVIDialogBuilderCallback@2@PAVCPaintManagerUI@2@PAV32@@Z 0040fa98 f   DuiLib_d:DuiLib_d.dll
 0001:0000ea9e       ?GetData@CStdString@DuiLib@@QAEPBDXZ 0040fa9e f   DuiLib_d:DuiLib_d.dll
 0001:0000eaa4       ??0CDialogBuilder@DuiLib@@QAE@XZ 0040faa4 f   DuiLib_d:DuiLib_d.dll
 0001:0000eaaa       ?GetHWND@CWindowWnd@DuiLib@@QBEPAUHWND__@@XZ 0040faaa f   DuiLib_d:DuiLib_d.dll
 0001:0000eab0       ??0CRect@DuiLib@@QAE@ABUtagRECT@@@Z 0040fab0 f   DuiLib_d:DuiLib_d.dll
 0001:0000eab6       ?AttachDialog@CPaintManagerUI@DuiLib@@QAE_NPAVCControlUI@2@@Z 0040fab6 f   DuiLib_d:DuiLib_d.dll
 0001:0000eabc       ?SetBorderSize@CControlUI@DuiLib@@QAEXH@Z 0040fabc f   DuiLib_d:DuiLib_d.dll
 0001:0000eac2       ?SetBorderColor@CControlUI@DuiLib@@QAEXK@Z 0040fac2 f   DuiLib_d:DuiLib_d.dll
 0001:0000eac8       ?SetBkColor@CControlUI@DuiLib@@QAEXK@Z 0040fac8 f   DuiLib_d:DuiLib_d.dll
 0001:0000eace       ?ApplyAttributeList@CControlUI@DuiLib@@QAEPAV12@PBD@Z 0040face f   DuiLib_d:DuiLib_d.dll
 0001:0000ead4       ?GetDefaultAttributeList@CPaintManagerUI@DuiLib@@QBEPBDPBD@Z 0040fad4 f   DuiLib_d:DuiLib_d.dll
 0001:0000eada       ?UseParentResource@CPaintManagerUI@DuiLib@@QAE_NPAV12@@Z 0040fada f   DuiLib_d:DuiLib_d.dll
 0001:0000eae0       ?Init@CPaintManagerUI@DuiLib@@QAEXPAUHWND__@@@Z 0040fae0 f   DuiLib_d:DuiLib_d.dll
 0001:0000eae6       ??BCWindowWnd@DuiLib@@QBEPAUHWND__@@XZ 0040fae6 f   DuiLib_d:DuiLib_d.dll
 0001:0000eaec       ??1CListContainerElementUI@DuiLib@@UAE@XZ 0040faec f   DuiLib_d:DuiLib_d.dll
 0001:0000eaf2       ??0CListContainerElementUI@DuiLib@@QAE@XZ 0040faf2 f   DuiLib_d:DuiLib_d.dll
 0001:0000eaf8       ?GetControlFlags@CListContainerElementUI@DuiLib@@UBEIXZ 0040faf8 f   DuiLib_d:DuiLib_d.dll
 0001:0000eafe       ?SetPos@CContainerUI@DuiLib@@UAEXUtagRECT@@@Z 0040fafe f   DuiLib_d:DuiLib_d.dll
 0001:0000eb04       ?SetVisible@CListContainerElementUI@DuiLib@@UAEX_N@Z 0040fb04 f   DuiLib_d:DuiLib_d.dll
 0001:0000eb0a       ?SetEnabled@CListContainerElementUI@DuiLib@@UAEX_N@Z 0040fb0a f   DuiLib_d:DuiLib_d.dll
 0001:0000eb10       ?SetAttribute@CListContainerElementUI@DuiLib@@UAEXPBD0@Z 0040fb10 f   DuiLib_d:DuiLib_d.dll
 0001:0000eb16       ?DoPostPaint@CControlUI@DuiLib@@UAEXPAUHDC__@@ABUtagRECT@@@Z 0040fb16 f   DuiLib_d:DuiLib_d.dll
 0001:0000eb1c       ?GetChildPadding@CContainerUI@DuiLib@@UBEHXZ 0040fb1c f   DuiLib_d:DuiLib_d.dll
 0001:0000eb22       ?SetChildPadding@CContainerUI@DuiLib@@UAEXH@Z 0040fb22 f   DuiLib_d:DuiLib_d.dll
 0001:0000eb28       ?GetScrollPos@CContainerUI@DuiLib@@UBE?AUtagSIZE@@XZ 0040fb28 f   DuiLib_d:DuiLib_d.dll
 0001:0000eb2e       ?GetScrollRange@CContainerUI@DuiLib@@UBE?AUtagSIZE@@XZ 0040fb2e f   DuiLib_d:DuiLib_d.dll
 0001:0000eb34       ?SetScrollPos@CContainerUI@DuiLib@@UAEXUtagSIZE@@@Z 0040fb34 f   DuiLib_d:DuiLib_d.dll
 0001:0000eb3a       ?LineUp@CContainerUI@DuiLib@@UAEXXZ 0040fb3a f   DuiLib_d:DuiLib_d.dll
 0001:0000eb40       ?LineDown@CContainerUI@DuiLib@@UAEXXZ 0040fb40 f   DuiLib_d:DuiLib_d.dll
 0001:0000eb46       ?PageUp@CContainerUI@DuiLib@@UAEXXZ 0040fb46 f   DuiLib_d:DuiLib_d.dll
 0001:0000eb4c       ?PageDown@CContainerUI@DuiLib@@UAEXXZ 0040fb4c f   DuiLib_d:DuiLib_d.dll
 0001:0000eb52       ?HomeUp@CContainerUI@DuiLib@@UAEXXZ 0040fb52 f   DuiLib_d:DuiLib_d.dll
 0001:0000eb58       ?EndDown@CContainerUI@DuiLib@@UAEXXZ 0040fb58 f   DuiLib_d:DuiLib_d.dll
 0001:0000eb5e       ?LineLeft@CContainerUI@DuiLib@@UAEXXZ 0040fb5e f   DuiLib_d:DuiLib_d.dll
 0001:0000eb64       ?LineRight@CContainerUI@DuiLib@@UAEXXZ 0040fb64 f   DuiLib_d:DuiLib_d.dll
 0001:0000eb6a       ?PageLeft@CContainerUI@DuiLib@@UAEXXZ 0040fb6a f   DuiLib_d:DuiLib_d.dll
 0001:0000eb70       ?PageRight@CContainerUI@DuiLib@@UAEXXZ 0040fb70 f   DuiLib_d:DuiLib_d.dll
 0001:0000eb76       ?HomeLeft@CContainerUI@DuiLib@@UAEXXZ 0040fb76 f   DuiLib_d:DuiLib_d.dll
 0001:0000eb7c       ?EndRight@CContainerUI@DuiLib@@UAEXXZ 0040fb7c f   DuiLib_d:DuiLib_d.dll
 0001:0000eb82       ?EnableScrollBar@CContainerUI@DuiLib@@UAEX_N0@Z 0040fb82 f   DuiLib_d:DuiLib_d.dll
 0001:0000eb88       ?GetVerticalScrollBar@CContainerUI@DuiLib@@UBEPAVCScrollBarUI@2@XZ 0040fb88 f   DuiLib_d:DuiLib_d.dll
 0001:0000eb8e       ?GetHorizontalScrollBar@CContainerUI@DuiLib@@UBEPAVCScrollBarUI@2@XZ 0040fb8e f   DuiLib_d:DuiLib_d.dll
 0001:0000eb94       ?GetItemAt@CContainerUI@DuiLib@@UBEPAVCControlUI@2@H@Z 0040fb94 f   DuiLib_d:DuiLib_d.dll
 0001:0000eb9a       ?GetItemIndex@CContainerUI@DuiLib@@UBEHPAVCControlUI@2@@Z 0040fb9a f   DuiLib_d:DuiLib_d.dll
 0001:0000eba0       ?SetItemIndex@CContainerUI@DuiLib@@UAE_NPAVCControlUI@2@H@Z 0040fba0 f   DuiLib_d:DuiLib_d.dll
 0001:0000eba6       ?GetCount@CContainerUI@DuiLib@@UBEHXZ 0040fba6 f   DuiLib_d:DuiLib_d.dll
 0001:0000ebac       ?Add@CContainerUI@DuiLib@@UAE_NPAVCControlUI@2@@Z 0040fbac f   DuiLib_d:DuiLib_d.dll
 0001:0000ebb2       ?AddAt@CContainerUI@DuiLib@@UAE_NPAVCControlUI@2@H@Z 0040fbb2 f   DuiLib_d:DuiLib_d.dll
 0001:0000ebb8       ?Remove@CContainerUI@DuiLib@@UAE_NPAVCControlUI@2@@Z 0040fbb8 f   DuiLib_d:DuiLib_d.dll
 0001:0000ebbe       ?RemoveAt@CContainerUI@DuiLib@@UAE_NH@Z 0040fbbe f   DuiLib_d:DuiLib_d.dll
 0001:0000ebc4       ?RemoveAll@CContainerUI@DuiLib@@UAEXXZ 0040fbc4 f   DuiLib_d:DuiLib_d.dll
 0001:0000ebca       ?GetIndex@CListContainerElementUI@DuiLib@@UBEHXZ 0040fbca f   DuiLib_d:DuiLib_d.dll
 0001:0000ebd0       ?SetIndex@CListContainerElementUI@DuiLib@@UAEXH@Z 0040fbd0 f   DuiLib_d:DuiLib_d.dll
 0001:0000ebd6       ?GetOwner@CListContainerElementUI@DuiLib@@UAEPAVIListOwnerUI@2@XZ 0040fbd6 f   DuiLib_d:DuiLib_d.dll
 0001:0000ebdc       ?SetOwner@CListContainerElementUI@DuiLib@@UAEXPAVCControlUI@2@@Z 0040fbdc f   DuiLib_d:DuiLib_d.dll
 0001:0000ebe2       ?IsSelected@CListContainerElementUI@DuiLib@@UBE_NXZ 0040fbe2 f   DuiLib_d:DuiLib_d.dll
 0001:0000ebe8       ?Select@CListContainerElementUI@DuiLib@@UAE_N_N@Z 0040fbe8 f   DuiLib_d:DuiLib_d.dll
 0001:0000ebee       ?IsExpanded@CListContainerElementUI@DuiLib@@UBE_NXZ 0040fbee f   DuiLib_d:DuiLib_d.dll
 0001:0000ebf4       ?Expand@CListContainerElementUI@DuiLib@@UAE_N_N@Z 0040fbf4 f   DuiLib_d:DuiLib_d.dll
 0001:0000ebfa       ?GetInterface@CListContainerElementUI@DuiLib@@UAEPAXPBD@Z 0040fbfa f   DuiLib_d:DuiLib_d.dll
 0001:0000ec00       ?DrawItemBk@CListContainerElementUI@DuiLib@@QAEXPAUHDC__@@ABUtagRECT@@@Z 0040fc00 f   DuiLib_d:DuiLib_d.dll
 0001:0000ec06       ?DrawTextA@CRenderEngine@DuiLib@@SAXPAUHDC__@@PAVCPaintManagerUI@2@AAUtagRECT@@PBDKHI@Z 0040fc06 f   DuiLib_d:DuiLib_d.dll
 0001:0000ec0c       ?DrawHtmlText@CRenderEngine@DuiLib@@SAXPAUHDC__@@PAVCPaintManagerUI@2@AAUtagRECT@@PBDKPAU5@PAVCStdString@2@AAHI@Z 0040fc0c f   DuiLib_d:DuiLib_d.dll
 0001:0000ec12       ?IsEmpty@CStdString@DuiLib@@QBE_NXZ 0040fc12 f   DuiLib_d:DuiLib_d.dll
[...]
 0004:000009f0       __imp_?PageRight@CListUI@DuiLib@@UAEXXZ 0047f9f0     DuiLib_d:DuiLib_d.dll
 0004:000009f4       __imp_?HomeLeft@CListUI@DuiLib@@UAEXXZ 0047f9f4     DuiLib_d:DuiLib_d.dll
 0004:000009f8       __imp_?EndRight@CListUI@DuiLib@@UAEXXZ 0047f9f8     DuiLib_d:DuiLib_d.dll
 0004:000009fc       __imp_?EnableScrollBar@CListUI@DuiLib@@UAEX_N0@Z 0047f9fc     DuiLib_d:DuiLib_d.dll
 0004:00000a00       __imp_?GetVerticalScrollBar@CListUI@DuiLib@@UBEPAVCScrollBarUI@2@XZ 0047fa00     DuiLib_d:DuiLib_d.dll
 0004:00000a04       __imp_?GetHorizontalScrollBar@CListUI@DuiLib@@UBEPAVCScrollBarUI@2@XZ 0047fa04     DuiLib_d:DuiLib_d.dll
 0004:00000a08       __imp_?SetFloatPos@CContainerUI@DuiLib@@MAEXH@Z 0047fa08     DuiLib_d:DuiLib_d.dll
 0004:00000a0c       __imp_?ProcessScrollBar@CContainerUI@DuiLib@@MAEXUtagRECT@@HH@Z 0047fa0c     DuiLib_d:DuiLib_d.dll
 0004:00000a10       __imp_?GetItemAt@CListUI@DuiLib@@UBEPAVCControlUI@2@H@Z 0047fa10     DuiLib_d:DuiLib_d.dll
 0004:00000a14       __imp_?GetCount@CListUI@DuiLib@@UBEHXZ 0047fa14     DuiLib_d:DuiLib_d.dll
 0004:00000a18       __imp_?RemoveAt@CListUI@DuiLib@@UAE_NH@Z 0047fa18     DuiLib_d:DuiLib_d.dll
 0004:00000a1c       __imp_?RemoveAll@CListUI@DuiLib@@UAEXXZ 0047fa1c     DuiLib_d:DuiLib_d.dll
 0004:00000a20       __imp_?GetListInfo@CListUI@DuiLib@@UAEPAUtagTListInfoUI@2@XZ 0047fa20     DuiLib_d:DuiLib_d.dll
 0004:00000a24       __imp_?GetCurSel@CListUI@DuiLib@@UBEHXZ 0047fa24     DuiLib_d:DuiLib_d.dll
 0004:00000a28       __imp_?SelectItem@CListUI@DuiLib@@UAE_NH_N@Z 0047fa28     DuiLib_d:DuiLib_d.dll
 0004:00000a2c       __imp_?GetList@CListUI@DuiLib@@UBEPAVCContainerUI@2@XZ 0047fa2c     DuiLib_d:DuiLib_d.dll
 0004:00000a30       __imp_?GetTextCallback@CListUI@DuiLib@@UBEPAVIListCallbackUI@2@XZ 0047fa30     DuiLib_d:DuiLib_d.dll
 0004:00000a34       __imp_?SetTextCallback@CListUI@DuiLib@@UAEXPAVIListCallbackUI@2@@Z 0047fa34     DuiLib_d:DuiLib_d.dll
 0004:00000a38       __imp_?ExpandItem@CListUI@DuiLib@@UAE_NH_N@Z 0047fa38     DuiLib_d:DuiLib_d.dll
 0004:00000a3c       __imp_?GetExpandedItem@CListUI@DuiLib@@UBEHXZ 0047fa3c     DuiLib_d:DuiLib_d.dll
 0004:00000a40       __imp_?GetInterface@CListUI@DuiLib@@UAEPAXPBD@Z 0047fa40     DuiLib_d:DuiLib_d.dll
 0004:00000a44       __imp_?DoEvent@CListUI@DuiLib@@UAEXAAUtagTEventUI@2@@Z 0047fa44     DuiLib_d:DuiLib_d.dll
 0004:00000a48       __imp_?Add@CListUI@DuiLib@@UAE_NPAVCControlUI@2@@Z 0047fa48     DuiLib_d:DuiLib_d.dll
 0004:00000a4c       __imp_?AddAt@CListUI@DuiLib@@UAE_NPAVCControlUI@2@H@Z 0047fa4c     DuiLib_d:DuiLib_d.dll
 0004:00000a50       __imp_?GetItemIndex@CListUI@DuiLib@@UBEHPAVCControlUI@2@@Z 0047fa50     DuiLib_d:DuiLib_d.dll
 0004:00000a54       __imp_?SetItemIndex@CListUI@DuiLib@@UAE_NPAVCControlUI@2@H@Z 0047fa54     DuiLib_d:DuiLib_d.dll
 0004:00000a58       __imp_?Remove@CListUI@DuiLib@@UAE_NPAVCControlUI@2@@Z 0047fa58     DuiLib_d:DuiLib_d.dll
 0004:00000a5c       __imp_??0CSize@DuiLib@@QAE@HH@Z 0047fa5c     DuiLib_d:DuiLib_d.dll
 0004:00000a60       __imp_?SetAttribute@CListUI@DuiLib@@UAEXPBD0@Z 0047fa60     DuiLib_d:DuiLib_d.dll
 0004:00000a64       __imp_??0CPaintManagerUI@DuiLib@@QAE@XZ 0047fa64     DuiLib_d:DuiLib_d.dll
 0004:00000a68       __imp_??0CStdString@DuiLib@@QAE@XZ 0047fa68     DuiLib_d:DuiLib_d.dll
 0004:00000a6c       __imp_??0CWindowWnd@DuiLib@@QAE@XZ 0047fa6c     DuiLib_d:DuiLib_d.dll
 0004:00000a70       __imp_?GetClassStyle@CWindowWnd@DuiLib@@MBEIXZ 0047fa70     DuiLib_d:DuiLib_d.dll
 0004:00000a74       __imp_?Create@CWindowWnd@DuiLib@@QAEPAUHWND__@@PAU3@PBDKKUtagRECT@@PAUHMENU__@@@Z 0047fa74     DuiLib_d:DuiLib_d.dll
 0004:00000a78       __imp_??0CRect@DuiLib@@QAE@XZ 0047fa78     DuiLib_d:DuiLib_d.dll
 0004:00000a7c       __imp_?GetPaintWindow@CPaintManagerUI@DuiLib@@QBEPAUHWND__@@XZ 0047fa7c     DuiLib_d:DuiLib_d.dll
 0004:00000a80       __imp_?RemoveAll@CContainerUI@DuiLib@@UAEXXZ 0047fa80     DuiLib_d:DuiLib_d.dll
 0004:00000a84       __imp_?Invalidate@CListContainerElementUI@DuiLib@@QAEXXZ 0047fa84     DuiLib_d:DuiLib_d.dll
 0004:00000a88       __imp_?MessageHandler@CPaintManagerUI@DuiLib@@QAE_NIIJAAJ@Z 0047fa88     DuiLib_d:DuiLib_d.dll
 0004:00000a8c       __imp_??1CDialogBuilder@DuiLib@@QAE@XZ 0047fa8c     DuiLib_d:DuiLib_d.dll
 0004:00000a90       __imp_?GetHeight@CRect@DuiLib@@QBEHXZ 0047fa90     DuiLib_d:DuiLib_d.dll
 0004:00000a94       __imp_?GetWidth@CRect@DuiLib@@QBEHXZ 0047fa94     DuiLib_d:DuiLib_d.dll
 0004:00000a98       __imp_?GetInitSize@CPaintManagerUI@DuiLib@@QAE?AUtagSIZE@@XZ 0047fa98     DuiLib_d:DuiLib_d.dll
 0004:00000a9c       __imp_?SetInitSize@CPaintManagerUI@DuiLib@@QAEXHH@Z 0047fa9c     DuiLib_d:DuiLib_d.dll
 0004:00000aa0       __imp_?Create@CDialogBuilder@DuiLib@@QAEPAVCControlUI@2@VSTRINGorID@2@PBDPAVIDialogBuilderCallback@2@PAVCPaintManagerUI@2@PAV32@@Z 0047faa0     DuiLib_d:DuiLib_d.dll
 0004:00000aa4       __imp_?GetData@CStdString@DuiLib@@QAEPBDXZ 0047faa4     DuiLib_d:DuiLib_d.dll
 0004:00000aa8       __imp_??0CDialogBuilder@DuiLib@@QAE@XZ 0047faa8     DuiLib_d:DuiLib_d.dll
 0004:00000aac       __imp_?GetHWND@CWindowWnd@DuiLib@@QBEPAUHWND__@@XZ 0047faac     DuiLib_d:DuiLib_d.dll
 0004:00000ab0       __imp_??0CRect@DuiLib@@QAE@ABUtagRECT@@@Z 0047fab0     DuiLib_d:DuiLib_d.dll
 0004:00000ab4       __imp_?AttachDialog@CPaintManagerUI@DuiLib@@QAE_NPAVCControlUI@2@@Z 0047fab4     DuiLib_d:DuiLib_d.dll
 0004:00000ab8       __imp_?SetBorderSize@CControlUI@DuiLib@@QAEXH@Z 0047fab8     DuiLib_d:DuiLib_d.dll
 0004:00000abc       __imp_?SetBorderColor@CControlUI@DuiLib@@QAEXK@Z 0047fabc     DuiLib_d:DuiLib_d.dll
 0004:00000ac0       __imp_?SetBkColor@CControlUI@DuiLib@@QAEXK@Z 0047fac0     DuiLib_d:DuiLib_d.dll
 0004:00000ac4       __imp_?ApplyAttributeList@CControlUI@DuiLib@@QAEPAV12@PBD@Z 0047fac4     DuiLib_d:DuiLib_d.dll
 0004:00000ac8       __imp_?GetDefaultAttributeList@CPaintManagerUI@DuiLib@@QBEPBDPBD@Z 0047fac8     DuiLib_d:DuiLib_d.dll
 0004:00000acc       __imp_?UseParentResource@CPaintManagerUI@DuiLib@@QAE_NPAV12@@Z 0047facc     DuiLib_d:DuiLib_d.dll
 0004:00000ad0       __imp_?Init@CPaintManagerUI@DuiLib@@QAEXPAUHWND__@@@Z 0047fad0     DuiLib_d:DuiLib_d.dll
 0004:00000ad4       __imp_??BCWindowWnd@DuiLib@@QBEPAUHWND__@@XZ 0047fad4     DuiLib_d:DuiLib_d.dll
 0004:00000ad8       __imp_??1CListContainerElementUI@DuiLib@@UAE@XZ 0047fad8     DuiLib_d:DuiLib_d.dll
 0004:00000adc       __imp_??0CListContainerElementUI@DuiLib@@QAE@XZ 0047fadc     DuiLib_d:DuiLib_d.dll
 0004:00000ae0       __imp_?GetControlFlags@CListContainerElementUI@DuiLib@@UBEIXZ 0047fae0     DuiLib_d:DuiLib_d.dll
 0004:00000ae4       __imp_?SetPos@CContainerUI@DuiLib@@UAEXUtagRECT@@@Z 0047fae4     DuiLib_d:DuiLib_d.dll
 0004:00000ae8       __imp_?SetVisible@CListContainerElementUI@DuiLib@@UAEX_N@Z 0047fae8     DuiLib_d:DuiLib_d.dll
 0004:00000aec       __imp_?SetEnabled@CListContainerElementUI@DuiLib@@UAEX_N@Z 0047faec     DuiLib_d:DuiLib_d.dll
 0004:00000af0       __imp_?SetAttribute@CListContainerElementUI@DuiLib@@UAEXPBD0@Z 0047faf0     DuiLib_d:DuiLib_d.dll
 0004:00000af4       __imp_?DoPostPaint@CControlUI@DuiLib@@UAEXPAUHDC__@@ABUtagRECT@@@Z 0047faf4     DuiLib_d:DuiLib_d.dll
 0004:00000af8       __imp_?GetChildPadding@CContainerUI@DuiLib@@UBEHXZ 0047faf8     DuiLib_d:DuiLib_d.dll
 0004:00000afc       __imp_?SetChildPadding@CContainerUI@DuiLib@@UAEXH@Z 0047fafc     DuiLib_d:DuiLib_d.dll
 0004:00000b00       __imp_?GetScrollPos@CContainerUI@DuiLib@@UBE?AUtagSIZE@@XZ 0047fb00     DuiLib_d:DuiLib_d.dll
 0004:00000b04       __imp_?GetScrollRange@CContainerUI@DuiLib@@UBE?AUtagSIZE@@XZ 0047fb04     DuiLib_d:DuiLib_d.dll
 0004:00000b08       __imp_?SetScrollPos@CContainerUI@DuiLib@@UAEXUtagSIZE@@@Z 0047fb08     DuiLib_d:DuiLib_d.dll
 0004:00000b0c       __imp_?LineUp@CContainerUI@DuiLib@@UAEXXZ 0047fb0c     DuiLib_d:DuiLib_d.dll
 0004:00000b10       __imp_?LineDown@CContainerUI@DuiLib@@UAEXXZ 0047fb10     DuiLib_d:DuiLib_d.dll
 0004:00000b14       __imp_?PageUp@CContainerUI@DuiLib@@UAEXXZ 0047fb14     DuiLib_d:DuiLib_d.dll
 0004:00000b18       __imp_?PageDown@CContainerUI@DuiLib@@UAEXXZ 0047fb18     DuiLib_d:DuiLib_d.dll
 0004:00000b1c       __imp_?HomeUp@CContainerUI@DuiLib@@UAEXXZ 0047fb1c     DuiLib_d:DuiLib_d.dll
 0004:00000b20       __imp_?EndDown@CContainerUI@DuiLib@@UAEXXZ 0047fb20     DuiLib_d:DuiLib_d.dll
 0004:00000b24       __imp_?LineLeft@CContainerUI@DuiLib@@UAEXXZ 0047fb24     DuiLib_d:DuiLib_d.dll
 0004:00000b28       __imp_?LineRight@CContainerUI@DuiLib@@UAEXXZ 0047fb28     DuiLib_d:DuiLib_d.dll
 0004:00000b2c       __imp_?PageLeft@CContainerUI@DuiLib@@UAEXXZ 0047fb2c     DuiLib_d:DuiLib_d.dll
 0004:00000b30       __imp_?PageRight@CContainerUI@DuiLib@@UAEXXZ 0047fb30     DuiLib_d:DuiLib_d.dll
 0004:00000b34       __imp_?HomeLeft@CContainerUI@DuiLib@@UAEXXZ 0047fb34     DuiLib_d:DuiLib_d.dll
 0004:00000b38       __imp_?EndRight@CContainerUI@DuiLib@@UAEXXZ 0047fb38     DuiLib_d:DuiLib_d.dll
 0004:00000b3c       __imp_?EnableScrollBar@CContainerUI@DuiLib@@UAEX_N0@Z 0047fb3c     DuiLib_d:DuiLib_d.dll
 0004:00000b40       __imp_?GetVerticalScrollBar@CContainerUI@DuiLib@@UBEPAVCScrollBarUI@2@XZ 0047fb40     DuiLib_d:DuiLib_d.dll
 0004:00000b44       __imp_?GetHorizontalScrollBar@CContainerUI@DuiLib@@UBEPAVCScrollBarUI@2@XZ 0047fb44     DuiLib_d:DuiLib_d.dll
 0004:00000b48       __imp_?GetItemAt@CContainerUI@DuiLib@@UBEPAVCControlUI@2@H@Z 0047fb48     DuiLib_d:DuiLib_d.dll
 0004:00000b4c       __imp_?GetItemIndex@CContainerUI@DuiLib@@UBEHPAVCControlUI@2@@Z 0047fb4c     DuiLib_d:DuiLib_d.dll
 0004:00000b50       __imp_?SetItemIndex@CContainerUI@DuiLib@@UAE_NPAVCControlUI@2@H@Z 0047fb50     DuiLib_d:DuiLib_d.dll
 0004:00000b54       __imp_?GetCount@CContainerUI@DuiLib@@UBEHXZ 0047fb54     DuiLib_d:DuiLib_d.dll
 0004:00000b58       __imp_?Add@CContainerUI@DuiLib@@UAE_NPAVCControlUI@2@@Z 0047fb58     DuiLib_d:DuiLib_d.dll
 0004:00000b5c       __imp_?AddAt@CContainerUI@DuiLib@@UAE_NPAVCControlUI@2@H@Z 0047fb5c     DuiLib_d:DuiLib_d.dll
 0004:00000b60       __imp_?Remove@CContainerUI@DuiLib@@UAE_NPAVCControlUI@2@@Z 0047fb60     DuiLib_d:DuiLib_d.dll
 0004:00000b64       __imp_?RemoveAt@CContainerUI@DuiLib@@UAE_NH@Z 0047fb64     DuiLib_d:DuiLib_d.dll
 0004:00000b68       \177DuiLib_d_NULL_THUNK_DATA 0047fb68     DuiLib_d:DuiLib_d.dll
 0004:00000c4c       __imp__CreateRoundRectRgn@24 0047fc4c     gdi32:GDI32.dll
 0004:00000c50       __imp__DeleteObject@4      0047fc50     gdi32:GDI32.dll
 0004:00000c54       \177GDI32_NULL_THUNK_DATA  0047fc54     gdi32:GDI32.dll
 0004:00000c80       __imp__GetModuleFileNameA@12 0047fc80     kernel32:KERNEL32.dll
 0004:00000c84       __imp__GetSystemTimeAsFileTime@4 0047fc84     kernel32:KERNEL32.dll
 0004:00000c88       __imp__FreeEnvironmentStringsW@4 0047fc88     kernel32:KERNEL32.dll
 0004:00000c8c       __imp__GetEnvironmentStringsW@0 0047fc8c     kernel32:KERNEL32.dll
 0004:00000c90       __imp__HeapCreate@12       0047fc90     kernel32:KERNEL32.dll
 0004:00000c94       __imp__HeapDestroy@4       0047fc94     kernel32:KERNEL32.dll
 0004:00000c98       __imp__HeapFree@12         0047fc98     kernel32:KERNEL32.dll
 0004:00000c9c       __imp__HeapAlloc@12        0047fc9c     kernel32:KERNEL32.dll
 0004:00000ca0       __imp__GetProcessHeap@0    0047fca0     kernel32:KERNEL32.dll
 0004:00000ca4       __imp__VirtualQuery@12     0047fca4     kernel32:KERNEL32.dll
 0004:00000ca8       __imp__FreeLibrary@4       0047fca8     kernel32:KERNEL32.dll
 0004:00000cac       __imp__HeapReAlloc@16      0047fcac     kernel32:KERNEL32.dll
 0004:00000cb0       __imp__HeapSize@12         0047fcb0     kernel32:KERNEL32.dll
 0004:00000cb4       __imp__HeapQueryInformation@20 0047fcb4     kernel32:KERNEL32.dll
 0004:00000cb8       __imp__SetStdHandle@8      0047fcb8     kernel32:KERNEL32.dll
 0004:00000cbc       __imp__CreateFileA@28      0047fcbc     kernel32:KERNEL32.dll
 0004:00000cc0       __imp__GetStringTypeW@16   0047fcc0     kernel32:KERNEL32.dll
 0004:00000cc4       __imp__CreateFileW@28      0047fcc4     kernel32:KERNEL32.dll
 0004:00000cc8       __imp__SetEndOfFile@4      0047fcc8     kernel32:KERNEL32.dll
 0004:00000ccc       __imp__ReadFile@20         0047fccc     kernel32:KERNEL32.dll
 0004:00000cd0       __imp__GetLocaleInfoA@16   0047fcd0     kernel32:KERNEL32.dll
 0004:00000cd4       __imp__IsValidLocale@8     0047fcd4     kernel32:KERNEL32.dll
 0004:00000cd8       __imp__EnumSystemLocalesA@8 0047fcd8     kernel32:KERNEL32.dll
 0004:00000cdc       __imp__GetLocalTime@4      0047fcdc     kernel32:KERNEL32.dll
 0004:00000ce0       __imp__GetTickCount@0      0047fce0     kernel32:KERNEL32.dll
 0004:00000ce4       __imp__OutputDebugStringA@4 0047fce4     kernel32:KERNEL32.dll
 0004:00000ce8       __imp__LeaveCriticalSection@4 0047fce8     kernel32:KERNEL32.dll
 0004:00000cec       __imp__EnterCriticalSection@4 0047fcec     kernel32:KERNEL32.dll
 0004:00000cf0       __imp__DeleteCriticalSection@4 0047fcf0     kernel32:KERNEL32.dll
 0004:00000cf4       __imp__GetVersionExA@4     0047fcf4     kernel32:KERNEL32.dll
 0004:00000cf8       __imp__InitializeCriticalSection@4 0047fcf8     kernel32:KERNEL32.dll
 0004:00000cfc       __imp__InterlockedIncrement@4 0047fcfc     kernel32:KERNEL32.dll
 0004:00000d00       __imp__InterlockedDecrement@4 0047fd00     kernel32:KERNEL32.dll
 0004:00000d04       __imp__Sleep@4             0047fd04     kernel32:KERNEL32.dll
 0004:00000d08       __imp__InterlockedExchange@8 0047fd08     kernel32:KERNEL32.dll
 0004:00000d0c       __imp__RtlUnwind@16        0047fd0c     kernel32:KERNEL32.dll
 0004:00000d10       __imp__EncodePointer@4     0047fd10     kernel32:KERNEL32.dll
 0004:00000d14       __imp__DecodePointer@4     0047fd14     kernel32:KERNEL32.dll
 0004:00000d18       __imp__RaiseException@16   0047fd18     kernel32:KERNEL32.dll
 0004:00000d1c       __imp__GetModuleFileNameW@12 0047fd1c     kernel32:KERNEL32.dll
 0004:00000d20       __imp__TerminateProcess@8  0047fd20     kernel32:KERNEL32.dll
 0004:00000d24       __imp__GetCurrentProcess@0 0047fd24     kernel32:KERNEL32.dll
 0004:00000d28       __imp__UnhandledExceptionFilter@4 0047fd28     kernel32:KERNEL32.dll
 0004:00000d2c       __imp__SetUnhandledExceptionFilter@4 0047fd2c     kernel32:KERNEL32.dll
 0004:00000d30       __imp__IsDebuggerPresent@0 0047fd30     kernel32:KERNEL32.dll
 0004:00000d34       __imp__GetCommandLineA@0   0047fd34     kernel32:KERNEL32.dll
 0004:00000d38       __imp__HeapSetInformation@16 0047fd38     kernel32:KERNEL32.dll
 0004:00000d3c       __imp__GetStartupInfoW@4   0047fd3c     kernel32:KERNEL32.dll
 0004:00000d40       __imp__WideCharToMultiByte@32 0047fd40     kernel32:KERNEL32.dll
 0004:00000d44       __imp__MultiByteToWideChar@24 0047fd44     kernel32:KERNEL32.dll
 0004:00000d48       __imp__lstrlenA@4          0047fd48     kernel32:KERNEL32.dll
 0004:00000d4c       __imp__GetProcAddress@8    0047fd4c     kernel32:KERNEL32.dll
 0004:00000d50       __imp__LoadLibraryW@4      0047fd50     kernel32:KERNEL32.dll
 0004:00000d54       __imp__IsProcessorFeaturePresent@4 0047fd54     kernel32:KERNEL32.dll
 0004:00000d58       __imp__HeapValidate@12     0047fd58     kernel32:KERNEL32.dll
 0004:00000d5c       __imp__IsBadReadPtr@8      0047fd5c     kernel32:KERNEL32.dll
 0004:00000d60       __imp__GetLastError@0      0047fd60     kernel32:KERNEL32.dll
 0004:00000d64       __imp__FlushFileBuffers@4  0047fd64     kernel32:KERNEL32.dll
 0004:00000d68       __imp__WriteFile@20        0047fd68     kernel32:KERNEL32.dll
 0004:00000d6c       __imp__GetConsoleCP@0      0047fd6c     kernel32:KERNEL32.dll
 0004:00000d70       __imp__GetConsoleMode@8    0047fd70     kernel32:KERNEL32.dll
 0004:00000d74       __imp__InitializeCriticalSectionAndSpinCount@8 0047fd74     kernel32:KERNEL32.dll
 0004:00000d78       __imp__FatalAppExitA@8     0047fd78     kernel32:KERNEL32.dll
 0004:00000d7c       __imp__SetHandleCount@4    0047fd7c     kernel32:KERNEL32.dll
 0004:00000d80       __imp__GetStdHandle@4      0047fd80     kernel32:KERNEL32.dll
 0004:00000d84       __imp__GetFileType@4       0047fd84     kernel32:KERNEL32.dll
 0004:00000d88       __imp__CloseHandle@4       0047fd88     kernel32:KERNEL32.dll
 0004:00000d8c       __imp__SetFilePointer@16   0047fd8c     kernel32:KERNEL32.dll
 0004:00000d90       __imp__TlsAlloc@0          0047fd90     kernel32:KERNEL32.dll
 0004:00000d94       __imp__TlsGetValue@4       0047fd94     kernel32:KERNEL32.dll
 0004:00000d98       __imp__TlsSetValue@8       0047fd98     kernel32:KERNEL32.dll
 0004:00000d9c       __imp__GetCurrentThreadId@0 0047fd9c     kernel32:KERNEL32.dll
 0004:00000da0       __imp__TlsFree@4           0047fda0     kernel32:KERNEL32.dll
 0004:00000da4       __imp__GetModuleHandleW@4  0047fda4     kernel32:KERNEL32.dll
 0004:00000da8       __imp__SetLastError@4      0047fda8     kernel32:KERNEL32.dll
 0004:00000dac       __imp__GetCurrentThread@0  0047fdac     kernel32:KERNEL32.dll
 0004:00000db0       __imp__ExitProcess@4       0047fdb0     kernel32:KERNEL32.dll
 0004:00000db4       __imp__LCMapStringW@24     0047fdb4     kernel32:KERNEL32.dll
 0004:00000db8       __imp__GetACP@0            0047fdb8     kernel32:KERNEL32.dll
 0004:00000dbc       __imp__GetOEMCP@0          0047fdbc     kernel32:KERNEL32.dll
 0004:00000dc0       __imp__GetCPInfo@8         0047fdc0     kernel32:KERNEL32.dll
 0004:00000dc4       __imp__IsValidCodePage@4   0047fdc4     kernel32:KERNEL32.dll
 0004:00000dc8       __imp__GetLocaleInfoW@16   0047fdc8     kernel32:KERNEL32.dll
 0004:00000dcc       __imp__WriteConsoleW@20    0047fdcc     kernel32:KERNEL32.dll
 0004:00000dd0       __imp__OutputDebugStringW@4 0047fdd0     kernel32:KERNEL32.dll
 0004:00000dd4       __imp__SetConsoleCtrlHandler@8 0047fdd4     kernel32:KERNEL32.dll
 0004:00000dd8       __imp__QueryPerformanceCounter@4 0047fdd8     kernel32:KERNEL32.dll
 0004:00000ddc       __imp__GetCurrentProcessId@0 0047fddc     kernel32:KERNEL32.dll
 0004:00000de0       __imp__GetUserDefaultLCID@0 0047fde0     kernel32:KERNEL32.dll
 0004:00000de4       \177KERNEL32_NULL_THUNK_DATA 0047fde4     kernel32:KERNEL32.dll
 0004:00000e54       __imp__PostQuitMessage@4   0047fe54     user32:USER32.dll
 0004:00000e58       __imp__SetWindowRgn@12     0047fe58     user32:USER32.dll
 0004:00000e5c       __imp__ScreenToClient@8    0047fe5c     user32:USER32.dll
 0004:00000e60       __imp__IsIconic@4          0047fe60     user32:USER32.dll
 0004:00000e64       __imp__IntersectRect@12    0047fe64     user32:USER32.dll
 0004:00000e68       __imp__GetWindowLongA@8    0047fe68     user32:USER32.dll
 0004:00000e6c       __imp__SetWindowLongA@12   0047fe6c     user32:USER32.dll
 0004:00000e70       __imp__GetClientRect@8     0047fe70     user32:USER32.dll
 0004:00000e74       __imp__SetWindowPos@28     0047fe74     user32:USER32.dll
 0004:00000e78       __imp__MonitorFromWindow@8 0047fe78     user32:USER32.dll
 0004:00000e7c       __imp__GetMonitorInfoA@8   0047fe7c     user32:USER32.dll
 0004:00000e80       __imp__GetWindowRect@8     0047fe80     user32:USER32.dll
 0004:00000e84       __imp__MapWindowPoints@16  0047fe84     user32:USER32.dll
 0004:00000e88       __imp__MoveWindow@24       0047fe88     user32:USER32.dll
 0004:00000e8c       __imp__SetForegroundWindow@4 0047fe8c     user32:USER32.dll
 0004:00000e90       __imp__ShowWindow@8        0047fe90     user32:USER32.dll
 0004:00000e94       __imp__SendMessageA@16     0047fe94     user32:USER32.dll
 0004:00000e98       __imp__GetParent@4         0047fe98     user32:USER32.dll
 0004:00000e9c       __imp__ClientToScreen@8    0047fe9c     user32:USER32.dll
 0004:00000ea0       __imp__IsZoomed@4          0047fea0     user32:USER32.dll
 0004:00000ea4       \177USER32_NULL_THUNK_DATA 0047fea4     user32:USER32.dll
 0004:00000ee0       __imp__CoInitialize@4      0047fee0     ole32:ole32.dll
 0004:00000ee4       \177ole32_NULL_THUNK_DATA  0047fee4     ole32:ole32.dll

 entry point at        0001:00014950

