 FlashDemo_d

 Timestamp is 51e76642 (Thu Jul 18 11:51:30 2013)

 Preferred load address is 00400000

 Start         Length     Name                   Class
 0001:00000000 00054ff4H .text                   CODE
 0001:00055000 00001300H .text$x                 CODE
 0001:00056300 00001037H .text$yc                CODE
 0001:00057340 0000103dH .text$yd                CODE
 0002:00000000 00000104H .CRT$XCA                DATA
 0002:00000104 00000104H .CRT$XCU                DATA
 0002:00000208 00000104H .CRT$XCZ                DATA
 0002:0000030c 00000104H .CRT$XIA                DATA
 0002:00000410 00000113H .CRT$XIC                DATA
 0002:00000524 00000104H .CRT$XIY                DATA
 0002:00000628 00000104H .CRT$XIZ                DATA
 0002:0000072c 00000104H .CRT$XPA                DATA
 0002:00000830 00000109H .CRT$XPX                DATA
 0002:0000093c 00000104H .CRT$XPXA               DATA
 0002:00000a40 00000104H .CRT$XPZ                DATA
 0002:00000b44 00000104H .CRT$XTA                DATA
 0002:00000c48 00000104H .CRT$XTZ                DATA
 0002:00000d50 0000db2eH .rdata                  DATA
 0002:0000e880 00000152H .rdata$debug            DATA
 0002:0000e9d4 000004b5H .rdata$r                DATA
 0002:0000ee90 00000148H .rdata$sxdata           DATA
 0002:0000efd8 00000104H .rtc$IAA                DATA
 0002:0000f0dc 0000011cH .rtc$IMZ                DATA
 0002:0000f1f8 00000104H .rtc$IZZ                DATA
 0002:0000f2fc 00000104H .rtc$TAA                DATA
 0002:0000f400 0000011cH .rtc$TMZ                DATA
 0002:0000f51c 00000104H .rtc$TZZ                DATA
 0002:0000f620 00000fd3H .xdata$x                DATA
 0002:000105f3 00000000H .edata                  DATA
 0003:00000000 00001759H .data                   DATA
 0003:00001760 000022ecH .bss                    DATA
 0004:00000000 00000078H .idata$2                DATA
 0004:00000078 00000014H .idata$3                DATA
 0004:0000008c 00000384H .idata$4                DATA
 0004:00000410 00000384H .idata$5                DATA
 0004:00000794 00000f74H .idata$6                DATA
 0005:00000000 00000169H .rsrc$01                DATA
 0005:00000170 00000439H .rsrc$02                DATA

  Address         Publics by Value              Rva+Base       Lib:Object

 0000:00000000       __except_list              00000000     <absolute>
 0000:0000000f       ___safe_se_handler_count   0000000f     <absolute>
 0000:00000000       ___ImageBase               00400000     <linker-defined>
 0001:00000140       _WinMain@16                00401140 f   App.obj
 0001:000003a0       ??0CFrameWnd@@QAE@XZ       004013a0 f i App.obj
 0001:00000420       ?GetWindowClassName@CFrameWnd@@UBEPBDXZ 00401420 f i App.obj
 0001:00000440       ?GetClassStyle@CFrameWnd@@UBEIXZ 00401440 f i App.obj
 0001:00000460       ?OnFinalMessage@CFrameWnd@@UAEXPAUHWND__@@@Z 00401460 f i App.obj
 0001:000004d0       ?Notify@CFrameWnd@@UAEXAAUtagTNotifyUI@DuiLib@@@Z 004014d0 f i App.obj
 0001:00000b90       ??0_bstr_t@@QAE@PBD@Z      00401b90 f i App.obj
 0001:00000c70       ??1_bstr_t@@QAE@XZ         00401c70 f i App.obj
 0001:00000ca0       ??B_bstr_t@@QBEPA_WXZ      00401ca0 f i App.obj
 0001:00000d00       ?_Free@_bstr_t@@AAEXXZ     00401d00 f i App.obj
 0001:00000d50       ??0Data_t@_bstr_t@@QAE@PBD@Z 00401d50 f i App.obj
 0001:00000db0       ?Release@Data_t@_bstr_t@@QAEKXZ 00401db0 f i App.obj
 0001:00000e50       ??_GData_t@_bstr_t@@AAEPAXI@Z 00401e50 f i App.obj
 0001:00000ea0       ?GetWString@Data_t@_bstr_t@@QAEAAPA_WXZ 00401ea0 f i App.obj
 0001:00000ec0       ??2Data_t@_bstr_t@@SAPAXI@Z 00401ec0 f i App.obj
 0001:00000ee0       ??1Data_t@_bstr_t@@AAE@XZ  00401ee0 f i App.obj
 0001:00000f10       ?_Free@Data_t@_bstr_t@@AAEXXZ 00401f10 f i App.obj
 0001:00000f90       ?HandleMessage@CFrameWnd@@UAEJIIJ@Z 00401f90 f i App.obj
 0001:000012d0       ?OnCreate@CFrameWnd@@QAEJIIJAAH@Z 004022d0 f i App.obj
 0001:00001590       ??0STRINGorID@DuiLib@@QAE@PBD@Z 00402590 f i App.obj
 0001:000015c0       ?Init@CFrameWnd@@QAEXXZ    004025c0 f i App.obj
 0001:000015e0       ?OnDestroy@CFrameWnd@@QAEJIIJAAH@Z 004025e0 f i App.obj
 0001:00001630       ?OnNcActivate@CFrameWnd@@QAEJIIJAAH@Z 00402630 f i App.obj
 0001:000016a0       ?OnNcCalcSize@CFrameWnd@@QAEJIIJAAH@Z 004026a0 f i App.obj
 0001:000016c0       ?OnNcPaint@CFrameWnd@@QAEJIIJAAH@Z 004026c0 f i App.obj
 0001:000016e0       ?OnNcHitTest@CFrameWnd@@QAEJIIJAAH@Z 004026e0 f i App.obj
 0001:00001900       __tcscmp                   00402900 f i App.obj
 0001:00001930       ?OnSize@CFrameWnd@@QAEJIIJAAH@Z 00402930 f i App.obj
 0001:00001b60       ??0INotifyUI@DuiLib@@QAE@XZ 00402b60 f i App.obj
 0001:00001b90       ??_GCFrameWnd@@QAEPAXI@Z   00402b90 f i App.obj
 0001:00001be0       ??1CFrameWnd@@QAE@XZ       00402be0 f i App.obj
 0001:00001c20       ?_set_com_error_handler@@YGXP6GXJPAUIErrorInfo@@@Z@Z 00402c20 f   comsuppwd:comsupp.obj
 0001:00001c40       ?_com_issue_error@@YGXJ@Z  00402c40 f   comsuppwd:comsupp.obj
 0001:00001c70       ?_com_issue_errorex@@YGXJPAUIUnknown@@ABU_GUID@@@Z 00402c70 f   comsuppwd:comsupp.obj
 0001:00001da0       ?_com_dispatch_method@@YAJPAUIDispatch@@JGGPAXPB_WZZ 00402da0 f   comsuppwd:comsupp.obj
 0001:00001e60       ?_com_dispatch_propget@@YGJPAUIDispatch@@JGPAX@Z 00402e60 f   comsuppwd:comsupp.obj
 0001:00001e90       ?_com_dispatch_propput@@YAJPAUIDispatch@@JGZZ 00402e90 f   comsuppwd:comsupp.obj
 0001:00001f90       ?ConvertStringToBSTR@_com_util@@YGPA_WPBD@Z 00402f90 f   comsuppwd:comutil.obj
 0001:000021f0       ?HRESULT_FROM_WIN32@@YGJK@Z 004031f0 f i comsuppwd:comutil.obj
 0001:00002230       ?ConvertBSTRToString@_com_util@@YGPADPA_W@Z 00403230 f   comsuppwd:comutil.obj
 0001:000023e0       ??0_variant_t@@QAE@JG@Z    004033e0 f i comsuppwd:comutil.obj
 0001:00002490       ??1_variant_t@@QAE@XZ      00403490 f i comsuppwd:comutil.obj
 0001:000024d0       ?_com_raise_error@@YGXJPAUIErrorInfo@@@Z 004034d0 f   comsuppwd:comraise.obj
 0001:00002520       ??0_com_error@@QAE@JPAUIErrorInfo@@_N@Z 00403520 f i comsuppwd:comraise.obj
 0001:000025a0       ??_G_com_error@@UAEPAXI@Z  004035a0 f i comsuppwd:comraise.obj
 0001:000025a0       ??_E_com_error@@UAEPAXI@Z  004035a0 f i comsuppwd:comraise.obj
 0001:000025e0       ??0_com_error@@QAE@ABV0@@Z 004035e0 f i comsuppwd:comraise.obj
 0001:00002660       ??1_com_error@@UAE@XZ      00403660 f i comsuppwd:comraise.obj
 0001:000026d0       ?_com_invoke_helper@@YAJPAUIDispatch@@JGGPAXPB_WPADPAPAUIErrorInfo@@@Z 004036d0 f   comsuppwd:invkprxy.obj
 0001:000036d0       ?_com_dispatch_raw_method@@YAJPAUIDispatch@@JGGPAXPB_WZZ 004046d0 f   comsuppwd:invkprxy.obj
 0001:00003790       ?_com_dispatch_raw_propget@@YGJPAUIDispatch@@JGPAX@Z 00404790 f   comsuppwd:invkprxy.obj
 0001:000037c0       ?_com_dispatch_raw_propput@@YAJPAUIDispatch@@JGZZ 004047c0 f   comsuppwd:invkprxy.obj
 0001:000038c0       ?_com_handle_excepinfo@@YGJAAUtagEXCEPINFO@@PAPAUIErrorInfo@@@Z 004048c0 f   comsuppwd:invkerr.obj
 0001:00003ae0       ?WCodeToHRESULT@_com_error@@SGJG@Z 00404ae0 f i comsuppwd:invkerr.obj
 0001:00003b18       _InterlockedDecrement@4    00404b18 f   kernel32:KERNEL32.dll
 0001:00003b1e       _GetLastError@0            00404b1e f   kernel32:KERNEL32.dll
 0001:00003b24       _MultiByteToWideChar@24    00404b24 f   kernel32:KERNEL32.dll
 0001:00003b2a       _lstrlenA@4                00404b2a f   kernel32:KERNEL32.dll
 0001:00003b30       _WideCharToMultiByte@32    00404b30 f   kernel32:KERNEL32.dll
 0001:00003b36       _LocalFree@4               00404b36 f   kernel32:KERNEL32.dll
 0001:00003b3c       _lstrlenW@4                00404b3c f   kernel32:KERNEL32.dll
 0001:00003b42       _PostQuitMessage@4         00404b42 f   user32:USER32.dll
 0001:00003b48       _SetWindowLongA@12         00404b48 f   user32:USER32.dll
 0001:00003b4e       _GetWindowLongA@8          00404b4e f   user32:USER32.dll
 0001:00003b54       _IsIconic@4                00404b54 f   user32:USER32.dll
 0001:00003b5a       _GetClientRect@8           00404b5a f   user32:USER32.dll
 0001:00003b60       _ScreenToClient@8          00404b60 f   user32:USER32.dll
 0001:00003b66       _SetWindowRgn@12           00404b66 f   user32:USER32.dll
 0001:00003b6c       _GetWindowRect@8           00404b6c f   user32:USER32.dll
 0001:00003b72       _DeleteObject@4            00404b72 f   gdi32:GDI32.dll
 0001:00003b78       _CreateRoundRectRgn@24     00404b78 f   gdi32:GDI32.dll
 0001:00003b7e       _CoUninitialize@0          00404b7e f   ole32:ole32.dll
 0001:00003b84       _CoInitialize@4            00404b84 f   ole32:ole32.dll
 0001:00003b8a       _SysFreeString@4           00404b8a f   oleaut32:OLEAUT32.dll
 0001:00003b90       _GetErrorInfo@8            00404b90 f   oleaut32:OLEAUT32.dll
 0001:00003b96       _SysAllocString@4          00404b96 f   oleaut32:OLEAUT32.dll
 0001:00003b9c       _VariantClear@4            00404b9c f   oleaut32:OLEAUT32.dll
 0001:00003ba2       _VariantChangeType@16      00404ba2 f   oleaut32:OLEAUT32.dll
 0001:00003ba8       _VariantInit@4             00404ba8 f   oleaut32:OLEAUT32.dll
 0001:00003bae       _SetErrorInfo@8            00404bae f   oleaut32:OLEAUT32.dll
 0001:00003bb4       _CreateErrorInfo@4         00404bb4 f   oleaut32:OLEAUT32.dll
 0001:00003bba       ?MessageLoop@CPaintManagerUI@DuiLib@@SAXXZ 00404bba f   DuiLib_d:DuiLib_d.dll
 0001:00003bc0       ?ShowWindow@CWindowWnd@DuiLib@@QAEX_N0@Z 00404bc0 f   DuiLib_d:DuiLib_d.dll
 0001:00003bc6       ?CenterWindow@CWindowWnd@DuiLib@@QAEXXZ 00404bc6 f   DuiLib_d:DuiLib_d.dll
 0001:00003bcc       ?Create@CWindowWnd@DuiLib@@QAEPAUHWND__@@PAU3@PBDKKHHHHPAUHMENU__@@@Z 00404bcc f   DuiLib_d:DuiLib_d.dll
 0001:00003bd2       ??1CStdString@DuiLib@@QAE@XZ 00404bd2 f   DuiLib_d:DuiLib_d.dll
 0001:00003bd8       ?SetResourcePath@CPaintManagerUI@DuiLib@@SAXPBD@Z 00404bd8 f   DuiLib_d:DuiLib_d.dll
 0001:00003bde       ??BCStdString@DuiLib@@QBEPBDXZ 00404bde f   DuiLib_d:DuiLib_d.dll
 0001:00003be4       ??HCStdString@DuiLib@@QBE?AV01@PBD@Z 00404be4 f   DuiLib_d:DuiLib_d.dll
 0001:00003bea       ?GetInstancePath@CPaintManagerUI@DuiLib@@SA?AVCStdString@2@XZ 00404bea f   DuiLib_d:DuiLib_d.dll
 0001:00003bf0       ?SetInstance@CPaintManagerUI@DuiLib@@SAXPAUHINSTANCE__@@@Z 00404bf0 f   DuiLib_d:DuiLib_d.dll
 0001:00003bf6       ??0CPaintManagerUI@DuiLib@@QAE@XZ 00404bf6 f   DuiLib_d:DuiLib_d.dll
 0001:00003bfc       ??0CWindowWnd@DuiLib@@QAE@XZ 00404bfc f   DuiLib_d:DuiLib_d.dll
 0001:00003c02       ?GetSuperClassName@CWindowWnd@DuiLib@@MBEPBDXZ 00404c02 f   DuiLib_d:DuiLib_d.dll
 0001:00003c08       ?GetControl@CActiveXUI@DuiLib@@QAEJU_GUID@@PAPAX@Z 00404c08 f   DuiLib_d:DuiLib_d.dll
 0001:00003c0e       ??9CStdString@DuiLib@@QBE_NPBD@Z 00404c0e f   DuiLib_d:DuiLib_d.dll
 0001:00003c14       ??8CStdString@DuiLib@@QBE_NPBD@Z 00404c14 f   DuiLib_d:DuiLib_d.dll
 0001:00003c1a       ?HandleMessage@CWindowWnd@DuiLib@@MAEJIIJ@Z 00404c1a f   DuiLib_d:DuiLib_d.dll
 0001:00003c20       ?MessageHandler@CPaintManagerUI@DuiLib@@QAE_NIIJAAJ@Z 00404c20 f   DuiLib_d:DuiLib_d.dll
 0001:00003c26       ??1CDialogBuilder@DuiLib@@QAE@XZ 00404c26 f   DuiLib_d:DuiLib_d.dll
 0001:00003c2c       ?AddNotifier@CPaintManagerUI@DuiLib@@QAE_NPAVINotifyUI@2@@Z 00404c2c f   DuiLib_d:DuiLib_d.dll
 0001:00003c32       ?AttachDialog@CPaintManagerUI@DuiLib@@QAE_NPAVCControlUI@2@@Z 00404c32 f   DuiLib_d:DuiLib_d.dll
 0001:00003c38       ?Create@CDialogBuilder@DuiLib@@QAEPAVCControlUI@2@VSTRINGorID@2@PBDPAVIDialogBuilderCallback@2@PAVCPaintManagerUI@2@PAV32@@Z 00404c38 f   DuiLib_d:DuiLib_d.dll
 0001:00003c3e       ??0CDialogBuilder@DuiLib@@QAE@XZ 00404c3e f   DuiLib_d:DuiLib_d.dll
 0001:00003c44       ?Init@CPaintManagerUI@DuiLib@@QAEXPAUHWND__@@@Z 00404c44 f   DuiLib_d:DuiLib_d.dll
 0001:00003c4a       ??BCWindowWnd@DuiLib@@QBEPAUHWND__@@XZ 00404c4a f   DuiLib_d:DuiLib_d.dll
 0001:00003c50       ?FindControl@CPaintManagerUI@DuiLib@@QBEPAVCControlUI@2@UtagPOINT@@@Z 00404c50 f   DuiLib_d:DuiLib_d.dll
 0001:00003c56       ?GetCaptionRect@CPaintManagerUI@DuiLib@@QAEAAUtagRECT@@XZ 00404c56 f   DuiLib_d:DuiLib_d.dll
 0001:00003c5c       ?Offset@CRect@DuiLib@@QAEXHH@Z 00404c5c f   DuiLib_d:DuiLib_d.dll
 0001:00003c62       ??0CRect@DuiLib@@QAE@XZ    00404c62 f   DuiLib_d:DuiLib_d.dll
 0001:00003c68       ?GetRoundCorner@CPaintManagerUI@DuiLib@@QBE?AUtagSIZE@@XZ 00404c68 f   DuiLib_d:DuiLib_d.dll
 0001:00003c6e       ??1CPaintManagerUI@DuiLib@@QAE@XZ 00404c6e f   DuiLib_d:DuiLib_d.dll
 0001:00003c80       ??2@YAPAXI@Z               00404c80 f   LIBCMTD:new.obj
 0001:00003d00       ??0bad_alloc@std@@QAE@XZ   00404d00 f i LIBCMTD:new.obj
 0001:00003d30       ??1bad_alloc@std@@UAE@XZ   00404d30 f i LIBCMTD:new.obj
 0001:00003d50       ??_Gbad_alloc@std@@UAEPAXI@Z 00404d50 f i LIBCMTD:new.obj
 0001:00003d50       ??_Ebad_alloc@std@@UAEPAXI@Z 00404d50 f i LIBCMTD:new.obj
 0001:00003d80       ??0bad_alloc@std@@QAE@ABV01@@Z 00404d80 f i LIBCMTD:new.obj
 0001:00003db0       @__security_check_cookie@4 00404db0 f   LIBCMTD:secchk.obj
 0001:00003dc0       __RTC_CheckEsp             00404dc0 f   LIBCMTD:_stack_.obj
 0001:00003df0       @_RTC_CheckStackVars@8     00404df0 f   LIBCMTD:_stack_.obj
 0001:00003e60       @_RTC_AllocaHelper@12      00404e60 f   LIBCMTD:_stack_.obj
 0001:00003ea0       @_RTC_CheckStackVars2@12   00404ea0 f   LIBCMTD:_stack_.obj
 0001:00003f80       __RTC_InitBase             00404f80 f   LIBCMTD:_init_.obj
 0001:00003fb0       __RTC_Shutdown             00404fb0 f   LIBCMTD:_init_.obj
 0001:00003fd0       ?name@type_info@@QBEPBDPAU__type_info_node@@@Z 00404fd0 f   LIBCMTD:typinfo.obj
 0001:00003ff0       ??1type_info@@UAE@XZ       00404ff0 f   LIBCMTD:typinfo.obj
 0001:00004020       ??_Gtype_info@@UAEPAXI@Z   00405020 f i LIBCMTD:typinfo.obj
 0001:00004020       ??_Etype_info@@UAEPAXI@Z   00405020 f i LIBCMTD:typinfo.obj
 0001:00004050       ?_name_internal_method@type_info@@QBEPBDPAU__type_info_node@@@Z 00405050 f   LIBCMTD:typinfo.obj
 0001:00004070       ?_type_info_dtor_internal_method@type_info@@QAEXXZ 00405070 f   LIBCMTD:typinfo.obj
 0001:00004090       ??8type_info@@QBE_NABV0@@Z 00405090 f   LIBCMTD:typinfo.obj
 0001:000040c0       ??9type_info@@QBE_NABV0@@Z 004050c0 f   LIBCMTD:typinfo.obj
 0001:000040f0       ?before@type_info@@QBEHABV1@@Z 004050f0 f   LIBCMTD:typinfo.obj
 0001:00004120       ?raw_name@type_info@@QBEPBDXZ 00405120 f   LIBCMTD:typinfo.obj
 0001:00004140       ??0type_info@@AAE@ABV0@@Z  00405140 f   LIBCMTD:typinfo.obj
 0001:00004160       ??4type_info@@AAEAAV0@ABV0@@Z 00405160 f   LIBCMTD:typinfo.obj
 0001:00004180       ?_JumpToContinuation@@YGXPAXPAUEHRegistrationNode@@@Z 00405180 f   LIBCMTD:_trnsctrl_.obj
 0001:000041c0       ?_CallMemberFunction0@@YGXPAX0@Z 004051c0 f   LIBCMTD:_trnsctrl_.obj
 0001:000041d0       ?_CallMemberFunction1@@YGXPAX00@Z 004051d0 f   LIBCMTD:_trnsctrl_.obj
 0001:000041e0       ?_CallMemberFunction2@@YGXPAX00H@Z 004051e0 f   LIBCMTD:_trnsctrl_.obj
 0001:000041f0       ?_UnwindNestedFrames@@YGXPAUEHRegistrationNode@@PAUEHExceptionRecord@@@Z 004051f0 f   LIBCMTD:_trnsctrl_.obj
 0001:00004250       ___CxxFrameHandler         00405250 f   LIBCMTD:_trnsctrl_.obj
 0001:00004290       ___CxxFrameHandler3        00405290 f   LIBCMTD:_trnsctrl_.obj
 0001:000042d0       ___CxxFrameHandler2        004052d0 f   LIBCMTD:_trnsctrl_.obj
 0001:00004310       ___CxxLongjmpUnwind@4      00405310 f   LIBCMTD:_trnsctrl_.obj
 0001:00004340       ?_CallCatchBlock2@@YAPAXPAUEHRegistrationNode@@PBU_s_FuncInfo@@PAXHK@Z 00405340 f   LIBCMTD:_trnsctrl_.obj
 0001:00004400       ?_CallSETranslator@@YAHPAUEHExceptionRecord@@PAUEHRegistrationNode@@PAX2PBU_s_FuncInfo@@H1@Z 00405400 f   LIBCMTD:_trnsctrl_.obj
 0001:000045a0       ?_GetRangeOfTrysToCheck@@YAPBU_s_TryBlockMapEntry@@PBU_s_FuncInfo@@HHPAI1@Z 004055a0 f   LIBCMTD:_trnsctrl_.obj
 0001:00004620       __CreateFrameInfo          00405620 f   LIBCMTD:_trnsctrl_.obj
 0001:00004650       __IsExceptionObjectToBeDestroyed 00405650 f   LIBCMTD:_trnsctrl_.obj
 0001:00004680       __FindAndUnlinkFrame       00405680 f   LIBCMTD:_trnsctrl_.obj
 0001:000046e0       ??3@YAXPAX@Z               004056e0 f   LIBCMTD:dbgdel.obj
 0001:000047d0       ??_V@YAXPAX@Z              004057d0 f   LIBCMTD:delete2.obj
 0001:000047f0       __CrtSetReportHookW2       004057f0 f   LIBCMTD:dbgrptw.obj
 0001:00004b20       __CrtDbgReportW            00405b20 f   LIBCMTD:dbgrptw.obj
 0001:00004b60       __CrtDbgReportWV           00405b60 f i LIBCMTD:dbgrptw.obj
 0001:00004b90       ___crtMessageWindowW       00405b90 f   LIBCMTD:dbgrptw.obj
 0001:00004f90       __invoke_watson_if_error   00405f90 f i LIBCMTD:dbgrptw.obj
 0001:00004fc0       __invoke_watson_if_oneof   00405fc0 f i LIBCMTD:dbgrptw.obj
 0001:00005000       ?_CrtDbgReportW@@YAHHPBGH00ZZ 00406000 f   LIBCMTD:dbgrptw.obj
 0001:00005040       __mbscmp_l                 00406040 f   LIBCMTD:mbscmp.obj
 0001:00005290       ??0_LocaleUpdate@@QAE@PAUlocaleinfo_struct@@@Z 00406290 f i LIBCMTD:mbscmp.obj
 0001:00005370       ??1_LocaleUpdate@@QAE@XZ   00406370 f i LIBCMTD:mbscmp.obj
 0001:000053a0       ?GetLocaleT@_LocaleUpdate@@QAEPAUlocaleinfo_struct@@XZ 004063a0 f i LIBCMTD:mbscmp.obj
 0001:000053b0       __mbscmp                   004063b0 f   LIBCMTD:mbscmp.obj
 0001:000053d0       __purecall                 004063d0 f   LIBCMTD:purevirt.obj
 0001:00005410       __set_purecall_handler     00406410 f   LIBCMTD:purevirt.obj
 0001:00005450       __get_purecall_handler     00406450 f   LIBCMTD:purevirt.obj
 0001:00005470       _WinMainCRTStartup         00406470 f   LIBCMTD:wincrt0.obj
 0001:000056f0       _free                      004066f0 f   LIBCMTD:dbgfree.obj
 0001:00005710       _malloc                    00406710 f   LIBCMTD:dbgmalloc.obj
 0001:00005740       __except_handler4          00406740 f   LIBCMTD:chandler4.obj
 0001:00005960       __alloca_probe_16          00406960 f   LIBCMTD:alloca16.obj
 0001:00005976       __alloca_probe_8           00406976     LIBCMTD:alloca16.obj
 0001:00005990       __onexit                   00406990 f   LIBCMTD:onexit.obj
 0001:00005b60       _atexit                    00406b60 f   LIBCMTD:onexit.obj
 0001:00005b80       ___onexitinit              00406b80 f   LIBCMTD:onexit.obj
 0001:00005be0       __CxxThrowException@8      00406be0 f   LIBCMTD:throw.obj
 0001:00005c40       __fpmath                   00406c40 f   LIBCMTD:_fpinit_.obj
 0001:00005c60       __cfltcvt_init             00406c60 f   LIBCMTD:_fpinit_.obj
 0001:00005cd0       ___setfflag                00406cd0 f   LIBCMTD:_fpinit_.obj
 0001:00005cf0       _memset                    00406cf0 f   LIBCMTD:memset.obj
 0001:00005d70       __initp_heap_handler       00406d70 f   LIBCMTD:handler.obj
 0001:00005d80       ?_set_new_handler@@YAP6AHI@ZP6AHI@Z@Z 00406d80 f   LIBCMTD:handler.obj
 0001:00005dc0       ?_set_new_handler@@YAP6AHI@ZH@Z 00406dc0 f   LIBCMTD:handler.obj
 0001:00005e00       ?_query_new_handler@@YAP6AHI@ZXZ 00406e00 f   LIBCMTD:handler.obj
 0001:00005e20       __callnewh                 00406e20 f   LIBCMTD:handler.obj
 0001:00005e60       ??0exception@std@@QAE@XZ   00406e60 f   LIBCMTD:stdexcpt.obj
 0001:00005e90       ??_Eexception@std@@UAEPAXI@Z 00406e90 f i LIBCMTD:stdexcpt.obj
 0001:00005e90       ??_Gexception@std@@UAEPAXI@Z 00406e90 f i LIBCMTD:stdexcpt.obj
 0001:00005ec0       ??0exception@std@@QAE@ABQBD@Z 00406ec0 f   LIBCMTD:stdexcpt.obj
 0001:00005f00       ??0exception@std@@QAE@ABQBDH@Z 00406f00 f   LIBCMTD:stdexcpt.obj
 0001:00005f30       ??0exception@std@@QAE@ABV01@@Z 00406f30 f   LIBCMTD:stdexcpt.obj
 0001:00005f70       ??4exception@std@@QAEAAV01@ABV01@@Z 00406f70 f   LIBCMTD:stdexcpt.obj
 0001:00005fc0       ??1exception@std@@UAE@XZ   00406fc0 f   LIBCMTD:stdexcpt.obj
 0001:00005fe0       ?what@exception@std@@UBEPBDXZ 00406fe0 f   LIBCMTD:stdexcpt.obj
 0001:00006010       ?_Copy_str@exception@std@@AAEXPBD@Z 00407010 f   LIBCMTD:stdexcpt.obj
 0001:00006080       ?_Tidy@exception@std@@AAEXXZ 00407080 f   LIBCMTD:stdexcpt.obj
 0001:000060c0       ??0bad_cast@std@@QAE@PBD@Z 004070c0 f   LIBCMTD:stdexcpt.obj
 0001:000060f0       ??_Gbad_cast@std@@UAEPAXI@Z 004070f0 f i LIBCMTD:stdexcpt.obj
 0001:000060f0       ??_Ebad_cast@std@@UAEPAXI@Z 004070f0 f i LIBCMTD:stdexcpt.obj
 0001:00006120       ??0bad_cast@std@@QAE@ABV01@@Z 00407120 f   LIBCMTD:stdexcpt.obj
 0001:00006150       ??1bad_cast@std@@UAE@XZ    00407150 f   LIBCMTD:stdexcpt.obj
 0001:00006170       ??0bad_typeid@std@@QAE@PBD@Z 00407170 f   LIBCMTD:stdexcpt.obj
 0001:000061a0       ??_Gbad_typeid@std@@UAEPAXI@Z 004071a0 f i LIBCMTD:stdexcpt.obj
 0001:000061a0       ??_Ebad_typeid@std@@UAEPAXI@Z 004071a0 f i LIBCMTD:stdexcpt.obj
 0001:000061d0       ??0bad_typeid@std@@QAE@ABV01@@Z 004071d0 f   LIBCMTD:stdexcpt.obj
 0001:00006200       ??1bad_typeid@std@@UAE@XZ  00407200 f   LIBCMTD:stdexcpt.obj
 0001:00006220       ??0__non_rtti_object@std@@QAE@PBD@Z 00407220 f   LIBCMTD:stdexcpt.obj
 0001:00006250       ??_G__non_rtti_object@std@@UAEPAXI@Z 00407250 f i LIBCMTD:stdexcpt.obj
 0001:00006250       ??_E__non_rtti_object@std@@UAEPAXI@Z 00407250 f i LIBCMTD:stdexcpt.obj
 0001:00006280       ??0__non_rtti_object@std@@QAE@ABV01@@Z 00407280 f   LIBCMTD:stdexcpt.obj
 0001:000062b0       ??1__non_rtti_object@std@@UAE@XZ 004072b0 f   LIBCMTD:stdexcpt.obj
 0001:000062d0       ___report_gsfailure        004072d0 f   LIBCMTD:gs_report.obj
 0001:000063e0       ?_RTC_Failure@@YAXPAXH@Z   004073e0 f   LIBCMTD:_error_.obj
 0001:00006790       ?_RTC_StackFailure@@YAXPAXPBD@Z 00407790 f   LIBCMTD:_error_.obj
 0001:00006890       ?_RTC_AllocaFailure@@YAXPAXPAU_RTC_ALLOCA_NODE@@H@Z 00407890 f   LIBCMTD:_error_.obj
 0001:00006a40       __RTC_UninitUse            00407a40 f   LIBCMTD:_error_.obj
 0001:00006b30       __RTC_NumErrors            00407b30 f   LIBCMTD:_userapi_.obj
 0001:00006b40       __RTC_GetErrDesc           00407b40 f   LIBCMTD:_userapi_.obj
 0001:00006b60       __RTC_SetErrorType         00407b60 f   LIBCMTD:_userapi_.obj
 0001:00006b90       __RTC_SetErrorFunc         00407b90 f   LIBCMTD:_userapi_.obj
 0001:00006bb0       __RTC_SetErrorFuncW        00407bb0 f   LIBCMTD:_userapi_.obj
 0001:00006bd0       ?_RTC_GetErrorFunc@@YAP6AHHPBDH00ZZPBX@Z 00407bd0 f   LIBCMTD:_userapi_.obj
 0001:00006be0       ?_RTC_GetErrorFuncW@@YAP6AHHPB_WH00ZZPBX@Z 00407be0 f   LIBCMTD:_userapi_.obj
 0001:00006bf0       __chkesp                   00407bf0 f   LIBCMTD:chkesp.obj
 0001:00006c30       __CRT_RTC_INIT             00407c30 f   LIBCMTD:chkesp.obj
 0001:00006c40       __CRT_RTC_INITW            00407c40 f   LIBCMTD:chkesp.obj
 0001:00006c50       ?_Type_info_dtor@type_info@@CAXPAV1@@Z 00407c50 f   LIBCMTD:typname.obj
 0001:00006d60       ?_Name_base@type_info@@CAPBDPBV1@PAU__type_info_node@@@Z 00407d60 f   LIBCMTD:typname.obj
 0001:00006f10       ?_Type_info_dtor_internal@type_info@@CAXPAV1@@Z 00407f10 f   LIBCMTD:typname.obj
 0001:00007020       ___unDNameHelper           00408020 f   LIBCMTD:typname.obj
 0001:00007060       ?_Name_base_internal@type_info@@CAPBDPBV1@PAU__type_info_node@@@Z 00408060 f   LIBCMTD:typname.obj
 0001:00007220       ___clean_type_info_names_internal 00408220 f   LIBCMTD:typname.obj
 0001:000072e0       _strcmp                    004082e0 f   LIBCMTD:strcmp.obj
 0001:00007370       ___InternalCxxFrameHandler 00408370 f   LIBCMTD:frame.obj
 0001:00007970       ??0bad_exception@std@@QAE@PBD@Z 00408970 f i LIBCMTD:frame.obj
 0001:000079a0       ??1bad_exception@std@@UAE@XZ 004089a0 f i LIBCMTD:frame.obj
 0001:000079c0       ??_Gbad_exception@std@@UAEPAXI@Z 004089c0 f i LIBCMTD:frame.obj
 0001:000079c0       ??_Ebad_exception@std@@UAEPAXI@Z 004089c0 f i LIBCMTD:frame.obj
 0001:000079f0       ??0bad_exception@std@@QAE@ABV01@@Z 004089f0 f i LIBCMTD:frame.obj
 0001:00007bb0       ___TypeMatch               00408bb0 f   LIBCMTD:frame.obj
 0001:00007c60       ___FrameUnwindFilter       00408c60 f   LIBCMTD:frame.obj
 0001:00007ce0       ___FrameUnwindToState      00408ce0 f   LIBCMTD:frame.obj
 0001:00008220       ___BuildCatchObjectHelper  00409220 f   LIBCMTD:frame.obj
 0001:00008490       ___BuildCatchObject        00409490 f   LIBCMTD:frame.obj
 0001:000085a0       ___DestructExceptionObject 004095a0 f   LIBCMTD:frame.obj
 0001:00008650       ___AdjustPointer           00409650 f   LIBCMTD:frame.obj
 0001:000086a0       ?__uncaught_exception@@YA_NXZ 004096a0 f   LIBCMTD:frame.obj
 0001:000086c0       ___CxxExceptionFilter      004096c0 f   LIBCMTD:frame.obj
 0001:000088c0       ___CxxRegisterExceptionObject 004098c0 f   LIBCMTD:frame.obj
 0001:000089f0       ___CxxDetectRethrow        004099f0 f   LIBCMTD:frame.obj
 0001:00008a80       ___CxxUnregisterExceptionObject 00409a80 f   LIBCMTD:frame.obj
 0001:00008c00       ___CxxQueryExceptionSize   00409c00 f   LIBCMTD:frame.obj
 0001:00008c10       ___CxxCallUnwindDtor       00409c10 f   LIBCMTD:frame.obj
 0001:00008c90       ___CxxCallUnwindDelDtor    00409c90 f   LIBCMTD:frame.obj
 0001:00008d10       ___CxxCallUnwindStdDelDtor 00409d10 f   LIBCMTD:frame.obj
 0001:00008d90       ___CxxCallUnwindVecDtor    00409d90 f   LIBCMTD:frame.obj
 0001:00008fc0       ?_is_exception_typeof@@YAHABVtype_info@@PAU_EXCEPTION_POINTERS@@@Z 00409fc0 f   LIBCMTD:frame.obj
 0001:000090a0       __CallSettingFrame@12      0040a0a0 f   LIBCMTD:lowhelpr.obj
 0001:000090c7       __NLG_Return               0040a0c7     LIBCMTD:lowhelpr.obj
 0001:000090f0       __encoded_null             0040a0f0 f   LIBCMTD:tidtable.obj
 0001:00009100       ___crtTlsAlloc@4           0040a100 f   LIBCMTD:tidtable.obj
 0001:00009110       ___fls_getvalue@4          0040a110 f   LIBCMTD:tidtable.obj
 0001:00009130       ___get_flsindex            0040a130 f   LIBCMTD:tidtable.obj
 0001:00009140       ___set_flsgetvalue         0040a140 f   LIBCMTD:tidtable.obj
 0001:00009190       ___fls_setvalue@8          0040a190 f   LIBCMTD:tidtable.obj
 0001:000091b0       __mtinit                   0040a1b0 f   LIBCMTD:tidtable.obj
 0001:000093b0       __mtterm                   0040a3b0 f   LIBCMTD:tidtable.obj
 0001:00009410       __initptd                  0040a410 f   LIBCMTD:tidtable.obj
 0001:00009540       __getptd_noexit            0040a540 f   LIBCMTD:tidtable.obj
 0001:00009600       __getptd                   0040a600 f   LIBCMTD:tidtable.obj
 0001:00009630       __freefls@4                0040a630 f   LIBCMTD:tidtable.obj
 0001:00009840       __freeptd                  0040a840 f   LIBCMTD:tidtable.obj
 0001:000098c0       ___threadid                0040a8c0 f   LIBCMTD:tidtable.obj
 0001:000098d0       ___threadhandle            0040a8d0 f   LIBCMTD:tidtable.obj
 0001:000098e0       __initp_eh_hooks           0040a8e0 f   LIBCMTD:hooks.obj
 0001:00009900       ?terminate@@YAXXZ          0040a900 f   LIBCMTD:hooks.obj
 0001:00009980       ?unexpected@@YAXXZ         0040a980 f   LIBCMTD:hooks.obj
 0001:000099b0       ?_inconsistency@@YAXXZ     0040a9b0 f   LIBCMTD:hooks.obj
 0001:00009a40       __mtinitlocks              0040aa40 f   LIBCMTD:mlock.obj
 0001:00009ad0       __mtdeletelocks            0040aad0 f   LIBCMTD:mlock.obj
 0001:00009b90       __mtinitlocknum            0040ab90 f   LIBCMTD:mlock.obj
 0001:00009ce0       __lock                     0040ace0 f   LIBCMTD:mlock.obj
 0001:00009d20       __unlock                   0040ad20 f   LIBCMTD:mlock.obj
 0001:00009d40       __lockerr_exit             0040ad40 f   LIBCMTD:mlock.obj
 0001:00009d60       __malloc_dbg               0040ad60 f   LIBCMTD:dbgheap.obj
 0001:00009d90       __nh_malloc                0040ad90 f   LIBCMTD:dbgheap.obj
 0001:00009db0       __nh_malloc_dbg            0040adb0 f   LIBCMTD:dbgheap.obj
 0001:00009e90       __heap_alloc               0040ae90 f   LIBCMTD:dbgheap.obj
 0001:0000a270       __heap_alloc_dbg           0040b270 f   LIBCMTD:dbgheap.obj
 0001:0000a2d0       __calloc_dbg_impl          0040b2d0 f   LIBCMTD:dbgheap.obj
 0001:0000a350       __calloc_dbg               0040b350 f   LIBCMTD:dbgheap.obj
 0001:0000a3b0       __recalloc                 0040b3b0 f   LIBCMTD:dbgheap.obj
 0001:0000a3e0       __realloc_dbg              0040b3e0 f   LIBCMTD:dbgheap.obj
 0001:0000aa80       __recalloc_dbg             0040ba80 f   LIBCMTD:dbgheap.obj
 0001:0000ab30       __expand                   0040bb30 f   LIBCMTD:dbgheap.obj
 0001:0000ab60       __expand_dbg               0040bb60 f   LIBCMTD:dbgheap.obj
 0001:0000ac70       __free_nolock              0040bc70 f   LIBCMTD:dbgheap.obj
 0001:0000ac90       __free_dbg                 0040bc90 f   LIBCMTD:dbgheap.obj
 0001:0000ad10       __free_dbg_nolock          0040bd10 f   LIBCMTD:dbgheap.obj
 0001:0000b1f0       __msize                    0040c1f0 f   LIBCMTD:dbgheap.obj
 0001:0000b210       __msize_dbg                0040c210 f   LIBCMTD:dbgheap.obj
 0001:0000b400       __CrtSetBreakAlloc         0040c400 f   LIBCMTD:dbgheap.obj
 0001:0000b420       __CrtSetDbgBlockType       0040c420 f   LIBCMTD:dbgheap.obj
 0001:0000b510       __CrtSetAllocHook          0040c510 f   LIBCMTD:dbgheap.obj
 0001:0000b530       __CrtGetAllocHook          0040c530 f   LIBCMTD:dbgheap.obj
 0001:0000b580       __CrtCheckMemory           0040c580 f   LIBCMTD:dbgheap.obj
 0001:0000b9e0       __CrtSetDbgFlag            0040c9e0 f   LIBCMTD:dbgheap.obj
 0001:0000bb30       __CrtDoForAllClientObjects 0040cb30 f   LIBCMTD:dbgheap.obj
 0001:0000bc50       __CrtIsValidPointer        0040cc50 f   LIBCMTD:dbgheap.obj
 0001:0000bc60       __CrtIsValidHeapPointer    0040cc60 f   LIBCMTD:dbgheap.obj
 0001:0000bcb0       __CrtIsMemoryBlock         0040ccb0 f   LIBCMTD:dbgheap.obj
 0001:0000be20       __CrtReportBlockType       0040ce20 f   LIBCMTD:dbgheap.obj
 0001:0000be50       __CrtSetDumpClient         0040ce50 f   LIBCMTD:dbgheap.obj
 0001:0000be70       __CrtGetDumpClient         0040ce70 f   LIBCMTD:dbgheap.obj
 0001:0000be80       __CrtMemCheckpoint         0040ce80 f   LIBCMTD:dbgheap.obj
 0001:0000c0a0       __CrtMemDifference         0040d0a0 f   LIBCMTD:dbgheap.obj
 0001:0000c2c0       __CrtMemDumpAllObjectsSince 0040d2c0 f   LIBCMTD:dbgheap.obj
 0001:0000c7b0       __CrtDumpMemoryLeaks       0040d7b0 f   LIBCMTD:dbgheap.obj
 0001:0000c830       __CrtMemDumpStatistics     0040d830 f   LIBCMTD:dbgheap.obj
 0001:0000c940       __aligned_malloc           0040d940 f   LIBCMTD:dbgheap.obj
 0001:0000c960       __aligned_malloc_dbg       0040d960 f   LIBCMTD:dbgheap.obj
 0001:0000c990       __aligned_realloc          0040d990 f   LIBCMTD:dbgheap.obj
 0001:0000c9c0       __aligned_recalloc         0040d9c0 f   LIBCMTD:dbgheap.obj
 0001:0000c9f0       __aligned_realloc_dbg      0040d9f0 f   LIBCMTD:dbgheap.obj
 0001:0000ca20       __aligned_recalloc_dbg     0040da20 f   LIBCMTD:dbgheap.obj
 0001:0000ca50       __aligned_offset_malloc    0040da50 f   LIBCMTD:dbgheap.obj
 0001:0000ca70       __aligned_offset_malloc_dbg 0040da70 f   LIBCMTD:dbgheap.obj
 0001:0000cc30       __aligned_offset_realloc   0040dc30 f   LIBCMTD:dbgheap.obj
 0001:0000cc60       __aligned_offset_recalloc  0040dc60 f   LIBCMTD:dbgheap.obj
 0001:0000cc90       __aligned_offset_realloc_dbg 0040dc90 f   LIBCMTD:dbgheap.obj
 0001:0000cf80       __aligned_offset_recalloc_dbg 0040df80 f   LIBCMTD:dbgheap.obj
 0001:0000d040       __aligned_free             0040e040 f   LIBCMTD:dbgheap.obj
 0001:0000d060       __aligned_free_dbg         0040e060 f   LIBCMTD:dbgheap.obj
 0001:0000d110       __CrtSetDebugFillThreshold 0040e110 f   LIBCMTD:dbgheap.obj
 0001:0000d130       __CrtSetCheckCount         0040e130 f   LIBCMTD:dbgheap.obj
 0001:0000d150       __CrtGetCheckCount         0040e150 f   LIBCMTD:dbgheap.obj
 0001:0000d160       __aligned_msize            0040e160 f   LIBCMTD:dbgheap.obj
 0001:0000d180       __aligned_msize_dbg        0040e180 f   LIBCMTD:dbgheap.obj
 0001:0000d290       __CrtDbgBreak              0040e290 f   LIBCMTD:dbgrptt.obj
 0001:0000d2a0       __CrtSetReportMode         0040e2a0 f   LIBCMTD:dbgrptt.obj
 0001:0000d3e0       __CrtSetReportFile         0040e3e0 f   LIBCMTD:dbgrptt.obj
 0001:0000d4e0       __CrtSetReportHook         0040e4e0 f   LIBCMTD:dbgrptt.obj
 0001:0000d500       __CrtGetReportHook         0040e500 f   LIBCMTD:dbgrptt.obj
 0001:0000d510       __VCrtDbgReportA           0040e510 f   LIBCMTD:dbgrptt.obj
 0001:0000dd40       __VCrtDbgReportW           0040ed40 f   LIBCMTD:dbgrptt.obj
 0001:0000e670       __initp_misc_invarg        0040f670 f   LIBCMTD:invarg.obj
 0001:0000e680       __invalid_parameter        0040f680 f   LIBCMTD:invarg.obj
 0001:0000e6e0       __invoke_watson            0040f6e0 f   LIBCMTD:invarg.obj
 0001:0000e710       __call_reportfault         0040f710 f   LIBCMTD:invarg.obj
 0001:0000e860       __set_invalid_parameter_handler 0040f860 f   LIBCMTD:invarg.obj
 0001:0000e8a0       __get_invalid_parameter_handler 0040f8a0 f   LIBCMTD:invarg.obj
 0001:0000e8d0       ?_invalid_parameter@@YAXPBG00II@Z 0040f8d0 f   LIBCMTD:invarg.obj
 0001:0000e900       ?_invoke_watson@@YAXPBG00II@Z 0040f900 f   LIBCMTD:invarg.obj
 0001:0000e920       __dosmaperr                0040f920 f   LIBCMTD:dosmap.obj
 0001:0000e950       __get_errno_from_oserr     0040f950 f   LIBCMTD:dosmap.obj
 0001:0000e9d0       __set_errno                0040f9d0 f   LIBCMTD:dosmap.obj
 0001:0000ea00       __get_errno                0040fa00 f   LIBCMTD:dosmap.obj
 0001:0000ea80       __set_doserrno             0040fa80 f   LIBCMTD:dosmap.obj
 0001:0000eab0       __get_doserrno             0040fab0 f   LIBCMTD:dosmap.obj
 0001:0000eb30       __errno                    0040fb30 f   LIBCMTD:dosmap.obj
 0001:0000eb60       ___doserrno                0040fb60 f   LIBCMTD:dosmap.obj
 0001:0000eb90       __cinit                    0040fb90 f   LIBCMTD:crt0dat.obj
 0001:0000ec30       _exit                      0040fc30 f   LIBCMTD:crt0dat.obj
 0001:0000ec50       __exit                     0040fc50 f   LIBCMTD:crt0dat.obj
 0001:0000ec70       __cexit                    0040fc70 f   LIBCMTD:crt0dat.obj
 0001:0000ec90       __c_exit                   0040fc90 f   LIBCMTD:crt0dat.obj
 0001:0000ecb0       __amsg_exit                0040fcb0 f   LIBCMTD:crt0dat.obj
 0001:0000ece0       ___freeCrtMemory           0040fce0 f   LIBCMTD:crt0dat.obj
 0001:0000f020       ___crtCorExitProcess       00410020 f   LIBCMTD:crt0dat.obj
 0001:0000f060       ___crtExitProcess          00410060 f   LIBCMTD:crt0dat.obj
 0001:0000f080       __lockexit                 00410080 f   LIBCMTD:crt0dat.obj
 0001:0000f0a0       __unlockexit               004100a0 f   LIBCMTD:crt0dat.obj
 0001:0000f0c0       __init_pointers            004100c0 f   LIBCMTD:crt0dat.obj
 0001:0000f150       __initterm_e               00410150 f   LIBCMTD:crt0dat.obj
 0001:0000f190       __get_wpgmptr              00410190 f   LIBCMTD:crt0dat.obj
 0001:0000f280       __get_pgmptr               00410280 f   LIBCMTD:crt0dat.obj
 0001:0000f370       __initp_misc_winsig        00410370 f   LIBCMTD:winsig.obj
 0001:0000f3a0       _signal                    004103a0 f   LIBCMTD:winsig.obj
 0001:0000f840       _raise                     00410840 f   LIBCMTD:winsig.obj
 0001:0000fbb0       ___get_sigabrt             00410bb0 f   LIBCMTD:winsig.obj
 0001:0000fbd0       ___fpecode                 00410bd0 f   LIBCMTD:winsig.obj
 0001:0000fbe0       ___pxcptinfoptrs           00410be0 f   LIBCMTD:winsig.obj
 0001:0000fbf0       ___crtMessageBoxW          00410bf0 f   LIBCMTD:crtmboxw.obj
 0001:0000fe10       __swprintf                 00410e10 f   LIBCMTD:swprintf.obj
 0001:00010010       ___swprintf_l              00411010 f   LIBCMTD:swprintf.obj
 0001:00010040       _swprintf_s                00411040 f   LIBCMTD:swprintf.obj
 0001:00010070       __snwprintf_s              00411070 f   LIBCMTD:swprintf.obj
 0001:000100a0       __swprintf_p               004110a0 f   LIBCMTD:swprintf.obj
 0001:000100d0       __swprintf_s_l             004110d0 f   LIBCMTD:swprintf.obj
 0001:00010100       __snwprintf_s_l            00411100 f   LIBCMTD:swprintf.obj
 0001:00010130       __swprintf_p_l             00411130 f   LIBCMTD:swprintf.obj
 0001:00010160       __scwprintf                00411160 f   LIBCMTD:swprintf.obj
 0001:00010180       __scwprintf_p              00411180 f   LIBCMTD:swprintf.obj
 0001:000101a0       __scwprintf_l              004111a0 f   LIBCMTD:swprintf.obj
 0001:000101d0       __scwprintf_p_l            004111d0 f   LIBCMTD:swprintf.obj
 0001:00010200       _memcpy_s                  00411200 f   LIBCMTD:memcpy_s.obj
 0001:00010390       _wcslen                    00411390 f   LIBCMTD:wcslen.obj
 0001:000103c0       _wcscpy_s                  004113c0 f   LIBCMTD:wcscpy_s.obj
 0001:000106a0       __alloca_probe             004116a0     LIBCMTD:chkstk.obj
 0001:000106a0       __chkstk                   004116a0 f   LIBCMTD:chkstk.obj
 0001:000106d0       ___updatetmbcinfo          004116d0 f   LIBCMTD:mbctype.obj
 0001:000107e0       __setmbcp                  004117e0 f   LIBCMTD:mbctype.obj
 0001:00010b90       __setmbcp_nolock           00411b90 f   LIBCMTD:mbctype.obj
 0001:00011380       __getmbcp                  00412380 f   LIBCMTD:mbctype.obj
 0001:000113f0       ___initmbctable            004123f0 f   LIBCMTD:mbctype.obj
 0001:00011420       ___addlocaleref            00412420 f   LIBCMTD:localref.obj
 0001:00011540       ___removelocaleref         00412540 f   LIBCMTD:localref.obj
 0001:00011670       ___freetlocinfo            00412670 f   LIBCMTD:localref.obj
 0001:00011950       __updatetlocinfoEx_nolock  00412950 f   LIBCMTD:localref.obj
 0001:000119d0       ___updatetlocinfo          004129d0 f   LIBCMTD:localref.obj
 0001:00011aa0       _abort                     00412aa0 f   LIBCMTD:abort.obj
 0001:00011b00       __set_abort_behavior       00412b00 f   LIBCMTD:abort.obj
 0001:00011b30       __FF_MSGBANNER             00412b30 f   LIBCMTD:crt0msg.obj
 0001:00011b80       __GET_RTERRMSG             00412b80 f   LIBCMTD:crt0msg.obj
 0001:00011bd0       __NMSG_WRITE               00412bd0 f   LIBCMTD:crt0msg.obj
 0001:00011f10       ___getlocaleinfo           00412f10 f   LIBCMTD:inithelp.obj
 0001:000121f0       __initp_misc_purevirt      004131f0 f   LIBCMTD:inithelp.obj
 0001:00012200       ?__CxxUnhandledExceptionFilter@@YGJPAU_EXCEPTION_POINTERS@@@Z 00413200 f   LIBCMTD:unhandld.obj
 0001:00012270       ___CxxSetUnhandledExceptionFilter 00413270 f   LIBCMTD:unhandld.obj
 0001:00012290       ___security_init_cookie    00413290 f   LIBCMTD:gs_support.obj
 0001:00012370       ___CppXcptFilter           00413370 f   LIBCMTD:winxfltr.obj
 0001:000123a0       __XcptFilter               004133a0 f   LIBCMTD:winxfltr.obj
 0001:00012600       __wincmdln                 00413600 f   LIBCMTD:wincmdln.obj
 0001:000126d0       __setenvp                  004136d0 f   LIBCMTD:stdenvp.obj
 0001:00012870       __setargv                  00413870 f   LIBCMTD:stdargv.obj
 0001:00012990       __set_pgmptr               00413990 f i LIBCMTD:stdargv.obj
 0001:00012d00       ___crtGetEnvironmentStringsA 00413d00 f   LIBCMTD:a_env.obj
 0001:00012e00       __ioinit                   00413e00 f   LIBCMTD:ioinit.obj
 0001:00013210       __ioterm                   00414210 f   LIBCMTD:ioinit.obj
 0001:000132b0       __RTC_Initialize           004142b0 f   LIBCMTD:_initsect_.obj
 0001:000132e0       __RTC_Terminate            004142e0 f   LIBCMTD:_initsect_.obj
 0001:00013310       __heap_init                00414310 f   LIBCMTD:heapinit.obj
 0001:00013350       __heap_term                00414350 f   LIBCMTD:heapinit.obj
 0001:00013370       __get_heap_handle          00414370 f   LIBCMTD:heapinit.obj
 0001:000133b0       __local_unwind4            004143b0 f   LIBCMTD:exsup4.obj
 0001:00013486       __seh_longjmp_unwind4@4    00414486 f   LIBCMTD:exsup4.obj
 0001:000134a2       @_EH4_CallFilterFunc@8     004144a2 f   LIBCMTD:exsup4.obj
 0001:000134b9       @_EH4_TransferToHandler@8  004144b9 f   LIBCMTD:exsup4.obj
 0001:000134d2       @_EH4_GlobalUnwind2@8      004144d2 f   LIBCMTD:exsup4.obj
 0001:000134eb       @_EH4_LocalUnwind@16       004144eb f   LIBCMTD:exsup4.obj
 0001:00013510       __ValidateImageBase        00414510 f   LIBCMTD:pesect.obj
 0001:00013570       __FindPESection            00414570 f   LIBCMTD:pesect.obj
 0001:000135f0       __IsNonwritableInCurrentImage 004145f0 f   LIBCMTD:pesect.obj
 0001:00013710       __setdefaultprecision      00414710 f   LIBCMTD:fp8.obj
 0001:00013750       __forcdecpt                00414750 f   LIBCMTD:cvt.obj
 0001:00013770       __forcdecpt_l              00414770 f   LIBCMTD:cvt.obj
 0001:00013830       __cropzeros                00414830 f   LIBCMTD:cvt.obj
 0001:00013850       __cropzeros_l              00414850 f   LIBCMTD:cvt.obj
 0001:00013960       __positive                 00414960 f   LIBCMTD:cvt.obj
 0001:00013990       __fassign_l                00414990 f   LIBCMTD:cvt.obj
 0001:000139f0       __fassign                  004149f0 f   LIBCMTD:cvt.obj
 0001:00013a10       __cftoe_l                  00414a10 f   LIBCMTD:cvt.obj
 0001:00013f60       __cftoe                    00414f60 f   LIBCMTD:cvt.obj
 0001:00013f90       __cftoa_l                  00414f90 f   LIBCMTD:cvt.obj
 0001:00014770       ?strrchr@@YAPADPADH@Z      00415770 f i LIBCMTD:cvt.obj
 0001:00014790       __cftoa                    00415790 f   LIBCMTD:cvt.obj
 0001:000147c0       __cftof_l                  004157c0 f   LIBCMTD:cvt.obj
 0001:00014bd0       __cftof                    00415bd0 f   LIBCMTD:cvt.obj
 0001:00014c00       __cftog_l                  00415c00 f   LIBCMTD:cvt.obj
 0001:00014e30       __cftog                    00415e30 f   LIBCMTD:cvt.obj
 0001:00014e60       __cfltcvt_l                00415e60 f   LIBCMTD:cvt.obj
 0001:00014f20       __cfltcvt                  00415f20 f   LIBCMTD:cvt.obj
 0001:00014f80       __initp_misc_cfltcvt_tab   00415f80 f   LIBCMTD:cmiscdat.obj
 0001:00014fc0       __VEC_memzero              00415fc0 f   LIBCMTD:p4_memset.obj
 0001:00015080       ___sse2_available_init     00416080 f   LIBCMTD:cpu_disp.obj
 0001:000150a0       _strcpy_s                  004160a0 f   LIBCMTD:strcpy_s.obj
 0001:00015380       _strlen                    00416380 f   LIBCMTD:strlen.obj
 0001:00015410       __CrtDefaultAllocHook      00416410 f   LIBCMTD:dbghook.obj
 0001:00015420       __crt_debugger_hook        00416420 f   LIBCMTD:dbghook.obj
 0001:00015440       ?_RTC_GetSrcLine@@YAHPAEPA_WKPAH1K@Z 00416440 f   LIBCMTD:_pdblkup_.obj
 0001:000158f0       __CrtSetReportHook2        004168f0 f   LIBCMTD:dbgrpt.obj
 0001:00015c20       __CrtDbgReport             00416c20 f   LIBCMTD:dbgrpt.obj
 0001:00015c60       __CrtDbgReportV            00416c60 f i LIBCMTD:dbgrpt.obj
 0001:00015c90       ___crtMessageWindowA       00416c90 f   LIBCMTD:dbgrpt.obj
 0001:00016090       ___unDName                 00417090 f   LIBCMTD:undname.obj
 0001:00016170       ?Constructor@_HeapManager@@QAEXP6APAXI@ZP6AXPAX@Z@Z 00417170 f i LIBCMTD:undname.obj
 0001:000161b0       ?Destructor@_HeapManager@@QAEXXZ 004171b0 f i LIBCMTD:undname.obj
 0001:00016200       ___unDNameEx               00417200 f   LIBCMTD:undname.obj
 0001:000162e0       ??0UnDecorator@@QAE@PADPBDHP6APADJ@ZK@Z 004172e0 f i LIBCMTD:undname.obj
 0001:00016380       ??BUnDecorator@@QAEPADXZ   00417380 f i LIBCMTD:undname.obj
 0001:000165b0       ?dbGetString@DName@@QBEPADXZ 004175b0 f   LIBCMTD:undname.obj
 0001:000165e0       ?getDecoratedName@UnDecorator@@CA?AVDName@@XZ 004175e0 f   LIBCMTD:undname.obj
 0001:000168f0       ?getSymbolName@UnDecorator@@CA?AVDName@@XZ 004178f0 f i LIBCMTD:undname.obj
 0001:00016970       ?getZName@UnDecorator@@CA?AVDName@@_N0@Z 00417970 f   LIBCMTD:undname.obj
 0001:00016c10       ?getOperatorName@UnDecorator@@CA?AVDName@@_NPA_N@Z 00417c10 f i LIBCMTD:undname.obj
 0001:00017580       ?getStringEncoding@UnDecorator@@CA?AVDName@@PADH@Z 00418580 f   LIBCMTD:undname.obj
 0001:00017680       ?getScope@UnDecorator@@CA?AVDName@@XZ 00418680 f   LIBCMTD:undname.obj
 0001:00017a60       ?getSignedDimension@UnDecorator@@CA?AVDName@@XZ 00418a60 f   LIBCMTD:undname.obj
 0001:00017ae0       ?getDimension@UnDecorator@@CA?AVDName@@_N@Z 00418ae0 f   LIBCMTD:undname.obj
 0001:00017d90       ?getNumberOfDimensions@UnDecorator@@CAHXZ 00418d90 f   LIBCMTD:undname.obj
 0001:00017e90       ?getTemplateName@UnDecorator@@CA?AVDName@@_N@Z 00418e90 f   LIBCMTD:undname.obj
 0001:00018050       ?getTemplateArgumentList@UnDecorator@@CA?AVDName@@XZ 00419050 f   LIBCMTD:undname.obj
 0001:000182d0       ?getTemplateConstant@UnDecorator@@CA?AVDName@@XZ 004192d0 f   LIBCMTD:undname.obj
 0001:00018760       ?composeDeclaration@UnDecorator@@CA?AVDName@@ABV2@@Z 00419760 f i LIBCMTD:undname.obj
 0001:00019d60       ?getTypeEncoding@UnDecorator@@CAHXZ 0041ad60 f i LIBCMTD:undname.obj
 0001:0001a7a0       ?getBasedType@UnDecorator@@CA?AVDName@@XZ 0041b7a0 f   LIBCMTD:undname.obj
 0001:0001a860       ?getScopedName@UnDecorator@@CA?AVDName@@XZ 0041b860 f   LIBCMTD:undname.obj
 0001:0001a980       ?getCallingConvention@UnDecorator@@CA?AVDName@@XZ 0041b980 f   LIBCMTD:undname.obj
 0001:0001ab00       ?getReturnType@UnDecorator@@CA?AVDName@@PAV2@@Z 0041bb00 f   LIBCMTD:undname.obj
 0001:0001ab50       ?getDataType@UnDecorator@@CA?AVDName@@PAV2@@Z 0041bb50 f   LIBCMTD:undname.obj
 0001:0001ac70       ?getPrimaryDataType@UnDecorator@@CA?AVDName@@ABV2@@Z 0041bc70 f   LIBCMTD:undname.obj
 0001:0001b010       ?getArgumentTypes@UnDecorator@@CA?AVDName@@XZ 0041c010 f   LIBCMTD:undname.obj
 0001:0001b170       ?getArgumentList@UnDecorator@@CA?AVDName@@XZ 0041c170 f   LIBCMTD:undname.obj
 0001:0001b2c0       ?getThrowTypes@UnDecorator@@CA?AVDName@@XZ 0041c2c0 f   LIBCMTD:undname.obj
 0001:0001b370       ?getBasicDataType@UnDecorator@@CA?AVDName@@ABV2@@Z 0041c370 f   LIBCMTD:undname.obj
 0001:0001b930       ?getECSUDataType@UnDecorator@@CA?AVDName@@XZ 0041c930 f   LIBCMTD:undname.obj
 0001:0001bb00       ?getECSUName@UnDecorator@@CA?AVDName@@XZ 0041cb00 f i LIBCMTD:undname.obj
 0001:0001bb20       ?getEnumType@UnDecorator@@CA?AVDName@@XZ 0041cb20 f i LIBCMTD:undname.obj
 0001:0001bc70       ?getFunctionIndirectType@UnDecorator@@CA?AVDName@@ABV2@@Z 0041cc70 f   LIBCMTD:undname.obj
 0001:0001c0b0       ?getPtrRefType@UnDecorator@@CA?AVDName@@ABV2@0PBD@Z 0041d0b0 f   LIBCMTD:undname.obj
 0001:0001c210       ?getExtendedDataIndirectType@UnDecorator@@CA?AVDName@@AAPBDAA_NH@Z 0041d210 f   LIBCMTD:undname.obj
 0001:0001c430       ?getDataIndirectType@UnDecorator@@CA?AVDName@@ABV2@PBD0H@Z 0041d430 f   LIBCMTD:undname.obj
 0001:0001cb30       ?getPtrRefDataType@UnDecorator@@CA?AVDName@@ABV2@H@Z 0041db30 f i LIBCMTD:undname.obj
 0001:0001cc70       ?getArrayType@UnDecorator@@CA?AVDName@@ABV2@@Z 0041dc70 f i LIBCMTD:undname.obj
 0001:0001cea0       ?getLexicalFrame@UnDecorator@@CA?AVDName@@XZ 0041dea0 f i LIBCMTD:undname.obj
 0001:0001cee0       ?getThisType@UnDecorator@@CA?AVDName@@XZ 0041dee0 f i LIBCMTD:undname.obj
 0001:0001cf20       ?getPointerType@UnDecorator@@CA?AVDName@@ABV2@0@Z 0041df20 f i LIBCMTD:undname.obj
 0001:0001cf50       ?getPointerTypeArray@UnDecorator@@CA?AVDName@@ABV2@0@Z 0041df50 f i LIBCMTD:undname.obj
 0001:0001cf80       ?getReferenceType@UnDecorator@@CA?AVDName@@ABV2@0PBD@Z 0041df80 f i LIBCMTD:undname.obj
 0001:0001cfb0       ?getDisplacement@UnDecorator@@CA?AVDName@@XZ 0041dfb0 f i LIBCMTD:undname.obj
 0001:0001cfd0       ?getCallIndex@UnDecorator@@CA?AVDName@@XZ 0041dfd0 f i LIBCMTD:undname.obj
 0001:0001cff0       ?getGuardNumber@UnDecorator@@CA?AVDName@@XZ 0041dff0 f i LIBCMTD:undname.obj
 0001:0001d010       ?getVbTableType@UnDecorator@@CA?AVDName@@ABV2@@Z 0041e010 f i LIBCMTD:undname.obj
 0001:0001d030       ?getVCallThunkType@UnDecorator@@CA?AVDName@@XZ 0041e030 f i LIBCMTD:undname.obj
 0001:0001d090       ?getVfTableType@UnDecorator@@CA?AVDName@@ABV2@@Z 0041e090 f i LIBCMTD:undname.obj
 0001:0001d250       ?getStorageConvention@UnDecorator@@CA?AVDName@@XZ 0041e250 f i LIBCMTD:undname.obj
 0001:0001d270       ?getDataIndirectType@UnDecorator@@CA?AVDName@@XZ 0041e270 f i LIBCMTD:undname.obj
 0001:0001d2b0       ?getVdispMapType@UnDecorator@@CA?AVDName@@ABV2@@Z 0041e2b0 f i LIBCMTD:undname.obj
 0001:0001d320       ?getExternalDataType@UnDecorator@@CA?AVDName@@ABV2@@Z 0041e320 f i LIBCMTD:undname.obj
 0001:0001d3b0       ?doMSKeywords@UnDecorator@@SAHXZ 0041e3b0 f i LIBCMTD:undname.obj
 0001:0001d3d0       ?doPtr64@UnDecorator@@SAHXZ 0041e3d0 f i LIBCMTD:undname.obj
 0001:0001d3f0       ?doFunctionReturns@UnDecorator@@SAHXZ 0041e3f0 f i LIBCMTD:undname.obj
 0001:0001d410       ?doAllocationModel@UnDecorator@@SAHXZ 0041e410 f i LIBCMTD:undname.obj
 0001:0001d430       ?doAllocationLanguage@UnDecorator@@SAHXZ 0041e430 f i LIBCMTD:undname.obj
 0001:0001d450       ?doThisTypes@UnDecorator@@SAHXZ 0041e450 f i LIBCMTD:undname.obj
 0001:0001d470       ?doAccessSpecifiers@UnDecorator@@SAHXZ 0041e470 f i LIBCMTD:undname.obj
 0001:0001d490       ?doThrowTypes@UnDecorator@@SAHXZ 0041e490 f i LIBCMTD:undname.obj
 0001:0001d4b0       ?doMemberTypes@UnDecorator@@SAHXZ 0041e4b0 f i LIBCMTD:undname.obj
 0001:0001d4d0       ?doNameOnly@UnDecorator@@SAHXZ 0041e4d0 f i LIBCMTD:undname.obj
 0001:0001d4f0       ?doTypeOnly@UnDecorator@@SAHXZ 0041e4f0 f i LIBCMTD:undname.obj
 0001:0001d510       ?haveTemplateParameters@UnDecorator@@SAHXZ 0041e510 f i LIBCMTD:undname.obj
 0001:0001d530       ?doEcsu@UnDecorator@@SAHXZ 0041e530 f i LIBCMTD:undname.obj
 0001:0001d550       ?doEllipsis@UnDecorator@@SAHXZ 0041e550 f i LIBCMTD:undname.obj
 0001:0001d570       ?UScore@UnDecorator@@SAPBDW4Tokens@@@Z 0041e570 f   LIBCMTD:undname.obj
 0001:0001d5a0       ?doUnderScore@UnDecorator@@SAHXZ 0041e5a0 f i LIBCMTD:undname.obj
 0001:0001d5c0       ??2@YAPAXIAAV_HeapManager@@H@Z 0041e5c0 f i LIBCMTD:undname.obj
 0001:0001d5e0       ?getMemory@_HeapManager@@QAEPAXIH@Z 0041e5e0 f   LIBCMTD:undname.obj
 0001:0001d6f0       ??0Block@_HeapManager@@QAE@XZ 0041e6f0 f i LIBCMTD:undname.obj
 0001:0001d710       ??H@YA?AVDName@@DABV0@@Z   0041e710 f i LIBCMTD:undname.obj
 0001:0001d740       ??H@YA?AVDName@@W4DNameStatus@@ABV0@@Z 0041e740 f i LIBCMTD:undname.obj
 0001:0001d770       ??H@YA?AVDName@@PBDABV0@@Z 0041e770 f i LIBCMTD:undname.obj
 0001:0001d7a0       ??0DName@@QAE@XZ           0041e7a0 f i LIBCMTD:undname.obj
 0001:0001d860       ??0DName@@QAE@D@Z          0041e860 f   LIBCMTD:undname.obj
 0001:0001d940       ??0DName@@QAE@ABV0@@Z      0041e940 f i LIBCMTD:undname.obj
 0001:0001d970       ??0DName@@QAE@PAV0@@Z      0041e970 f   LIBCMTD:undname.obj
 0001:0001daa0       ??0DName@@QAE@PBD@Z        0041eaa0 f   LIBCMTD:undname.obj
 0001:0001db90       ??0DName@@QAE@AAPBDD@Z     0041eb90 f   LIBCMTD:undname.obj
 0001:0001de50       ?doNoIdentCharCheck@UnDecorator@@SAHXZ 0041ee50 f i LIBCMTD:undname.obj
 0001:0001de70       ??0DName@@QAE@_K@Z         0041ee70 f   LIBCMTD:undname.obj
 0001:0001dfb0       ??0DName@@QAE@_J@Z         0041efb0 f   LIBCMTD:undname.obj
 0001:0001e130       ??0DName@@QAE@W4DNameStatus@@@Z 0041f130 f   LIBCMTD:undname.obj
 0001:0001e250       ?isValid@DName@@QBEHXZ     0041f250 f i LIBCMTD:undname.obj
 0001:0001e280       ?isEmpty@DName@@QBEHXZ     0041f280 f i LIBCMTD:undname.obj
 0001:0001e2a0       ?status@DName@@QBE?AW4DNameStatus@@XZ 0041f2a0 f i LIBCMTD:undname.obj
 0001:0001e2c0       ?setPtrRef@DName@@QAEAAV1@XZ 0041f2c0 f i LIBCMTD:undname.obj
 0001:0001e2f0       ?isPtrRef@DName@@QBEHXZ    0041f2f0 f i LIBCMTD:undname.obj
 0001:0001e310       ?isUDC@DName@@QBEHXZ       0041f310 f i LIBCMTD:undname.obj
 0001:0001e350       ?setIsUDC@DName@@QAEXXZ    0041f350 f i LIBCMTD:undname.obj
 0001:0001e380       ?isUDTThunk@DName@@QBEHXZ  0041f380 f i LIBCMTD:undname.obj
 0001:0001e3c0       ?setIsArray@DName@@QAEXXZ  0041f3c0 f i LIBCMTD:undname.obj
 0001:0001e3e0       ?isArray@DName@@QBEHXZ     0041f3e0 f i LIBCMTD:undname.obj
 0001:0001e400       ?isNoTE@DName@@QBEHXZ      0041f400 f i LIBCMTD:undname.obj
 0001:0001e420       ?setIsNoTE@DName@@QAEXXZ   0041f420 f i LIBCMTD:undname.obj
 0001:0001e440       ?isPinPtr@DName@@QBEHXZ    0041f440 f i LIBCMTD:undname.obj
 0001:0001e460       ?setIsPinPtr@DName@@QAEXXZ 0041f460 f i LIBCMTD:undname.obj
 0001:0001e480       ?isComArray@DName@@QBEHXZ  0041f480 f i LIBCMTD:undname.obj
 0001:0001e4a0       ?setIsComArray@DName@@QAEXXZ 0041f4a0 f i LIBCMTD:undname.obj
 0001:0001e4c0       ?isVCallThunk@DName@@QBEHXZ 0041f4c0 f i LIBCMTD:undname.obj
 0001:0001e4e0       ?setIsVCallThunk@DName@@QAEXXZ 0041f4e0 f i LIBCMTD:undname.obj
 0001:0001e500       ?length@DName@@QBEHXZ      0041f500 f i LIBCMTD:undname.obj
 0001:0001e530       ?getLastChar@DName@@QBEDXZ 0041f530 f i LIBCMTD:undname.obj
 0001:0001e560       ?getString@DName@@QBEPADPADH@Z 0041f560 f i LIBCMTD:undname.obj
 0001:0001e5f0       ?getString@DName@@QBEPADPAD0@Z 0041f5f0 f i LIBCMTD:undname.obj
 0001:0001e630       ??HDName@@QBE?AV0@D@Z      0041f630 f   LIBCMTD:undname.obj
 0001:0001e670       ??HDName@@QBE?AV0@PBD@Z    0041f670 f   LIBCMTD:undname.obj
 0001:0001e6b0       ??HDName@@QBE?AV0@ABV0@@Z  0041f6b0 f   LIBCMTD:undname.obj
 0001:0001e6f0       ??HDName@@QBE?AV0@PAV0@@Z  0041f6f0 f   LIBCMTD:undname.obj
 0001:0001e730       ??HDName@@QBE?AV0@W4DNameStatus@@@Z 0041f730 f   LIBCMTD:undname.obj
 0001:0001e770       ?append@DName@@AAEXPAVDNameNode@@@Z 0041f770 f   LIBCMTD:undname.obj
 0001:0001e800       ??YDName@@QAEAAV0@D@Z      0041f800 f   LIBCMTD:undname.obj
 0001:0001e890       ??YDName@@QAEAAV0@PBD@Z    0041f890 f   LIBCMTD:undname.obj
 0001:0001e930       ??YDName@@QAEAAV0@ABV0@@Z  0041f930 f   LIBCMTD:undname.obj
 0001:0001e9a0       ??YDName@@QAEAAV0@PAV0@@Z  0041f9a0 f   LIBCMTD:undname.obj
 0001:0001ea60       ??YDName@@QAEAAV0@W4DNameStatus@@@Z 0041fa60 f   LIBCMTD:undname.obj
 0001:0001ead0       ??_5DName@@QAEAAV0@ABV0@@Z 0041fad0 f   LIBCMTD:undname.obj
 0001:0001eb30       ??4DName@@QAEAAV0@D@Z      0041fb30 f i LIBCMTD:undname.obj
 0001:0001ec10       ??4DName@@QAEAAV0@PBD@Z    0041fc10 f   LIBCMTD:undname.obj
 0001:0001ecf0       ??4DName@@QAEAAV0@ABV0@@Z  0041fcf0 f   LIBCMTD:undname.obj
 0001:0001ed20       ??4DName@@QAEAAV0@PAV0@@Z  0041fd20 f   LIBCMTD:undname.obj
 0001:0001ee60       ??4DName@@QAEAAV0@W4DNameStatus@@@Z 0041fe60 f   LIBCMTD:undname.obj
 0001:0001ef60       ?doPchar@DName@@AAEXPBDH@Z 0041ff60 f   LIBCMTD:undname.obj
 0001:0001f0a0       ?isFull@Replicator@@QBEHXZ 004200a0 f i LIBCMTD:undname.obj
 0001:0001f0c0       ??0Replicator@@QAE@XZ      004200c0 f i LIBCMTD:undname.obj
 0001:0001f0e0       ??YReplicator@@QAEAAV0@ABVDName@@@Z 004200e0 f   LIBCMTD:undname.obj
 0001:0001f170       ??AReplicator@@QBE?AVDName@@H@Z 00420170 f   LIBCMTD:undname.obj
 0001:0001f1e0       ??0DNameNode@@IAE@XZ       004201e0 f   LIBCMTD:undname.obj
 0001:0001f200       ??0charNode@@QAE@D@Z       00420200 f   LIBCMTD:undname.obj
 0001:0001f230       ?length@charNode@@UBEHXZ   00420230 f i LIBCMTD:undname.obj
 0001:0001f250       ?getLastChar@charNode@@UBEDXZ 00420250 f i LIBCMTD:undname.obj
 0001:0001f270       ?getString@charNode@@UBEPADPAD0@Z 00420270 f i LIBCMTD:undname.obj
 0001:0001f2a0       ??0pcharNode@@QAE@PBDH@Z   004202a0 f   LIBCMTD:undname.obj
 0001:0001f330       ?length@pcharNode@@UBEHXZ  00420330 f i LIBCMTD:undname.obj
 0001:0001f350       ?getLastChar@pcharNode@@UBEDXZ 00420350 f i LIBCMTD:undname.obj
 0001:0001f390       ?getString@pcharNode@@UBEPADPAD0@Z 00420390 f i LIBCMTD:undname.obj
 0001:0001f3c0       ?getStringHelper@@YAPADPAD00H@Z 004203c0 f i LIBCMTD:undname.obj
 0001:0001f400       ??0pDNameNode@@QAE@PAVDName@@@Z 00420400 f   LIBCMTD:undname.obj
 0001:0001f460       ?length@pDNameNode@@UBEHXZ 00420460 f i LIBCMTD:undname.obj
 0001:0001f4a0       ?getLastChar@pDNameNode@@UBEDXZ 004204a0 f i LIBCMTD:undname.obj
 0001:0001f4d0       ?getString@pDNameNode@@UBEPADPAD0@Z 004204d0 f i LIBCMTD:undname.obj
 0001:0001f510       ??0DNameStatusNode@@AAE@W4DNameStatus@@@Z 00420510 f   LIBCMTD:undname.obj
 0001:0001f560       ?length@DNameStatusNode@@UBEHXZ 00420560 f i LIBCMTD:undname.obj
 0001:0001f580       ?getLastChar@DNameStatusNode@@UBEDXZ 00420580 f i LIBCMTD:undname.obj
 0001:0001f5a0       ?getString@DNameStatusNode@@UBEPADPAD0@Z 004205a0 f i LIBCMTD:undname.obj
 0001:0001f5e0       ?make@DNameStatusNode@@SAPAV1@W4DNameStatus@@@Z 004205e0 f i LIBCMTD:undname.obj
 0001:0001f690       ??0pairNode@@QAE@PAVDNameNode@@0@Z 00420690 f   LIBCMTD:undname.obj
 0001:0001f6d0       ?length@pairNode@@UBEHXZ   004206d0 f i LIBCMTD:undname.obj
 0001:0001f720       ?getLastChar@pairNode@@UBEDXZ 00420720 f i LIBCMTD:undname.obj
 0001:0001f770       ?getString@pairNode@@UBEPADPAD0@Z 00420770 f i LIBCMTD:undname.obj
 0001:0001f8b0       __malloc_base              004208b0 f   LIBCMTD:malloc.obj
 0001:0001f940       __heap_alloc_base          00420940 f i LIBCMTD:malloc.obj
 0001:0001f9a0       __free_base                004209a0 f   LIBCMTD:free.obj
 0001:0001f9f0       ?_ValidateRead@@YAHPBXI@Z  004209f0 f   LIBCMTD:validate.obj
 0001:0001fa20       ?_ValidateWrite@@YAHPAXI@Z 00420a20 f   LIBCMTD:validate.obj
 0001:0001fa50       ?_ValidateExecute@@YAHP6GHXZ@Z 00420a50 f   LIBCMTD:validate.obj
 0001:0001fa80       _memmove                   00420a80 f   LIBCMTD:memmove.obj
 0001:0001fdf0       __global_unwind2           00420df0 f   LIBCMTD:exsup.obj
 0001:0001fe55       __local_unwind2            00420e55 f   LIBCMTD:exsup.obj
 0001:0001fed9       __abnormal_termination     00420ed9 f   LIBCMTD:exsup.obj
 0001:0001fefc       __NLG_Notify1              00420efc f   LIBCMTD:exsup.obj
 0001:0001ff05       __NLG_Notify               00420f05 f   LIBCMTD:exsup.obj
 0001:0001ff1c       __NLG_Dispatch2            00420f1c     LIBCMTD:exsup.obj
 0001:0001ff1c       __NLG_Dispatch             00420f1c     LIBCMTD:exsup.obj
 0001:0001ff24       __NLG_Call                 00420f24 f   LIBCMTD:exsup.obj
 0001:0001ff26       __NLG_Return2              00420f26     LIBCMTD:exsup.obj
 0001:0001ff30       __expand_base              00420f30 f   LIBCMTD:expand.obj
 0001:00020090       __realloc_base             00421090 f   LIBCMTD:realloc.obj
 0001:00020190       __heapchk                  00421190 f   LIBCMTD:heapchk.obj
 0001:000201c0       __heapset                  004211c0 f   LIBCMTD:heapchk.obj
 0001:000201d0       _sprintf                   004211d0 f   LIBCMTD:sprintf.obj
 0001:00020370       __sprintf_l                00421370 f   LIBCMTD:sprintf.obj
 0001:000203a0       _sprintf_s                 004213a0 f   LIBCMTD:sprintf.obj
 0001:000203d0       __sprintf_s_l              004213d0 f   LIBCMTD:sprintf.obj
 0001:00020400       __snprintf_s               00421400 f   LIBCMTD:sprintf.obj
 0001:00020430       __snprintf_s_l             00421430 f   LIBCMTD:sprintf.obj
 0001:00020460       __sprintf_p                00421460 f   LIBCMTD:sprintf.obj
 0001:00020490       __sprintf_p_l              00421490 f   LIBCMTD:sprintf.obj
 0001:000204c0       __scprintf                 004214c0 f   LIBCMTD:sprintf.obj
 0001:000204e0       __scprintf_p               004214e0 f   LIBCMTD:sprintf.obj
 0001:00020500       __scprintf_l               00421500 f   LIBCMTD:sprintf.obj
 0001:00020530       __scprintf_p_l             00421530 f   LIBCMTD:sprintf.obj
 0001:00020560       __chvalidator              00421560 f   LIBCMTD:isctype.obj
 0001:000205b0       __chvalidator_l            004215b0 f   LIBCMTD:isctype.obj
 0001:00020660       __isctype_l                00421660 f   LIBCMTD:isctype.obj
 0001:00020780       __isctype                  00421780 f   LIBCMTD:isctype.obj
 0001:000207c0       _memcpy                    004217c0 f   LIBCMTD:memcpy.obj
 0001:00020b30       __mbstowcs_l_helper        00421b30 f   LIBCMTD:mbstowcs.obj
 0001:00020e80       __mbstowcs_l               00421e80 f   LIBCMTD:mbstowcs.obj
 0001:00020ea0       _mbstowcs                  00421ea0 f   LIBCMTD:mbstowcs.obj
 0001:00020ef0       __mbstowcs_s_l             00421ef0 f   LIBCMTD:mbstowcs.obj
 0001:00021270       _mbstowcs_s                00422270 f   LIBCMTD:mbstowcs.obj
 0001:000212a0       _strcat_s                  004222a0 f   LIBCMTD:strcat_s.obj
 0001:00021680       __vsnprintf_helper         00422680 f   LIBCMTD:vsnprnc.obj
 0001:00021870       __vsnprintf_c              00422870 f   LIBCMTD:vsnprnc.obj
 0001:000218c0       __vsnprintf_c_l            004228c0 f   LIBCMTD:vsnprnc.obj
 0001:00021910       __vsprintf_s_l             00422910 f   LIBCMTD:vsnprnc.obj
 0001:00021b80       _vsprintf_s                00422b80 f   LIBCMTD:vsnprnc.obj
 0001:00021bb0       __vsnprintf_s_l            00422bb0 f   LIBCMTD:vsnprnc.obj
 0001:00021f50       __vsnprintf_s              00422f50 f   LIBCMTD:vsnprnc.obj
 0001:00021f80       __vsprintf_p               00422f80 f   LIBCMTD:vsnprnc.obj
 0001:00021fd0       __vsprintf_p_l             00422fd0 f   LIBCMTD:vsnprnc.obj
 0001:00022020       __itoa_s                   00423020 f   LIBCMTD:xtoas.obj
 0001:000223f0       __ltoa_s                   004233f0 f   LIBCMTD:xtoas.obj
 0001:00022430       __ultoa_s                  00423430 f   LIBCMTD:xtoas.obj
 0001:00022450       __i64toa_s                 00423450 f   LIBCMTD:xtoas.obj
 0001:00022850       __ui64toa_s                00423850 f   LIBCMTD:xtoas.obj
 0001:00022870       __wcstombs_l_helper        00423870 f   LIBCMTD:wcstombs.obj
 0001:00022db0       __wcstombs_l               00423db0 f   LIBCMTD:wcstombs.obj
 0001:00022dd0       _wcstombs                  00423dd0 f   LIBCMTD:wcstombs.obj
 0001:00022df0       __wcstombs_s_l             00423df0 f   LIBCMTD:wcstombs.obj
 0001:00023120       _wcstombs_s                00424120 f   LIBCMTD:wcstombs.obj
 0001:00023150       _wcscat_s                  00424150 f   LIBCMTD:wcscat_s.obj
 0001:00023540       __vswprintf_helper         00424540 f   LIBCMTD:vswprnc.obj
 0001:000237a0       __vswprintf_c              004247a0 f   LIBCMTD:vswprnc.obj
 0001:000237f0       __vswprintf_c_l            004247f0 f   LIBCMTD:vswprnc.obj
 0001:00023840       __vswprintf_s_l            00424840 f   LIBCMTD:vswprnc.obj
 0001:00023ab0       _vswprintf_s               00424ab0 f   LIBCMTD:vswprnc.obj
 0001:00023ae0       __vsnwprintf_s_l           00424ae0 f   LIBCMTD:vswprnc.obj
 0001:00023e90       __vsnwprintf_s             00424e90 f   LIBCMTD:vswprnc.obj
 0001:00023ec0       __vswprintf_p              00424ec0 f   LIBCMTD:vswprnc.obj
 0001:00023f10       __vswprintf_p_l            00424f10 f   LIBCMTD:vswprnc.obj
 0001:00023f60       __itow_s                   00424f60 f   LIBCMTD:xtows.obj
 0001:00024340       __ltow_s                   00425340 f   LIBCMTD:xtows.obj
 0001:00024380       __ultow_s                  00425380 f   LIBCMTD:xtows.obj
 0001:000243a0       __i64tow_s                 004253a0 f   LIBCMTD:xtows.obj
 0001:000247c0       __ui64tow_s                004257c0 f   LIBCMTD:xtows.obj
 0001:000247e0       __initp_misc_rand_s        004257e0 f   LIBCMTD:rand_s.obj
 0001:000247f0       _rand_s                    004257f0 f   LIBCMTD:rand_s.obj
 0001:00024a10       __flsbuf                   00425a10 f   LIBCMTD:_flsbuf.obj
 0001:00024cd0       __woutput_l                00425cd0 f   LIBCMTD:woutput.obj
 0001:00025ed0       _get_int_arg               00426ed0 f i LIBCMTD:woutput.obj
 0001:00025ef0       _get_int64_arg             00426ef0 f i LIBCMTD:woutput.obj
 0001:00025f10       __vswprintf_l              00426f10 f   LIBCMTD:vswprint.obj
 0001:00026100       __vswprintf                00427100 f   LIBCMTD:vswprint.obj
 0001:00026120       ___vswprintf_l             00427120 f   LIBCMTD:vswprint.obj
 0001:00026140       __vscwprintf_helper        00427140 f   LIBCMTD:vswprint.obj
 0001:00026220       __vscwprintf               00427220 f   LIBCMTD:vswprint.obj
 0001:00026240       __vscwprintf_l             00427240 f   LIBCMTD:vswprint.obj
 0001:00026260       __vscwprintf_p             00427260 f   LIBCMTD:vswprint.obj
 0001:00026280       __vscwprintf_p_l           00427280 f   LIBCMTD:vswprint.obj
 0001:000262a0       ___crtLCMapStringA         004272a0 f   LIBCMTD:a_map.obj
 0001:00026590       __MarkAllocaS              00427590 f i LIBCMTD:a_map.obj
 0001:000265c0       __freea                    004275c0 f i LIBCMTD:a_map.obj
 0001:00026680       ___crtGetStringTypeA       00427680 f   LIBCMTD:a_str.obj
 0001:000267f0       ___init_time               004277f0 f   LIBCMTD:inittime.obj
 0001:00027520       ___free_lc_time            00428520 f   LIBCMTD:inittime.obj
 0001:00027b90       ___init_numeric            00428b90 f   LIBCMTD:initnum.obj
 0001:00027f40       ___free_lconv_num          00428f40 f   LIBCMTD:initnum.obj
 0001:00027ff0       ___init_monetary           00428ff0 f   LIBCMTD:initmon.obj
 0001:000285e0       ___free_lconv_mon          004295e0 f   LIBCMTD:initmon.obj
 0001:00028790       _localeconv                00429790 f   LIBCMTD:lconv.obj
 0001:000287e0       ___pwctype_func            004297e0 f   LIBCMTD:ctype.obj
 0001:000287f0       ___pctype_func             004297f0 f   LIBCMTD:ctype.obj
 0001:00028840       __set_error_mode           00429840 f   LIBCMTD:errmode.obj
 0001:00028900       ___set_app_type            00429900 f   LIBCMTD:errmode.obj
 0001:00028910       _wcsncpy_s                 00429910 f   LIBCMTD:wcsncpy_s.obj
 0001:00028d20       _strncpy_s                 00429d20 f   LIBCMTD:strncpy_s.obj
 0001:00029110       ___crtGetLocaleInfoA       0042a110 f   LIBCMTD:a_loc.obj
 0001:00029270       __ismbbkalnum_l            0042a270 f   LIBCMTD:ismbbyte.obj
 0001:00029290       __ismbbkalnum              0042a290 f   LIBCMTD:ismbbyte.obj
 0001:000292b0       __ismbbkprint_l            0042a2b0 f   LIBCMTD:ismbbyte.obj
 0001:000292d0       __ismbbkprint              0042a2d0 f   LIBCMTD:ismbbyte.obj
 0001:000292f0       __ismbbkpunct_l            0042a2f0 f   LIBCMTD:ismbbyte.obj
 0001:00029310       __ismbbkpunct              0042a310 f   LIBCMTD:ismbbyte.obj
 0001:00029330       __ismbbalnum_l             0042a330 f   LIBCMTD:ismbbyte.obj
 0001:00029350       __ismbbalnum               0042a350 f   LIBCMTD:ismbbyte.obj
 0001:00029370       __ismbbalpha_l             0042a370 f   LIBCMTD:ismbbyte.obj
 0001:00029390       __ismbbalpha               0042a390 f   LIBCMTD:ismbbyte.obj
 0001:000293b0       __ismbbgraph_l             0042a3b0 f   LIBCMTD:ismbbyte.obj
 0001:000293d0       __ismbbgraph               0042a3d0 f   LIBCMTD:ismbbyte.obj
 0001:000293f0       __ismbbprint_l             0042a3f0 f   LIBCMTD:ismbbyte.obj
 0001:00029410       __ismbbprint               0042a410 f   LIBCMTD:ismbbyte.obj
 0001:00029430       __ismbbpunct_l             0042a430 f   LIBCMTD:ismbbyte.obj
 0001:00029450       __ismbbpunct               0042a450 f   LIBCMTD:ismbbyte.obj
 0001:00029470       __ismbblead_l              0042a470 f   LIBCMTD:ismbbyte.obj
 0001:00029490       __ismbblead                0042a490 f   LIBCMTD:ismbbyte.obj
 0001:000294b0       __ismbbtrail_l             0042a4b0 f   LIBCMTD:ismbbyte.obj
 0001:000294d0       __ismbbtrail               0042a4d0 f   LIBCMTD:ismbbyte.obj
 0001:000294f0       __ismbbkana_l              0042a4f0 f   LIBCMTD:ismbbyte.obj
 0001:00029560       __ismbbkana                0042a560 f   LIBCMTD:ismbbyte.obj
 0001:00029650       __controlfp_s              0042a650 f   LIBCMTD:_contrlfp_.obj
 0001:00029730       __isalpha_l                0042a730 f i LIBCMTD:_ctype.obj
 0001:000297c0       _isalpha                   0042a7c0 f i LIBCMTD:_ctype.obj
 0001:00029800       __isupper_l                0042a800 f i LIBCMTD:_ctype.obj
 0001:00029880       _isupper                   0042a880 f i LIBCMTD:_ctype.obj
 0001:000298b0       __islower_l                0042a8b0 f i LIBCMTD:_ctype.obj
 0001:00029930       _islower                   0042a930 f i LIBCMTD:_ctype.obj
 0001:00029960       __isdigit_l                0042a960 f i LIBCMTD:_ctype.obj
 0001:000299e0       _isdigit                   0042a9e0 f i LIBCMTD:_ctype.obj
 0001:00029a10       __isxdigit_l               0042aa10 f i LIBCMTD:_ctype.obj
 0001:00029aa0       _isxdigit                  0042aaa0 f i LIBCMTD:_ctype.obj
 0001:00029ae0       __isspace_l                0042aae0 f i LIBCMTD:_ctype.obj
 0001:00029b60       _isspace                   0042ab60 f i LIBCMTD:_ctype.obj
 0001:00029b90       __ispunct_l                0042ab90 f i LIBCMTD:_ctype.obj
 0001:00029c10       _ispunct                   0042ac10 f i LIBCMTD:_ctype.obj
 0001:00029c40       __isalnum_l                0042ac40 f i LIBCMTD:_ctype.obj
 0001:00029cd0       _isalnum                   0042acd0 f i LIBCMTD:_ctype.obj
 0001:00029d10       __isprint_l                0042ad10 f i LIBCMTD:_ctype.obj
 0001:00029da0       _isprint                   0042ada0 f i LIBCMTD:_ctype.obj
 0001:00029de0       __isgraph_l                0042ade0 f i LIBCMTD:_ctype.obj
 0001:00029e70       _isgraph                   0042ae70 f i LIBCMTD:_ctype.obj
 0001:00029eb0       __iscntrl_l                0042aeb0 f i LIBCMTD:_ctype.obj
 0001:00029f30       _iscntrl                   0042af30 f i LIBCMTD:_ctype.obj
 0001:00029f60       ___isascii                 0042af60 f i LIBCMTD:_ctype.obj
 0001:00029f80       ___toascii                 0042af80 f i LIBCMTD:_ctype.obj
 0001:00029f90       __iscsymf_l                0042af90 f i LIBCMTD:_ctype.obj
 0001:00029fd0       ___iscsymf                 0042afd0 f i LIBCMTD:_ctype.obj
 0001:0002a010       __iscsym_l                 0042b010 f i LIBCMTD:_ctype.obj
 0001:0002a050       ___iscsym                  0042b050 f i LIBCMTD:_ctype.obj
 0001:0002a090       __tolower                  0042b090 f   LIBCMTD:tolower.obj
 0001:0002a0a0       __tolower_l                0042b0a0 f   LIBCMTD:tolower.obj
 0001:0002a280       _tolower                   0042b280 f   LIBCMTD:tolower.obj
 0001:0002a2d0       __atodbl_l                 0042b2d0 f   LIBCMTD:atodbl.obj
 0001:0002a3e0       __atodbl                   0042b3e0 f   LIBCMTD:atodbl.obj
 0001:0002a400       __atoldbl_l                0042b400 f   LIBCMTD:atodbl.obj
 0001:0002a510       __atoldbl                  0042b510 f   LIBCMTD:atodbl.obj
 0001:0002a530       __atoflt_l                 0042b530 f   LIBCMTD:atodbl.obj
 0001:0002a640       __atoflt                   0042b640 f   LIBCMTD:atodbl.obj
 0001:0002a660       __fptostr                  0042b660 f   LIBCMTD:_fptostr.obj
 0001:0002a910       __fltout2                  0042b910 f   LIBCMTD:_cfout_.obj
 0001:0002a9c0       ___dtold                   0042b9c0 f   LIBCMTD:_cfout_.obj
 0001:0002ab20       __set_output_format        0042bb20 f   LIBCMTD:outputformat.obj
 0001:0002aba0       __get_output_format        0042bba0 f   LIBCMTD:outputformat.obj
 0001:0002abb0       __allrem                   0042bbb0 f   LIBCMTD:llrem.obj
 0001:0002ac70       __alldiv                   0042bc70 f   LIBCMTD:lldiv.obj
 0001:0002ad20       __allshl                   0042bd20 f   LIBCMTD:llshl.obj
 0001:0002ad40       __aullshr                  0042bd40 f   LIBCMTD:ullshr.obj
 0001:0002ad60       _strrchr                   0042bd60 f   LIBCMTD:strrchr.obj
 0001:0002ad90       __fptrap                   0042bd90 f   LIBCMTD:crt0fp.obj
 0001:0002adb0       ___crtMessageBoxA          0042bdb0 f   LIBCMTD:crtmbox.obj
 0001:0002afd0       _atol                      0042bfd0 f   LIBCMTD:atox.obj
 0001:0002aff0       __atol_l                   0042bff0 f   LIBCMTD:atox.obj
 0001:0002b010       _atoi                      0042c010 f   LIBCMTD:atox.obj
 0001:0002b030       __atoi_l                   0042c030 f   LIBCMTD:atox.obj
 0001:0002b050       __atoi64                   0042c050 f   LIBCMTD:atox.obj
 0001:0002b070       __atoi64_l                 0042c070 f   LIBCMTD:atox.obj
 0001:0002b090       __aulldiv                  0042c090 f   LIBCMTD:ulldiv.obj
 0001:0002b100       __aullrem                  0042c100 f   LIBCMTD:ullrem.obj
 0001:0002b180       __VEC_memcpy               0042c180 f   LIBCMTD:p4_memcpy.obj
 0001:0002b290       __output_l                 0042c290 f   LIBCMTD:output.obj
 0001:0002c700       _get_short_arg             0042d700 f i LIBCMTD:output.obj
 0001:0002c720       __vsprintf_l               0042d720 f   LIBCMTD:vsprintf.obj
 0001:0002c8c0       _vsprintf                  0042d8c0 f   LIBCMTD:vsprintf.obj
 0001:0002c8e0       __vscprintf_helper         0042d8e0 f   LIBCMTD:vsprintf.obj
 0001:0002c9c0       __vscprintf                0042d9c0 f   LIBCMTD:vsprintf.obj
 0001:0002c9e0       __vscprintf_l              0042d9e0 f   LIBCMTD:vsprintf.obj
 0001:0002ca00       __vscprintf_p              0042da00 f   LIBCMTD:vsprintf.obj
 0001:0002ca20       __vscprintf_p_l            0042da20 f   LIBCMTD:vsprintf.obj
 0001:0002ca40       __isleadbyte_l             0042da40 f i LIBCMTD:_wctype.obj
 0001:0002ca90       _isleadbyte                0042da90 f i LIBCMTD:_wctype.obj
 0001:0002cab0       __iswalpha_l               0042dab0 f i LIBCMTD:_wctype.obj
 0001:0002cad0       _iswalpha                  0042dad0 f i LIBCMTD:_wctype.obj
 0001:0002caf0       __iswupper_l               0042daf0 f i LIBCMTD:_wctype.obj
 0001:0002cb10       _iswupper                  0042db10 f i LIBCMTD:_wctype.obj
 0001:0002cb30       __iswlower_l               0042db30 f i LIBCMTD:_wctype.obj
 0001:0002cb50       _iswlower                  0042db50 f i LIBCMTD:_wctype.obj
 0001:0002cb70       __iswdigit_l               0042db70 f i LIBCMTD:_wctype.obj
 0001:0002cb90       _iswdigit                  0042db90 f i LIBCMTD:_wctype.obj
 0001:0002cbb0       __iswxdigit_l              0042dbb0 f i LIBCMTD:_wctype.obj
 0001:0002cbd0       _iswxdigit                 0042dbd0 f i LIBCMTD:_wctype.obj
 0001:0002cbf0       __iswspace_l               0042dbf0 f i LIBCMTD:_wctype.obj
 0001:0002cc10       _iswspace                  0042dc10 f i LIBCMTD:_wctype.obj
 0001:0002cc30       __iswpunct_l               0042dc30 f i LIBCMTD:_wctype.obj
 0001:0002cc50       _iswpunct                  0042dc50 f i LIBCMTD:_wctype.obj
 0001:0002cc70       __iswalnum_l               0042dc70 f i LIBCMTD:_wctype.obj
 0001:0002cc90       _iswalnum                  0042dc90 f i LIBCMTD:_wctype.obj
 0001:0002ccb0       __iswprint_l               0042dcb0 f i LIBCMTD:_wctype.obj
 0001:0002ccd0       _iswprint                  0042dcd0 f i LIBCMTD:_wctype.obj
 0001:0002ccf0       __iswgraph_l               0042dcf0 f i LIBCMTD:_wctype.obj
 0001:0002cd10       _iswgraph                  0042dd10 f i LIBCMTD:_wctype.obj
 0001:0002cd30       __iswcntrl_l               0042dd30 f i LIBCMTD:_wctype.obj
 0001:0002cd50       _iswcntrl                  0042dd50 f i LIBCMTD:_wctype.obj
 0001:0002cd70       _iswascii                  0042dd70 f i LIBCMTD:_wctype.obj
 0001:0002cd90       __iswcsym_l                0042dd90 f i LIBCMTD:_wctype.obj
 0001:0002cdd0       ___iswcsym                 0042ddd0 f i LIBCMTD:_wctype.obj
 0001:0002ce10       __iswcsymf_l               0042de10 f i LIBCMTD:_wctype.obj
 0001:0002ce50       ___iswcsymf                0042de50 f i LIBCMTD:_wctype.obj
 0001:0002ce90       ____setlc_active_func      0042de90 f   LIBCMTD:setlocal.obj
 0001:0002cea0       ____unguarded_readlc_active_add_func 0042dea0 f   LIBCMTD:setlocal.obj
 0001:0002ceb0       __configthreadlocale       0042deb0 f   LIBCMTD:setlocal.obj
 0001:0002cfc0       __locterm                  0042dfc0 f   LIBCMTD:setlocal.obj
 0001:0002d060       __free_locale              0042e060 f   LIBCMTD:setlocal.obj
 0001:0002d1a0       ___free_locale             0042e1a0 f   LIBCMTD:setlocal.obj
 0001:0002d1c0       __create_locale            0042e1c0 f   LIBCMTD:setlocal.obj
 0001:0002d3f0       ___create_locale           0042e3f0 f   LIBCMTD:setlocal.obj
 0001:0002d410       __get_current_locale       0042e410 f   LIBCMTD:setlocal.obj
 0001:0002d530       ___get_current_locale      0042e530 f   LIBCMTD:setlocal.obj
 0001:0002d540       _setlocale                 0042e540 f   LIBCMTD:setlocal.obj
 0001:0002e3f0       __expandlocale             0042f3f0 f   LIBCMTD:setlocal.obj
 0001:0002e6a0       ___init_dummy              0042f6a0 f   LIBCMTD:setlocal.obj
 0001:0002e6b0       __strcats                  0042f6b0 f   LIBCMTD:setlocal.obj
 0001:0002e730       ___lc_strtolc              0042f730 f   LIBCMTD:setlocal.obj
 0001:0002e930       ___lc_lctostr              0042f930 f   LIBCMTD:setlocal.obj
 0001:0002e9d0       __output_s_l               0042f9d0 f   LIBCMTD:outputs.obj
 0001:0002ff90       __validate_param_reuseA    00430f90 f   LIBCMTD:outputp.obj
 0001:00030200       __output_p_l               00431200 f   LIBCMTD:outputp.obj
 0001:00033e00       _get_crtdouble_arg         00434e00 f i LIBCMTD:outputp.obj
 0001:00033e20       __woutput_s_l              00434e20 f   LIBCMTD:woutputs.obj
 0001:00035170       __validate_param_reuseW    00436170 f   LIBCMTD:woutputp.obj
 0001:000353e0       __woutput_p_l              004363e0 f   LIBCMTD:woutputp.obj
 0001:00038b60       __lseeki64                 00439b60 f   LIBCMTD:lseeki64.obj
 0001:00038db0       __lseeki64_nolock          00439db0 f   LIBCMTD:lseeki64.obj
 0001:00038ea0       __write                    00439ea0 f   LIBCMTD:write.obj
 0001:000390d0       __write_nolock             0043a0d0 f   LIBCMTD:write.obj
 0001:00039c10       __getbuf                   0043ac10 f   LIBCMTD:_getbuf.obj
 0001:00039ce0       __isatty                   0043ace0 f   LIBCMTD:isatty.obj
 0001:00039da0       ___iob_func                0043ada0 f   LIBCMTD:_file.obj
 0001:00039db0       ___initstdio               0043adb0 f   LIBCMTD:_file.obj
 0001:00039f00       ___endstdio                0043af00 f   LIBCMTD:_file.obj
 0001:00039f30       __lock_file                0043af30 f   LIBCMTD:_file.obj
 0001:00039f90       __lock_file2               0043af90 f   LIBCMTD:_file.obj
 0001:00039fd0       __unlock_file              0043afd0 f   LIBCMTD:_file.obj
 0001:0003a030       __unlock_file2             0043b030 f   LIBCMTD:_file.obj
 0001:0003a070       __fileno                   0043b070 f   LIBCMTD:fileno.obj
 0001:0003a0f0       _printf                    0043b0f0 f   LIBCMTD:printf.obj
 0001:0003a230       __printf_l                 0043b230 f   LIBCMTD:printf.obj
 0001:0003a260       __printf_s_l               0043b260 f   LIBCMTD:printf.obj
 0001:0003a290       _printf_s                  0043b290 f   LIBCMTD:printf.obj
 0001:0003a2c0       __printf_p_l               0043b2c0 f   LIBCMTD:printf.obj
 0001:0003a2f0       __printf_p                 0043b2f0 f   LIBCMTD:printf.obj
 0001:0003a320       __set_printf_count_output  0043b320 f   LIBCMTD:printf.obj
 0001:0003a370       __get_printf_count_output  0043b370 f   LIBCMTD:printf.obj
 0001:0003a390       __mbtowc_l                 0043b390 f   LIBCMTD:mbtowc.obj
 0001:0003a5b0       _mbtowc                    0043b5b0 f   LIBCMTD:mbtowc.obj
 0001:0003a5d0       _fputwc                    0043b5d0 f   LIBCMTD:fputwc.obj
 0001:0003a6d0       __fputwc_nolock            0043b6d0 f   LIBCMTD:fputwc.obj
 0001:0003a9c0       _putwc                     0043b9c0 f   LIBCMTD:fputwc.obj
 0001:0003a9e0       __statusfp2                0043b9e0 f   LIBCMTD:_ieee87_.obj
 0001:0003aa20       __statusfp                 0043ba20 f   LIBCMTD:_ieee87_.obj
 0001:0003aa70       __clearfp                  0043ba70 f   LIBCMTD:_ieee87_.obj
 0001:0003aac0       ___control87_2             0043bac0 f   LIBCMTD:_ieee87_.obj
 0001:0003ab70       __controlfp                0043bb70 f   LIBCMTD:_ieee87_.obj
 0001:0003ab90       __control87                0043bb90 f i LIBCMTD:_ieee87_.obj
 0001:0003ac40       __set_controlfp            0043bc40 f   LIBCMTD:_ieee87_.obj
 0001:0003acd0       __fpreset                  0043bcd0 f   LIBCMTD:_ieee87_.obj
 0001:0003b490       __ld12tod                  0043c490 f   LIBCMTD:_intrncvt_.obj
[...]
 0003:00000cdc       __pctype                   0046bcdc     LIBCMTD:ctype.obj
 0003:00000ce0       __pwctype                  0046bce0     LIBCMTD:ctype.obj
 0003:00000cf0       ___nullstring              0046bcf0     LIBCMTD:output.obj
 0003:00000cf4       ___wnullstring             0046bcf4     LIBCMTD:output.obj
 0003:00000d00       __iob                      0046bd00     LIBCMTD:_file.obj
 0003:00000fb0       ___mb_cur_max              0046bfb0     LIBCMTD:nlsdata1.obj
 0003:00000fb4       ___decimal_point           0046bfb4     LIBCMTD:nlsdata1.obj
 0003:00000fb8       ___decimal_point_length    0046bfb8     LIBCMTD:nlsdata1.obj
 0003:00000fe0       __pow10pos                 0046bfe0     LIBCMTD:_constpow_.obj
 0003:00001140       __pow10neg                 0046c140     LIBCMTD:_constpow_.obj
 0003:000012a0       __confh                    0046c2a0     LIBCMTD:initcon.obj
 0003:00001760       ?vtMissing@@3V_variant_t@@A 0046c760     comsuppwd:comutil.obj
 0003:00001784       __aenvptr                  0046c784     LIBCMTD:wincrt0.obj
 0003:00001788       __wenvptr                  0046c788     LIBCMTD:wincrt0.obj
 0003:0000178c       ___error_mode              0046c78c     LIBCMTD:wincrt0.obj
 0003:00001790       ___fastflag                0046c790     LIBCMTD:_fpinit_.obj
 0003:00001794       ?_pnhHeap@@3P6AHI@ZA       0046c794     LIBCMTD:handler.obj
 0003:00001abc       ?wsprintffp@@3P6AHPADPBDZZA 0046cabc     LIBCMTD:_error_.obj
 0003:00001ad0       _gpFlsAlloc                0046cad0     LIBCMTD:tidtable.obj
 0003:00001ad4       _gpFlsGetValue             0046cad4     LIBCMTD:tidtable.obj
 0003:00001ad8       _gpFlsSetValue             0046cad8     LIBCMTD:tidtable.obj
 0003:00001adc       _gpFlsFree                 0046cadc     LIBCMTD:tidtable.obj
 0003:00001ae0       ?__pInconsistency@@3P6AXXZA 0046cae0     LIBCMTD:hooks.obj
 0003:00001c64       ?_pfnDumpClient@@3P6AXPAXI@ZA 0046cc64     LIBCMTD:dbgheap.obj
 0003:00001c6c       ___crtDebugCheckCount      0046cc6c     LIBCMTD:dbgheap.obj
 0003:00001c74       ___pInvalidArgHandler      0046cc74     LIBCMTD:invarg.obj
 0003:00001c78       __umaskval                 0046cc78     LIBCMTD:crt0dat.obj
 0003:00001c7c       ___argc                    0046cc7c     LIBCMTD:crt0dat.obj
 0003:00001c80       ___argv                    0046cc80     LIBCMTD:crt0dat.obj
 0003:00001c84       ___wargv                   0046cc84     LIBCMTD:crt0dat.obj
 0003:00001c88       __environ                  0046cc88     LIBCMTD:crt0dat.obj
 0003:00001c8c       ___initenv                 0046cc8c     LIBCMTD:crt0dat.obj
 0003:00001c90       __wenviron                 0046cc90     LIBCMTD:crt0dat.obj
 0003:00001c94       ___winitenv                0046cc94     LIBCMTD:crt0dat.obj
 0003:00001c98       __pgmptr                   0046cc98     LIBCMTD:crt0dat.obj
 0003:00001c9c       __wpgmptr                  0046cc9c     LIBCMTD:crt0dat.obj
 0003:00001ca0       __exitflag                 0046cca0     LIBCMTD:crt0dat.obj
 0003:00001ca4       __C_Termination_Done       0046cca4     LIBCMTD:crt0dat.obj
 0003:00001ca8       __C_Exit_Done              0046cca8     LIBCMTD:crt0dat.obj
 0003:00001cdc       ___mbulinfo                0046ccdc     LIBCMTD:mbctype.obj
 0003:00001ce8       ___mbcodepage              0046cce8     LIBCMTD:mbctype.obj
 0003:00001cec       ___ismbcodepage            0046ccec     LIBCMTD:mbctype.obj
 0003:00001cf0       ___mblcid                  0046ccf0     LIBCMTD:mbctype.obj
 0003:00002320       ___pPurecall               0046d320     LIBCMTD:inithelp.obj
 0003:00002430       __crtheap                  0046d430     LIBCMTD:heapinit.obj
 0003:00002434       __newmode                  0046d434     LIBCMTD:_newmode.obj
 0003:00002454       ?pArgList@UnDecorator@@0PAVReplicator@@A 0046d454     LIBCMTD:undname.obj
 0003:00002458       ?pZNameList@UnDecorator@@0PAVReplicator@@A 0046d458     LIBCMTD:undname.obj
 0003:0000245c       ?pTemplateArgList@UnDecorator@@0PAVReplicator@@A 0046d45c     LIBCMTD:undname.obj
 0003:00002460       ?gName@UnDecorator@@0PBDB  0046d460     LIBCMTD:undname.obj
 0003:00002464       ?name@UnDecorator@@0PBDB   0046d464     LIBCMTD:undname.obj
 0003:00002468       ?outputString@UnDecorator@@0PADA 0046d468     LIBCMTD:undname.obj
 0003:0000246c       ?maxStringLength@UnDecorator@@0HA 0046d46c     LIBCMTD:undname.obj
 0003:00002470       ?disableFlags@UnDecorator@@0KA 0046d470     LIBCMTD:undname.obj
 0003:00002474       ?m_pGetParameter@UnDecorator@@0P6APADJ@ZA 0046d474     LIBCMTD:undname.obj
 0003:00002478       ?fExplicitTemplateParams@UnDecorator@@0_NA 0046d478     LIBCMTD:undname.obj
 0003:00002479       ?fGetTemplateArgumentList@UnDecorator@@0_NA 0046d479     LIBCMTD:undname.obj
 0003:000024d0       ?nodes@?1??make@DNameStatusNode@@SAPAV2@W4DNameStatus@@@Z@4PAV2@A 0046d4d0     LIBCMTD:undname.obj
 0003:00002500       ??_B?1??make@DNameStatusNode@@SAPAV1@W4DNameStatus@@@Z@51 0046d500     LIBCMTD:undname.obj
 0003:00002508       ___lconv_static_null       0046d508     LIBCMTD:lconv.obj
 0003:0000250c       ___lconv_static_W_null     0046d50c     LIBCMTD:lconv.obj
 0003:00002510       __outputformat             0046d510     LIBCMTD:outputformat.obj
 0003:00002528       ___locale_changed          0046d528     LIBCMTD:setlocal.obj
 0003:0000252c       __cflush                   0046d52c     LIBCMTD:_file.obj
 0003:00002534       __stdbuf                   0046d534     LIBCMTD:_sftbuf.obj
 0003:0000253c       ___piob                    0046d53c     <common>
 0003:00002880       __bufin                    0046d880     <common>
 0003:00003880       __nstream                  0046e880     <common>
 0003:00003884       ___setlc_active            0046e884     <common>
 0003:00003894       ___unguarded_readlc_active 0046e894     <common>
 0003:00003898       __debugger_hook_dummy      0046e898     <common>
 0003:000038a4       ___sse2_available          0046e8a4     <common>
 0003:000038b0       __nhandle                  0046e8b0     <common>
 0003:00003900       ___pioinfo                 0046e900     <common>
 0003:00003a00       ___env_initialized         0046ea00     <common>
 0003:00003a10       ___onexitend               0046ea10     <common>
 0003:00003a14       ___onexitbegin             0046ea14     <common>
 0003:00003a18       ___mbctype_initialized     0046ea18     <common>
 0003:00003a1c       ___dyn_tls_init_callback   0046ea1c     <common>
 0003:00003a20       __pfnReportHook            0046ea20     <common>
 0003:00003a30       __pReportHookListW         0046ea30     <common>
 0003:00003a34       __pReportHookList          0046ea34     <common>
 0003:00003a38       __acmdln                   0046ea38     <common>
 0003:00003a48       __NoHeapEnableTerminationOnCorruption 0046ea48     <common>
 0004:00000000       __IMPORT_DESCRIPTOR_KERNEL32 0046f000     kernel32:KERNEL32.dll
 0004:00000014       __IMPORT_DESCRIPTOR_USER32 0046f014     user32:USER32.dll
 0004:00000028       __IMPORT_DESCRIPTOR_GDI32  0046f028     gdi32:GDI32.dll
 0004:0000003c       __IMPORT_DESCRIPTOR_ole32  0046f03c     ole32:ole32.dll
 0004:00000050       __IMPORT_DESCRIPTOR_OLEAUT32 0046f050     oleaut32:OLEAUT32.dll
 0004:00000064       __IMPORT_DESCRIPTOR_DuiLib_d 0046f064     DuiLib_d:DuiLib_d.dll
 0004:00000078       __NULL_IMPORT_DESCRIPTOR   0046f078     kernel32:KERNEL32.dll
 0004:00000410       __imp_?MessageLoop@CPaintManagerUI@DuiLib@@SAXXZ 0046f410     DuiLib_d:DuiLib_d.dll
 0004:00000414       __imp_??1CPaintManagerUI@DuiLib@@QAE@XZ 0046f414     DuiLib_d:DuiLib_d.dll
 0004:00000418       __imp_?GetRoundCorner@CPaintManagerUI@DuiLib@@QBE?AUtagSIZE@@XZ 0046f418     DuiLib_d:DuiLib_d.dll
 0004:0000041c       __imp_??0CRect@DuiLib@@QAE@XZ 0046f41c     DuiLib_d:DuiLib_d.dll
 0004:00000420       __imp_?Offset@CRect@DuiLib@@QAEXHH@Z 0046f420     DuiLib_d:DuiLib_d.dll
 0004:00000424       __imp_?GetCaptionRect@CPaintManagerUI@DuiLib@@QAEAAUtagRECT@@XZ 0046f424     DuiLib_d:DuiLib_d.dll
 0004:00000428       __imp_?FindControl@CPaintManagerUI@DuiLib@@QBEPAVCControlUI@2@UtagPOINT@@@Z 0046f428     DuiLib_d:DuiLib_d.dll
 0004:0000042c       __imp_??BCWindowWnd@DuiLib@@QBEPAUHWND__@@XZ 0046f42c     DuiLib_d:DuiLib_d.dll
 0004:00000430       __imp_?Init@CPaintManagerUI@DuiLib@@QAEXPAUHWND__@@@Z 0046f430     DuiLib_d:DuiLib_d.dll
 0004:00000434       __imp_??0CDialogBuilder@DuiLib@@QAE@XZ 0046f434     DuiLib_d:DuiLib_d.dll
 0004:00000438       __imp_?Create@CDialogBuilder@DuiLib@@QAEPAVCControlUI@2@VSTRINGorID@2@PBDPAVIDialogBuilderCallback@2@PAVCPaintManagerUI@2@PAV32@@Z 0046f438     DuiLib_d:DuiLib_d.dll
 0004:0000043c       __imp_?AttachDialog@CPaintManagerUI@DuiLib@@QAE_NPAVCControlUI@2@@Z 0046f43c     DuiLib_d:DuiLib_d.dll
 0004:00000440       __imp_?AddNotifier@CPaintManagerUI@DuiLib@@QAE_NPAVINotifyUI@2@@Z 0046f440     DuiLib_d:DuiLib_d.dll
 0004:00000444       __imp_??1CDialogBuilder@DuiLib@@QAE@XZ 0046f444     DuiLib_d:DuiLib_d.dll
 0004:00000448       __imp_?MessageHandler@CPaintManagerUI@DuiLib@@QAE_NIIJAAJ@Z 0046f448     DuiLib_d:DuiLib_d.dll
 0004:0000044c       __imp_?HandleMessage@CWindowWnd@DuiLib@@MAEJIIJ@Z 0046f44c     DuiLib_d:DuiLib_d.dll
 0004:00000450       __imp_??8CStdString@DuiLib@@QBE_NPBD@Z 0046f450     DuiLib_d:DuiLib_d.dll
 0004:00000454       __imp_??9CStdString@DuiLib@@QBE_NPBD@Z 0046f454     DuiLib_d:DuiLib_d.dll
 0004:00000458       __imp_?GetControl@CActiveXUI@DuiLib@@QAEJU_GUID@@PAPAX@Z 0046f458     DuiLib_d:DuiLib_d.dll
 0004:0000045c       __imp_?GetSuperClassName@CWindowWnd@DuiLib@@MBEPBDXZ 0046f45c     DuiLib_d:DuiLib_d.dll
 0004:00000460       __imp_??0CWindowWnd@DuiLib@@QAE@XZ 0046f460     DuiLib_d:DuiLib_d.dll
 0004:00000464       __imp_??0CPaintManagerUI@DuiLib@@QAE@XZ 0046f464     DuiLib_d:DuiLib_d.dll
 0004:00000468       __imp_?SetInstance@CPaintManagerUI@DuiLib@@SAXPAUHINSTANCE__@@@Z 0046f468     DuiLib_d:DuiLib_d.dll
 0004:0000046c       __imp_?GetInstancePath@CPaintManagerUI@DuiLib@@SA?AVCStdString@2@XZ 0046f46c     DuiLib_d:DuiLib_d.dll
 0004:00000470       __imp_??HCStdString@DuiLib@@QBE?AV01@PBD@Z 0046f470     DuiLib_d:DuiLib_d.dll
 0004:00000474       __imp_??BCStdString@DuiLib@@QBEPBDXZ 0046f474     DuiLib_d:DuiLib_d.dll
 0004:00000478       __imp_?SetResourcePath@CPaintManagerUI@DuiLib@@SAXPBD@Z 0046f478     DuiLib_d:DuiLib_d.dll
 0004:0000047c       __imp_??1CStdString@DuiLib@@QAE@XZ 0046f47c     DuiLib_d:DuiLib_d.dll
 0004:00000480       __imp_?Create@CWindowWnd@DuiLib@@QAEPAUHWND__@@PAU3@PBDKKHHHHPAUHMENU__@@@Z 0046f480     DuiLib_d:DuiLib_d.dll
 0004:00000484       __imp_?CenterWindow@CWindowWnd@DuiLib@@QAEXXZ 0046f484     DuiLib_d:DuiLib_d.dll
 0004:00000488       __imp_?ShowWindow@CWindowWnd@DuiLib@@QAEX_N0@Z 0046f488     DuiLib_d:DuiLib_d.dll
 0004:0000048c       \177DuiLib_d_NULL_THUNK_DATA 0046f48c     DuiLib_d:DuiLib_d.dll
 0004:000004d0       __imp__DeleteObject@4      0046f4d0     gdi32:GDI32.dll
 0004:000004d4       __imp__CreateRoundRectRgn@24 0046f4d4     gdi32:GDI32.dll
 0004:000004d8       \177GDI32_NULL_THUNK_DATA  0046f4d8     gdi32:GDI32.dll
 0004:00000504       __imp__VirtualQuery@12     0046f504     kernel32:KERNEL32.dll
 0004:00000508       __imp__FreeLibrary@4       0046f508     kernel32:KERNEL32.dll
 0004:0000050c       __imp__HeapReAlloc@16      0046f50c     kernel32:KERNEL32.dll
 0004:00000510       __imp__HeapSize@12         0046f510     kernel32:KERNEL32.dll
 0004:00000514       __imp__GetProcessHeap@0    0046f514     kernel32:KERNEL32.dll
 0004:00000518       __imp__InterlockedExchange@8 0046f518     kernel32:KERNEL32.dll
 0004:0000051c       __imp__LCMapStringW@24     0046f51c     kernel32:KERNEL32.dll
 0004:00000520       __imp__GetStringTypeW@16   0046f520     kernel32:KERNEL32.dll
 0004:00000524       __imp__SetFilePointer@16   0046f524     kernel32:KERNEL32.dll
 0004:00000528       __imp__HeapAlloc@12        0046f528     kernel32:KERNEL32.dll
 0004:0000052c       __imp__HeapQueryInformation@20 0046f52c     kernel32:KERNEL32.dll
 0004:00000530       __imp__HeapFree@12         0046f530     kernel32:KERNEL32.dll
 0004:00000534       __imp__GetConsoleCP@0      0046f534     kernel32:KERNEL32.dll
 0004:00000538       __imp__GetConsoleMode@8    0046f538     kernel32:KERNEL32.dll
 0004:0000053c       __imp__GetLocaleInfoA@16   0046f53c     kernel32:KERNEL32.dll
 0004:00000540       __imp__IsValidLocale@8     0046f540     kernel32:KERNEL32.dll
 0004:00000544       __imp__EnumSystemLocalesA@8 0046f544     kernel32:KERNEL32.dll
 0004:00000548       __imp__GetUserDefaultLCID@0 0046f548     kernel32:KERNEL32.dll
 0004:0000054c       __imp__SetStdHandle@8      0046f54c     kernel32:KERNEL32.dll
 0004:00000550       __imp__CreateFileW@28      0046f550     kernel32:KERNEL32.dll
 0004:00000554       __imp__CloseHandle@4       0046f554     kernel32:KERNEL32.dll
 0004:00000558       __imp__lstrlenW@4          0046f558     kernel32:KERNEL32.dll
 0004:0000055c       __imp__LocalFree@4         0046f55c     kernel32:KERNEL32.dll
 0004:00000560       __imp__WideCharToMultiByte@32 0046f560     kernel32:KERNEL32.dll
 0004:00000564       __imp__lstrlenA@4          0046f564     kernel32:KERNEL32.dll
 0004:00000568       __imp__MultiByteToWideChar@24 0046f568     kernel32:KERNEL32.dll
 0004:0000056c       __imp__GetLastError@0      0046f56c     kernel32:KERNEL32.dll
 0004:00000570       __imp__InterlockedDecrement@4 0046f570     kernel32:KERNEL32.dll
 0004:00000574       __imp__RtlUnwind@16        0046f574     kernel32:KERNEL32.dll
 0004:00000578       __imp__GetModuleFileNameW@12 0046f578     kernel32:KERNEL32.dll
 0004:0000057c       __imp__DecodePointer@4     0046f57c     kernel32:KERNEL32.dll
 0004:00000580       __imp__EncodePointer@4     0046f580     kernel32:KERNEL32.dll
 0004:00000584       __imp__GetCommandLineA@0   0046f584     kernel32:KERNEL32.dll
 0004:00000588       __imp__HeapSetInformation@16 0046f588     kernel32:KERNEL32.dll
 0004:0000058c       __imp__GetStartupInfoW@4   0046f58c     kernel32:KERNEL32.dll
 0004:00000590       __imp__RaiseException@16   0046f590     kernel32:KERNEL32.dll
 0004:00000594       __imp__TerminateProcess@8  0046f594     kernel32:KERNEL32.dll
 0004:00000598       __imp__GetCurrentProcess@0 0046f598     kernel32:KERNEL32.dll
 0004:0000059c       __imp__UnhandledExceptionFilter@4 0046f59c     kernel32:KERNEL32.dll
 0004:000005a0       __imp__SetUnhandledExceptionFilter@4 0046f5a0     kernel32:KERNEL32.dll
 0004:000005a4       __imp__IsDebuggerPresent@0 0046f5a4     kernel32:KERNEL32.dll
 0004:000005a8       __imp__GetProcAddress@8    0046f5a8     kernel32:KERNEL32.dll
 0004:000005ac       __imp__LoadLibraryW@4      0046f5ac     kernel32:KERNEL32.dll
 0004:000005b0       __imp__TlsAlloc@0          0046f5b0     kernel32:KERNEL32.dll
 0004:000005b4       __imp__TlsGetValue@4       0046f5b4     kernel32:KERNEL32.dll
 0004:000005b8       __imp__TlsSetValue@8       0046f5b8     kernel32:KERNEL32.dll
 0004:000005bc       __imp__GetCurrentThreadId@0 0046f5bc     kernel32:KERNEL32.dll
 0004:000005c0       __imp__TlsFree@4           0046f5c0     kernel32:KERNEL32.dll
 0004:000005c4       __imp__GetModuleHandleW@4  0046f5c4     kernel32:KERNEL32.dll
 0004:000005c8       __imp__InterlockedIncrement@4 0046f5c8     kernel32:KERNEL32.dll
 0004:000005cc       __imp__SetLastError@4      0046f5cc     kernel32:KERNEL32.dll
 0004:000005d0       __imp__GetCurrentThread@0  0046f5d0     kernel32:KERNEL32.dll
 0004:000005d4       __imp__InitializeCriticalSectionAndSpinCount@8 0046f5d4     kernel32:KERNEL32.dll
 0004:000005d8       __imp__DeleteCriticalSection@4 0046f5d8     kernel32:KERNEL32.dll
 0004:000005dc       __imp__EnterCriticalSection@4 0046f5dc     kernel32:KERNEL32.dll
 0004:000005e0       __imp__LeaveCriticalSection@4 0046f5e0     kernel32:KERNEL32.dll
 0004:000005e4       __imp__FatalAppExitA@8     0046f5e4     kernel32:KERNEL32.dll
 0004:000005e8       __imp__HeapValidate@12     0046f5e8     kernel32:KERNEL32.dll
 0004:000005ec       __imp__IsBadReadPtr@8      0046f5ec     kernel32:KERNEL32.dll
 0004:000005f0       __imp__GetStdHandle@4      0046f5f0     kernel32:KERNEL32.dll
 0004:000005f4       __imp__WriteFile@20        0046f5f4     kernel32:KERNEL32.dll
 0004:000005f8       __imp__OutputDebugStringA@4 0046f5f8     kernel32:KERNEL32.dll
 0004:000005fc       __imp__WriteConsoleW@20    0046f5fc     kernel32:KERNEL32.dll
 0004:00000600       __imp__GetFileType@4       0046f600     kernel32:KERNEL32.dll
 0004:00000604       __imp__OutputDebugStringW@4 0046f604     kernel32:KERNEL32.dll
 0004:00000608       __imp__ExitProcess@4       0046f608     kernel32:KERNEL32.dll
 0004:0000060c       __imp__SetConsoleCtrlHandler@8 0046f60c     kernel32:KERNEL32.dll
 0004:00000610       __imp__GetACP@0            0046f610     kernel32:KERNEL32.dll
 0004:00000614       __imp__GetOEMCP@0          0046f614     kernel32:KERNEL32.dll
 0004:00000618       __imp__GetCPInfo@8         0046f618     kernel32:KERNEL32.dll
 0004:0000061c       __imp__IsValidCodePage@4   0046f61c     kernel32:KERNEL32.dll
 0004:00000620       __imp__GetLocaleInfoW@16   0046f620     kernel32:KERNEL32.dll
 0004:00000624       __imp__QueryPerformanceCounter@4 0046f624     kernel32:KERNEL32.dll
 0004:00000628       __imp__GetTickCount@0      0046f628     kernel32:KERNEL32.dll
 0004:0000062c       __imp__GetCurrentProcessId@0 0046f62c     kernel32:KERNEL32.dll
 0004:00000630       __imp__GetSystemTimeAsFileTime@4 0046f630     kernel32:KERNEL32.dll
 0004:00000634       __imp__GetModuleFileNameA@12 0046f634     kernel32:KERNEL32.dll
 0004:00000638       __imp__FreeEnvironmentStringsW@4 0046f638     kernel32:KERNEL32.dll
 0004:0000063c       __imp__GetEnvironmentStringsW@0 0046f63c     kernel32:KERNEL32.dll
 0004:00000640       __imp__SetHandleCount@4    0046f640     kernel32:KERNEL32.dll
 0004:00000644       __imp__HeapCreate@12       0046f644     kernel32:KERNEL32.dll
 0004:00000648       __imp__HeapDestroy@4       0046f648     kernel32:KERNEL32.dll
 0004:0000064c       __imp__IsProcessorFeaturePresent@4 0046f64c     kernel32:KERNEL32.dll
 0004:00000650       __imp__FlushFileBuffers@4  0046f650     kernel32:KERNEL32.dll
 0004:00000654       \177KERNEL32_NULL_THUNK_DATA 0046f654     kernel32:KERNEL32.dll
 0004:000006c0       __imp__CreateErrorInfo@4   0046f6c0     oleaut32:OLEAUT32.dll
 0004:000006c4       __imp__SetErrorInfo@8      0046f6c4     oleaut32:OLEAUT32.dll
 0004:000006c8       __imp__VariantInit@4       0046f6c8     oleaut32:OLEAUT32.dll
 0004:000006cc       __imp__VariantChangeType@16 0046f6cc     oleaut32:OLEAUT32.dll
 0004:000006d0       __imp__VariantClear@4      0046f6d0     oleaut32:OLEAUT32.dll
 0004:000006d4       __imp__SysAllocString@4    0046f6d4     oleaut32:OLEAUT32.dll
 0004:000006d8       __imp__GetErrorInfo@8      0046f6d8     oleaut32:OLEAUT32.dll
 0004:000006dc       __imp__SysFreeString@4     0046f6dc     oleaut32:OLEAUT32.dll
 0004:000006e0       \177OLEAUT32_NULL_THUNK_DATA 0046f6e0     oleaut32:OLEAUT32.dll
 0004:00000710       __imp__GetClientRect@8     0046f710     user32:USER32.dll
 0004:00000714       __imp__SetWindowLongA@12   0046f714     user32:USER32.dll
 0004:00000718       __imp__GetWindowRect@8     0046f718     user32:USER32.dll
 0004:0000071c       __imp__SetWindowRgn@12     0046f71c     user32:USER32.dll
 0004:00000720       __imp__ScreenToClient@8    0046f720     user32:USER32.dll
 0004:00000724       __imp__GetWindowLongA@8    0046f724     user32:USER32.dll
 0004:00000728       __imp__IsIconic@4          0046f728     user32:USER32.dll
 0004:0000072c       __imp__PostQuitMessage@4   0046f72c     user32:USER32.dll
 0004:00000730       \177USER32_NULL_THUNK_DATA 0046f730     user32:USER32.dll
 0004:00000760       __imp__CoInitialize@4      0046f760     ole32:ole32.dll
 0004:00000764       __imp__CoUninitialize@0    0046f764     ole32:ole32.dll
 0004:00000768       \177ole32_NULL_THUNK_DATA  0046f768     ole32:ole32.dll

 entry point at        0001:00005470

