 360Safe_d

 Timestamp is 51e765f3 (Thu Jul 18 11:50:11 2013)

 Preferred load address is 00400000

 Start         Length     Name                   Class
 0001:00000000 0004bdfaH .text                   CODE
 0001:0004be00 0000128dH .text$x                 CODE
 0001:0004d090 00001015H .text$yd                CODE
 0002:00000000 00000104H .CRT$XCA                DATA
 0002:00000104 00000104H .CRT$XCZ                DATA
 0002:00000208 00000104H .CRT$XIA                DATA
 0002:0000030c 00000113H .CRT$XIC                DATA
 0002:00000420 00000104H .CRT$XIY                DATA
 0002:00000524 00000104H .CRT$XIZ                DATA
 0002:00000628 00000104H .CRT$XPA                DATA
 0002:0000072c 00000109H .CRT$XPX                DATA
 0002:00000838 00000104H .CRT$XPXA               DATA
 0002:0000093c 00000104H .CRT$XPZ                DATA
 0002:00000a40 00000104H .CRT$XTA                DATA
 0002:00000b44 00000104H .CRT$XTZ                DATA
 0002:00000c50 0000cfb3H .rdata                  DATA
 0002:0000dc04 00000152H .rdata$debug            DATA
 0002:0000dd58 000006dfH .rdata$r                DATA
 0002:0000e440 00000148H .rdata$sxdata           DATA
 0002:0000e588 00000104H .rtc$IAA                DATA
 0002:0000e68c 00000104H .rtc$IMZ                DATA
 0002:0000e790 00000104H .rtc$IZZ                DATA
 0002:0000e894 00000104H .rtc$TAA                DATA
 0002:0000e998 00000104H .rtc$TMZ                DATA
 0002:0000ea9c 00000104H .rtc$TZZ                DATA
 0002:0000eba0 00000ebdH .xdata$x                DATA
 0002:0000fa5d 00000000H .edata                  DATA
 0003:00000000 00001462H .data                   DATA
 0003:00001480 000022f0H .bss                    DATA
 0004:00000000 00000064H .idata$2                DATA
 0004:00000064 00000014H .idata$3                DATA
 0004:00000078 00000574H .idata$4                DATA
 0004:000005ec 00000574H .idata$5                DATA
 0004:00000b60 000027daH .idata$6                DATA
 0005:00000000 00000169H .rsrc$01                DATA
 0005:00000170 00000439H .rsrc$02                DATA

  Address         Publics by Value              Rva+Base       Lib:Object

 0000:00000000       __except_list              00000000     <absolute>
 0000:0000000f       ___safe_se_handler_count   0000000f     <absolute>
 0000:00000000       ___ImageBase               00400000     <linker-defined>
 0001:00000140       _WinMain@16                00401140 f   360Safe.obj
 0001:000003d0       ??0C360SafeFrameWnd@@QAE@XZ 004013d0 f i 360Safe.obj
 0001:00000450       ?GetWindowClassName@C360SafeFrameWnd@@UBEPBDXZ 00401450 f i 360Safe.obj
 0001:00000470       ?GetClassStyle@C360SafeFrameWnd@@UBEIXZ 00401470 f i 360Safe.obj
 0001:00000490       ?OnFinalMessage@C360SafeFrameWnd@@UAEXPAUHWND__@@@Z 00401490 f i 360Safe.obj
 0001:00000500       ?Notify@C360SafeFrameWnd@@UAEXAAUtagTNotifyUI@DuiLib@@@Z 00401500 f i 360Safe.obj
 0001:000009e0       ?OnPrepare@C360SafeFrameWnd@@QAEXXZ 004019e0 f i 360Safe.obj
 0001:00000a00       ?HandleMessage@C360SafeFrameWnd@@UAEJIIJ@Z 00401a00 f i 360Safe.obj
 0001:00000e40       ?OnCreate@C360SafeFrameWnd@@QAEJIIJAAH@Z 00401e40 f i 360Safe.obj
 0001:00001120       ??0STRINGorID@DuiLib@@QAE@PBD@Z 00402120 f i 360Safe.obj
 0001:00001150       ?Init@C360SafeFrameWnd@@QAEXXZ 00402150 f i 360Safe.obj
 0001:00001230       ?OnClose@C360SafeFrameWnd@@QAEJIIJAAH@Z 00402230 f i 360Safe.obj
 0001:00001260       ?OnDestroy@C360SafeFrameWnd@@QAEJIIJAAH@Z 00402260 f i 360Safe.obj
 0001:000012b0       ?OnNcActivate@C360SafeFrameWnd@@QAEJIIJAAH@Z 004022b0 f i 360Safe.obj
 0001:00001320       ?OnNcCalcSize@C360SafeFrameWnd@@QAEJIIJAAH@Z 00402320 f i 360Safe.obj
 0001:00001340       ?OnNcPaint@C360SafeFrameWnd@@QAEJIIJAAH@Z 00402340 f i 360Safe.obj
 0001:00001360       ?OnNcHitTest@C360SafeFrameWnd@@QAEJIIJAAH@Z 00402360 f i 360Safe.obj
 0001:00001600       __tcscmp                   00402600 f i 360Safe.obj
 0001:00001630       ?OnSize@C360SafeFrameWnd@@QAEJIIJAAH@Z 00402630 f i 360Safe.obj
 0001:00001860       ?OnGetMinMaxInfo@C360SafeFrameWnd@@QAEJIIJAAH@Z 00402860 f i 360Safe.obj
 0001:00001a10       ?OnSysCommand@C360SafeFrameWnd@@QAEJIIJAAH@Z 00402a10 f i 360Safe.obj
 0001:00001c50       ??0INotifyUI@DuiLib@@QAE@XZ 00402c50 f i 360Safe.obj
 0001:00001c80       ??_GC360SafeFrameWnd@@QAEPAXI@Z 00402c80 f i 360Safe.obj
 0001:00001cd0       ??0CDialogBuilderCallbackEx@@QAE@XZ 00402cd0 f i 360Safe.obj
 0001:00001d10       ?CreateControl@CDialogBuilderCallbackEx@@UAEPAVCControlUI@DuiLib@@PBD@Z 00402d10 f i 360Safe.obj
 0001:00001df0       ??0ComputerExamineUI@@QAE@XZ 00402df0 f i 360Safe.obj
 0001:00001ff0       ??_EComputerExamineUI@@UAEPAXI@Z 00402ff0 f i 360Safe.obj
 0001:00001ff0       ??_GComputerExamineUI@@UAEPAXI@Z 00402ff0 f i 360Safe.obj
 0001:00002040       ??1ComputerExamineUI@@UAE@XZ 00403040 f i 360Safe.obj
 0001:00002080       ??1C360SafeFrameWnd@@QAE@XZ 00403080 f i 360Safe.obj
 0001:000020c0       ??0IDialogBuilderCallback@DuiLib@@QAE@XZ 004030c0 f i 360Safe.obj
 0001:000020e6       _ShowWindow@8              004030e6 f   user32:USER32.dll
 0001:000020ec       _PostQuitMessage@4         004030ec f   user32:USER32.dll
 0001:000020f2       _SetWindowLongA@12         004030f2 f   user32:USER32.dll
 0001:000020f8       _GetWindowLongA@8          004030f8 f   user32:USER32.dll
 0001:000020fe       _IsIconic@4                004030fe f   user32:USER32.dll
 0001:00002104       _GetClientRect@8           00403104 f   user32:USER32.dll
 0001:0000210a       _ScreenToClient@8          0040310a f   user32:USER32.dll
 0001:00002110       _SetWindowRgn@12           00403110 f   user32:USER32.dll
 0001:00002116       _GetWindowRect@8           00403116 f   user32:USER32.dll
 0001:0000211c       _GetMonitorInfoA@8         0040311c f   user32:USER32.dll
 0001:00002122       _MonitorFromWindow@8       00403122 f   user32:USER32.dll
 0001:00002128       _IsZoomed@4                00403128 f   user32:USER32.dll
 0001:0000212e       _DeleteObject@4            0040312e f   gdi32:GDI32.dll
 0001:00002134       _CreateRoundRectRgn@24     00403134 f   gdi32:GDI32.dll
 0001:0000213a       _CoUninitialize@0          0040313a f   ole32:ole32.dll
 0001:00002140       _CoInitialize@4            00403140 f   ole32:ole32.dll
 0001:00002146       ?MessageLoop@CPaintManagerUI@DuiLib@@SAXXZ 00403146 f   DuiLib_d:DuiLib_d.dll
 0001:0000214c       ??BCWindowWnd@DuiLib@@QBEPAUHWND__@@XZ 0040314c f   DuiLib_d:DuiLib_d.dll
 0001:00002152       ?CenterWindow@CWindowWnd@DuiLib@@QAEXXZ 00403152 f   DuiLib_d:DuiLib_d.dll
 0001:00002158       ?Create@CWindowWnd@DuiLib@@QAEPAUHWND__@@PAU3@PBDKKHHHHPAUHMENU__@@@Z 00403158 f   DuiLib_d:DuiLib_d.dll
 0001:0000215e       ?SetResourceZip@CPaintManagerUI@DuiLib@@SAXPBD_N@Z 0040315e f   DuiLib_d:DuiLib_d.dll
 0001:00002164       ??1CStdString@DuiLib@@QAE@XZ 00403164 f   DuiLib_d:DuiLib_d.dll
 0001:0000216a       ?SetResourcePath@CPaintManagerUI@DuiLib@@SAXPBD@Z 0040316a f   DuiLib_d:DuiLib_d.dll
 0001:00002170       ??BCStdString@DuiLib@@QBEPBDXZ 00403170 f   DuiLib_d:DuiLib_d.dll
 0001:00002176       ??HCStdString@DuiLib@@QBE?AV01@PBD@Z 00403176 f   DuiLib_d:DuiLib_d.dll
 0001:0000217c       ?GetInstancePath@CPaintManagerUI@DuiLib@@SA?AVCStdString@2@XZ 0040317c f   DuiLib_d:DuiLib_d.dll
 0001:00002182       ?SetInstance@CPaintManagerUI@DuiLib@@SAXPAUHINSTANCE__@@@Z 00403182 f   DuiLib_d:DuiLib_d.dll
 0001:00002188       ??0CPaintManagerUI@DuiLib@@QAE@XZ 00403188 f   DuiLib_d:DuiLib_d.dll
 0001:0000218e       ??0CWindowWnd@DuiLib@@QAE@XZ 0040318e f   DuiLib_d:DuiLib_d.dll
 0001:00002194       ?GetSuperClassName@CWindowWnd@DuiLib@@MBEPBDXZ 00403194 f   DuiLib_d:DuiLib_d.dll
 0001:0000219a       ?SelectItem@CTabLayoutUI@DuiLib@@QAE_NH@Z 0040319a f   DuiLib_d:DuiLib_d.dll
 0001:000021a0       ?FindControl@CPaintManagerUI@DuiLib@@QBEPAVCControlUI@2@PBD@Z 004031a0 f   DuiLib_d:DuiLib_d.dll
 0001:000021a6       ?SendMessageA@CWindowWnd@DuiLib@@QAEJIIJ@Z 004031a6 f   DuiLib_d:DuiLib_d.dll
 0001:000021ac       ??8CStdString@DuiLib@@QBE_NPBD@Z 004031ac f   DuiLib_d:DuiLib_d.dll
 0001:000021b2       ?HandleMessage@CWindowWnd@DuiLib@@MAEJIIJ@Z 004031b2 f   DuiLib_d:DuiLib_d.dll
 0001:000021b8       ?MessageHandler@CPaintManagerUI@DuiLib@@QAE_NIIJAAJ@Z 004031b8 f   DuiLib_d:DuiLib_d.dll
 0001:000021be       ??1CDialogBuilder@DuiLib@@QAE@XZ 004031be f   DuiLib_d:DuiLib_d.dll
 0001:000021c4       ?AddNotifier@CPaintManagerUI@DuiLib@@QAE_NPAVINotifyUI@2@@Z 004031c4 f   DuiLib_d:DuiLib_d.dll
 0001:000021ca       ?AttachDialog@CPaintManagerUI@DuiLib@@QAE_NPAVCControlUI@2@@Z 004031ca f   DuiLib_d:DuiLib_d.dll
 0001:000021d0       ?Create@CDialogBuilder@DuiLib@@QAEPAVCControlUI@2@VSTRINGorID@2@PBDPAVIDialogBuilderCallback@2@PAVCPaintManagerUI@2@PAV32@@Z 004031d0 f   DuiLib_d:DuiLib_d.dll
 0001:000021d6       ??0CDialogBuilder@DuiLib@@QAE@XZ 004031d6 f   DuiLib_d:DuiLib_d.dll
 0001:000021dc       ?Init@CPaintManagerUI@DuiLib@@QAEXPAUHWND__@@@Z 004031dc f   DuiLib_d:DuiLib_d.dll
 0001:000021e2       ?FindControl@CPaintManagerUI@DuiLib@@QBEPAVCControlUI@2@UtagPOINT@@@Z 004031e2 f   DuiLib_d:DuiLib_d.dll
 0001:000021e8       ?GetCaptionRect@CPaintManagerUI@DuiLib@@QAEAAUtagRECT@@XZ 004031e8 f   DuiLib_d:DuiLib_d.dll
 0001:000021ee       ?Offset@CRect@DuiLib@@QAEXHH@Z 004031ee f   DuiLib_d:DuiLib_d.dll
 0001:000021f4       ??0CRect@DuiLib@@QAE@XZ    004031f4 f   DuiLib_d:DuiLib_d.dll
 0001:000021fa       ?GetRoundCorner@CPaintManagerUI@DuiLib@@QBE?AUtagSIZE@@XZ 004031fa f   DuiLib_d:DuiLib_d.dll
 0001:00002200       ??0CRect@DuiLib@@QAE@ABUtagRECT@@@Z 00403200 f   DuiLib_d:DuiLib_d.dll
 0001:00002206       ??1CContainerUI@DuiLib@@UAE@XZ 00403206 f   DuiLib_d:DuiLib_d.dll
 0001:0000220c       ?RemoveAll@CContainerUI@DuiLib@@UAEXXZ 0040320c f   DuiLib_d:DuiLib_d.dll
 0001:00002212       ?Add@CContainerUI@DuiLib@@UAE_NPAVCControlUI@2@@Z 00403212 f   DuiLib_d:DuiLib_d.dll
 0001:00002218       ??0CContainerUI@DuiLib@@QAE@XZ 00403218 f   DuiLib_d:DuiLib_d.dll
 0001:0000221e       ?GetName@CControlUI@DuiLib@@UBE?AVCStdString@2@XZ 0040321e f   DuiLib_d:DuiLib_d.dll
 0001:00002224       ?SetName@CControlUI@DuiLib@@UAEXPBD@Z 00403224 f   DuiLib_d:DuiLib_d.dll
 0001:0000222a       ?GetClass@CContainerUI@DuiLib@@UBEPBDXZ 0040322a f   DuiLib_d:DuiLib_d.dll
 0001:00002230       ?GetInterface@CContainerUI@DuiLib@@UAEPAXPBD@Z 00403230 f   DuiLib_d:DuiLib_d.dll
 0001:00002236       ?GetControlFlags@CControlUI@DuiLib@@UBEIXZ 00403236 f   DuiLib_d:DuiLib_d.dll
 0001:0000223c       ?Activate@CControlUI@DuiLib@@UAE_NXZ 0040323c f   DuiLib_d:DuiLib_d.dll
 0001:00002242       ?GetManager@CControlUI@DuiLib@@UBEPAVCPaintManagerUI@2@XZ 00403242 f   DuiLib_d:DuiLib_d.dll
 0001:00002248       ?SetManager@CContainerUI@DuiLib@@UAEXPAVCPaintManagerUI@2@PAVCControlUI@2@_N@Z 00403248 f   DuiLib_d:DuiLib_d.dll
 0001:0000224e       ?GetParent@CControlUI@DuiLib@@UBEPAV12@XZ 0040324e f   DuiLib_d:DuiLib_d.dll
 0001:00002254       ?GetText@CControlUI@DuiLib@@UBE?AVCStdString@2@XZ 00403254 f   DuiLib_d:DuiLib_d.dll
 0001:0000225a       ?SetText@CControlUI@DuiLib@@UAEXPBD@Z 0040325a f   DuiLib_d:DuiLib_d.dll
 0001:00002260       ?GetPos@CControlUI@DuiLib@@UBEABUtagRECT@@XZ 00403260 f   DuiLib_d:DuiLib_d.dll
 0001:00002266       ?SetPos@CContainerUI@DuiLib@@UAEXUtagRECT@@@Z 00403266 f   DuiLib_d:DuiLib_d.dll
 0001:0000226c       ?GetWidth@CControlUI@DuiLib@@UBEHXZ 0040326c f   DuiLib_d:DuiLib_d.dll
 0001:00002272       ?GetHeight@CControlUI@DuiLib@@UBEHXZ 00403272 f   DuiLib_d:DuiLib_d.dll
 0001:00002278       ?GetX@CControlUI@DuiLib@@UBEHXZ 00403278 f   DuiLib_d:DuiLib_d.dll
 0001:0000227e       ?GetY@CControlUI@DuiLib@@UBEHXZ 0040327e f   DuiLib_d:DuiLib_d.dll
 0001:00002284       ?GetPadding@CControlUI@DuiLib@@UBE?AUtagRECT@@XZ 00403284 f   DuiLib_d:DuiLib_d.dll
 0001:0000228a       ?SetPadding@CControlUI@DuiLib@@UAEXUtagRECT@@@Z 0040328a f   DuiLib_d:DuiLib_d.dll
 0001:00002290       ?GetFixedXY@CControlUI@DuiLib@@UBE?AUtagSIZE@@XZ 00403290 f   DuiLib_d:DuiLib_d.dll
 0001:00002296       ?SetFixedXY@CControlUI@DuiLib@@UAEXUtagSIZE@@@Z 00403296 f   DuiLib_d:DuiLib_d.dll
 0001:0000229c       ?GetFixedWidth@CControlUI@DuiLib@@UBEHXZ 0040329c f   DuiLib_d:DuiLib_d.dll
 0001:000022a2       ?SetFixedWidth@CControlUI@DuiLib@@UAEXH@Z 004032a2 f   DuiLib_d:DuiLib_d.dll
 0001:000022a8       ?GetFixedHeight@CControlUI@DuiLib@@UBEHXZ 004032a8 f   DuiLib_d:DuiLib_d.dll
 0001:000022ae       ?SetFixedHeight@CControlUI@DuiLib@@UAEXH@Z 004032ae f   DuiLib_d:DuiLib_d.dll
 0001:000022b4       ?GetMinWidth@CControlUI@DuiLib@@UBEHXZ 004032b4 f   DuiLib_d:DuiLib_d.dll
 0001:000022ba       ?SetMinWidth@CControlUI@DuiLib@@UAEXH@Z 004032ba f   DuiLib_d:DuiLib_d.dll
 0001:000022c0       ?GetMaxWidth@CControlUI@DuiLib@@UBEHXZ 004032c0 f   DuiLib_d:DuiLib_d.dll
 0001:000022c6       ?SetMaxWidth@CControlUI@DuiLib@@UAEXH@Z 004032c6 f   DuiLib_d:DuiLib_d.dll
 0001:000022cc       ?GetMinHeight@CControlUI@DuiLib@@UBEHXZ 004032cc f   DuiLib_d:DuiLib_d.dll
 0001:000022d2       ?SetMinHeight@CControlUI@DuiLib@@UAEXH@Z 004032d2 f   DuiLib_d:DuiLib_d.dll
 0001:000022d8       ?GetMaxHeight@CControlUI@DuiLib@@UBEHXZ 004032d8 f   DuiLib_d:DuiLib_d.dll
 0001:000022de       ?SetMaxHeight@CControlUI@DuiLib@@UAEXH@Z 004032de f   DuiLib_d:DuiLib_d.dll
 0001:000022e4       ?SetRelativePos@CControlUI@DuiLib@@UAEXUtagSIZE@@0@Z 004032e4 f   DuiLib_d:DuiLib_d.dll
 0001:000022ea       ?SetRelativeParentSize@CControlUI@DuiLib@@UAEXUtagSIZE@@@Z 004032ea f   DuiLib_d:DuiLib_d.dll
 0001:000022f0       ?GetRelativePos@CControlUI@DuiLib@@UBE?AUtagTRelativePosUI@2@XZ 004032f0 f   DuiLib_d:DuiLib_d.dll
 0001:000022f6       ?IsRelativePos@CControlUI@DuiLib@@UBE_NXZ 004032f6 f   DuiLib_d:DuiLib_d.dll
 0001:000022fc       ?GetToolTip@CControlUI@DuiLib@@UBE?AVCStdString@2@XZ 004032fc f   DuiLib_d:DuiLib_d.dll
 0001:00002302       ?SetToolTip@CControlUI@DuiLib@@UAEXPBD@Z 00403302 f   DuiLib_d:DuiLib_d.dll
 0001:00002308       ?GetShortcut@CControlUI@DuiLib@@UBEDXZ 00403308 f   DuiLib_d:DuiLib_d.dll
 0001:0000230e       ?SetShortcut@CControlUI@DuiLib@@UAEXD@Z 0040330e f   DuiLib_d:DuiLib_d.dll
 0001:00002314       ?IsContextMenuUsed@CControlUI@DuiLib@@UBE_NXZ 00403314 f   DuiLib_d:DuiLib_d.dll
 0001:0000231a       ?SetContextMenuUsed@CControlUI@DuiLib@@UAEX_N@Z 0040331a f   DuiLib_d:DuiLib_d.dll
 0001:00002320       ?GetUserData@CControlUI@DuiLib@@UAEABVCStdString@2@XZ 00403320 f   DuiLib_d:DuiLib_d.dll
 0001:00002326       ?SetUserData@CControlUI@DuiLib@@UAEXPBD@Z 00403326 f   DuiLib_d:DuiLib_d.dll
 0001:0000232c       ?GetTag@CControlUI@DuiLib@@UBEIXZ 0040332c f   DuiLib_d:DuiLib_d.dll
 0001:00002332       ?SetTag@CControlUI@DuiLib@@UAEXI@Z 00403332 f   DuiLib_d:DuiLib_d.dll
 0001:00002338       ?IsVisible@CControlUI@DuiLib@@UBE_NXZ 00403338 f   DuiLib_d:DuiLib_d.dll
 0001:0000233e       ?SetVisible@CContainerUI@DuiLib@@UAEX_N@Z 0040333e f   DuiLib_d:DuiLib_d.dll
 0001:00002344       ?SetInternVisible@CContainerUI@DuiLib@@UAEX_N@Z 00403344 f   DuiLib_d:DuiLib_d.dll
 0001:0000234a       ?IsEnabled@CControlUI@DuiLib@@UBE_NXZ 0040334a f   DuiLib_d:DuiLib_d.dll
 0001:00002350       ?SetEnabled@CControlUI@DuiLib@@UAEX_N@Z 00403350 f   DuiLib_d:DuiLib_d.dll
 0001:00002356       ?IsMouseEnabled@CControlUI@DuiLib@@UBE_NXZ 00403356 f   DuiLib_d:DuiLib_d.dll
 0001:0000235c       ?SetMouseEnabled@CContainerUI@DuiLib@@UAEX_N@Z 0040335c f   DuiLib_d:DuiLib_d.dll
 0001:00002362       ?IsKeyboardEnabled@CControlUI@DuiLib@@UBE_NXZ 00403362 f   DuiLib_d:DuiLib_d.dll
 0001:00002368       ?SetKeyboardEnabled@CControlUI@DuiLib@@UAEX_N@Z 00403368 f   DuiLib_d:DuiLib_d.dll
 0001:0000236e       ?IsFocused@CControlUI@DuiLib@@UBE_NXZ 0040336e f   DuiLib_d:DuiLib_d.dll
 0001:00002374       ?SetFocus@CControlUI@DuiLib@@UAEXXZ 00403374 f   DuiLib_d:DuiLib_d.dll
 0001:0000237a       ?IsFloat@CControlUI@DuiLib@@UBE_NXZ 0040337a f   DuiLib_d:DuiLib_d.dll
 0001:00002380       ?SetFloat@CControlUI@DuiLib@@UAEX_N@Z 00403380 f   DuiLib_d:DuiLib_d.dll
 0001:00002386       ?FindControl@CContainerUI@DuiLib@@UAEPAVCControlUI@2@P6GPAV32@PAV32@PAX@Z1I@Z 00403386 f   DuiLib_d:DuiLib_d.dll
 0001:0000238c       ?Init@CControlUI@DuiLib@@UAEXXZ 0040338c f   DuiLib_d:DuiLib_d.dll
 0001:00002392       ?DoInit@CControlUI@DuiLib@@UAEXXZ 00403392 f   DuiLib_d:DuiLib_d.dll
 0001:00002398       ?Event@CControlUI@DuiLib@@UAEXAAUtagTEventUI@2@@Z 00403398 f   DuiLib_d:DuiLib_d.dll
 0001:0000239e       ?DoEvent@CContainerUI@DuiLib@@UAEXAAUtagTEventUI@2@@Z 0040339e f   DuiLib_d:DuiLib_d.dll
 0001:000023a4       ?SetAttribute@CContainerUI@DuiLib@@UAEXPBD0@Z 004033a4 f   DuiLib_d:DuiLib_d.dll
 0001:000023aa       ?EstimateSize@CControlUI@DuiLib@@UAE?AUtagSIZE@@U3@@Z 004033aa f   DuiLib_d:DuiLib_d.dll
 0001:000023b0       ?DoPaint@CContainerUI@DuiLib@@UAEXPAUHDC__@@ABUtagRECT@@@Z 004033b0 f   DuiLib_d:DuiLib_d.dll
 0001:000023b6       ?PaintBkColor@CControlUI@DuiLib@@UAEXPAUHDC__@@@Z 004033b6 f   DuiLib_d:DuiLib_d.dll
 0001:000023bc       ?PaintBkImage@CControlUI@DuiLib@@UAEXPAUHDC__@@@Z 004033bc f   DuiLib_d:DuiLib_d.dll
 0001:000023c2       ?PaintStatusImage@CControlUI@DuiLib@@UAEXPAUHDC__@@@Z 004033c2 f   DuiLib_d:DuiLib_d.dll
 0001:000023c8       ?PaintText@CControlUI@DuiLib@@UAEXPAUHDC__@@@Z 004033c8 f   DuiLib_d:DuiLib_d.dll
 0001:000023ce       ?PaintBorder@CControlUI@DuiLib@@UAEXPAUHDC__@@@Z 004033ce f   DuiLib_d:DuiLib_d.dll
 0001:000023d4       ?DoPostPaint@CControlUI@DuiLib@@UAEXPAUHDC__@@ABUtagRECT@@@Z 004033d4 f   DuiLib_d:DuiLib_d.dll
 0001:000023da       ?GetInset@CContainerUI@DuiLib@@UBE?AUtagRECT@@XZ 004033da f   DuiLib_d:DuiLib_d.dll
 0001:000023e0       ?SetInset@CContainerUI@DuiLib@@UAEXUtagRECT@@@Z 004033e0 f   DuiLib_d:DuiLib_d.dll
 0001:000023e6       ?GetChildPadding@CContainerUI@DuiLib@@UBEHXZ 004033e6 f   DuiLib_d:DuiLib_d.dll
 0001:000023ec       ?SetChildPadding@CContainerUI@DuiLib@@UAEXH@Z 004033ec f   DuiLib_d:DuiLib_d.dll
 0001:000023f2       ?IsAutoDestroy@CContainerUI@DuiLib@@UBE_NXZ 004033f2 f   DuiLib_d:DuiLib_d.dll
 0001:000023f8       ?SetAutoDestroy@CContainerUI@DuiLib@@UAEX_N@Z 004033f8 f   DuiLib_d:DuiLib_d.dll
 0001:000023fe       ?IsDelayedDestroy@CContainerUI@DuiLib@@UBE_NXZ 004033fe f   DuiLib_d:DuiLib_d.dll
 0001:00002404       ?SetDelayedDestroy@CContainerUI@DuiLib@@UAEX_N@Z 00403404 f   DuiLib_d:DuiLib_d.dll
 0001:0000240a       ?IsMouseChildEnabled@CContainerUI@DuiLib@@UBE_NXZ 0040340a f   DuiLib_d:DuiLib_d.dll
 0001:00002410       ?SetMouseChildEnabled@CContainerUI@DuiLib@@UAEX_N@Z 00403410 f   DuiLib_d:DuiLib_d.dll
 0001:00002416       ?FindSelectable@CContainerUI@DuiLib@@UBEHH_N@Z 00403416 f   DuiLib_d:DuiLib_d.dll
 0001:0000241c       ?GetScrollPos@CContainerUI@DuiLib@@UBE?AUtagSIZE@@XZ 0040341c f   DuiLib_d:DuiLib_d.dll
 0001:00002422       ?GetScrollRange@CContainerUI@DuiLib@@UBE?AUtagSIZE@@XZ 00403422 f   DuiLib_d:DuiLib_d.dll
 0001:00002428       ?SetScrollPos@CContainerUI@DuiLib@@UAEXUtagSIZE@@@Z 00403428 f   DuiLib_d:DuiLib_d.dll
 0001:0000242e       ?LineUp@CContainerUI@DuiLib@@UAEXXZ 0040342e f   DuiLib_d:DuiLib_d.dll
 0001:00002434       ?LineDown@CContainerUI@DuiLib@@UAEXXZ 00403434 f   DuiLib_d:DuiLib_d.dll
 0001:0000243a       ?PageUp@CContainerUI@DuiLib@@UAEXXZ 0040343a f   DuiLib_d:DuiLib_d.dll
 0001:00002440       ?PageDown@CContainerUI@DuiLib@@UAEXXZ 00403440 f   DuiLib_d:DuiLib_d.dll
 0001:00002446       ?HomeUp@CContainerUI@DuiLib@@UAEXXZ 00403446 f   DuiLib_d:DuiLib_d.dll
 0001:0000244c       ?EndDown@CContainerUI@DuiLib@@UAEXXZ 0040344c f   DuiLib_d:DuiLib_d.dll
 0001:00002452       ?LineLeft@CContainerUI@DuiLib@@UAEXXZ 00403452 f   DuiLib_d:DuiLib_d.dll
 0001:00002458       ?LineRight@CContainerUI@DuiLib@@UAEXXZ 00403458 f   DuiLib_d:DuiLib_d.dll
 0001:0000245e       ?PageLeft@CContainerUI@DuiLib@@UAEXXZ 0040345e f   DuiLib_d:DuiLib_d.dll
 0001:00002464       ?PageRight@CContainerUI@DuiLib@@UAEXXZ 00403464 f   DuiLib_d:DuiLib_d.dll
 0001:0000246a       ?HomeLeft@CContainerUI@DuiLib@@UAEXXZ 0040346a f   DuiLib_d:DuiLib_d.dll
 0001:00002470       ?EndRight@CContainerUI@DuiLib@@UAEXXZ 00403470 f   DuiLib_d:DuiLib_d.dll
 0001:00002476       ?EnableScrollBar@CContainerUI@DuiLib@@UAEX_N0@Z 00403476 f   DuiLib_d:DuiLib_d.dll
 0001:0000247c       ?GetVerticalScrollBar@CContainerUI@DuiLib@@UBEPAVCScrollBarUI@2@XZ 0040347c f   DuiLib_d:DuiLib_d.dll
 0001:00002482       ?GetHorizontalScrollBar@CContainerUI@DuiLib@@UBEPAVCScrollBarUI@2@XZ 00403482 f   DuiLib_d:DuiLib_d.dll
 0001:00002488       ?SetFloatPos@CContainerUI@DuiLib@@MAEXH@Z 00403488 f   DuiLib_d:DuiLib_d.dll
 0001:0000248e       ?ProcessScrollBar@CContainerUI@DuiLib@@MAEXUtagRECT@@HH@Z 0040348e f   DuiLib_d:DuiLib_d.dll
 0001:00002494       ?GetItemAt@CContainerUI@DuiLib@@UBEPAVCControlUI@2@H@Z 00403494 f   DuiLib_d:DuiLib_d.dll
 0001:0000249a       ?GetItemIndex@CContainerUI@DuiLib@@UBEHPAVCControlUI@2@@Z 0040349a f   DuiLib_d:DuiLib_d.dll
 0001:000024a0       ?SetItemIndex@CContainerUI@DuiLib@@UAE_NPAVCControlUI@2@H@Z 004034a0 f   DuiLib_d:DuiLib_d.dll
 0001:000024a6       ?GetCount@CContainerUI@DuiLib@@UBEHXZ 004034a6 f   DuiLib_d:DuiLib_d.dll
 0001:000024ac       ?AddAt@CContainerUI@DuiLib@@UAE_NPAVCControlUI@2@H@Z 004034ac f   DuiLib_d:DuiLib_d.dll
 0001:000024b2       ?Remove@CContainerUI@DuiLib@@UAE_NPAVCControlUI@2@@Z 004034b2 f   DuiLib_d:DuiLib_d.dll
 0001:000024b8       ?RemoveAt@CContainerUI@DuiLib@@UAE_NH@Z 004034b8 f   DuiLib_d:DuiLib_d.dll
 0001:000024be       ??1CPaintManagerUI@DuiLib@@QAE@XZ 004034be f   DuiLib_d:DuiLib_d.dll
 0001:000024d0       ??2@YAPAXI@Z               004034d0 f   LIBCMTD:new.obj
 0001:00002550       ??0bad_alloc@std@@QAE@XZ   00403550 f i LIBCMTD:new.obj
 0001:00002580       ??1bad_alloc@std@@UAE@XZ   00403580 f i LIBCMTD:new.obj
 0001:000025a0       ??_Gbad_alloc@std@@UAEPAXI@Z 004035a0 f i LIBCMTD:new.obj
 0001:000025a0       ??_Ebad_alloc@std@@UAEPAXI@Z 004035a0 f i LIBCMTD:new.obj
 0001:000025d0       ??0bad_alloc@std@@QAE@ABV01@@Z 004035d0 f i LIBCMTD:new.obj
 0001:00002600       @__security_check_cookie@4 00403600 f   LIBCMTD:secchk.obj
 0001:00002610       __RTC_CheckEsp             00403610 f   LIBCMTD:_stack_.obj
 0001:00002640       @_RTC_CheckStackVars@8     00403640 f   LIBCMTD:_stack_.obj
 0001:000026b0       @_RTC_AllocaHelper@12      004036b0 f   LIBCMTD:_stack_.obj
 0001:000026f0       @_RTC_CheckStackVars2@12   004036f0 f   LIBCMTD:_stack_.obj
 0001:000027d0       __RTC_InitBase             004037d0 f   LIBCMTD:_init_.obj
 0001:00002800       __RTC_Shutdown             00403800 f   LIBCMTD:_init_.obj
 0001:00002820       ?name@type_info@@QBEPBDPAU__type_info_node@@@Z 00403820 f   LIBCMTD:typinfo.obj
 0001:00002840       ??1type_info@@UAE@XZ       00403840 f   LIBCMTD:typinfo.obj
 0001:00002870       ??_Etype_info@@UAEPAXI@Z   00403870 f i LIBCMTD:typinfo.obj
 0001:00002870       ??_Gtype_info@@UAEPAXI@Z   00403870 f i LIBCMTD:typinfo.obj
 0001:000028a0       ?_name_internal_method@type_info@@QBEPBDPAU__type_info_node@@@Z 004038a0 f   LIBCMTD:typinfo.obj
 0001:000028c0       ?_type_info_dtor_internal_method@type_info@@QAEXXZ 004038c0 f   LIBCMTD:typinfo.obj
 0001:000028e0       ??8type_info@@QBE_NABV0@@Z 004038e0 f   LIBCMTD:typinfo.obj
 0001:00002910       ??9type_info@@QBE_NABV0@@Z 00403910 f   LIBCMTD:typinfo.obj
 0001:00002940       ?before@type_info@@QBEHABV1@@Z 00403940 f   LIBCMTD:typinfo.obj
 0001:00002970       ?raw_name@type_info@@QBEPBDXZ 00403970 f   LIBCMTD:typinfo.obj
 0001:00002990       ??0type_info@@AAE@ABV0@@Z  00403990 f   LIBCMTD:typinfo.obj
 0001:000029b0       ??4type_info@@AAEAAV0@ABV0@@Z 004039b0 f   LIBCMTD:typinfo.obj
 0001:000029d0       ?_JumpToContinuation@@YGXPAXPAUEHRegistrationNode@@@Z 004039d0 f   LIBCMTD:_trnsctrl_.obj
 0001:00002a10       ?_CallMemberFunction0@@YGXPAX0@Z 00403a10 f   LIBCMTD:_trnsctrl_.obj
 0001:00002a20       ?_CallMemberFunction1@@YGXPAX00@Z 00403a20 f   LIBCMTD:_trnsctrl_.obj
 0001:00002a30       ?_CallMemberFunction2@@YGXPAX00H@Z 00403a30 f   LIBCMTD:_trnsctrl_.obj
 0001:00002a40       ?_UnwindNestedFrames@@YGXPAUEHRegistrationNode@@PAUEHExceptionRecord@@@Z 00403a40 f   LIBCMTD:_trnsctrl_.obj
 0001:00002aa0       ___CxxFrameHandler         00403aa0 f   LIBCMTD:_trnsctrl_.obj
 0001:00002ae0       ___CxxFrameHandler3        00403ae0 f   LIBCMTD:_trnsctrl_.obj
 0001:00002b20       ___CxxFrameHandler2        00403b20 f   LIBCMTD:_trnsctrl_.obj
 0001:00002b60       ___CxxLongjmpUnwind@4      00403b60 f   LIBCMTD:_trnsctrl_.obj
 0001:00002b90       ?_CallCatchBlock2@@YAPAXPAUEHRegistrationNode@@PBU_s_FuncInfo@@PAXHK@Z 00403b90 f   LIBCMTD:_trnsctrl_.obj
 0001:00002c50       ?_CallSETranslator@@YAHPAUEHExceptionRecord@@PAUEHRegistrationNode@@PAX2PBU_s_FuncInfo@@H1@Z 00403c50 f   LIBCMTD:_trnsctrl_.obj
 0001:00002df0       ?_GetRangeOfTrysToCheck@@YAPBU_s_TryBlockMapEntry@@PBU_s_FuncInfo@@HHPAI1@Z 00403df0 f   LIBCMTD:_trnsctrl_.obj
 0001:00002e70       __CreateFrameInfo          00403e70 f   LIBCMTD:_trnsctrl_.obj
 0001:00002ea0       __IsExceptionObjectToBeDestroyed 00403ea0 f   LIBCMTD:_trnsctrl_.obj
 0001:00002ed0       __FindAndUnlinkFrame       00403ed0 f   LIBCMTD:_trnsctrl_.obj
 0001:00002f30       __CrtSetReportHookW2       00403f30 f   LIBCMTD:dbgrptw.obj
 0001:00003260       __CrtDbgReportW            00404260 f   LIBCMTD:dbgrptw.obj
 0001:000032a0       __CrtDbgReportWV           004042a0 f i LIBCMTD:dbgrptw.obj
 0001:000032d0       ___crtMessageWindowW       004042d0 f   LIBCMTD:dbgrptw.obj
 0001:000036d0       __invoke_watson_if_error   004046d0 f i LIBCMTD:dbgrptw.obj
 0001:00003700       __invoke_watson_if_oneof   00404700 f i LIBCMTD:dbgrptw.obj
 0001:00003740       ?_CrtDbgReportW@@YAHHPBGH00ZZ 00404740 f   LIBCMTD:dbgrptw.obj
 0001:00003780       __mbscmp_l                 00404780 f   LIBCMTD:mbscmp.obj
 0001:000039d0       ??0_LocaleUpdate@@QAE@PAUlocaleinfo_struct@@@Z 004049d0 f i LIBCMTD:mbscmp.obj
 0001:00003ab0       ??1_LocaleUpdate@@QAE@XZ   00404ab0 f i LIBCMTD:mbscmp.obj
 0001:00003ae0       ?GetLocaleT@_LocaleUpdate@@QAEPAUlocaleinfo_struct@@XZ 00404ae0 f i LIBCMTD:mbscmp.obj
 0001:00003af0       __mbscmp                   00404af0 f   LIBCMTD:mbscmp.obj
 0001:00003b10       __purecall                 00404b10 f   LIBCMTD:purevirt.obj
 0001:00003b50       __set_purecall_handler     00404b50 f   LIBCMTD:purevirt.obj
 0001:00003b90       __get_purecall_handler     00404b90 f   LIBCMTD:purevirt.obj
 0001:00003bb0       ??3@YAXPAX@Z               00404bb0 f   LIBCMTD:dbgdel.obj
 0001:00003ca0       _WinMainCRTStartup         00404ca0 f   LIBCMTD:wincrt0.obj
 0001:00003f20       __onexit                   00404f20 f   LIBCMTD:onexit.obj
 0001:000040f0       _atexit                    004050f0 f   LIBCMTD:onexit.obj
 0001:00004110       ___onexitinit              00405110 f   LIBCMTD:onexit.obj
 0001:00004170       __initp_heap_handler       00405170 f   LIBCMTD:handler.obj
 0001:00004180       ?_set_new_handler@@YAP6AHI@ZP6AHI@Z@Z 00405180 f   LIBCMTD:handler.obj
 0001:000041c0       ?_set_new_handler@@YAP6AHI@ZH@Z 004051c0 f   LIBCMTD:handler.obj
 0001:00004200       ?_query_new_handler@@YAP6AHI@ZXZ 00405200 f   LIBCMTD:handler.obj
 0001:00004220       __callnewh                 00405220 f   LIBCMTD:handler.obj
 0001:00004260       _malloc                    00405260 f   LIBCMTD:dbgmalloc.obj
 0001:00004290       __CxxThrowException@8      00405290 f   LIBCMTD:throw.obj
 0001:000042f0       ??0exception@std@@QAE@XZ   004052f0 f   LIBCMTD:stdexcpt.obj
 0001:00004320       ??_Eexception@std@@UAEPAXI@Z 00405320 f i LIBCMTD:stdexcpt.obj
 0001:00004320       ??_Gexception@std@@UAEPAXI@Z 00405320 f i LIBCMTD:stdexcpt.obj
 0001:00004350       ??0exception@std@@QAE@ABQBD@Z 00405350 f   LIBCMTD:stdexcpt.obj
 0001:00004390       ??0exception@std@@QAE@ABQBDH@Z 00405390 f   LIBCMTD:stdexcpt.obj
 0001:000043c0       ??0exception@std@@QAE@ABV01@@Z 004053c0 f   LIBCMTD:stdexcpt.obj
 0001:00004400       ??4exception@std@@QAEAAV01@ABV01@@Z 00405400 f   LIBCMTD:stdexcpt.obj
 0001:00004450       ??1exception@std@@UAE@XZ   00405450 f   LIBCMTD:stdexcpt.obj
 0001:00004470       ?what@exception@std@@UBEPBDXZ 00405470 f   LIBCMTD:stdexcpt.obj
 0001:000044a0       ?_Copy_str@exception@std@@AAEXPBD@Z 004054a0 f   LIBCMTD:stdexcpt.obj
 0001:00004510       ?_Tidy@exception@std@@AAEXXZ 00405510 f   LIBCMTD:stdexcpt.obj
 0001:00004550       ??0bad_cast@std@@QAE@PBD@Z 00405550 f   LIBCMTD:stdexcpt.obj
 0001:00004580       ??_Gbad_cast@std@@UAEPAXI@Z 00405580 f i LIBCMTD:stdexcpt.obj
 0001:00004580       ??_Ebad_cast@std@@UAEPAXI@Z 00405580 f i LIBCMTD:stdexcpt.obj
 0001:000045b0       ??0bad_cast@std@@QAE@ABV01@@Z 004055b0 f   LIBCMTD:stdexcpt.obj
 0001:000045e0       ??1bad_cast@std@@UAE@XZ    004055e0 f   LIBCMTD:stdexcpt.obj
 0001:00004600       ??0bad_typeid@std@@QAE@PBD@Z 00405600 f   LIBCMTD:stdexcpt.obj
 0001:00004630       ??_Gbad_typeid@std@@UAEPAXI@Z 00405630 f i LIBCMTD:stdexcpt.obj
 0001:00004630       ??_Ebad_typeid@std@@UAEPAXI@Z 00405630 f i LIBCMTD:stdexcpt.obj
 0001:00004660       ??0bad_typeid@std@@QAE@ABV01@@Z 00405660 f   LIBCMTD:stdexcpt.obj
 0001:00004690       ??1bad_typeid@std@@UAE@XZ  00405690 f   LIBCMTD:stdexcpt.obj
 0001:000046b0       ??0__non_rtti_object@std@@QAE@PBD@Z 004056b0 f   LIBCMTD:stdexcpt.obj
 0001:000046e0       ??_G__non_rtti_object@std@@UAEPAXI@Z 004056e0 f i LIBCMTD:stdexcpt.obj
 0001:000046e0       ??_E__non_rtti_object@std@@UAEPAXI@Z 004056e0 f i LIBCMTD:stdexcpt.obj
 0001:00004710       ??0__non_rtti_object@std@@QAE@ABV01@@Z 00405710 f   LIBCMTD:stdexcpt.obj
 0001:00004740       ??1__non_rtti_object@std@@UAE@XZ 00405740 f   LIBCMTD:stdexcpt.obj
 0001:00004760       ___report_gsfailure        00405760 f   LIBCMTD:gs_report.obj
 0001:00004870       ?_RTC_Failure@@YAXPAXH@Z   00405870 f   LIBCMTD:_error_.obj
 0001:00004c20       ?_RTC_StackFailure@@YAXPAXPBD@Z 00405c20 f   LIBCMTD:_error_.obj
 0001:00004d20       ?_RTC_AllocaFailure@@YAXPAXPAU_RTC_ALLOCA_NODE@@H@Z 00405d20 f   LIBCMTD:_error_.obj
 0001:00004ed0       __RTC_UninitUse            00405ed0 f   LIBCMTD:_error_.obj
 0001:00004fc0       __RTC_NumErrors            00405fc0 f   LIBCMTD:_userapi_.obj
 0001:00004fd0       __RTC_GetErrDesc           00405fd0 f   LIBCMTD:_userapi_.obj
 0001:00004ff0       __RTC_SetErrorType         00405ff0 f   LIBCMTD:_userapi_.obj
 0001:00005020       __RTC_SetErrorFunc         00406020 f   LIBCMTD:_userapi_.obj
 0001:00005040       __RTC_SetErrorFuncW        00406040 f   LIBCMTD:_userapi_.obj
 0001:00005060       ?_RTC_GetErrorFunc@@YAP6AHHPBDH00ZZPBX@Z 00406060 f   LIBCMTD:_userapi_.obj
 0001:00005070       ?_RTC_GetErrorFuncW@@YAP6AHHPB_WH00ZZPBX@Z 00406070 f   LIBCMTD:_userapi_.obj
 0001:00005080       __chkesp                   00406080 f   LIBCMTD:chkesp.obj
 0001:000050c0       __CRT_RTC_INIT             004060c0 f   LIBCMTD:chkesp.obj
 0001:000050d0       __CRT_RTC_INITW            004060d0 f   LIBCMTD:chkesp.obj
 0001:000050e0       ?_Type_info_dtor@type_info@@CAXPAV1@@Z 004060e0 f   LIBCMTD:typname.obj
 0001:000051f0       ?_Name_base@type_info@@CAPBDPBV1@PAU__type_info_node@@@Z 004061f0 f   LIBCMTD:typname.obj
 0001:000053a0       ?_Type_info_dtor_internal@type_info@@CAXPAV1@@Z 004063a0 f   LIBCMTD:typname.obj
 0001:000054b0       ___unDNameHelper           004064b0 f   LIBCMTD:typname.obj
 0001:000054f0       ?_Name_base_internal@type_info@@CAPBDPBV1@PAU__type_info_node@@@Z 004064f0 f   LIBCMTD:typname.obj
 0001:000056b0       ___clean_type_info_names_internal 004066b0 f   LIBCMTD:typname.obj
 0001:00005770       _strcmp                    00406770 f   LIBCMTD:strcmp.obj
 0001:00005800       ___InternalCxxFrameHandler 00406800 f   LIBCMTD:frame.obj
 0001:00005e00       ??0bad_exception@std@@QAE@PBD@Z 00406e00 f i LIBCMTD:frame.obj
 0001:00005e30       ??1bad_exception@std@@UAE@XZ 00406e30 f i LIBCMTD:frame.obj
 0001:00005e50       ??_Ebad_exception@std@@UAEPAXI@Z 00406e50 f i LIBCMTD:frame.obj
 0001:00005e50       ??_Gbad_exception@std@@UAEPAXI@Z 00406e50 f i LIBCMTD:frame.obj
 0001:00005e80       ??0bad_exception@std@@QAE@ABV01@@Z 00406e80 f i LIBCMTD:frame.obj
 0001:00006040       ___TypeMatch               00407040 f   LIBCMTD:frame.obj
 0001:000060f0       ___FrameUnwindFilter       004070f0 f   LIBCMTD:frame.obj
 0001:00006170       ___FrameUnwindToState      00407170 f   LIBCMTD:frame.obj
 0001:000066b0       ___BuildCatchObjectHelper  004076b0 f   LIBCMTD:frame.obj
 0001:00006920       ___BuildCatchObject        00407920 f   LIBCMTD:frame.obj
 0001:00006a30       ___DestructExceptionObject 00407a30 f   LIBCMTD:frame.obj
 0001:00006ae0       ___AdjustPointer           00407ae0 f   LIBCMTD:frame.obj
 0001:00006b30       ?__uncaught_exception@@YA_NXZ 00407b30 f   LIBCMTD:frame.obj
 0001:00006b50       ___CxxExceptionFilter      00407b50 f   LIBCMTD:frame.obj
 0001:00006d50       ___CxxRegisterExceptionObject 00407d50 f   LIBCMTD:frame.obj
 0001:00006e80       ___CxxDetectRethrow        00407e80 f   LIBCMTD:frame.obj
 0001:00006f10       ___CxxUnregisterExceptionObject 00407f10 f   LIBCMTD:frame.obj
 0001:00007090       ___CxxQueryExceptionSize   00408090 f   LIBCMTD:frame.obj
 0001:000070a0       ___CxxCallUnwindDtor       004080a0 f   LIBCMTD:frame.obj
 0001:00007120       ___CxxCallUnwindDelDtor    00408120 f   LIBCMTD:frame.obj
 0001:000071a0       ___CxxCallUnwindStdDelDtor 004081a0 f   LIBCMTD:frame.obj
 0001:00007220       ___CxxCallUnwindVecDtor    00408220 f   LIBCMTD:frame.obj
 0001:00007450       ?_is_exception_typeof@@YAHABVtype_info@@PAU_EXCEPTION_POINTERS@@@Z 00408450 f   LIBCMTD:frame.obj
 0001:00007530       __CallSettingFrame@12      00408530 f   LIBCMTD:lowhelpr.obj
 0001:00007557       __NLG_Return               00408557     LIBCMTD:lowhelpr.obj
 0001:00007580       __encoded_null             00408580 f   LIBCMTD:tidtable.obj
 0001:00007590       ___crtTlsAlloc@4           00408590 f   LIBCMTD:tidtable.obj
 0001:000075a0       ___fls_getvalue@4          004085a0 f   LIBCMTD:tidtable.obj
 0001:000075c0       ___get_flsindex            004085c0 f   LIBCMTD:tidtable.obj
 0001:000075d0       ___set_flsgetvalue         004085d0 f   LIBCMTD:tidtable.obj
 0001:00007620       ___fls_setvalue@8          00408620 f   LIBCMTD:tidtable.obj
 0001:00007640       __mtinit                   00408640 f   LIBCMTD:tidtable.obj
 0001:00007840       __mtterm                   00408840 f   LIBCMTD:tidtable.obj
 0001:000078a0       __initptd                  004088a0 f   LIBCMTD:tidtable.obj
 0001:000079d0       __getptd_noexit            004089d0 f   LIBCMTD:tidtable.obj
 0001:00007a90       __getptd                   00408a90 f   LIBCMTD:tidtable.obj
 0001:00007ac0       __freefls@4                00408ac0 f   LIBCMTD:tidtable.obj
 0001:00007cd0       __freeptd                  00408cd0 f   LIBCMTD:tidtable.obj
 0001:00007d50       ___threadid                00408d50 f   LIBCMTD:tidtable.obj
 0001:00007d60       ___threadhandle            00408d60 f   LIBCMTD:tidtable.obj
 0001:00007d70       __initp_eh_hooks           00408d70 f   LIBCMTD:hooks.obj
 0001:00007d90       ?terminate@@YAXXZ          00408d90 f   LIBCMTD:hooks.obj
 0001:00007e10       ?unexpected@@YAXXZ         00408e10 f   LIBCMTD:hooks.obj
 0001:00007e40       ?_inconsistency@@YAXXZ     00408e40 f   LIBCMTD:hooks.obj
 0001:00007ed0       __mtinitlocks              00408ed0 f   LIBCMTD:mlock.obj
 0001:00007f60       __mtdeletelocks            00408f60 f   LIBCMTD:mlock.obj
 0001:00008020       __mtinitlocknum            00409020 f   LIBCMTD:mlock.obj
 0001:00008170       __lock                     00409170 f   LIBCMTD:mlock.obj
 0001:000081b0       __unlock                   004091b0 f   LIBCMTD:mlock.obj
 0001:000081d0       __lockerr_exit             004091d0 f   LIBCMTD:mlock.obj
 0001:000081f0       __malloc_dbg               004091f0 f   LIBCMTD:dbgheap.obj
 0001:00008220       __nh_malloc                00409220 f   LIBCMTD:dbgheap.obj
 0001:00008240       __nh_malloc_dbg            00409240 f   LIBCMTD:dbgheap.obj
 0001:00008320       __heap_alloc               00409320 f   LIBCMTD:dbgheap.obj
 0001:00008700       __heap_alloc_dbg           00409700 f   LIBCMTD:dbgheap.obj
 0001:00008760       __calloc_dbg_impl          00409760 f   LIBCMTD:dbgheap.obj
 0001:000087e0       __calloc_dbg               004097e0 f   LIBCMTD:dbgheap.obj
 0001:00008840       __recalloc                 00409840 f   LIBCMTD:dbgheap.obj
 0001:00008870       __realloc_dbg              00409870 f   LIBCMTD:dbgheap.obj
 0001:00008f10       __recalloc_dbg             00409f10 f   LIBCMTD:dbgheap.obj
 0001:00008fc0       __expand                   00409fc0 f   LIBCMTD:dbgheap.obj
 0001:00008ff0       __expand_dbg               00409ff0 f   LIBCMTD:dbgheap.obj
 0001:00009100       __free_nolock              0040a100 f   LIBCMTD:dbgheap.obj
 0001:00009120       __free_dbg                 0040a120 f   LIBCMTD:dbgheap.obj
 0001:000091a0       __free_dbg_nolock          0040a1a0 f   LIBCMTD:dbgheap.obj
 0001:00009680       __msize                    0040a680 f   LIBCMTD:dbgheap.obj
 0001:000096a0       __msize_dbg                0040a6a0 f   LIBCMTD:dbgheap.obj
 0001:00009890       __CrtSetBreakAlloc         0040a890 f   LIBCMTD:dbgheap.obj
 0001:000098b0       __CrtSetDbgBlockType       0040a8b0 f   LIBCMTD:dbgheap.obj
 0001:000099a0       __CrtSetAllocHook          0040a9a0 f   LIBCMTD:dbgheap.obj
 0001:000099c0       __CrtGetAllocHook          0040a9c0 f   LIBCMTD:dbgheap.obj
 0001:00009a10       __CrtCheckMemory           0040aa10 f   LIBCMTD:dbgheap.obj
 0001:00009e70       __CrtSetDbgFlag            0040ae70 f   LIBCMTD:dbgheap.obj
 0001:00009fc0       __CrtDoForAllClientObjects 0040afc0 f   LIBCMTD:dbgheap.obj
 0001:0000a0e0       __CrtIsValidPointer        0040b0e0 f   LIBCMTD:dbgheap.obj
 0001:0000a0f0       __CrtIsValidHeapPointer    0040b0f0 f   LIBCMTD:dbgheap.obj
 0001:0000a140       __CrtIsMemoryBlock         0040b140 f   LIBCMTD:dbgheap.obj
 0001:0000a2b0       __CrtReportBlockType       0040b2b0 f   LIBCMTD:dbgheap.obj
 0001:0000a2e0       __CrtSetDumpClient         0040b2e0 f   LIBCMTD:dbgheap.obj
 0001:0000a300       __CrtGetDumpClient         0040b300 f   LIBCMTD:dbgheap.obj
 0001:0000a310       __CrtMemCheckpoint         0040b310 f   LIBCMTD:dbgheap.obj
 0001:0000a530       __CrtMemDifference         0040b530 f   LIBCMTD:dbgheap.obj
 0001:0000a750       __CrtMemDumpAllObjectsSince 0040b750 f   LIBCMTD:dbgheap.obj
 0001:0000ac40       __CrtDumpMemoryLeaks       0040bc40 f   LIBCMTD:dbgheap.obj
 0001:0000acc0       __CrtMemDumpStatistics     0040bcc0 f   LIBCMTD:dbgheap.obj
 0001:0000add0       __aligned_malloc           0040bdd0 f   LIBCMTD:dbgheap.obj
 0001:0000adf0       __aligned_malloc_dbg       0040bdf0 f   LIBCMTD:dbgheap.obj
 0001:0000ae20       __aligned_realloc          0040be20 f   LIBCMTD:dbgheap.obj
 0001:0000ae50       __aligned_recalloc         0040be50 f   LIBCMTD:dbgheap.obj
 0001:0000ae80       __aligned_realloc_dbg      0040be80 f   LIBCMTD:dbgheap.obj
 0001:0000aeb0       __aligned_recalloc_dbg     0040beb0 f   LIBCMTD:dbgheap.obj
 0001:0000aee0       __aligned_offset_malloc    0040bee0 f   LIBCMTD:dbgheap.obj
 0001:0000af00       __aligned_offset_malloc_dbg 0040bf00 f   LIBCMTD:dbgheap.obj
 0001:0000b0c0       __aligned_offset_realloc   0040c0c0 f   LIBCMTD:dbgheap.obj
 0001:0000b0f0       __aligned_offset_recalloc  0040c0f0 f   LIBCMTD:dbgheap.obj
 0001:0000b120       __aligned_offset_realloc_dbg 0040c120 f   LIBCMTD:dbgheap.obj
 0001:0000b410       __aligned_offset_recalloc_dbg 0040c410 f   LIBCMTD:dbgheap.obj
 0001:0000b4d0       __aligned_free             0040c4d0 f   LIBCMTD:dbgheap.obj
 0001:0000b4f0       __aligned_free_dbg         0040c4f0 f   LIBCMTD:dbgheap.obj
 0001:0000b5a0       __CrtSetDebugFillThreshold 0040c5a0 f   LIBCMTD:dbgheap.obj
 0001:0000b5c0       __CrtSetCheckCount         0040c5c0 f   LIBCMTD:dbgheap.obj
 0001:0000b5e0       __CrtGetCheckCount         0040c5e0 f   LIBCMTD:dbgheap.obj
 0001:0000b5f0       __aligned_msize            0040c5f0 f   LIBCMTD:dbgheap.obj
 0001:0000b610       __aligned_msize_dbg        0040c610 f   LIBCMTD:dbgheap.obj
 0001:0000b720       __CrtDbgBreak              0040c720 f   LIBCMTD:dbgrptt.obj
 0001:0000b730       __CrtSetReportMode         0040c730 f   LIBCMTD:dbgrptt.obj
 0001:0000b870       __CrtSetReportFile         0040c870 f   LIBCMTD:dbgrptt.obj
 0001:0000b970       __CrtSetReportHook         0040c970 f   LIBCMTD:dbgrptt.obj
 0001:0000b990       __CrtGetReportHook         0040c990 f   LIBCMTD:dbgrptt.obj
 0001:0000b9a0       __VCrtDbgReportA           0040c9a0 f   LIBCMTD:dbgrptt.obj
 0001:0000c1d0       __VCrtDbgReportW           0040d1d0 f   LIBCMTD:dbgrptt.obj
 0001:0000cb00       __initp_misc_invarg        0040db00 f   LIBCMTD:invarg.obj
 0001:0000cb10       __invalid_parameter        0040db10 f   LIBCMTD:invarg.obj
 0001:0000cb70       __invoke_watson            0040db70 f   LIBCMTD:invarg.obj
 0001:0000cba0       __call_reportfault         0040dba0 f   LIBCMTD:invarg.obj
 0001:0000ccf0       __set_invalid_parameter_handler 0040dcf0 f   LIBCMTD:invarg.obj
 0001:0000cd30       __get_invalid_parameter_handler 0040dd30 f   LIBCMTD:invarg.obj
 0001:0000cd60       ?_invalid_parameter@@YAXPBG00II@Z 0040dd60 f   LIBCMTD:invarg.obj
 0001:0000cd90       ?_invoke_watson@@YAXPBG00II@Z 0040dd90 f   LIBCMTD:invarg.obj
 0001:0000cdb0       __dosmaperr                0040ddb0 f   LIBCMTD:dosmap.obj
 0001:0000cde0       __get_errno_from_oserr     0040dde0 f   LIBCMTD:dosmap.obj
 0001:0000ce60       __set_errno                0040de60 f   LIBCMTD:dosmap.obj
 0001:0000ce90       __get_errno                0040de90 f   LIBCMTD:dosmap.obj
 0001:0000cf10       __set_doserrno             0040df10 f   LIBCMTD:dosmap.obj
 0001:0000cf40       __get_doserrno             0040df40 f   LIBCMTD:dosmap.obj
 0001:0000cfc0       __errno                    0040dfc0 f   LIBCMTD:dosmap.obj
 0001:0000cff0       ___doserrno                0040dff0 f   LIBCMTD:dosmap.obj
 0001:0000d020       __except_handler4          0040e020 f   LIBCMTD:chandler4.obj
 0001:0000d240       __cinit                    0040e240 f   LIBCMTD:crt0dat.obj
 0001:0000d2e0       _exit                      0040e2e0 f   LIBCMTD:crt0dat.obj
 0001:0000d300       __exit                     0040e300 f   LIBCMTD:crt0dat.obj
 0001:0000d320       __cexit                    0040e320 f   LIBCMTD:crt0dat.obj
 0001:0000d340       __c_exit                   0040e340 f   LIBCMTD:crt0dat.obj
 0001:0000d360       __amsg_exit                0040e360 f   LIBCMTD:crt0dat.obj
 0001:0000d390       ___freeCrtMemory           0040e390 f   LIBCMTD:crt0dat.obj
 0001:0000d6d0       ___crtCorExitProcess       0040e6d0 f   LIBCMTD:crt0dat.obj
 0001:0000d710       ___crtExitProcess          0040e710 f   LIBCMTD:crt0dat.obj
 0001:0000d730       __lockexit                 0040e730 f   LIBCMTD:crt0dat.obj
 0001:0000d750       __unlockexit               0040e750 f   LIBCMTD:crt0dat.obj
 0001:0000d770       __init_pointers            0040e770 f   LIBCMTD:crt0dat.obj
 0001:0000d800       __initterm_e               0040e800 f   LIBCMTD:crt0dat.obj
 0001:0000d840       __get_wpgmptr              0040e840 f   LIBCMTD:crt0dat.obj
 0001:0000d930       __get_pgmptr               0040e930 f   LIBCMTD:crt0dat.obj
 0001:0000da20       __initp_misc_winsig        0040ea20 f   LIBCMTD:winsig.obj
 0001:0000da50       _signal                    0040ea50 f   LIBCMTD:winsig.obj
 0001:0000def0       _raise                     0040eef0 f   LIBCMTD:winsig.obj
 0001:0000e260       ___get_sigabrt             0040f260 f   LIBCMTD:winsig.obj
 0001:0000e280       ___fpecode                 0040f280 f   LIBCMTD:winsig.obj
 0001:0000e290       ___pxcptinfoptrs           0040f290 f   LIBCMTD:winsig.obj
 0001:0000e2a0       ___crtMessageBoxW          0040f2a0 f   LIBCMTD:crtmboxw.obj
 0001:0000e4c0       __swprintf                 0040f4c0 f   LIBCMTD:swprintf.obj
 0001:0000e6c0       ___swprintf_l              0040f6c0 f   LIBCMTD:swprintf.obj
 0001:0000e6f0       _swprintf_s                0040f6f0 f   LIBCMTD:swprintf.obj
 0001:0000e720       __snwprintf_s              0040f720 f   LIBCMTD:swprintf.obj
 0001:0000e750       __swprintf_p               0040f750 f   LIBCMTD:swprintf.obj
 0001:0000e780       __swprintf_s_l             0040f780 f   LIBCMTD:swprintf.obj
 0001:0000e7b0       __snwprintf_s_l            0040f7b0 f   LIBCMTD:swprintf.obj
 0001:0000e7e0       __swprintf_p_l             0040f7e0 f   LIBCMTD:swprintf.obj
 0001:0000e810       __scwprintf                0040f810 f   LIBCMTD:swprintf.obj
 0001:0000e830       __scwprintf_p              0040f830 f   LIBCMTD:swprintf.obj
 0001:0000e850       __scwprintf_l              0040f850 f   LIBCMTD:swprintf.obj
 0001:0000e880       __scwprintf_p_l            0040f880 f   LIBCMTD:swprintf.obj
 0001:0000e8b0       _memcpy_s                  0040f8b0 f   LIBCMTD:memcpy_s.obj
 0001:0000ea40       _wcslen                    0040fa40 f   LIBCMTD:wcslen.obj
 0001:0000ea70       _wcscpy_s                  0040fa70 f   LIBCMTD:wcscpy_s.obj
 0001:0000ed50       __alloca_probe             0040fd50     LIBCMTD:chkstk.obj
 0001:0000ed50       __chkstk                   0040fd50 f   LIBCMTD:chkstk.obj
 0001:0000ed80       ___updatetmbcinfo          0040fd80 f   LIBCMTD:mbctype.obj
 0001:0000ee90       __setmbcp                  0040fe90 f   LIBCMTD:mbctype.obj
 0001:0000f240       __setmbcp_nolock           00410240 f   LIBCMTD:mbctype.obj
 0001:0000fa30       __getmbcp                  00410a30 f   LIBCMTD:mbctype.obj
 0001:0000faa0       ___initmbctable            00410aa0 f   LIBCMTD:mbctype.obj
 0001:0000fad0       ___addlocaleref            00410ad0 f   LIBCMTD:localref.obj
 0001:0000fbf0       ___removelocaleref         00410bf0 f   LIBCMTD:localref.obj
 0001:0000fd20       ___freetlocinfo            00410d20 f   LIBCMTD:localref.obj
 0001:00010000       __updatetlocinfoEx_nolock  00411000 f   LIBCMTD:localref.obj
 0001:00010080       ___updatetlocinfo          00411080 f   LIBCMTD:localref.obj
 0001:00010150       _abort                     00411150 f   LIBCMTD:abort.obj
 0001:000101b0       __set_abort_behavior       004111b0 f   LIBCMTD:abort.obj
 0001:000101e0       __FF_MSGBANNER             004111e0 f   LIBCMTD:crt0msg.obj
 0001:00010230       __GET_RTERRMSG             00411230 f   LIBCMTD:crt0msg.obj
 0001:00010280       __NMSG_WRITE               00411280 f   LIBCMTD:crt0msg.obj
 0001:000105c0       ___getlocaleinfo           004115c0 f   LIBCMTD:inithelp.obj
 0001:000108a0       __initp_misc_purevirt      004118a0 f   LIBCMTD:inithelp.obj
 0001:000108b0       ?__CxxUnhandledExceptionFilter@@YGJPAU_EXCEPTION_POINTERS@@@Z 004118b0 f   LIBCMTD:unhandld.obj
 0001:00010920       ___CxxSetUnhandledExceptionFilter 00411920 f   LIBCMTD:unhandld.obj
 0001:00010940       ___security_init_cookie    00411940 f   LIBCMTD:gs_support.obj
 0001:00010a20       ___CppXcptFilter           00411a20 f   LIBCMTD:winxfltr.obj
 0001:00010a50       __XcptFilter               00411a50 f   LIBCMTD:winxfltr.obj
 0001:00010cb0       __wincmdln                 00411cb0 f   LIBCMTD:wincmdln.obj
 0001:00010d80       __setenvp                  00411d80 f   LIBCMTD:stdenvp.obj
 0001:00010f20       __setargv                  00411f20 f   LIBCMTD:stdargv.obj
 0001:00011040       __set_pgmptr               00412040 f i LIBCMTD:stdargv.obj
 0001:000113b0       ___crtGetEnvironmentStringsA 004123b0 f   LIBCMTD:a_env.obj
 0001:000114b0       __ioinit                   004124b0 f   LIBCMTD:ioinit.obj
 0001:000118c0       __ioterm                   004128c0 f   LIBCMTD:ioinit.obj
 0001:00011960       __RTC_Initialize           00412960 f   LIBCMTD:_initsect_.obj
 0001:00011990       __RTC_Terminate            00412990 f   LIBCMTD:_initsect_.obj
 0001:000119c0       __heap_init                004129c0 f   LIBCMTD:heapinit.obj
 0001:00011a00       __heap_term                00412a00 f   LIBCMTD:heapinit.obj
 0001:00011a20       __get_heap_handle          00412a20 f   LIBCMTD:heapinit.obj
 0001:00011a60       _strcpy_s                  00412a60 f   LIBCMTD:strcpy_s.obj
 0001:00011d40       _strlen                    00412d40 f   LIBCMTD:strlen.obj
 0001:00011dd0       _free                      00412dd0 f   LIBCMTD:dbgfree.obj
 0001:00011df0       __CrtDefaultAllocHook      00412df0 f   LIBCMTD:dbghook.obj
 0001:00011e00       __crt_debugger_hook        00412e00 f   LIBCMTD:dbghook.obj
 0001:00011e20       ?_RTC_GetSrcLine@@YAHPAEPA_WKPAH1K@Z 00412e20 f   LIBCMTD:_pdblkup_.obj
 0001:000122d0       __CrtSetReportHook2        004132d0 f   LIBCMTD:dbgrpt.obj
 0001:00012600       __CrtDbgReport             00413600 f   LIBCMTD:dbgrpt.obj
 0001:00012640       __CrtDbgReportV            00413640 f i LIBCMTD:dbgrpt.obj
 0001:00012670       ___crtMessageWindowA       00413670 f   LIBCMTD:dbgrpt.obj
 0001:00012a70       ___unDName                 00413a70 f   LIBCMTD:undname.obj
 0001:00012b50       ?Constructor@_HeapManager@@QAEXP6APAXI@ZP6AXPAX@Z@Z 00413b50 f i LIBCMTD:undname.obj
 0001:00012b90       ?Destructor@_HeapManager@@QAEXXZ 00413b90 f i LIBCMTD:undname.obj
 0001:00012be0       ___unDNameEx               00413be0 f   LIBCMTD:undname.obj
 0001:00012cc0       ??0UnDecorator@@QAE@PADPBDHP6APADJ@ZK@Z 00413cc0 f i LIBCMTD:undname.obj
 0001:00012d60       ??BUnDecorator@@QAEPADXZ   00413d60 f i LIBCMTD:undname.obj
 0001:00012f90       ?dbGetString@DName@@QBEPADXZ 00413f90 f   LIBCMTD:undname.obj
 0001:00012fc0       ?getDecoratedName@UnDecorator@@CA?AVDName@@XZ 00413fc0 f   LIBCMTD:undname.obj
 0001:000132d0       ?getSymbolName@UnDecorator@@CA?AVDName@@XZ 004142d0 f i LIBCMTD:undname.obj
 0001:00013350       ?getZName@UnDecorator@@CA?AVDName@@_N0@Z 00414350 f   LIBCMTD:undname.obj
 0001:000135f0       ?getOperatorName@UnDecorator@@CA?AVDName@@_NPA_N@Z 004145f0 f i LIBCMTD:undname.obj
 0001:00013f60       ?getStringEncoding@UnDecorator@@CA?AVDName@@PADH@Z 00414f60 f   LIBCMTD:undname.obj
 0001:00014060       ?getScope@UnDecorator@@CA?AVDName@@XZ 00415060 f   LIBCMTD:undname.obj
 0001:00014440       ?getSignedDimension@UnDecorator@@CA?AVDName@@XZ 00415440 f   LIBCMTD:undname.obj
 0001:000144c0       ?getDimension@UnDecorator@@CA?AVDName@@_N@Z 004154c0 f   LIBCMTD:undname.obj
 0001:00014770       ?getNumberOfDimensions@UnDecorator@@CAHXZ 00415770 f   LIBCMTD:undname.obj
 0001:00014870       ?getTemplateName@UnDecorator@@CA?AVDName@@_N@Z 00415870 f   LIBCMTD:undname.obj
 0001:00014a30       ?getTemplateArgumentList@UnDecorator@@CA?AVDName@@XZ 00415a30 f   LIBCMTD:undname.obj
 0001:00014cb0       ?getTemplateConstant@UnDecorator@@CA?AVDName@@XZ 00415cb0 f   LIBCMTD:undname.obj
 0001:00015140       ?composeDeclaration@UnDecorator@@CA?AVDName@@ABV2@@Z 00416140 f i LIBCMTD:undname.obj
 0001:00016740       ?getTypeEncoding@UnDecorator@@CAHXZ 00417740 f i LIBCMTD:undname.obj
 0001:00017180       ?getBasedType@UnDecorator@@CA?AVDName@@XZ 00418180 f   LIBCMTD:undname.obj
 0001:00017240       ?getScopedName@UnDecorator@@CA?AVDName@@XZ 00418240 f   LIBCMTD:undname.obj
 0001:00017360       ?getCallingConvention@UnDecorator@@CA?AVDName@@XZ 00418360 f   LIBCMTD:undname.obj
 0001:000174e0       ?getReturnType@UnDecorator@@CA?AVDName@@PAV2@@Z 004184e0 f   LIBCMTD:undname.obj
 0001:00017530       ?getDataType@UnDecorator@@CA?AVDName@@PAV2@@Z 00418530 f   LIBCMTD:undname.obj
 0001:00017650       ?getPrimaryDataType@UnDecorator@@CA?AVDName@@ABV2@@Z 00418650 f   LIBCMTD:undname.obj
 0001:000179f0       ?getArgumentTypes@UnDecorator@@CA?AVDName@@XZ 004189f0 f   LIBCMTD:undname.obj
 0001:00017b50       ?getArgumentList@UnDecorator@@CA?AVDName@@XZ 00418b50 f   LIBCMTD:undname.obj
 0001:00017ca0       ?getThrowTypes@UnDecorator@@CA?AVDName@@XZ 00418ca0 f   LIBCMTD:undname.obj
 0001:00017d50       ?getBasicDataType@UnDecorator@@CA?AVDName@@ABV2@@Z 00418d50 f   LIBCMTD:undname.obj
 0001:00018310       ?getECSUDataType@UnDecorator@@CA?AVDName@@XZ 00419310 f   LIBCMTD:undname.obj
 0001:000184e0       ?getECSUName@UnDecorator@@CA?AVDName@@XZ 004194e0 f i LIBCMTD:undname.obj
 0001:00018500       ?getEnumType@UnDecorator@@CA?AVDName@@XZ 00419500 f i LIBCMTD:undname.obj
 0001:00018650       ?getFunctionIndirectType@UnDecorator@@CA?AVDName@@ABV2@@Z 00419650 f   LIBCMTD:undname.obj
 0001:00018a90       ?getPtrRefType@UnDecorator@@CA?AVDName@@ABV2@0PBD@Z 00419a90 f   LIBCMTD:undname.obj
 0001:00018bf0       ?getExtendedDataIndirectType@UnDecorator@@CA?AVDName@@AAPBDAA_NH@Z 00419bf0 f   LIBCMTD:undname.obj
 0001:00018e10       ?getDataIndirectType@UnDecorator@@CA?AVDName@@ABV2@PBD0H@Z 00419e10 f   LIBCMTD:undname.obj
 0001:00019510       ?getPtrRefDataType@UnDecorator@@CA?AVDName@@ABV2@H@Z 0041a510 f i LIBCMTD:undname.obj
 0001:00019650       ?getArrayType@UnDecorator@@CA?AVDName@@ABV2@@Z 0041a650 f i LIBCMTD:undname.obj
 0001:00019880       ?getLexicalFrame@UnDecorator@@CA?AVDName@@XZ 0041a880 f i LIBCMTD:undname.obj
 0001:000198c0       ?getThisType@UnDecorator@@CA?AVDName@@XZ 0041a8c0 f i LIBCMTD:undname.obj
 0001:00019900       ?getPointerType@UnDecorator@@CA?AVDName@@ABV2@0@Z 0041a900 f i LIBCMTD:undname.obj
 0001:00019930       ?getPointerTypeArray@UnDecorator@@CA?AVDName@@ABV2@0@Z 0041a930 f i LIBCMTD:undname.obj
 0001:00019960       ?getReferenceType@UnDecorator@@CA?AVDName@@ABV2@0PBD@Z 0041a960 f i LIBCMTD:undname.obj
 0001:00019990       ?getDisplacement@UnDecorator@@CA?AVDName@@XZ 0041a990 f i LIBCMTD:undname.obj
 0001:000199b0       ?getCallIndex@UnDecorator@@CA?AVDName@@XZ 0041a9b0 f i LIBCMTD:undname.obj
 0001:000199d0       ?getGuardNumber@UnDecorator@@CA?AVDName@@XZ 0041a9d0 f i LIBCMTD:undname.obj
 0001:000199f0       ?getVbTableType@UnDecorator@@CA?AVDName@@ABV2@@Z 0041a9f0 f i LIBCMTD:undname.obj
 0001:00019a10       ?getVCallThunkType@UnDecorator@@CA?AVDName@@XZ 0041aa10 f i LIBCMTD:undname.obj
 0001:00019a70       ?getVfTableType@UnDecorator@@CA?AVDName@@ABV2@@Z 0041aa70 f i LIBCMTD:undname.obj
 0001:00019c30       ?getStorageConvention@UnDecorator@@CA?AVDName@@XZ 0041ac30 f i LIBCMTD:undname.obj
 0001:00019c50       ?getDataIndirectType@UnDecorator@@CA?AVDName@@XZ 0041ac50 f i LIBCMTD:undname.obj
 0001:00019c90       ?getVdispMapType@UnDecorator@@CA?AVDName@@ABV2@@Z 0041ac90 f i LIBCMTD:undname.obj
 0001:00019d00       ?getExternalDataType@UnDecorator@@CA?AVDName@@ABV2@@Z 0041ad00 f i LIBCMTD:undname.obj
 0001:00019d90       ?doMSKeywords@UnDecorator@@SAHXZ 0041ad90 f i LIBCMTD:undname.obj
 0001:00019db0       ?doPtr64@UnDecorator@@SAHXZ 0041adb0 f i LIBCMTD:undname.obj
 0001:00019dd0       ?doFunctionReturns@UnDecorator@@SAHXZ 0041add0 f i LIBCMTD:undname.obj
 0001:00019df0       ?doAllocationModel@UnDecorator@@SAHXZ 0041adf0 f i LIBCMTD:undname.obj
 0001:00019e10       ?doAllocationLanguage@UnDecorator@@SAHXZ 0041ae10 f i LIBCMTD:undname.obj
 0001:00019e30       ?doThisTypes@UnDecorator@@SAHXZ 0041ae30 f i LIBCMTD:undname.obj
 0001:00019e50       ?doAccessSpecifiers@UnDecorator@@SAHXZ 0041ae50 f i LIBCMTD:undname.obj
 0001:00019e70       ?doThrowTypes@UnDecorator@@SAHXZ 0041ae70 f i LIBCMTD:undname.obj
 0001:00019e90       ?doMemberTypes@UnDecorator@@SAHXZ 0041ae90 f i LIBCMTD:undname.obj
 0001:00019eb0       ?doNameOnly@UnDecorator@@SAHXZ 0041aeb0 f i LIBCMTD:undname.obj
 0001:00019ed0       ?doTypeOnly@UnDecorator@@SAHXZ 0041aed0 f i LIBCMTD:undname.obj
 0001:00019ef0       ?haveTemplateParameters@UnDecorator@@SAHXZ 0041aef0 f i LIBCMTD:undname.obj
 0001:00019f10       ?doEcsu@UnDecorator@@SAHXZ 0041af10 f i LIBCMTD:undname.obj
 0001:00019f30       ?doEllipsis@UnDecorator@@SAHXZ 0041af30 f i LIBCMTD:undname.obj
 0001:00019f50       ?UScore@UnDecorator@@SAPBDW4Tokens@@@Z 0041af50 f   LIBCMTD:undname.obj
 0001:00019f80       ?doUnderScore@UnDecorator@@SAHXZ 0041af80 f i LIBCMTD:undname.obj
 0001:00019fa0       ??2@YAPAXIAAV_HeapManager@@H@Z 0041afa0 f i LIBCMTD:undname.obj
 0001:00019fc0       ?getMemory@_HeapManager@@QAEPAXIH@Z 0041afc0 f   LIBCMTD:undname.obj
 0001:0001a0d0       ??0Block@_HeapManager@@QAE@XZ 0041b0d0 f i LIBCMTD:undname.obj
 0001:0001a0f0       ??H@YA?AVDName@@DABV0@@Z   0041b0f0 f i LIBCMTD:undname.obj
 0001:0001a120       ??H@YA?AVDName@@W4DNameStatus@@ABV0@@Z 0041b120 f i LIBCMTD:undname.obj
 0001:0001a150       ??H@YA?AVDName@@PBDABV0@@Z 0041b150 f i LIBCMTD:undname.obj
 0001:0001a180       ??0DName@@QAE@XZ           0041b180 f i LIBCMTD:undname.obj
 0001:0001a240       ??0DName@@QAE@D@Z          0041b240 f   LIBCMTD:undname.obj
 0001:0001a320       ??0DName@@QAE@ABV0@@Z      0041b320 f i LIBCMTD:undname.obj
 0001:0001a350       ??0DName@@QAE@PAV0@@Z      0041b350 f   LIBCMTD:undname.obj
 0001:0001a480       ??0DName@@QAE@PBD@Z        0041b480 f   LIBCMTD:undname.obj
 0001:0001a570       ??0DName@@QAE@AAPBDD@Z     0041b570 f   LIBCMTD:undname.obj
 0001:0001a830       ?doNoIdentCharCheck@UnDecorator@@SAHXZ 0041b830 f i LIBCMTD:undname.obj
 0001:0001a850       ??0DName@@QAE@_K@Z         0041b850 f   LIBCMTD:undname.obj
 0001:0001a990       ??0DName@@QAE@_J@Z         0041b990 f   LIBCMTD:undname.obj
 0001:0001ab10       ??0DName@@QAE@W4DNameStatus@@@Z 0041bb10 f   LIBCMTD:undname.obj
 0001:0001ac30       ?isValid@DName@@QBEHXZ     0041bc30 f i LIBCMTD:undname.obj
 0001:0001ac60       ?isEmpty@DName@@QBEHXZ     0041bc60 f i LIBCMTD:undname.obj
 0001:0001ac80       ?status@DName@@QBE?AW4DNameStatus@@XZ 0041bc80 f i LIBCMTD:undname.obj
 0001:0001aca0       ?setPtrRef@DName@@QAEAAV1@XZ 0041bca0 f i LIBCMTD:undname.obj
 0001:0001acd0       ?isPtrRef@DName@@QBEHXZ    0041bcd0 f i LIBCMTD:undname.obj
 0001:0001acf0       ?isUDC@DName@@QBEHXZ       0041bcf0 f i LIBCMTD:undname.obj
 0001:0001ad30       ?setIsUDC@DName@@QAEXXZ    0041bd30 f i LIBCMTD:undname.obj
 0001:0001ad60       ?isUDTThunk@DName@@QBEHXZ  0041bd60 f i LIBCMTD:undname.obj
 0001:0001ada0       ?setIsArray@DName@@QAEXXZ  0041bda0 f i LIBCMTD:undname.obj
 0001:0001adc0       ?isArray@DName@@QBEHXZ     0041bdc0 f i LIBCMTD:undname.obj
 0001:0001ade0       ?isNoTE@DName@@QBEHXZ      0041bde0 f i LIBCMTD:undname.obj
 0001:0001ae00       ?setIsNoTE@DName@@QAEXXZ   0041be00 f i LIBCMTD:undname.obj
 0001:0001ae20       ?isPinPtr@DName@@QBEHXZ    0041be20 f i LIBCMTD:undname.obj
 0001:0001ae40       ?setIsPinPtr@DName@@QAEXXZ 0041be40 f i LIBCMTD:undname.obj
 0001:0001ae60       ?isComArray@DName@@QBEHXZ  0041be60 f i LIBCMTD:undname.obj
 0001:0001ae80       ?setIsComArray@DName@@QAEXXZ 0041be80 f i LIBCMTD:undname.obj
 0001:0001aea0       ?isVCallThunk@DName@@QBEHXZ 0041bea0 f i LIBCMTD:undname.obj
 0001:0001aec0       ?setIsVCallThunk@DName@@QAEXXZ 0041bec0 f i LIBCMTD:undname.obj
 0001:0001aee0       ?length@DName@@QBEHXZ      0041bee0 f i LIBCMTD:undname.obj
 0001:0001af10       ?getLastChar@DName@@QBEDXZ 0041bf10 f i LIBCMTD:undname.obj
 0001:0001af40       ?getString@DName@@QBEPADPADH@Z 0041bf40 f i LIBCMTD:undname.obj
 0001:0001afd0       ?getString@DName@@QBEPADPAD0@Z 0041bfd0 f i LIBCMTD:undname.obj
 0001:0001b010       ??HDName@@QBE?AV0@D@Z      0041c010 f   LIBCMTD:undname.obj
 0001:0001b050       ??HDName@@QBE?AV0@PBD@Z    0041c050 f   LIBCMTD:undname.obj
 0001:0001b090       ??HDName@@QBE?AV0@ABV0@@Z  0041c090 f   LIBCMTD:undname.obj
 0001:0001b0d0       ??HDName@@QBE?AV0@PAV0@@Z  0041c0d0 f   LIBCMTD:undname.obj
 0001:0001b110       ??HDName@@QBE?AV0@W4DNameStatus@@@Z 0041c110 f   LIBCMTD:undname.obj
 0001:0001b150       ?append@DName@@AAEXPAVDNameNode@@@Z 0041c150 f   LIBCMTD:undname.obj
 0001:0001b1e0       ??YDName@@QAEAAV0@D@Z      0041c1e0 f   LIBCMTD:undname.obj
 0001:0001b270       ??YDName@@QAEAAV0@PBD@Z    0041c270 f   LIBCMTD:undname.obj
 0001:0001b310       ??YDName@@QAEAAV0@ABV0@@Z  0041c310 f   LIBCMTD:undname.obj
 0001:0001b380       ??YDName@@QAEAAV0@PAV0@@Z  0041c380 f   LIBCMTD:undname.obj
 0001:0001b440       ??YDName@@QAEAAV0@W4DNameStatus@@@Z 0041c440 f   LIBCMTD:undname.obj
 0001:0001b4b0       ??_5DName@@QAEAAV0@ABV0@@Z 0041c4b0 f   LIBCMTD:undname.obj
 0001:0001b510       ??4DName@@QAEAAV0@D@Z      0041c510 f i LIBCMTD:undname.obj
 0001:0001b5f0       ??4DName@@QAEAAV0@PBD@Z    0041c5f0 f   LIBCMTD:undname.obj
 0001:0001b6d0       ??4DName@@QAEAAV0@ABV0@@Z  0041c6d0 f   LIBCMTD:undname.obj
 0001:0001b700       ??4DName@@QAEAAV0@PAV0@@Z  0041c700 f   LIBCMTD:undname.obj
 0001:0001b840       ??4DName@@QAEAAV0@W4DNameStatus@@@Z 0041c840 f   LIBCMTD:undname.obj
 0001:0001b940       ?doPchar@DName@@AAEXPBDH@Z 0041c940 f   LIBCMTD:undname.obj
 0001:0001ba80       ?isFull@Replicator@@QBEHXZ 0041ca80 f i LIBCMTD:undname.obj
 0001:0001baa0       ??0Replicator@@QAE@XZ      0041caa0 f i LIBCMTD:undname.obj
 0001:0001bac0       ??YReplicator@@QAEAAV0@ABVDName@@@Z 0041cac0 f   LIBCMTD:undname.obj
 0001:0001bb50       ??AReplicator@@QBE?AVDName@@H@Z 0041cb50 f   LIBCMTD:undname.obj
 0001:0001bbc0       ??0DNameNode@@IAE@XZ       0041cbc0 f   LIBCMTD:undname.obj
 0001:0001bbe0       ??0charNode@@QAE@D@Z       0041cbe0 f   LIBCMTD:undname.obj
 0001:0001bc10       ?length@charNode@@UBEHXZ   0041cc10 f i LIBCMTD:undname.obj
 0001:0001bc30       ?getLastChar@charNode@@UBEDXZ 0041cc30 f i LIBCMTD:undname.obj
 0001:0001bc50       ?getString@charNode@@UBEPADPAD0@Z 0041cc50 f i LIBCMTD:undname.obj
 0001:0001bc80       ??0pcharNode@@QAE@PBDH@Z   0041cc80 f   LIBCMTD:undname.obj
 0001:0001bd10       ?length@pcharNode@@UBEHXZ  0041cd10 f i LIBCMTD:undname.obj
 0001:0001bd30       ?getLastChar@pcharNode@@UBEDXZ 0041cd30 f i LIBCMTD:undname.obj
 0001:0001bd70       ?getString@pcharNode@@UBEPADPAD0@Z 0041cd70 f i LIBCMTD:undname.obj
 0001:0001bda0       ?getStringHelper@@YAPADPAD00H@Z 0041cda0 f i LIBCMTD:undname.obj
 0001:0001bde0       ??0pDNameNode@@QAE@PAVDName@@@Z 0041cde0 f   LIBCMTD:undname.obj
 0001:0001be40       ?length@pDNameNode@@UBEHXZ 0041ce40 f i LIBCMTD:undname.obj
 0001:0001be80       ?getLastChar@pDNameNode@@UBEDXZ 0041ce80 f i LIBCMTD:undname.obj
 0001:0001beb0       ?getString@pDNameNode@@UBEPADPAD0@Z 0041ceb0 f i LIBCMTD:undname.obj
 0001:0001bef0       ??0DNameStatusNode@@AAE@W4DNameStatus@@@Z 0041cef0 f   LIBCMTD:undname.obj
 0001:0001bf40       ?length@DNameStatusNode@@UBEHXZ 0041cf40 f i LIBCMTD:undname.obj
 0001:0001bf60       ?getLastChar@DNameStatusNode@@UBEDXZ 0041cf60 f i LIBCMTD:undname.obj
 0001:0001bf80       ?getString@DNameStatusNode@@UBEPADPAD0@Z 0041cf80 f i LIBCMTD:undname.obj
 0001:0001bfc0       ?make@DNameStatusNode@@SAPAV1@W4DNameStatus@@@Z 0041cfc0 f i LIBCMTD:undname.obj
 0001:0001c070       ??0pairNode@@QAE@PAVDNameNode@@0@Z 0041d070 f   LIBCMTD:undname.obj
 0001:0001c0b0       ?length@pairNode@@UBEHXZ   0041d0b0 f i LIBCMTD:undname.obj
 0001:0001c100       ?getLastChar@pairNode@@UBEDXZ 0041d100 f i LIBCMTD:undname.obj
 0001:0001c150       ?getString@pairNode@@UBEPADPAD0@Z 0041d150 f i LIBCMTD:undname.obj
 0001:0001c290       __malloc_base              0041d290 f   LIBCMTD:malloc.obj
 0001:0001c320       __heap_alloc_base          0041d320 f i LIBCMTD:malloc.obj
 0001:0001c380       __free_base                0041d380 f   LIBCMTD:free.obj
 0001:0001c3d0       __local_unwind4            0041d3d0 f   LIBCMTD:exsup4.obj
 0001:0001c4a6       __seh_longjmp_unwind4@4    0041d4a6 f   LIBCMTD:exsup4.obj
 0001:0001c4c2       @_EH4_CallFilterFunc@8     0041d4c2 f   LIBCMTD:exsup4.obj
 0001:0001c4d9       @_EH4_TransferToHandler@8  0041d4d9 f   LIBCMTD:exsup4.obj
 0001:0001c4f2       @_EH4_GlobalUnwind2@8      0041d4f2 f   LIBCMTD:exsup4.obj
 0001:0001c50b       @_EH4_LocalUnwind@16       0041d50b f   LIBCMTD:exsup4.obj
 0001:0001c530       ?_ValidateRead@@YAHPBXI@Z  0041d530 f   LIBCMTD:validate.obj
 0001:0001c560       ?_ValidateWrite@@YAHPAXI@Z 0041d560 f   LIBCMTD:validate.obj
 0001:0001c590       ?_ValidateExecute@@YAHP6GHXZ@Z 0041d590 f   LIBCMTD:validate.obj
 0001:0001c5c0       _memmove                   0041d5c0 f   LIBCMTD:memmove.obj
 0001:0001c930       __global_unwind2           0041d930 f   LIBCMTD:exsup.obj
 0001:0001c995       __local_unwind2            0041d995 f   LIBCMTD:exsup.obj
 0001:0001ca19       __abnormal_termination     0041da19 f   LIBCMTD:exsup.obj
 0001:0001ca3c       __NLG_Notify1              0041da3c f   LIBCMTD:exsup.obj
 0001:0001ca45       __NLG_Notify               0041da45 f   LIBCMTD:exsup.obj
 0001:0001ca5c       __NLG_Dispatch2            0041da5c     LIBCMTD:exsup.obj
 0001:0001ca5c       __NLG_Dispatch             0041da5c     LIBCMTD:exsup.obj
 0001:0001ca64       __NLG_Call                 0041da64 f   LIBCMTD:exsup.obj
 0001:0001ca66       __NLG_Return2              0041da66     LIBCMTD:exsup.obj
 0001:0001ca70       _memset                    0041da70 f   LIBCMTD:memset.obj
 0001:0001caf0       __expand_base              0041daf0 f   LIBCMTD:expand.obj
 0001:0001cc50       __realloc_base             0041dc50 f   LIBCMTD:realloc.obj
 0001:0001cd50       __heapchk                  0041dd50 f   LIBCMTD:heapchk.obj
 0001:0001cd80       __heapset                  0041dd80 f   LIBCMTD:heapchk.obj
 0001:0001cd90       _sprintf                   0041dd90 f   LIBCMTD:sprintf.obj
 0001:0001cf30       __sprintf_l                0041df30 f   LIBCMTD:sprintf.obj
 0001:0001cf60       _sprintf_s                 0041df60 f   LIBCMTD:sprintf.obj
 0001:0001cf90       __sprintf_s_l              0041df90 f   LIBCMTD:sprintf.obj
 0001:0001cfc0       __snprintf_s               0041dfc0 f   LIBCMTD:sprintf.obj
 0001:0001cff0       __snprintf_s_l             0041dff0 f   LIBCMTD:sprintf.obj
 0001:0001d020       __sprintf_p                0041e020 f   LIBCMTD:sprintf.obj
 0001:0001d050       __sprintf_p_l              0041e050 f   LIBCMTD:sprintf.obj
 0001:0001d080       __scprintf                 0041e080 f   LIBCMTD:sprintf.obj
 0001:0001d0a0       __scprintf_p               0041e0a0 f   LIBCMTD:sprintf.obj
 0001:0001d0c0       __scprintf_l               0041e0c0 f   LIBCMTD:sprintf.obj
 0001:0001d0f0       __scprintf_p_l             0041e0f0 f   LIBCMTD:sprintf.obj
 0001:0001d120       __chvalidator              0041e120 f   LIBCMTD:isctype.obj
 0001:0001d170       __chvalidator_l            0041e170 f   LIBCMTD:isctype.obj
 0001:0001d220       __isctype_l                0041e220 f   LIBCMTD:isctype.obj
 0001:0001d340       __isctype                  0041e340 f   LIBCMTD:isctype.obj
 0001:0001d380       _memcpy                    0041e380 f   LIBCMTD:memcpy.obj
 0001:0001d6f0       __mbstowcs_l_helper        0041e6f0 f   LIBCMTD:mbstowcs.obj
 0001:0001da40       __mbstowcs_l               0041ea40 f   LIBCMTD:mbstowcs.obj
 0001:0001da60       _mbstowcs                  0041ea60 f   LIBCMTD:mbstowcs.obj
 0001:0001dab0       __mbstowcs_s_l             0041eab0 f   LIBCMTD:mbstowcs.obj
 0001:0001de30       _mbstowcs_s                0041ee30 f   LIBCMTD:mbstowcs.obj
 0001:0001de60       _strcat_s                  0041ee60 f   LIBCMTD:strcat_s.obj
 0001:0001e240       __vsnprintf_helper         0041f240 f   LIBCMTD:vsnprnc.obj
 0001:0001e430       __vsnprintf_c              0041f430 f   LIBCMTD:vsnprnc.obj
 0001:0001e480       __vsnprintf_c_l            0041f480 f   LIBCMTD:vsnprnc.obj
 0001:0001e4d0       __vsprintf_s_l             0041f4d0 f   LIBCMTD:vsnprnc.obj
 0001:0001e740       _vsprintf_s                0041f740 f   LIBCMTD:vsnprnc.obj
 0001:0001e770       __vsnprintf_s_l            0041f770 f   LIBCMTD:vsnprnc.obj
 0001:0001eb10       __vsnprintf_s              0041fb10 f   LIBCMTD:vsnprnc.obj
 0001:0001eb40       __vsprintf_p               0041fb40 f   LIBCMTD:vsnprnc.obj
 0001:0001eb90       __vsprintf_p_l             0041fb90 f   LIBCMTD:vsnprnc.obj
 0001:0001ebe0       __itoa_s                   0041fbe0 f   LIBCMTD:xtoas.obj
 0001:0001efb0       __ltoa_s                   0041ffb0 f   LIBCMTD:xtoas.obj
 0001:0001eff0       __ultoa_s                  0041fff0 f   LIBCMTD:xtoas.obj
 0001:0001f010       __i64toa_s                 00420010 f   LIBCMTD:xtoas.obj
 0001:0001f410       __ui64toa_s                00420410 f   LIBCMTD:xtoas.obj
 0001:0001f430       __wcstombs_l_helper        00420430 f   LIBCMTD:wcstombs.obj
 0001:0001f970       __wcstombs_l               00420970 f   LIBCMTD:wcstombs.obj
 0001:0001f990       _wcstombs                  00420990 f   LIBCMTD:wcstombs.obj
 0001:0001f9b0       __wcstombs_s_l             004209b0 f   LIBCMTD:wcstombs.obj
 0001:0001fce0       _wcstombs_s                00420ce0 f   LIBCMTD:wcstombs.obj
 0001:0001fd10       _wcscat_s                  00420d10 f   LIBCMTD:wcscat_s.obj
 0001:00020100       __vswprintf_helper         00421100 f   LIBCMTD:vswprnc.obj
 0001:00020360       __vswprintf_c              00421360 f   LIBCMTD:vswprnc.obj
 0001:000203b0       __vswprintf_c_l            004213b0 f   LIBCMTD:vswprnc.obj
 0001:00020400       __vswprintf_s_l            00421400 f   LIBCMTD:vswprnc.obj
 0001:00020670       _vswprintf_s               00421670 f   LIBCMTD:vswprnc.obj
 0001:000206a0       __vsnwprintf_s_l           004216a0 f   LIBCMTD:vswprnc.obj
 0001:00020a50       __vsnwprintf_s             00421a50 f   LIBCMTD:vswprnc.obj
 0001:00020a80       __vswprintf_p              00421a80 f   LIBCMTD:vswprnc.obj
 0001:00020ad0       __vswprintf_p_l            00421ad0 f   LIBCMTD:vswprnc.obj
 0001:00020b20       __itow_s                   00421b20 f   LIBCMTD:xtows.obj
 0001:00020f00       __ltow_s                   00421f00 f   LIBCMTD:xtows.obj
 0001:00020f40       __ultow_s                  00421f40 f   LIBCMTD:xtows.obj
 0001:00020f60       __i64tow_s                 00421f60 f   LIBCMTD:xtows.obj
 0001:00021380       __ui64tow_s                00422380 f   LIBCMTD:xtows.obj
 0001:000213a0       __ValidateImageBase        004223a0 f   LIBCMTD:pesect.obj
 0001:00021400       __FindPESection            00422400 f   LIBCMTD:pesect.obj
 0001:00021480       __IsNonwritableInCurrentImage 00422480 f   LIBCMTD:pesect.obj
 0001:000215a0       __initp_misc_cfltcvt_tab   004225a0 f   LIBCMTD:cmiscdat.obj
 0001:000215e0       __initp_misc_rand_s        004225e0 f   LIBCMTD:rand_s.obj
 0001:000215f0       _rand_s                    004225f0 f   LIBCMTD:rand_s.obj
 0001:00021810       __flsbuf                   00422810 f   LIBCMTD:_flsbuf.obj
 0001:00021ad0       __woutput_l                00422ad0 f   LIBCMTD:woutput.obj
 0001:00022cd0       _get_int_arg               00423cd0 f i LIBCMTD:woutput.obj
 0001:00022cf0       _get_int64_arg             00423cf0 f i LIBCMTD:woutput.obj
 0001:00022d10       __vswprintf_l              00423d10 f   LIBCMTD:vswprint.obj
 0001:00022f00       __vswprintf                00423f00 f   LIBCMTD:vswprint.obj
 0001:00022f20       ___vswprintf_l             00423f20 f   LIBCMTD:vswprint.obj
 0001:00022f40       __vscwprintf_helper        00423f40 f   LIBCMTD:vswprint.obj
 0001:00023020       __vscwprintf               00424020 f   LIBCMTD:vswprint.obj
 0001:00023040       __vscwprintf_l             00424040 f   LIBCMTD:vswprint.obj
 0001:00023060       __vscwprintf_p             00424060 f   LIBCMTD:vswprint.obj
 0001:00023080       __vscwprintf_p_l           00424080 f   LIBCMTD:vswprint.obj
 0001:000230a0       ___crtLCMapStringA         004240a0 f   LIBCMTD:a_map.obj
 0001:00023390       __MarkAllocaS              00424390 f i LIBCMTD:a_map.obj
 0001:000233c0       __freea                    004243c0 f i LIBCMTD:a_map.obj
 0001:00023480       ___crtGetStringTypeA       00424480 f   LIBCMTD:a_str.obj
 0001:000235f0       ___init_time               004245f0 f   LIBCMTD:inittime.obj
 0001:00024320       ___free_lc_time            00425320 f   LIBCMTD:inittime.obj
 0001:00024990       ___init_numeric            00425990 f   LIBCMTD:initnum.obj
 0001:00024d40       ___free_lconv_num          00425d40 f   LIBCMTD:initnum.obj
 0001:00024df0       ___init_monetary           00425df0 f   LIBCMTD:initmon.obj
 0001:000253e0       ___free_lconv_mon          004263e0 f   LIBCMTD:initmon.obj
 0001:00025590       _localeconv                00426590 f   LIBCMTD:lconv.obj
 0001:000255e0       ___pwctype_func            004265e0 f   LIBCMTD:ctype.obj
 0001:000255f0       ___pctype_func             004265f0 f   LIBCMTD:ctype.obj
 0001:00025640       __set_error_mode           00426640 f   LIBCMTD:errmode.obj
 0001:00025700       ___set_app_type            00426700 f   LIBCMTD:errmode.obj
 0001:00025710       _wcsncpy_s                 00426710 f   LIBCMTD:wcsncpy_s.obj
 0001:00025b20       _strncpy_s                 00426b20 f   LIBCMTD:strncpy_s.obj
 0001:00025f10       ___crtGetLocaleInfoA       00426f10 f   LIBCMTD:a_loc.obj
 0001:00026070       __ismbbkalnum_l            00427070 f   LIBCMTD:ismbbyte.obj
 0001:00026090       __ismbbkalnum              00427090 f   LIBCMTD:ismbbyte.obj
 0001:000260b0       __ismbbkprint_l            004270b0 f   LIBCMTD:ismbbyte.obj
 0001:000260d0       __ismbbkprint              004270d0 f   LIBCMTD:ismbbyte.obj
 0001:000260f0       __ismbbkpunct_l            004270f0 f   LIBCMTD:ismbbyte.obj
 0001:00026110       __ismbbkpunct              00427110 f   LIBCMTD:ismbbyte.obj
 0001:00026130       __ismbbalnum_l             00427130 f   LIBCMTD:ismbbyte.obj
 0001:00026150       __ismbbalnum               00427150 f   LIBCMTD:ismbbyte.obj
 0001:00026170       __ismbbalpha_l             00427170 f   LIBCMTD:ismbbyte.obj
 0001:00026190       __ismbbalpha               00427190 f   LIBCMTD:ismbbyte.obj
 0001:000261b0       __ismbbgraph_l             004271b0 f   LIBCMTD:ismbbyte.obj
 0001:000261d0       __ismbbgraph               004271d0 f   LIBCMTD:ismbbyte.obj
 0001:000261f0       __ismbbprint_l             004271f0 f   LIBCMTD:ismbbyte.obj
 0001:00026210       __ismbbprint               00427210 f   LIBCMTD:ismbbyte.obj
 0001:00026230       __ismbbpunct_l             00427230 f   LIBCMTD:ismbbyte.obj
 0001:00026250       __ismbbpunct               00427250 f   LIBCMTD:ismbbyte.obj
 0001:00026270       __ismbblead_l              00427270 f   LIBCMTD:ismbbyte.obj
 0001:00026290       __ismbblead                00427290 f   LIBCMTD:ismbbyte.obj
 0001:000262b0       __ismbbtrail_l             004272b0 f   LIBCMTD:ismbbyte.obj
 0001:000262d0       __ismbbtrail               004272d0 f   LIBCMTD:ismbbyte.obj
 0001:000262f0       __ismbbkana_l              004272f0 f   LIBCMTD:ismbbyte.obj
 0001:00026360       __ismbbkana                00427360 f   LIBCMTD:ismbbyte.obj
 0001:00026450       ___crtMessageBoxA          00427450 f   LIBCMTD:crtmbox.obj
 0001:00026670       _atol                      00427670 f   LIBCMTD:atox.obj
 0001:00026690       __atol_l                   00427690 f   LIBCMTD:atox.obj
 0001:000266b0       _atoi                      004276b0 f   LIBCMTD:atox.obj
 0001:000266d0       __atoi_l                   004276d0 f   LIBCMTD:atox.obj
 0001:000266f0       __atoi64                   004276f0 f   LIBCMTD:atox.obj
 0001:00026710       __atoi64_l                 00427710 f   LIBCMTD:atox.obj
 0001:00026730       __allshl                   00427730 f   LIBCMTD:llshl.obj
 0001:00026750       __aulldiv                  00427750 f   LIBCMTD:ulldiv.obj
 0001:000267c0       __aullrem                  004277c0 f   LIBCMTD:ullrem.obj
 0001:00026840       __VEC_memcpy               00427840 f   LIBCMTD:p4_memcpy.obj
 0001:00026950       ___sse2_available_init     00427950 f   LIBCMTD:cpu_disp.obj
 0001:00026970       __VEC_memzero              00427970 f   LIBCMTD:p4_memset.obj
 0001:00026a30       __output_l                 00427a30 f   LIBCMTD:output.obj
 0001:00027ea0       _get_short_arg             00428ea0 f i LIBCMTD:output.obj
 0001:00027ec0       __vsprintf_l               00428ec0 f   LIBCMTD:vsprintf.obj
 0001:00028060       _vsprintf                  00429060 f   LIBCMTD:vsprintf.obj
 0001:00028080       __vscprintf_helper         00429080 f   LIBCMTD:vsprintf.obj
 0001:00028160       __vscprintf                00429160 f   LIBCMTD:vsprintf.obj
 0001:00028180       __vscprintf_l              00429180 f   LIBCMTD:vsprintf.obj
 0001:000281a0       __vscprintf_p              004291a0 f   LIBCMTD:vsprintf.obj
 0001:000281c0       __vscprintf_p_l            004291c0 f   LIBCMTD:vsprintf.obj
 0001:000281e0       __isleadbyte_l             004291e0 f i LIBCMTD:_wctype.obj
 0001:00028230       _isleadbyte                00429230 f i LIBCMTD:_wctype.obj
 0001:00028250       __iswalpha_l               00429250 f i LIBCMTD:_wctype.obj
 0001:00028270       _iswalpha                  00429270 f i LIBCMTD:_wctype.obj
 0001:00028290       __iswupper_l               00429290 f i LIBCMTD:_wctype.obj
 0001:000282b0       _iswupper                  004292b0 f i LIBCMTD:_wctype.obj
 0001:000282d0       __iswlower_l               004292d0 f i LIBCMTD:_wctype.obj
 0001:000282f0       _iswlower                  004292f0 f i LIBCMTD:_wctype.obj
 0001:00028310       __iswdigit_l               00429310 f i LIBCMTD:_wctype.obj
 0001:00028330       _iswdigit                  00429330 f i LIBCMTD:_wctype.obj
 0001:00028350       __iswxdigit_l              00429350 f i LIBCMTD:_wctype.obj
 0001:00028370       _iswxdigit                 00429370 f i LIBCMTD:_wctype.obj
 0001:00028390       __iswspace_l               00429390 f i LIBCMTD:_wctype.obj
 0001:000283b0       _iswspace                  004293b0 f i LIBCMTD:_wctype.obj
 0001:000283d0       __iswpunct_l               004293d0 f i LIBCMTD:_wctype.obj
 0001:000283f0       _iswpunct                  004293f0 f i LIBCMTD:_wctype.obj
 0001:00028410       __iswalnum_l               00429410 f i LIBCMTD:_wctype.obj
 0001:00028430       _iswalnum                  00429430 f i LIBCMTD:_wctype.obj
 0001:00028450       __iswprint_l               00429450 f i LIBCMTD:_wctype.obj
 0001:00028470       _iswprint                  00429470 f i LIBCMTD:_wctype.obj
 0001:00028490       __iswgraph_l               00429490 f i LIBCMTD:_wctype.obj
 0001:000284b0       _iswgraph                  004294b0 f i LIBCMTD:_wctype.obj
 0001:000284d0       __iswcntrl_l               004294d0 f i LIBCMTD:_wctype.obj
 0001:000284f0       _iswcntrl                  004294f0 f i LIBCMTD:_wctype.obj
 0001:00028510       _iswascii                  00429510 f i LIBCMTD:_wctype.obj
 0001:00028530       __iswcsym_l                00429530 f i LIBCMTD:_wctype.obj
 0001:00028570       ___iswcsym                 00429570 f i LIBCMTD:_wctype.obj
 0001:000285b0       __iswcsymf_l               004295b0 f i LIBCMTD:_wctype.obj
 0001:000285f0       ___iswcsymf                004295f0 f i LIBCMTD:_wctype.obj
 0001:00028630       ____setlc_active_func      00429630 f   LIBCMTD:setlocal.obj
 0001:00028640       ____unguarded_readlc_active_add_func 00429640 f   LIBCMTD:setlocal.obj
 0001:00028650       __configthreadlocale       00429650 f   LIBCMTD:setlocal.obj
 0001:00028760       __locterm                  00429760 f   LIBCMTD:setlocal.obj
 0001:00028800       __free_locale              00429800 f   LIBCMTD:setlocal.obj
 0001:00028940       ___free_locale             00429940 f   LIBCMTD:setlocal.obj
 0001:00028960       __create_locale            00429960 f   LIBCMTD:setlocal.obj
 0001:00028b90       ___create_locale           00429b90 f   LIBCMTD:setlocal.obj
 0001:00028bb0       __get_current_locale       00429bb0 f   LIBCMTD:setlocal.obj
 0001:00028cd0       ___get_current_locale      00429cd0 f   LIBCMTD:setlocal.obj
 0001:00028ce0       _setlocale                 00429ce0 f   LIBCMTD:setlocal.obj
 0001:00029b90       __expandlocale             0042ab90 f   LIBCMTD:setlocal.obj
 0001:00029e40       ___init_dummy              0042ae40 f   LIBCMTD:setlocal.obj
 0001:00029e50       __strcats                  0042ae50 f   LIBCMTD:setlocal.obj
 0001:00029ed0       ___lc_strtolc              0042aed0 f   LIBCMTD:setlocal.obj
 0001:0002a0d0       ___lc_lctostr              0042b0d0 f   LIBCMTD:setlocal.obj
 0001:0002a170       __output_s_l               0042b170 f   LIBCMTD:outputs.obj
 0001:0002b730       __validate_param_reuseA    0042c730 f   LIBCMTD:outputp.obj
 0001:0002b9a0       __output_p_l               0042c9a0 f   LIBCMTD:outputp.obj
 0001:0002f5a0       _get_crtdouble_arg         004305a0 f i LIBCMTD:outputp.obj
[...]
 0004:00000698       __imp_??0CDialogBuilder@DuiLib@@QAE@XZ 00464698     DuiLib_d:DuiLib_d.dll
 0004:0000069c       __imp_?Init@CPaintManagerUI@DuiLib@@QAEXPAUHWND__@@@Z 0046469c     DuiLib_d:DuiLib_d.dll
 0004:000006a0       __imp_?FindControl@CPaintManagerUI@DuiLib@@QBEPAVCControlUI@2@UtagPOINT@@@Z 004646a0     DuiLib_d:DuiLib_d.dll
 0004:000006a4       __imp_?GetCaptionRect@CPaintManagerUI@DuiLib@@QAEAAUtagRECT@@XZ 004646a4     DuiLib_d:DuiLib_d.dll
 0004:000006a8       __imp_?Offset@CRect@DuiLib@@QAEXHH@Z 004646a8     DuiLib_d:DuiLib_d.dll
 0004:000006ac       __imp_??0CRect@DuiLib@@QAE@XZ 004646ac     DuiLib_d:DuiLib_d.dll
 0004:000006b0       __imp_?GetRoundCorner@CPaintManagerUI@DuiLib@@QBE?AUtagSIZE@@XZ 004646b0     DuiLib_d:DuiLib_d.dll
 0004:000006b4       __imp_??0CRect@DuiLib@@QAE@ABUtagRECT@@@Z 004646b4     DuiLib_d:DuiLib_d.dll
 0004:000006b8       __imp_??1CContainerUI@DuiLib@@UAE@XZ 004646b8     DuiLib_d:DuiLib_d.dll
 0004:000006bc       __imp_?RemoveAll@CContainerUI@DuiLib@@UAEXXZ 004646bc     DuiLib_d:DuiLib_d.dll
 0004:000006c0       __imp_?Add@CContainerUI@DuiLib@@UAE_NPAVCControlUI@2@@Z 004646c0     DuiLib_d:DuiLib_d.dll
 0004:000006c4       __imp_??0CContainerUI@DuiLib@@QAE@XZ 004646c4     DuiLib_d:DuiLib_d.dll
 0004:000006c8       __imp_?GetName@CControlUI@DuiLib@@UBE?AVCStdString@2@XZ 004646c8     DuiLib_d:DuiLib_d.dll
 0004:000006cc       __imp_?SetName@CControlUI@DuiLib@@UAEXPBD@Z 004646cc     DuiLib_d:DuiLib_d.dll
 0004:000006d0       __imp_?GetClass@CContainerUI@DuiLib@@UBEPBDXZ 004646d0     DuiLib_d:DuiLib_d.dll
 0004:000006d4       __imp_?GetInterface@CContainerUI@DuiLib@@UAEPAXPBD@Z 004646d4     DuiLib_d:DuiLib_d.dll
 0004:000006d8       __imp_?GetControlFlags@CControlUI@DuiLib@@UBEIXZ 004646d8     DuiLib_d:DuiLib_d.dll
 0004:000006dc       __imp_?Activate@CControlUI@DuiLib@@UAE_NXZ 004646dc     DuiLib_d:DuiLib_d.dll
 0004:000006e0       __imp_?GetManager@CControlUI@DuiLib@@UBEPAVCPaintManagerUI@2@XZ 004646e0     DuiLib_d:DuiLib_d.dll
 0004:000006e4       __imp_?SetManager@CContainerUI@DuiLib@@UAEXPAVCPaintManagerUI@2@PAVCControlUI@2@_N@Z 004646e4     DuiLib_d:DuiLib_d.dll
 0004:000006e8       __imp_?GetParent@CControlUI@DuiLib@@UBEPAV12@XZ 004646e8     DuiLib_d:DuiLib_d.dll
 0004:000006ec       __imp_?GetText@CControlUI@DuiLib@@UBE?AVCStdString@2@XZ 004646ec     DuiLib_d:DuiLib_d.dll
 0004:000006f0       __imp_?SetText@CControlUI@DuiLib@@UAEXPBD@Z 004646f0     DuiLib_d:DuiLib_d.dll
 0004:000006f4       __imp_?GetPos@CControlUI@DuiLib@@UBEABUtagRECT@@XZ 004646f4     DuiLib_d:DuiLib_d.dll
 0004:000006f8       __imp_?SetPos@CContainerUI@DuiLib@@UAEXUtagRECT@@@Z 004646f8     DuiLib_d:DuiLib_d.dll
 0004:000006fc       __imp_?GetWidth@CControlUI@DuiLib@@UBEHXZ 004646fc     DuiLib_d:DuiLib_d.dll
 0004:00000700       __imp_?GetHeight@CControlUI@DuiLib@@UBEHXZ 00464700     DuiLib_d:DuiLib_d.dll
 0004:00000704       __imp_?GetX@CControlUI@DuiLib@@UBEHXZ 00464704     DuiLib_d:DuiLib_d.dll
 0004:00000708       __imp_?GetY@CControlUI@DuiLib@@UBEHXZ 00464708     DuiLib_d:DuiLib_d.dll
 0004:0000070c       __imp_?GetPadding@CControlUI@DuiLib@@UBE?AUtagRECT@@XZ 0046470c     DuiLib_d:DuiLib_d.dll
 0004:00000710       __imp_?SetPadding@CControlUI@DuiLib@@UAEXUtagRECT@@@Z 00464710     DuiLib_d:DuiLib_d.dll
 0004:00000714       __imp_?GetFixedXY@CControlUI@DuiLib@@UBE?AUtagSIZE@@XZ 00464714     DuiLib_d:DuiLib_d.dll
 0004:00000718       __imp_?SetFixedXY@CControlUI@DuiLib@@UAEXUtagSIZE@@@Z 00464718     DuiLib_d:DuiLib_d.dll
 0004:0000071c       __imp_?GetFixedWidth@CControlUI@DuiLib@@UBEHXZ 0046471c     DuiLib_d:DuiLib_d.dll
 0004:00000720       __imp_?SetFixedWidth@CControlUI@DuiLib@@UAEXH@Z 00464720     DuiLib_d:DuiLib_d.dll
 0004:00000724       __imp_?GetFixedHeight@CControlUI@DuiLib@@UBEHXZ 00464724     DuiLib_d:DuiLib_d.dll
 0004:00000728       __imp_?SetFixedHeight@CControlUI@DuiLib@@UAEXH@Z 00464728     DuiLib_d:DuiLib_d.dll
 0004:0000072c       __imp_?GetMinWidth@CControlUI@DuiLib@@UBEHXZ 0046472c     DuiLib_d:DuiLib_d.dll
 0004:00000730       __imp_?SetMinWidth@CControlUI@DuiLib@@UAEXH@Z 00464730     DuiLib_d:DuiLib_d.dll
 0004:00000734       __imp_?GetMaxWidth@CControlUI@DuiLib@@UBEHXZ 00464734     DuiLib_d:DuiLib_d.dll
 0004:00000738       __imp_?SetMaxWidth@CControlUI@DuiLib@@UAEXH@Z 00464738     DuiLib_d:DuiLib_d.dll
 0004:0000073c       __imp_?GetMinHeight@CControlUI@DuiLib@@UBEHXZ 0046473c     DuiLib_d:DuiLib_d.dll
 0004:00000740       __imp_?SetMinHeight@CControlUI@DuiLib@@UAEXH@Z 00464740     DuiLib_d:DuiLib_d.dll
 0004:00000744       __imp_?GetMaxHeight@CControlUI@DuiLib@@UBEHXZ 00464744     DuiLib_d:DuiLib_d.dll
 0004:00000748       __imp_?SetMaxHeight@CControlUI@DuiLib@@UAEXH@Z 00464748     DuiLib_d:DuiLib_d.dll
 0004:0000074c       __imp_?SetRelativePos@CControlUI@DuiLib@@UAEXUtagSIZE@@0@Z 0046474c     DuiLib_d:DuiLib_d.dll
 0004:00000750       __imp_?SetRelativeParentSize@CControlUI@DuiLib@@UAEXUtagSIZE@@@Z 00464750     DuiLib_d:DuiLib_d.dll
 0004:00000754       __imp_?GetRelativePos@CControlUI@DuiLib@@UBE?AUtagTRelativePosUI@2@XZ 00464754     DuiLib_d:DuiLib_d.dll
 0004:00000758       __imp_?IsRelativePos@CControlUI@DuiLib@@UBE_NXZ 00464758     DuiLib_d:DuiLib_d.dll
 0004:0000075c       __imp_?GetToolTip@CControlUI@DuiLib@@UBE?AVCStdString@2@XZ 0046475c     DuiLib_d:DuiLib_d.dll
 0004:00000760       __imp_?SetToolTip@CControlUI@DuiLib@@UAEXPBD@Z 00464760     DuiLib_d:DuiLib_d.dll
 0004:00000764       __imp_?GetShortcut@CControlUI@DuiLib@@UBEDXZ 00464764     DuiLib_d:DuiLib_d.dll
 0004:00000768       __imp_?SetShortcut@CControlUI@DuiLib@@UAEXD@Z 00464768     DuiLib_d:DuiLib_d.dll
 0004:0000076c       __imp_?IsContextMenuUsed@CControlUI@DuiLib@@UBE_NXZ 0046476c     DuiLib_d:DuiLib_d.dll
 0004:00000770       __imp_?SetContextMenuUsed@CControlUI@DuiLib@@UAEX_N@Z 00464770     DuiLib_d:DuiLib_d.dll
 0004:00000774       __imp_?GetUserData@CControlUI@DuiLib@@UAEABVCStdString@2@XZ 00464774     DuiLib_d:DuiLib_d.dll
 0004:00000778       __imp_?SetUserData@CControlUI@DuiLib@@UAEXPBD@Z 00464778     DuiLib_d:DuiLib_d.dll
 0004:0000077c       __imp_?GetTag@CControlUI@DuiLib@@UBEIXZ 0046477c     DuiLib_d:DuiLib_d.dll
 0004:00000780       __imp_?SetTag@CControlUI@DuiLib@@UAEXI@Z 00464780     DuiLib_d:DuiLib_d.dll
 0004:00000784       __imp_?IsVisible@CControlUI@DuiLib@@UBE_NXZ 00464784     DuiLib_d:DuiLib_d.dll
 0004:00000788       __imp_?SetVisible@CContainerUI@DuiLib@@UAEX_N@Z 00464788     DuiLib_d:DuiLib_d.dll
 0004:0000078c       __imp_?SetInternVisible@CContainerUI@DuiLib@@UAEX_N@Z 0046478c     DuiLib_d:DuiLib_d.dll
 0004:00000790       __imp_?IsEnabled@CControlUI@DuiLib@@UBE_NXZ 00464790     DuiLib_d:DuiLib_d.dll
 0004:00000794       __imp_?SetEnabled@CControlUI@DuiLib@@UAEX_N@Z 00464794     DuiLib_d:DuiLib_d.dll
 0004:00000798       __imp_?IsMouseEnabled@CControlUI@DuiLib@@UBE_NXZ 00464798     DuiLib_d:DuiLib_d.dll
 0004:0000079c       __imp_?SetMouseEnabled@CContainerUI@DuiLib@@UAEX_N@Z 0046479c     DuiLib_d:DuiLib_d.dll
 0004:000007a0       __imp_?IsKeyboardEnabled@CControlUI@DuiLib@@UBE_NXZ 004647a0     DuiLib_d:DuiLib_d.dll
 0004:000007a4       __imp_?SetKeyboardEnabled@CControlUI@DuiLib@@UAEX_N@Z 004647a4     DuiLib_d:DuiLib_d.dll
 0004:000007a8       __imp_?IsFocused@CControlUI@DuiLib@@UBE_NXZ 004647a8     DuiLib_d:DuiLib_d.dll
 0004:000007ac       __imp_?SetFocus@CControlUI@DuiLib@@UAEXXZ 004647ac     DuiLib_d:DuiLib_d.dll
 0004:000007b0       __imp_?IsFloat@CControlUI@DuiLib@@UBE_NXZ 004647b0     DuiLib_d:DuiLib_d.dll
 0004:000007b4       __imp_?SetFloat@CControlUI@DuiLib@@UAEX_N@Z 004647b4     DuiLib_d:DuiLib_d.dll
 0004:000007b8       __imp_?FindControl@CContainerUI@DuiLib@@UAEPAVCControlUI@2@P6GPAV32@PAV32@PAX@Z1I@Z 004647b8     DuiLib_d:DuiLib_d.dll
 0004:000007bc       __imp_?Init@CControlUI@DuiLib@@UAEXXZ 004647bc     DuiLib_d:DuiLib_d.dll
 0004:000007c0       __imp_?DoInit@CControlUI@DuiLib@@UAEXXZ 004647c0     DuiLib_d:DuiLib_d.dll
 0004:000007c4       __imp_?Event@CControlUI@DuiLib@@UAEXAAUtagTEventUI@2@@Z 004647c4     DuiLib_d:DuiLib_d.dll
 0004:000007c8       __imp_?DoEvent@CContainerUI@DuiLib@@UAEXAAUtagTEventUI@2@@Z 004647c8     DuiLib_d:DuiLib_d.dll
 0004:000007cc       __imp_?SetAttribute@CContainerUI@DuiLib@@UAEXPBD0@Z 004647cc     DuiLib_d:DuiLib_d.dll
 0004:000007d0       __imp_?EstimateSize@CControlUI@DuiLib@@UAE?AUtagSIZE@@U3@@Z 004647d0     DuiLib_d:DuiLib_d.dll
 0004:000007d4       __imp_?DoPaint@CContainerUI@DuiLib@@UAEXPAUHDC__@@ABUtagRECT@@@Z 004647d4     DuiLib_d:DuiLib_d.dll
 0004:000007d8       __imp_?PaintBkColor@CControlUI@DuiLib@@UAEXPAUHDC__@@@Z 004647d8     DuiLib_d:DuiLib_d.dll
 0004:000007dc       __imp_?PaintBkImage@CControlUI@DuiLib@@UAEXPAUHDC__@@@Z 004647dc     DuiLib_d:DuiLib_d.dll
 0004:000007e0       __imp_?PaintStatusImage@CControlUI@DuiLib@@UAEXPAUHDC__@@@Z 004647e0     DuiLib_d:DuiLib_d.dll
 0004:000007e4       __imp_?LineLeft@CContainerUI@DuiLib@@UAEXXZ 004647e4     DuiLib_d:DuiLib_d.dll
 0004:000007e8       __imp_?PaintBorder@CControlUI@DuiLib@@UAEXPAUHDC__@@@Z 004647e8     DuiLib_d:DuiLib_d.dll
 0004:000007ec       __imp_?DoPostPaint@CControlUI@DuiLib@@UAEXPAUHDC__@@ABUtagRECT@@@Z 004647ec     DuiLib_d:DuiLib_d.dll
 0004:000007f0       __imp_?GetInset@CContainerUI@DuiLib@@UBE?AUtagRECT@@XZ 004647f0     DuiLib_d:DuiLib_d.dll
 0004:000007f4       __imp_?SetInset@CContainerUI@DuiLib@@UAEXUtagRECT@@@Z 004647f4     DuiLib_d:DuiLib_d.dll
 0004:000007f8       __imp_?GetChildPadding@CContainerUI@DuiLib@@UBEHXZ 004647f8     DuiLib_d:DuiLib_d.dll
 0004:000007fc       __imp_?SetChildPadding@CContainerUI@DuiLib@@UAEXH@Z 004647fc     DuiLib_d:DuiLib_d.dll
 0004:00000800       __imp_?IsAutoDestroy@CContainerUI@DuiLib@@UBE_NXZ 00464800     DuiLib_d:DuiLib_d.dll
 0004:00000804       __imp_?SetAutoDestroy@CContainerUI@DuiLib@@UAEX_N@Z 00464804     DuiLib_d:DuiLib_d.dll
 0004:00000808       __imp_?IsDelayedDestroy@CContainerUI@DuiLib@@UBE_NXZ 00464808     DuiLib_d:DuiLib_d.dll
 0004:0000080c       __imp_?SetDelayedDestroy@CContainerUI@DuiLib@@UAEX_N@Z 0046480c     DuiLib_d:DuiLib_d.dll
 0004:00000810       __imp_?IsMouseChildEnabled@CContainerUI@DuiLib@@UBE_NXZ 00464810     DuiLib_d:DuiLib_d.dll
 0004:00000814       __imp_?SetMouseChildEnabled@CContainerUI@DuiLib@@UAEX_N@Z 00464814     DuiLib_d:DuiLib_d.dll
 0004:00000818       __imp_?FindSelectable@CContainerUI@DuiLib@@UBEHH_N@Z 00464818     DuiLib_d:DuiLib_d.dll
 0004:0000081c       __imp_?GetScrollPos@CContainerUI@DuiLib@@UBE?AUtagSIZE@@XZ 0046481c     DuiLib_d:DuiLib_d.dll
 0004:00000820       __imp_?GetScrollRange@CContainerUI@DuiLib@@UBE?AUtagSIZE@@XZ 00464820     DuiLib_d:DuiLib_d.dll
 0004:00000824       __imp_?SetScrollPos@CContainerUI@DuiLib@@UAEXUtagSIZE@@@Z 00464824     DuiLib_d:DuiLib_d.dll
 0004:00000828       __imp_?LineUp@CContainerUI@DuiLib@@UAEXXZ 00464828     DuiLib_d:DuiLib_d.dll
 0004:0000082c       __imp_?LineDown@CContainerUI@DuiLib@@UAEXXZ 0046482c     DuiLib_d:DuiLib_d.dll
 0004:00000830       __imp_?PageUp@CContainerUI@DuiLib@@UAEXXZ 00464830     DuiLib_d:DuiLib_d.dll
 0004:00000834       __imp_?PageDown@CContainerUI@DuiLib@@UAEXXZ 00464834     DuiLib_d:DuiLib_d.dll
 0004:00000838       __imp_?HomeUp@CContainerUI@DuiLib@@UAEXXZ 00464838     DuiLib_d:DuiLib_d.dll
 0004:0000083c       __imp_?EndDown@CContainerUI@DuiLib@@UAEXXZ 0046483c     DuiLib_d:DuiLib_d.dll
 0004:00000840       \177DuiLib_d_NULL_THUNK_DATA 00464840     DuiLib_d:DuiLib_d.dll
 0004:000008e0       __imp__CreateRoundRectRgn@24 004648e0     gdi32:GDI32.dll
 0004:000008e4       __imp__DeleteObject@4      004648e4     gdi32:GDI32.dll
 0004:000008e8       \177GDI32_NULL_THUNK_DATA  004648e8     gdi32:GDI32.dll
 0004:00000914       __imp__GetStringTypeW@16   00464914     kernel32:KERNEL32.dll
 0004:00000918       __imp__LCMapStringW@24     00464918     kernel32:KERNEL32.dll
 0004:0000091c       __imp__InterlockedExchange@8 0046491c     kernel32:KERNEL32.dll
 0004:00000920       __imp__IsProcessorFeaturePresent@4 00464920     kernel32:KERNEL32.dll
 0004:00000924       __imp__SetFilePointer@16   00464924     kernel32:KERNEL32.dll
 0004:00000928       __imp__GetConsoleCP@0      00464928     kernel32:KERNEL32.dll
 0004:0000092c       __imp__GetConsoleMode@8    0046492c     kernel32:KERNEL32.dll
 0004:00000930       __imp__GetLocaleInfoA@16   00464930     kernel32:KERNEL32.dll
 0004:00000934       __imp__IsValidLocale@8     00464934     kernel32:KERNEL32.dll
 0004:00000938       __imp__EnumSystemLocalesA@8 00464938     kernel32:KERNEL32.dll
 0004:0000093c       __imp__GetUserDefaultLCID@0 0046493c     kernel32:KERNEL32.dll
 0004:00000940       __imp__SetStdHandle@8      00464940     kernel32:KERNEL32.dll
 0004:00000944       __imp__CreateFileW@28      00464944     kernel32:KERNEL32.dll
 0004:00000948       __imp__CloseHandle@4       00464948     kernel32:KERNEL32.dll
 0004:0000094c       __imp__FlushFileBuffers@4  0046494c     kernel32:KERNEL32.dll
 0004:00000950       __imp__RtlUnwind@16        00464950     kernel32:KERNEL32.dll
 0004:00000954       __imp__GetModuleFileNameW@12 00464954     kernel32:KERNEL32.dll
 0004:00000958       __imp__DecodePointer@4     00464958     kernel32:KERNEL32.dll
 0004:0000095c       __imp__EncodePointer@4     0046495c     kernel32:KERNEL32.dll
 0004:00000960       __imp__GetCommandLineA@0   00464960     kernel32:KERNEL32.dll
 0004:00000964       __imp__HeapSetInformation@16 00464964     kernel32:KERNEL32.dll
 0004:00000968       __imp__GetStartupInfoW@4   00464968     kernel32:KERNEL32.dll
 0004:0000096c       __imp__RaiseException@16   0046496c     kernel32:KERNEL32.dll
 0004:00000970       __imp__TerminateProcess@8  00464970     kernel32:KERNEL32.dll
 0004:00000974       __imp__GetCurrentProcess@0 00464974     kernel32:KERNEL32.dll
 0004:00000978       __imp__UnhandledExceptionFilter@4 00464978     kernel32:KERNEL32.dll
 0004:0000097c       __imp__SetUnhandledExceptionFilter@4 0046497c     kernel32:KERNEL32.dll
 0004:00000980       __imp__IsDebuggerPresent@0 00464980     kernel32:KERNEL32.dll
 0004:00000984       __imp__WideCharToMultiByte@32 00464984     kernel32:KERNEL32.dll
 0004:00000988       __imp__MultiByteToWideChar@24 00464988     kernel32:KERNEL32.dll
 0004:0000098c       __imp__lstrlenA@4          0046498c     kernel32:KERNEL32.dll
 0004:00000990       __imp__GetProcAddress@8    00464990     kernel32:KERNEL32.dll
 0004:00000994       __imp__LoadLibraryW@4      00464994     kernel32:KERNEL32.dll
 0004:00000998       __imp__TlsAlloc@0          00464998     kernel32:KERNEL32.dll
 0004:0000099c       __imp__TlsGetValue@4       0046499c     kernel32:KERNEL32.dll
 0004:000009a0       __imp__TlsSetValue@8       004649a0     kernel32:KERNEL32.dll
 0004:000009a4       __imp__GetCurrentThreadId@0 004649a4     kernel32:KERNEL32.dll
 0004:000009a8       __imp__TlsFree@4           004649a8     kernel32:KERNEL32.dll
 0004:000009ac       __imp__GetModuleHandleW@4  004649ac     kernel32:KERNEL32.dll
 0004:000009b0       __imp__InterlockedIncrement@4 004649b0     kernel32:KERNEL32.dll
 0004:000009b4       __imp__SetLastError@4      004649b4     kernel32:KERNEL32.dll
 0004:000009b8       __imp__GetLastError@0      004649b8     kernel32:KERNEL32.dll
 0004:000009bc       __imp__InterlockedDecrement@4 004649bc     kernel32:KERNEL32.dll
 0004:000009c0       __imp__GetCurrentThread@0  004649c0     kernel32:KERNEL32.dll
 0004:000009c4       __imp__InitializeCriticalSectionAndSpinCount@8 004649c4     kernel32:KERNEL32.dll
 0004:000009c8       __imp__DeleteCriticalSection@4 004649c8     kernel32:KERNEL32.dll
 0004:000009cc       __imp__EnterCriticalSection@4 004649cc     kernel32:KERNEL32.dll
 0004:000009d0       __imp__LeaveCriticalSection@4 004649d0     kernel32:KERNEL32.dll
 0004:000009d4       __imp__FatalAppExitA@8     004649d4     kernel32:KERNEL32.dll
 0004:000009d8       __imp__HeapValidate@12     004649d8     kernel32:KERNEL32.dll
 0004:000009dc       __imp__IsBadReadPtr@8      004649dc     kernel32:KERNEL32.dll
 0004:000009e0       __imp__GetStdHandle@4      004649e0     kernel32:KERNEL32.dll
 0004:000009e4       __imp__WriteFile@20        004649e4     kernel32:KERNEL32.dll
 0004:000009e8       __imp__OutputDebugStringA@4 004649e8     kernel32:KERNEL32.dll
 0004:000009ec       __imp__WriteConsoleW@20    004649ec     kernel32:KERNEL32.dll
 0004:000009f0       __imp__GetFileType@4       004649f0     kernel32:KERNEL32.dll
 0004:000009f4       __imp__OutputDebugStringW@4 004649f4     kernel32:KERNEL32.dll
 0004:000009f8       __imp__ExitProcess@4       004649f8     kernel32:KERNEL32.dll
 0004:000009fc       __imp__SetConsoleCtrlHandler@8 004649fc     kernel32:KERNEL32.dll
 0004:00000a00       __imp__GetACP@0            00464a00     kernel32:KERNEL32.dll
 0004:00000a04       __imp__GetOEMCP@0          00464a04     kernel32:KERNEL32.dll
 0004:00000a08       __imp__GetCPInfo@8         00464a08     kernel32:KERNEL32.dll
 0004:00000a0c       __imp__IsValidCodePage@4   00464a0c     kernel32:KERNEL32.dll
 0004:00000a10       __imp__GetLocaleInfoW@16   00464a10     kernel32:KERNEL32.dll
 0004:00000a14       __imp__QueryPerformanceCounter@4 00464a14     kernel32:KERNEL32.dll
 0004:00000a18       __imp__GetTickCount@0      00464a18     kernel32:KERNEL32.dll
 0004:00000a1c       __imp__GetCurrentProcessId@0 00464a1c     kernel32:KERNEL32.dll
 0004:00000a20       __imp__GetSystemTimeAsFileTime@4 00464a20     kernel32:KERNEL32.dll
 0004:00000a24       __imp__GetModuleFileNameA@12 00464a24     kernel32:KERNEL32.dll
 0004:00000a28       __imp__FreeEnvironmentStringsW@4 00464a28     kernel32:KERNEL32.dll
 0004:00000a2c       __imp__GetEnvironmentStringsW@0 00464a2c     kernel32:KERNEL32.dll
 0004:00000a30       __imp__SetHandleCount@4    00464a30     kernel32:KERNEL32.dll
 0004:00000a34       __imp__HeapCreate@12       00464a34     kernel32:KERNEL32.dll
 0004:00000a38       __imp__HeapDestroy@4       00464a38     kernel32:KERNEL32.dll
 0004:00000a3c       __imp__HeapFree@12         00464a3c     kernel32:KERNEL32.dll
 0004:00000a40       __imp__HeapAlloc@12        00464a40     kernel32:KERNEL32.dll
 0004:00000a44       __imp__GetProcessHeap@0    00464a44     kernel32:KERNEL32.dll
 0004:00000a48       __imp__VirtualQuery@12     00464a48     kernel32:KERNEL32.dll
 0004:00000a4c       __imp__FreeLibrary@4       00464a4c     kernel32:KERNEL32.dll
 0004:00000a50       __imp__HeapReAlloc@16      00464a50     kernel32:KERNEL32.dll
 0004:00000a54       __imp__HeapSize@12         00464a54     kernel32:KERNEL32.dll
 0004:00000a58       __imp__HeapQueryInformation@20 00464a58     kernel32:KERNEL32.dll
 0004:00000a5c       \177KERNEL32_NULL_THUNK_DATA 00464a5c     kernel32:KERNEL32.dll
 0004:00000ac8       __imp__SetWindowRgn@12     00464ac8     user32:USER32.dll
 0004:00000acc       __imp__PostQuitMessage@4   00464acc     user32:USER32.dll
 0004:00000ad0       __imp__SetWindowLongA@12   00464ad0     user32:USER32.dll
 0004:00000ad4       __imp__IsZoomed@4          00464ad4     user32:USER32.dll
 0004:00000ad8       __imp__MonitorFromWindow@8 00464ad8     user32:USER32.dll
 0004:00000adc       __imp__GetMonitorInfoA@8   00464adc     user32:USER32.dll
 0004:00000ae0       __imp__GetWindowRect@8     00464ae0     user32:USER32.dll
 0004:00000ae4       __imp__ShowWindow@8        00464ae4     user32:USER32.dll
 0004:00000ae8       __imp__ScreenToClient@8    00464ae8     user32:USER32.dll
 0004:00000aec       __imp__GetClientRect@8     00464aec     user32:USER32.dll
 0004:00000af0       __imp__IsIconic@4          00464af0     user32:USER32.dll
 0004:00000af4       __imp__GetWindowLongA@8    00464af4     user32:USER32.dll
 0004:00000af8       \177USER32_NULL_THUNK_DATA 00464af8     user32:USER32.dll
 0004:00000b2c       __imp__CoInitialize@4      00464b2c     ole32:ole32.dll
 0004:00000b30       __imp__CoUninitialize@0    00464b30     ole32:ole32.dll
 0004:00000b34       \177ole32_NULL_THUNK_DATA  00464b34     ole32:ole32.dll

 entry point at        0001:00003ca0

