 GameDemo_d

 Timestamp is 51e77327 (Thu Jul 18 12:46:31 2013)

 Preferred load address is 00400000

 Start         Length     Name                   Class
 0001:00000000 000618ecH .text                   CODE
 0001:000618f0 00001b1eH .text$x                 CODE
 0001:00063410 00001056H .text$yc                CODE
 0001:00064470 0000105fH .text$yd                CODE
 0002:00000000 00000104H .CRT$XCA                DATA
 0002:00000104 00000104H .CRT$XCC                DATA
 0002:00000208 00000104H .CRT$XCU                DATA
 0002:0000030c 00000104H .CRT$XCZ                DATA
 0002:00000410 00000104H .CRT$XIA                DATA
 0002:00000514 00000113H .CRT$XIC                DATA
 0002:00000628 00000104H .CRT$XIY                DATA
 0002:0000072c 00000104H .CRT$XIZ                DATA
 0002:00000830 00000104H .CRT$XPA                DATA
 0002:00000934 00000109H .CRT$XPX                DATA
 0002:00000a40 00000104H .CRT$XPXA               DATA
 0002:00000b44 00000104H .CRT$XPZ                DATA
 0002:00000c48 00000104H .CRT$XTA                DATA
 0002:00000d4c 00000104H .CRT$XTZ                DATA
 0002:00000e50 00010edaH .rdata                  DATA
 0002:00011d2c 00000150H .rdata$debug            DATA
 0002:00011e7c 00000ed4H .rdata$r                DATA
 0002:00012d50 000001ceH .rdata$sxdata           DATA
 0002:00012f20 00000104H .rtc$IAA                DATA
 0002:00013024 00000109H .rtc$IMZ                DATA
 0002:00013130 00000104H .rtc$IZZ                DATA
 0002:00013234 00000104H .rtc$TAA                DATA
 0002:00013338 00000109H .rtc$TMZ                DATA
 0002:00013444 00000104H .rtc$TZZ                DATA
 0002:00013548 000017c3H .xdata$x                DATA
 0002:00014d0b 00000000H .edata                  DATA
 0003:00000000 00001d41H .data                   DATA
 0003:00001d60 000026e8H .bss                    DATA
 0004:00000000 00000078H .idata$2                DATA
 0004:00000078 00000014H .idata$3                DATA
 0004:0000008c 000007d8H .idata$4                DATA
 0004:00000864 000007d8H .idata$5                DATA
 0004:0000103c 00003f09H .idata$6                DATA
 0005:00000000 00000169H .rsrc$01                DATA
 0005:00000170 00000439H .rsrc$02                DATA

  Address         Publics by Value              Rva+Base       Lib:Object

 0000:00000000       __except_list              00000000     <absolute>
 0000:0000002b       ___safe_se_handler_count   0000002b     <absolute>
 0000:00000000       ___ImageBase               00400000     <linker-defined>
 0001:000007a0       _WinMain@16                004017a0 f   GameDemo.obj
 0001:00000a30       ??0CGameFrameWnd@@QAE@XZ   00401a30 f i GameDemo.obj
 0001:00000ad0       ??0INotifyUI@DuiLib@@QAE@XZ 00401ad0 f i GameDemo.obj
 0001:00000b00       ?GetWindowClassName@CGameFrameWnd@@UBEPBDXZ 00401b00 f i GameDemo.obj
 0001:00000b20       ?GetClassStyle@CGameFrameWnd@@UBEIXZ 00401b20 f i GameDemo.obj
 0001:00000b40       ?OnFinalMessage@CGameFrameWnd@@UAEXPAUHWND__@@@Z 00401b40 f i GameDemo.obj
 0001:00000bb0       ?Notify@CGameFrameWnd@@UAEXAAUtagTNotifyUI@DuiLib@@@Z 00401bb0 f i GameDemo.obj
 0001:00001e00       __tcscmp                   00402e00 f i GameDemo.obj
 0001:00001e30       ?data@Node@GameListUI@@QAEAAUNodeData@2@XZ 00402e30 f i GameDemo.obj
 0001:00001e50       ?parent@Node@GameListUI@@QAEPAV12@XZ 00402e50 f i GameDemo.obj
 0001:00001e70       ?ExpandNode@GameListUI@@QAEXPAVNode@1@_N@Z 00402e70 f i GameDemo.obj
 0001:00002390       ?child@Node@GameListUI@@QAEPAV12@H@Z 00403390 f i GameDemo.obj
 0001:000023d0       ?has_children@Node@GameListUI@@QBE_NXZ 004033d0 f i GameDemo.obj
 0001:00002410       ?num_children@Node@GameListUI@@QBEHXZ 00403410 f i GameDemo.obj
 0001:00002440       ?get_last_child@Node@GameListUI@@QAEPAV12@XZ 00403440 f i GameDemo.obj
 0001:000024a0       ?GetExpanderSizeX@GameListUI@@QBE?AUtagSIZE@@PAVNode@1@@Z 004034a0 f i GameDemo.obj
 0001:00002600       ?OnPrepare@CGameFrameWnd@@QAEXXZ 00403600 f i GameDemo.obj
 0001:00002a80       ?AddNode@GameListUI@@QAEPAVNode@1@PBDPAV21@@Z 00403a80 f i GameDemo.obj
 0001:000030e0       ??0Node@GameListUI@@QAE@XZ 004040e0 f i GameDemo.obj
 0001:00003180       ?add_child@Node@GameListUI@@QAEXPAV12@@Z 00404180 f i GameDemo.obj
 0001:000031d0       ?set_parent@Node@GameListUI@@AAEXPAV12@@Z 004041d0 f i GameDemo.obj
 0001:00003200       ??0NodeData@GameListUI@@QAE@XZ 00404200 f i GameDemo.obj
 0001:00003250       ??_GNode@GameListUI@@QAEPAXI@Z 00404250 f i GameDemo.obj
 0001:000032a0       ??1Node@GameListUI@@QAE@XZ 004042a0 f i GameDemo.obj
 0001:000033b0       ??1NodeData@GameListUI@@QAE@XZ 004043b0 f i GameDemo.obj
 0001:000033f0       ??_ECListLabelElementUI@DuiLib@@UAEPAXI@Z 004043f0 f i GameDemo.obj
 0001:000033f0       ??_GCListLabelElementUI@DuiLib@@UAEPAXI@Z 004043f0 f i GameDemo.obj
 0001:00003450       ??0CLoginFrameWnd@@QAE@XZ  00404450 f i GameDemo.obj
 0001:000034f0       ?GetWindowClassName@CLoginFrameWnd@@UBEPBDXZ 004044f0 f i GameDemo.obj
 0001:00003510       ?GetClassStyle@CLoginFrameWnd@@UBEIXZ 00404510 f i GameDemo.obj
 0001:00003530       ?OnFinalMessage@CLoginFrameWnd@@UAEXPAUHWND__@@@Z 00404530 f i GameDemo.obj
 0001:000035e0       ?Notify@CLoginFrameWnd@@UAEXAAUtagTNotifyUI@DuiLib@@@Z 004045e0 f i GameDemo.obj
 0001:000039e0       ?HandleMessage@CLoginFrameWnd@@UAEJIIJ@Z 004049e0 f i GameDemo.obj
 0001:00003cf0       ?OnCreate@CLoginFrameWnd@@QAEJIIJAAH@Z 00404cf0 f i GameDemo.obj
 0001:00004010       ??0STRINGorID@DuiLib@@QAE@PBD@Z 00405010 f i GameDemo.obj
 0001:00004040       ?Init@CLoginFrameWnd@@QAEXXZ 00405040 f i GameDemo.obj
 0001:000041c0       ?OnNcActivate@CLoginFrameWnd@@QAEJIIJAAH@Z 004051c0 f i GameDemo.obj
 0001:00004230       ?OnNcCalcSize@CLoginFrameWnd@@QAEJIIJAAH@Z 00405230 f i GameDemo.obj
 0001:00004250       ?OnNcPaint@CLoginFrameWnd@@QAEJIIJAAH@Z 00405250 f i GameDemo.obj
 0001:00004270       ?OnNcHitTest@CLoginFrameWnd@@QAEJIIJAAH@Z 00405270 f i GameDemo.obj
 0001:00004490       ?OnSize@CLoginFrameWnd@@QAEJIIJAAH@Z 00405490 f i GameDemo.obj
 0001:000046c0       ?MessageHandler@CLoginFrameWnd@@UAEJIIJAA_N@Z 004056c0 f i GameDemo.obj
 0001:00004970       ??0IMessageFilterUI@DuiLib@@QAE@XZ 00405970 f i GameDemo.obj
 0001:000049a0       ??_GCLoginFrameWnd@@QAEPAXI@Z 004059a0 f i GameDemo.obj
 0001:000049f0       ??0CDialogBuilderCallbackEx@@QAE@XZ 004059f0 f i GameDemo.obj
 0001:00004a30       ?CreateControl@CDialogBuilderCallbackEx@@UAEPAVCControlUI@DuiLib@@PBD@Z 00405a30 f i GameDemo.obj
 0001:00004b90       ??0GameListUI@@QAE@XZ      00405b90 f i GameDemo.obj
 0001:00004d50       ?Add@GameListUI@@UAE_NPAVCControlUI@DuiLib@@@Z 00405d50 f i GameDemo.obj
 0001:00004de0       ?AddAt@GameListUI@@UAE_NPAVCControlUI@DuiLib@@H@Z 00405de0 f i GameDemo.obj
 0001:00004e70       ?Remove@GameListUI@@UAE_NPAVCControlUI@DuiLib@@@Z 00405e70 f i GameDemo.obj
 0001:00004fc0       ?RemoveAt@GameListUI@@UAE_NH@Z 00405fc0 f i GameDemo.obj
 0001:00005130       ?RemoveAll@GameListUI@@UAEXXZ 00406130 f i GameDemo.obj
 0001:00005300       ?SetVisible@GameListUI@@UAEX_N@Z 00406300 f i GameDemo.obj
 0001:00005360       ?SetInternVisible@GameListUI@@UAEX_N@Z 00406360 f i GameDemo.obj
 0001:000053b0       ?DoEvent@GameListUI@@UAEXAAUtagTEventUI@DuiLib@@@Z 004063b0 f i GameDemo.obj
 0001:00005880       ?abs@@YAJJ@Z               00406880 f i GameDemo.obj
 0001:000058a0       ?CalculateDelay@@YANN@Z    004068a0 f i GameDemo.obj
 0001:000058d0       ?pow@@YANNH@Z              004068d0 f i GameDemo.obj
 0001:00005900       ?RemoveNode@GameListUI@@QAE_NPAVNode@1@@Z 00406900 f i GameDemo.obj
 0001:00005a30       ?remove_child@Node@GameListUI@@QAEXPAV12@@Z 00406a30 f i GameDemo.obj
 0001:00005bc0       ??1?$_Vector_iterator@V?$_Vector_val@PAVNode@GameListUI@@V?$allocator@PAVNode@GameListUI@@@std@@@std@@@std@@QAE@XZ 00406bc0 f i GameDemo.obj
 0001:00005bf0       ??0?$_Vector_const_iterator@V?$_Vector_val@PAVNode@GameListUI@@V?$allocator@PAVNode@GameListUI@@@std@@@std@@@std@@QAE@ABV01@@Z 00406bf0 f i GameDemo.obj
 0001:00005c40       ??1?$_Vector_const_iterator@V?$_Vector_val@PAVNode@GameListUI@@V?$allocator@PAVNode@GameListUI@@@std@@@std@@@std@@QAE@XZ 00406c40 f i GameDemo.obj
 0001:00005c70       ??_GGameListUI@@UAEPAXI@Z  00406c70 f i GameDemo.obj
 0001:00005c70       ??_EGameListUI@@UAEPAXI@Z  00406c70 f i GameDemo.obj
 0001:00005cc0       ??1GameListUI@@UAE@XZ      00406cc0 f i GameDemo.obj
 0001:00005dd0       ??0?$_Iterator012@Urandom_access_iterator_tag@std@@PAVNode@GameListUI@@HPBQAV34@ABQAV34@U_Iterator_base12@2@@std@@QAE@ABU01@@Z 00406dd0 f i GameDemo.obj
 0001:00005e10       ??0_Iterator_base12@std@@QAE@ABU01@@Z 00406e10 f i GameDemo.obj
 0001:00005e60       ??4_Iterator_base12@std@@QAEAAU01@ABU01@@Z 00406e60 f i GameDemo.obj
 0001:00005eb0       ?_Adopt@_Iterator_base12@std@@QAEXPBU_Container_base12@2@@Z 00406eb0 f i GameDemo.obj
 0001:00005fd0       ?_Orphan_me@_Iterator_base12@std@@QAEXXZ 00406fd0 f i GameDemo.obj
 0001:00006080       ??1?$_Iterator012@Urandom_access_iterator_tag@std@@PAVNode@GameListUI@@HPBQAV34@ABQAV34@U_Iterator_base12@2@@std@@QAE@XZ 00407080 f i GameDemo.obj
 0001:000060b0       ??1_Iterator_base12@std@@QAE@XZ 004070b0 f i GameDemo.obj
 0001:00006180       ??0DeskListUI@@QAE@XZ      00407180 f i GameDemo.obj
 0001:00006610       ?DoEvent@DeskListUI@@UAEXAAUtagTEventUI@DuiLib@@@Z 00407610 f i GameDemo.obj
 0001:00006e80       ??_EDeskListUI@@UAEPAXI@Z  00407e80 f i GameDemo.obj
 0001:00006e80       ??_GDeskListUI@@UAEPAXI@Z  00407e80 f i GameDemo.obj
 0001:00006ed0       ??1DeskListUI@@UAE@XZ      00407ed0 f i GameDemo.obj
 0001:00006f10       ??1CLoginFrameWnd@@QAE@XZ  00407f10 f i GameDemo.obj
 0001:00006f50       ??0IDialogBuilderCallback@DuiLib@@QAE@XZ 00407f50 f i GameDemo.obj
 0001:00006f80       ?SendChatMessage@CGameFrameWnd@@QAEXXZ 00407f80 f i GameDemo.obj
 0001:00007450       ?GetItemText@CGameFrameWnd@@UAEPBDPAVCControlUI@DuiLib@@HH@Z 00408450 f i GameDemo.obj
 0001:00007610       ?HandleMessage@CGameFrameWnd@@UAEJIIJ@Z 00408610 f i GameDemo.obj
 0001:00007a50       ?OnCreate@CGameFrameWnd@@QAEJIIJAAH@Z 00408a50 f i GameDemo.obj
 0001:00007d30       ?Init@CGameFrameWnd@@QAEXXZ 00408d30 f i GameDemo.obj
 0001:00007f30       ?OnClose@CGameFrameWnd@@QAEJIIJAAH@Z 00408f30 f i GameDemo.obj
 0001:00007f60       ?OnDestroy@CGameFrameWnd@@QAEJIIJAAH@Z 00408f60 f i GameDemo.obj
 0001:00007fb0       ?OnNcActivate@CGameFrameWnd@@QAEJIIJAAH@Z 00408fb0 f i GameDemo.obj
 0001:00008020       ?OnNcCalcSize@CGameFrameWnd@@QAEJIIJAAH@Z 00409020 f i GameDemo.obj
 0001:00008040       ?OnNcPaint@CGameFrameWnd@@QAEJIIJAAH@Z 00409040 f i GameDemo.obj
 0001:00008060       ?OnNcHitTest@CGameFrameWnd@@QAEJIIJAAH@Z 00409060 f i GameDemo.obj
 0001:00008450       ?OnSize@CGameFrameWnd@@QAEJIIJAAH@Z 00409450 f i GameDemo.obj
 0001:00008680       ?OnGetMinMaxInfo@CGameFrameWnd@@QAEJIIJAAH@Z 00409680 f i GameDemo.obj
 0001:00008810       ?OnSysCommand@CGameFrameWnd@@QAEJIIJAAH@Z 00409810 f i GameDemo.obj
 0001:00008a50       ??0IListCallbackUI@DuiLib@@QAE@XZ 00409a50 f i GameDemo.obj
 0001:00008a80       ??_GCGameFrameWnd@@QAEPAXI@Z 00409a80 f i GameDemo.obj
 0001:00008ad0       ??_GCListTextElementUI@DuiLib@@UAEPAXI@Z 00409ad0 f i GameDemo.obj
 0001:00008ad0       ??_ECListTextElementUI@DuiLib@@UAEPAXI@Z 00409ad0 f i GameDemo.obj
 0001:00008b30       ??1CGameFrameWnd@@QAE@XZ   00409b30 f i GameDemo.obj
 0001:00008b70       ??0?$vector@PAVNode@GameListUI@@V?$allocator@PAVNode@GameListUI@@@std@@@std@@QAE@XZ 00409b70 f i GameDemo.obj
 0001:00008bc0       ??1?$vector@PAVNode@GameListUI@@V?$allocator@PAVNode@GameListUI@@@std@@@std@@QAE@XZ 00409bc0 f i GameDemo.obj
 0001:00008c40       ?begin@?$vector@PAVNode@GameListUI@@V?$allocator@PAVNode@GameListUI@@@std@@@std@@QAE?AV?$_Vector_iterator@V?$_Vector_val@PAVNode@GameListUI@@V?$allocator@PAVNode@GameListUI@@@std@@@std@@@2@XZ 00409c40 f i GameDemo.obj
 0001:00008ca0       ?end@?$vector@PAVNode@GameListUI@@V?$allocator@PAVNode@GameListUI@@@std@@@std@@QAE?AV?$_Vector_iterator@V?$_Vector_val@PAVNode@GameListUI@@V?$allocator@PAVNode@GameListUI@@@std@@@std@@@2@XZ 00409ca0 f i GameDemo.obj
 0001:00008d00       ?size@?$vector@PAVNode@GameListUI@@V?$allocator@PAVNode@GameListUI@@@std@@@std@@QBEIXZ 00409d00 f i GameDemo.obj
 0001:00008d30       ??A?$vector@PAVNode@GameListUI@@V?$allocator@PAVNode@GameListUI@@@std@@@std@@QAEAAPAVNode@GameListUI@@I@Z 00409d30 f i GameDemo.obj
 0001:00008df0       ?push_back@?$vector@PAVNode@GameListUI@@V?$allocator@PAVNode@GameListUI@@@std@@@std@@QAEXABQAVNode@GameListUI@@@Z 00409df0 f i GameDemo.obj
 0001:00008f50       ?erase@?$vector@PAVNode@GameListUI@@V?$allocator@PAVNode@GameListUI@@@std@@@std@@QAE?AV?$_Vector_iterator@V?$_Vector_val@PAVNode@GameListUI@@V?$allocator@PAVNode@GameListUI@@@std@@@std@@@2@V?$_Vector_const_iterator@V?$_Vector_val@PAVNode@GameListUI@@V?$allocator@PAVNode@GameListUI@@@std@@@std@@@2@@Z 00409f50 f i GameDemo.obj
 0001:000090d0       ?_Getcont@_Iterator_base12@std@@QBEPBU_Container_base12@2@XZ 0040a0d0 f i GameDemo.obj
 0001:00009120       ??D?$_Vector_iterator@V?$_Vector_val@PAVNode@GameListUI@@V?$allocator@PAVNode@GameListUI@@@std@@@std@@@std@@QBEAAPAVNode@GameListUI@@XZ 0040a120 f i GameDemo.obj
 0001:00009150       ??E?$_Vector_iterator@V?$_Vector_val@PAVNode@GameListUI@@V?$allocator@PAVNode@GameListUI@@@std@@@std@@@std@@QAEAAV01@XZ 0040a150 f i GameDemo.obj
 0001:00009180       ??M?$_Vector_const_iterator@V?$_Vector_val@PAVNode@GameListUI@@V?$allocator@PAVNode@GameListUI@@@std@@@std@@@std@@QBE_NABV01@@Z 0040a180 f i GameDemo.obj
 0001:000091d0       ?_Make_iter@?$vector@PAVNode@GameListUI@@V?$allocator@PAVNode@GameListUI@@@std@@@std@@QBE?AV?$_Vector_iterator@V?$_Vector_val@PAVNode@GameListUI@@V?$allocator@PAVNode@GameListUI@@@std@@@std@@@2@V?$_Vector_const_iterator@V?$_Vector_val@PAVNode@GameListUI@@V?$allocator@PAVNode@GameListUI@@@std@@@std@@@2@@Z 0040a1d0 f i GameDemo.obj
 0001:00009280       ?_Destroy@?$vector@PAVNode@GameListUI@@V?$allocator@PAVNode@GameListUI@@@std@@@std@@IAEXPAPAVNode@GameListUI@@0@Z 0040a280 f i GameDemo.obj
 0001:000092d0       ?_Inside@?$vector@PAVNode@GameListUI@@V?$allocator@PAVNode@GameListUI@@@std@@@std@@IBE_NPBQAVNode@GameListUI@@@Z 0040a2d0 f i GameDemo.obj
 0001:00009330       ?_Reserve@?$vector@PAVNode@GameListUI@@V?$allocator@PAVNode@GameListUI@@@std@@@std@@IAEXI@Z 0040a330 f i GameDemo.obj
 0001:000093d0       ?_Tidy@?$vector@PAVNode@GameListUI@@V?$allocator@PAVNode@GameListUI@@@std@@@std@@IAEXXZ 0040a3d0 f i GameDemo.obj
 0001:00009480       ?_Orphan_all@_Container_base12@std@@QAEXXZ 0040a480 f i GameDemo.obj
 0001:00009560       ?_Orphan_range@?$vector@PAVNode@GameListUI@@V?$allocator@PAVNode@GameListUI@@@std@@@std@@IBEXPAPAVNode@GameListUI@@0@Z 0040a560 f i GameDemo.obj
 0001:000096b0       ?_Getpfirst@_Container_base12@std@@QBEPAPAU_Iterator_base12@2@XZ 0040a6b0 f i GameDemo.obj
 0001:00009700       ?_Clrcont@_Iterator_base12@std@@QAEXXZ 0040a700 f i GameDemo.obj
 0001:00009730       ?_Getpnext@_Iterator_base12@std@@QAEPAPAU12@XZ 0040a730 f i GameDemo.obj
 0001:00009750       ??0?$_Vector_val@PAVNode@GameListUI@@V?$allocator@PAVNode@GameListUI@@@std@@@std@@QAE@V?$allocator@PAVNode@GameListUI@@@1@@Z 0040a750 f i GameDemo.obj
 0001:000098b0       ??0_Container_proxy@std@@QAE@XZ 0040a8b0 f i GameDemo.obj
 0001:000098f0       ??0_Container_base12@std@@QAE@XZ 0040a8f0 f i GameDemo.obj
 0001:00009920       ??1_Container_base12@std@@QAE@XZ 0040a920 f i GameDemo.obj
 0001:00009950       ??1?$_Vector_val@PAVNode@GameListUI@@V?$allocator@PAVNode@GameListUI@@@std@@@std@@QAE@XZ 0040a950 f i GameDemo.obj
 0001:00009a60       ??0?$allocator@PAVNode@GameListUI@@@std@@QAE@XZ 0040aa60 f i GameDemo.obj
 0001:00009a80       ??0?$_Vector_iterator@V?$_Vector_val@PAVNode@GameListUI@@V?$allocator@PAVNode@GameListUI@@@std@@@std@@@std@@QAE@PAPAVNode@GameListUI@@PBU_Container_base12@1@@Z 0040aa80 f i GameDemo.obj
 0001:00009ac0       ??D?$_Vector_const_iterator@V?$_Vector_val@PAVNode@GameListUI@@V?$allocator@PAVNode@GameListUI@@@std@@@std@@@std@@QBEABQAVNode@GameListUI@@XZ 0040aac0 f i GameDemo.obj
 0001:00009bb0       ??E?$_Vector_const_iterator@V?$_Vector_val@PAVNode@GameListUI@@V?$allocator@PAVNode@GameListUI@@@std@@@std@@@std@@QAEAAV01@XZ 0040abb0 f i GameDemo.obj
 0001:00009c90       ?_Compat@?$_Vector_const_iterator@V?$_Vector_val@PAVNode@GameListUI@@V?$allocator@PAVNode@GameListUI@@@std@@@std@@@std@@QBEXABV12@@Z 0040ac90 f i GameDemo.obj
 0001:00009d60       ?reserve@?$vector@PAVNode@GameListUI@@V?$allocator@PAVNode@GameListUI@@@std@@@std@@QAEXI@Z 0040ad60 f i GameDemo.obj
 0001:00009f30       ?capacity@?$vector@PAVNode@GameListUI@@V?$allocator@PAVNode@GameListUI@@@std@@@std@@QBEIXZ 0040af30 f i GameDemo.obj
 0001:00009f60       ?max_size@?$vector@PAVNode@GameListUI@@V?$allocator@PAVNode@GameListUI@@@std@@@std@@QBEIXZ 0040af60 f i GameDemo.obj
 0001:00009f90       ?_Grow_to@?$vector@PAVNode@GameListUI@@V?$allocator@PAVNode@GameListUI@@@std@@@std@@IBEII@Z 0040af90 f i GameDemo.obj
 0001:0000a030       ?_Xlen@?$vector@PAVNode@GameListUI@@V?$allocator@PAVNode@GameListUI@@@std@@@std@@IBEXXZ 0040b030 f i GameDemo.obj
 0001:0000a060       ??0?$allocator@PAVNode@GameListUI@@@std@@QAE@ABV01@@Z 0040b060 f i GameDemo.obj
 0001:0000a080       ?deallocate@?$allocator@PAVNode@GameListUI@@@std@@QAEXPAPAVNode@GameListUI@@I@Z 0040b080 f i GameDemo.obj
 0001:0000a0c0       ??0?$_Vector_const_iterator@V?$_Vector_val@PAVNode@GameListUI@@V?$allocator@PAVNode@GameListUI@@@std@@@std@@@std@@QAE@PAPAVNode@GameListUI@@PBU_Container_base12@1@@Z 0040b0c0 f i GameDemo.obj
 0001:0000a160       ?deallocate@?$allocator@U_Container_proxy@std@@@std@@QAEXPAU_Container_proxy@2@I@Z 0040b160 f i GameDemo.obj
 0001:0000a1a0       ?allocate@?$allocator@U_Container_proxy@std@@@std@@QAEPAU_Container_proxy@2@I@Z 0040b1a0 f i GameDemo.obj
 0001:0000a1e0       ??0?$_Iterator012@Urandom_access_iterator_tag@std@@PAVNode@GameListUI@@HPBQAV34@ABQAV34@U_Iterator_base12@2@@std@@QAE@XZ 0040b1e0 f i GameDemo.obj
 0001:0000a210       ??0_Iterator_base12@std@@QAE@XZ 0040b210 f i GameDemo.obj
 0001:0000a250       ?allocate@?$allocator@PAVNode@GameListUI@@@std@@QAEPAPAVNode@GameListUI@@I@Z 0040b250 f i GameDemo.obj
 0001:0000a290       ?max_size@?$allocator@PAVNode@GameListUI@@@std@@QBEIXZ 0040b290 f i GameDemo.obj
 0001:0000a2f0       ??$_Pow_int@N@@YANNH@Z     0040b2f0 f i GameDemo.obj
 0001:0000a390       ??$addressof@QAVNode@GameListUI@@@std@@YAPBQAVNode@GameListUI@@ABQAV12@@Z 0040b390 f i GameDemo.obj
 0001:0000a3a0       ??$_Cons_val@V?$allocator@PAVNode@GameListUI@@@std@@PAVNode@GameListUI@@AAPAV34@@std@@YAXAAV?$allocator@PAVNode@GameListUI@@@0@PAPAVNode@GameListUI@@AAPAV23@@Z 0040b3a0 f i GameDemo.obj
 0001:0000a3d0       ??$_Cons_val@V?$allocator@PAVNode@GameListUI@@@std@@PAVNode@GameListUI@@ABQAV34@@std@@YAXAAV?$allocator@PAVNode@GameListUI@@@0@PAPAVNode@GameListUI@@ABQAV23@@Z 0040b3d0 f i GameDemo.obj
 0001:0000a400       ??$_Move@PAPAVNode@GameListUI@@PAPAV12@@std@@YAPAPAVNode@GameListUI@@PAPAV12@00@Z 0040b400 f i GameDemo.obj
 0001:0000a460       ??$_Destroy_range@V?$allocator@PAVNode@GameListUI@@@std@@@std@@YAXPAPAVNode@GameListUI@@0AAV?$allocator@PAVNode@GameListUI@@@0@@Z 0040b460 f i GameDemo.obj
 0001:0000a4c0       ??$?0PAVNode@GameListUI@@@?$allocator@U_Container_proxy@std@@@std@@QAE@ABV?$allocator@PAVNode@GameListUI@@@1@@Z 0040b4c0 f i GameDemo.obj
 0001:0000a4e0       ??$_Cons_val@V?$allocator@U_Container_proxy@std@@@std@@U_Container_proxy@2@U32@@std@@YAXAAV?$allocator@U_Container_proxy@std@@@0@PAU_Container_proxy@0@$$QAU20@@Z 0040b4e0 f i GameDemo.obj
 0001:0000a510       ??$_Dest_val@V?$allocator@U_Container_proxy@std@@@std@@U_Container_proxy@2@@std@@YAXAAV?$allocator@U_Container_proxy@std@@@0@PAU_Container_proxy@0@@Z 0040b510 f i GameDemo.obj
 0001:0000a530       ??$_Umove@PAPAVNode@GameListUI@@@?$vector@PAVNode@GameListUI@@V?$allocator@PAVNode@GameListUI@@@std@@@std@@IAEPAPAVNode@GameListUI@@PAPAV23@00@Z 0040b530 f i GameDemo.obj
 0001:0000a580       ??$_Allocate@U_Container_proxy@std@@@std@@YAPAU_Container_proxy@0@IPAU10@@Z 0040b580 f i GameDemo.obj
 0001:0000a620       ??0bad_alloc@std@@QAE@PBD@Z 0040b620 f i GameDemo.obj
 0001:0000a670       ??1bad_alloc@std@@UAE@XZ   0040b670 f i GameDemo.obj
 0001:0000a6b0       ??_Ebad_alloc@std@@UAEPAXI@Z 0040b6b0 f i GameDemo.obj
 0001:0000a6b0       ??_Gbad_alloc@std@@UAEPAXI@Z 0040b6b0 f i GameDemo.obj
 0001:0000a700       ??$_Allocate@PAVNode@GameListUI@@@std@@YAPAPAVNode@GameListUI@@IPAPAV12@@Z 0040b700 f i GameDemo.obj
 0001:0000a7a0       ??0bad_alloc@std@@QAE@ABV01@@Z 0040b7a0 f i GameDemo.obj
 0001:0000a7f0       ?construct@?$allocator@PAVNode@GameListUI@@@std@@QAEXPAPAVNode@GameListUI@@ABQAV34@@Z 0040b7f0 f i GameDemo.obj
 0001:0000a830       ?construct@?$allocator@U_Container_proxy@std@@@std@@QAEXPAU_Container_proxy@2@$$QAU32@@Z 0040b830 f i GameDemo.obj
 0001:0000a900       ??2@YAPAXIPAX@Z            0040b900 f i GameDemo.obj
 0001:0000a910       ??3@YAXPAX0@Z              0040b910 f i GameDemo.obj
 0001:0000a920       ?destroy@?$allocator@U_Container_proxy@std@@@std@@QAEXPAU_Container_proxy@2@@Z 0040b920 f i GameDemo.obj
 0001:0000a960       ??$forward@AAPAVNode@GameListUI@@@std@@YAAAPAVNode@GameListUI@@AAPAV12@@Z 0040b960 f i GameDemo.obj
 0001:0000a970       ??$construct@AAPAVNode@GameListUI@@@?$allocator@PAVNode@GameListUI@@@std@@QAEXPAPAVNode@GameListUI@@AAPAV23@@Z 0040b970 f i GameDemo.obj
 0001:0000aa40       ??$forward@ABQAVNode@GameListUI@@@std@@YAABQAVNode@GameListUI@@ABQAV12@@Z 0040ba40 f i GameDemo.obj
 0001:0000aa50       ??$_Ptr_cat@PAVNode@GameListUI@@PAV12@@std@@YA?AU_Scalar_ptr_iterator_tag@0@PAPAVNode@GameListUI@@0@Z 0040ba50 f i GameDemo.obj
 0001:0000aab0       ??$_Move@PAPAVNode@GameListUI@@PAPAV12@@std@@YAPAPAVNode@GameListUI@@PAPAV12@00U_Scalar_ptr_iterator_tag@0@@Z 0040bab0 f i GameDemo.obj
 0001:0000ab10       ??$_Destroy_range@V?$allocator@PAVNode@GameListUI@@@std@@@std@@YAXPAPAVNode@GameListUI@@0AAV?$allocator@PAVNode@GameListUI@@@0@U_Scalar_ptr_iterator_tag@0@@Z 0040bb10 f i GameDemo.obj
 0001:0000ab20       ??$forward@U_Container_proxy@std@@@std@@YA$$QAU_Container_proxy@0@AAU10@@Z 0040bb20 f i GameDemo.obj
 0001:0000ab30       ??$_Uninitialized_move@PAPAVNode@GameListUI@@PAPAV12@V?$allocator@PAVNode@GameListUI@@@std@@@std@@YAPAPAVNode@GameListUI@@PAPAV12@00AAV?$allocator@PAVNode@GameListUI@@@0@@Z 0040bb30 f i GameDemo.obj
 0001:0000aba0       ??$_Construct@PAVNode@GameListUI@@ABQAV12@@std@@YAXPAPAVNode@GameListUI@@ABQAV12@@Z 0040bba0 f i GameDemo.obj
 0001:0000ac70       ??$_Destroy@U_Container_proxy@std@@@std@@YAXPAU_Container_proxy@0@@Z 0040bc70 f i GameDemo.obj
 0001:0000ac80       ??$_Val_type@PAPAVNode@GameListUI@@@std@@YAPAPAVNode@GameListUI@@PAPAV12@@Z 0040bc80 f i GameDemo.obj
 0001:0000ac90       ??$_Uninit_move@PAVNode@GameListUI@@PAV12@PAV12@@std@@YAPAPAVNode@GameListUI@@PAPAV12@00AAV?$allocator@PAVNode@GameListUI@@@0@0U_Scalar_ptr_iterator_tag@0@@Z 0040bc90 f i GameDemo.obj
 0001:0000ad20       ??$_Debug_range@PAPAVNode@GameListUI@@@std@@YAXPAPAVNode@GameListUI@@0PB_WI@Z 0040bd20 f i GameDemo.obj
 0001:0000ad80       ??$_Debug_pointer@PAVNode@GameListUI@@@std@@YAXPAPAVNode@GameListUI@@PB_WI@Z 0040bd80 f i GameDemo.obj
 0001:0000adb0       ??$_Iter_cat@PAPAVNode@GameListUI@@@std@@YA?AUrandom_access_iterator_tag@0@ABQAPAVNode@GameListUI@@@Z 0040bdb0 f i GameDemo.obj
 0001:0000ae20       ??$_Debug_range2@PAPAVNode@GameListUI@@@std@@YAXPAPAVNode@GameListUI@@0PB_WIUrandom_access_iterator_tag@0@@Z 0040be20 f i GameDemo.obj
 0001:0000ae90       ?DoEvent@GameListUI@@WCJE@AEXAAUtagTEventUI@DuiLib@@@Z 0040be90 f i GameDemo.obj
 0001:0000aea0       ??0CMiniDumper@@QAE@_N@Z   0040bea0 f   MiniDumper.obj
 0001:0000af50       ??1CMiniDumper@@QAE@XZ     0040bf50 f   MiniDumper.obj
 0001:0000afb0       ?unhandledExceptionHandler@CMiniDumper@@CGJPAU_EXCEPTION_POINTERS@@@Z 0040bfb0 f   MiniDumper.obj
 0001:0000afe0       ?setMiniDumpFileName@CMiniDumper@@AAEXXZ 0040bfe0 f   MiniDumper.obj
 0001:0000b0a0       ?getImpersonationToken@CMiniDumper@@AAE_NPAPAX@Z 0040c0a0 f   MiniDumper.obj
 0001:0000b150       ?enablePrivilege@CMiniDumper@@AAEHPBDPAXPAU_TOKEN_PRIVILEGES@@@Z 0040c150 f   MiniDumper.obj
 0001:0000b270       ?restorePrivilege@CMiniDumper@@AAEHPAXPAU_TOKEN_PRIVILEGES@@@Z 0040c270 f   MiniDumper.obj
 0001:0000b300       ?writeMiniDump@CMiniDumper@@AAEJPAU_EXCEPTION_POINTERS@@@Z 0040c300 f   MiniDumper.obj
 0001:0000b9a0       ?_tcsrchr@@YAPADPADI@Z     0040c9a0 f i MiniDumper.obj
 0001:0000b9d0       __tcsrchr                  0040c9d0 f i MiniDumper.obj
 0001:0000b9f4       _InitializeCriticalSection@4 0040c9f4 f   kernel32:KERNEL32.dll
 0001:0000b9fa       _SetUnhandledExceptionFilter@4 0040c9fa f   kernel32:KERNEL32.dll
 0001:0000ba00       _DeleteCriticalSection@4   0040ca00 f   kernel32:KERNEL32.dll
 0001:0000ba06       _GetCurrentProcess@0       0040ca06 f   kernel32:KERNEL32.dll
 0001:0000ba0c       _GetLastError@0            0040ca0c f   kernel32:KERNEL32.dll
 0001:0000ba12       _GetCurrentThread@0        0040ca12 f   kernel32:KERNEL32.dll
 0001:0000ba18       _TerminateProcess@8        0040ca18 f   kernel32:KERNEL32.dll
 0001:0000ba1e       _CloseHandle@4             0040ca1e f   kernel32:KERNEL32.dll
 0001:0000ba24       _LeaveCriticalSection@4    0040ca24 f   kernel32:KERNEL32.dll
 0001:0000ba2a       _GetCurrentProcessId@0     0040ca2a f   kernel32:KERNEL32.dll
 0001:0000ba30       _EnterCriticalSection@4    0040ca30 f   kernel32:KERNEL32.dll
 0001:0000ba36       _GetCurrentThreadId@0      0040ca36 f   kernel32:KERNEL32.dll
 0001:0000ba3c       _CreateFileA@28            0040ca3c f   kernel32:KERNEL32.dll
 0001:0000ba42       _GetProcAddress@8          0040ca42 f   kernel32:KERNEL32.dll
 0001:0000ba48       _LoadLibraryA@4            0040ca48 f   kernel32:KERNEL32.dll
 0001:0000ba4e       _GetModuleFileNameA@12     0040ca4e f   kernel32:KERNEL32.dll
 0001:0000ba54       _ShowWindow@8              0040ca54 f   user32:USER32.dll
 0001:0000ba5a       _ScreenToClient@8          0040ca5a f   user32:USER32.dll
 0001:0000ba60       _GetCursorPos@4            0040ca60 f   user32:USER32.dll
 0001:0000ba66       _PostQuitMessage@4         0040ca66 f   user32:USER32.dll
 0001:0000ba6c       _SetWindowLongA@12         0040ca6c f   user32:USER32.dll
 0001:0000ba72       _GetWindowLongA@8          0040ca72 f   user32:USER32.dll
 0001:0000ba78       _IsIconic@4                0040ca78 f   user32:USER32.dll
 0001:0000ba7e       _GetClientRect@8           0040ca7e f   user32:USER32.dll
 0001:0000ba84       _SetWindowRgn@12           0040ca84 f   user32:USER32.dll
 0001:0000ba8a       _GetWindowRect@8           0040ca8a f   user32:USER32.dll
 0001:0000ba90       _SetCursor@4               0040ca90 f   user32:USER32.dll
 0001:0000ba96       _LoadCursorA@8             0040ca96 f   user32:USER32.dll
 0001:0000ba9c       _IsZoomed@4                0040ca9c f   user32:USER32.dll
 0001:0000baa2       _GetMonitorInfoA@8         0040caa2 f   user32:USER32.dll
 0001:0000baa8       _MonitorFromWindow@8       0040caa8 f   user32:USER32.dll
 0001:0000baae       _MessageBoxA@16            0040caae f   user32:USER32.dll
 0001:0000bab4       _DeleteObject@4            0040cab4 f   gdi32:GDI32.dll
 0001:0000baba       _CreateRoundRectRgn@24     0040caba f   gdi32:GDI32.dll
 0001:0000bac0       _OpenProcessToken@12       0040cac0 f   advapi32:ADVAPI32.dll
 0001:0000bac6       _OpenThreadToken@16        0040cac6 f   advapi32:ADVAPI32.dll
 0001:0000bacc       _AdjustTokenPrivileges@24  0040cacc f   advapi32:ADVAPI32.dll
 0001:0000bad2       _LookupPrivilegeValueA@12  0040cad2 f   advapi32:ADVAPI32.dll
 0001:0000bad8       _CoUninitialize@0          0040cad8 f   ole32:ole32.dll
 0001:0000bade       _CoInitialize@4            0040cade f   ole32:ole32.dll
 0001:0000bae4       ?MessageLoop@CPaintManagerUI@DuiLib@@SAXXZ 0040cae4 f   DuiLib_d:DuiLib_d.dll
 0001:0000baea       ??BCWindowWnd@DuiLib@@QBEPAUHWND__@@XZ 0040caea f   DuiLib_d:DuiLib_d.dll
 0001:0000baf0       ?CenterWindow@CWindowWnd@DuiLib@@QAEXXZ 0040caf0 f   DuiLib_d:DuiLib_d.dll
 0001:0000baf6       ?Create@CWindowWnd@DuiLib@@QAEPAUHWND__@@PAU3@PBDKKHHHHPAUHMENU__@@@Z 0040caf6 f   DuiLib_d:DuiLib_d.dll
 0001:0000bafc       ?SetResourceZip@CPaintManagerUI@DuiLib@@SAXPBD_N@Z 0040cafc f   DuiLib_d:DuiLib_d.dll
 0001:0000bb02       ??1CStdString@DuiLib@@QAE@XZ 0040cb02 f   DuiLib_d:DuiLib_d.dll
 0001:0000bb08       ?SetResourcePath@CPaintManagerUI@DuiLib@@SAXPBD@Z 0040cb08 f   DuiLib_d:DuiLib_d.dll
 0001:0000bb0e       ??BCStdString@DuiLib@@QBEPBDXZ 0040cb0e f   DuiLib_d:DuiLib_d.dll
 0001:0000bb14       ??HCStdString@DuiLib@@QBE?AV01@PBD@Z 0040cb14 f   DuiLib_d:DuiLib_d.dll
 0001:0000bb1a       ?GetInstancePath@CPaintManagerUI@DuiLib@@SA?AVCStdString@2@XZ 0040cb1a f   DuiLib_d:DuiLib_d.dll
 0001:0000bb20       ?SetInstance@CPaintManagerUI@DuiLib@@SAXPAUHINSTANCE__@@@Z 0040cb20 f   DuiLib_d:DuiLib_d.dll
 0001:0000bb26       ??0CPaintManagerUI@DuiLib@@QAE@XZ 0040cb26 f   DuiLib_d:DuiLib_d.dll
 0001:0000bb2c       ??0CWindowWnd@DuiLib@@QAE@XZ 0040cb2c f   DuiLib_d:DuiLib_d.dll
 0001:0000bb32       ?GetSuperClassName@CWindowWnd@DuiLib@@MBEPBDXZ 0040cb32 f   DuiLib_d:DuiLib_d.dll
 0001:0000bb38       ?GetPaintWindow@CPaintManagerUI@DuiLib@@QBEPAUHWND__@@XZ 0040cb38 f   DuiLib_d:DuiLib_d.dll
 0001:0000bb3e       ?SetSelectionCharFormat@CRichEditUI@DuiLib@@QAE_NAAUCHARFORMAT2A@@@Z 0040cb3e f   DuiLib_d:DuiLib_d.dll
 0001:0000bb44       ?SetSel@CRichEditUI@DuiLib@@QAEHJJ@Z 0040cb44 f   DuiLib_d:DuiLib_d.dll
 0001:0000bb4a       ?GetTextLength@CRichEditUI@DuiLib@@QBEJK@Z 0040cb4a f   DuiLib_d:DuiLib_d.dll
 0001:0000bb50       ?SelectItem@CTabLayoutUI@DuiLib@@QAE_NH@Z 0040cb50 f   DuiLib_d:DuiLib_d.dll
 0001:0000bb56       ?GetCurSel@CTabLayoutUI@DuiLib@@QBEHXZ 0040cb56 f   DuiLib_d:DuiLib_d.dll
 0001:0000bb5c       ?NeedUpdate@CControlUI@DuiLib@@QAEXXZ 0040cb5c f   DuiLib_d:DuiLib_d.dll
 0001:0000bb62       ?GetRoot@CPaintManagerUI@DuiLib@@QBEPAVCControlUI@2@XZ 0040cb62 f   DuiLib_d:DuiLib_d.dll
 0001:0000bb68       ?SetDefaultFont@CPaintManagerUI@DuiLib@@QAEXPBDH_N11@Z 0040cb68 f   DuiLib_d:DuiLib_d.dll
 0001:0000bb6e       ?GetFontInfo@CPaintManagerUI@DuiLib@@QAEPAUtagTFontInfo@2@H@Z 0040cb6e f   DuiLib_d:DuiLib_d.dll
 0001:0000bb74       ?GetDefaultFontInfo@CPaintManagerUI@DuiLib@@QAEPAUtagTFontInfo@2@XZ 0040cb74 f   DuiLib_d:DuiLib_d.dll
 0001:0000bb7a       ?SendMessageA@CWindowWnd@DuiLib@@QAEJIIJ@Z 0040cb7a f   DuiLib_d:DuiLib_d.dll
 0001:0000bb80       ?IsSelected@COptionUI@DuiLib@@QBE_NXZ 0040cb80 f   DuiLib_d:DuiLib_d.dll
 0001:0000bb86       ?FindControl@CPaintManagerUI@DuiLib@@QBEPAVCControlUI@2@PBD@Z 0040cb86 f   DuiLib_d:DuiLib_d.dll
 0001:0000bb8c       ??8CStdString@DuiLib@@QBE_NPBD@Z 0040cb8c f   DuiLib_d:DuiLib_d.dll
 0001:0000bb92       ??YCStdString@DuiLib@@QAEABV01@ABV01@@Z 0040cb92 f   DuiLib_d:DuiLib_d.dll
 0001:0000bb98       ??YCStdString@DuiLib@@QAEABV01@PBD@Z 0040cb98 f   DuiLib_d:DuiLib_d.dll
 0001:0000bb9e       ??0CStdString@DuiLib@@QAE@XZ 0040cb9e f   DuiLib_d:DuiLib_d.dll
 0001:0000bba4       ??0CSize@DuiLib@@QAE@XZ    0040cba4 f   DuiLib_d:DuiLib_d.dll
 0001:0000bbaa       ?ShowModal@CWindowWnd@DuiLib@@QAEIXZ 0040cbaa f   DuiLib_d:DuiLib_d.dll
 0001:0000bbb0       ?Close@CWindowWnd@DuiLib@@QAEXI@Z 0040cbb0 f   DuiLib_d:DuiLib_d.dll
 0001:0000bbb6       ??0CListTextElementUI@DuiLib@@QAE@XZ 0040cbb6 f   DuiLib_d:DuiLib_d.dll
 0001:0000bbbc       ?GetName@CControlUI@DuiLib@@UBE?AVCStdString@2@XZ 0040cbbc f   DuiLib_d:DuiLib_d.dll
 0001:0000bbc2       ?SetName@CControlUI@DuiLib@@UAEXPBD@Z 0040cbc2 f   DuiLib_d:DuiLib_d.dll
 0001:0000bbc8       ?GetClass@CListTextElementUI@DuiLib@@UBEPBDXZ 0040cbc8 f   DuiLib_d:DuiLib_d.dll
 0001:0000bbce       ?GetInterface@CListTextElementUI@DuiLib@@UAEPAXPBD@Z 0040cbce f   DuiLib_d:DuiLib_d.dll
 0001:0000bbd4       ?GetControlFlags@CListTextElementUI@DuiLib@@UBEIXZ 0040cbd4 f   DuiLib_d:DuiLib_d.dll
 0001:0000bbda       ?Activate@CListElementUI@DuiLib@@UAE_NXZ 0040cbda f   DuiLib_d:DuiLib_d.dll
 0001:0000bbe0       ?GetManager@CControlUI@DuiLib@@UBEPAVCPaintManagerUI@2@XZ 0040cbe0 f   DuiLib_d:DuiLib_d.dll
 0001:0000bbe6       ?SetManager@CControlUI@DuiLib@@UAEXPAVCPaintManagerUI@2@PAV12@_N@Z 0040cbe6 f   DuiLib_d:DuiLib_d.dll
 0001:0000bbec       ?GetParent@CControlUI@DuiLib@@UBEPAV12@XZ 0040cbec f   DuiLib_d:DuiLib_d.dll
 0001:0000bbf2       ?GetText@CControlUI@DuiLib@@UBE?AVCStdString@2@XZ 0040cbf2 f   DuiLib_d:DuiLib_d.dll
 0001:0000bbf8       ?SetText@CControlUI@DuiLib@@UAEXPBD@Z 0040cbf8 f   DuiLib_d:DuiLib_d.dll
 0001:0000bbfe       ?GetPos@CControlUI@DuiLib@@UBEABUtagRECT@@XZ 0040cbfe f   DuiLib_d:DuiLib_d.dll
 0001:0000bc04       ?SetPos@CControlUI@DuiLib@@UAEXUtagRECT@@@Z 0040cc04 f   DuiLib_d:DuiLib_d.dll
 0001:0000bc0a       ?GetWidth@CControlUI@DuiLib@@UBEHXZ 0040cc0a f   DuiLib_d:DuiLib_d.dll
 0001:0000bc10       ?GetHeight@CControlUI@DuiLib@@UBEHXZ 0040cc10 f   DuiLib_d:DuiLib_d.dll
 0001:0000bc16       ?GetX@CControlUI@DuiLib@@UBEHXZ 0040cc16 f   DuiLib_d:DuiLib_d.dll
 0001:0000bc1c       ?GetY@CControlUI@DuiLib@@UBEHXZ 0040cc1c f   DuiLib_d:DuiLib_d.dll
 0001:0000bc22       ?GetPadding@CControlUI@DuiLib@@UBE?AUtagRECT@@XZ 0040cc22 f   DuiLib_d:DuiLib_d.dll
 0001:0000bc28       ?SetPadding@CControlUI@DuiLib@@UAEXUtagRECT@@@Z 0040cc28 f   DuiLib_d:DuiLib_d.dll
 0001:0000bc2e       ?GetFixedXY@CControlUI@DuiLib@@UBE?AUtagSIZE@@XZ 0040cc2e f   DuiLib_d:DuiLib_d.dll
 0001:0000bc34       ?SetFixedXY@CControlUI@DuiLib@@UAEXUtagSIZE@@@Z 0040cc34 f   DuiLib_d:DuiLib_d.dll
 0001:0000bc3a       ?GetFixedWidth@CControlUI@DuiLib@@UBEHXZ 0040cc3a f   DuiLib_d:DuiLib_d.dll
 0001:0000bc40       ?SetFixedWidth@CControlUI@DuiLib@@UAEXH@Z 0040cc40 f   DuiLib_d:DuiLib_d.dll
 0001:0000bc46       ?GetFixedHeight@CControlUI@DuiLib@@UBEHXZ 0040cc46 f   DuiLib_d:DuiLib_d.dll
 0001:0000bc4c       ?SetFixedHeight@CControlUI@DuiLib@@UAEXH@Z 0040cc4c f   DuiLib_d:DuiLib_d.dll
 0001:0000bc52       ?GetMinWidth@CControlUI@DuiLib@@UBEHXZ 0040cc52 f   DuiLib_d:DuiLib_d.dll
 0001:0000bc58       ?SetMinWidth@CControlUI@DuiLib@@UAEXH@Z 0040cc58 f   DuiLib_d:DuiLib_d.dll
 0001:0000bc5e       ?GetMaxWidth@CControlUI@DuiLib@@UBEHXZ 0040cc5e f   DuiLib_d:DuiLib_d.dll
 0001:0000bc64       ?SetMaxWidth@CControlUI@DuiLib@@UAEXH@Z 0040cc64 f   DuiLib_d:DuiLib_d.dll
 0001:0000bc6a       ?GetMinHeight@CControlUI@DuiLib@@UBEHXZ 0040cc6a f   DuiLib_d:DuiLib_d.dll
 0001:0000bc70       ?SetMinHeight@CControlUI@DuiLib@@UAEXH@Z 0040cc70 f   DuiLib_d:DuiLib_d.dll
 0001:0000bc76       ?GetMaxHeight@CControlUI@DuiLib@@UBEHXZ 0040cc76 f   DuiLib_d:DuiLib_d.dll
 0001:0000bc7c       ?SetMaxHeight@CControlUI@DuiLib@@UAEXH@Z 0040cc7c f   DuiLib_d:DuiLib_d.dll
 0001:0000bc82       ?SetRelativePos@CControlUI@DuiLib@@UAEXUtagSIZE@@0@Z 0040cc82 f   DuiLib_d:DuiLib_d.dll
 0001:0000bc88       ?SetRelativeParentSize@CControlUI@DuiLib@@UAEXUtagSIZE@@@Z 0040cc88 f   DuiLib_d:DuiLib_d.dll
 0001:0000bc8e       ?GetRelativePos@CControlUI@DuiLib@@UBE?AUtagTRelativePosUI@2@XZ 0040cc8e f   DuiLib_d:DuiLib_d.dll
 0001:0000bc94       ?IsRelativePos@CControlUI@DuiLib@@UBE_NXZ 0040cc94 f   DuiLib_d:DuiLib_d.dll
 0001:0000bc9a       ?GetToolTip@CControlUI@DuiLib@@UBE?AVCStdString@2@XZ 0040cc9a f   DuiLib_d:DuiLib_d.dll
 0001:0000bca0       ?SetToolTip@CControlUI@DuiLib@@UAEXPBD@Z 0040cca0 f   DuiLib_d:DuiLib_d.dll
 0001:0000bca6       ?GetShortcut@CControlUI@DuiLib@@UBEDXZ 0040cca6 f   DuiLib_d:DuiLib_d.dll
 0001:0000bcac       ?SetShortcut@CControlUI@DuiLib@@UAEXD@Z 0040ccac f   DuiLib_d:DuiLib_d.dll
 0001:0000bcb2       ?IsContextMenuUsed@CControlUI@DuiLib@@UBE_NXZ 0040ccb2 f   DuiLib_d:DuiLib_d.dll
 0001:0000bcb8       ?SetContextMenuUsed@CControlUI@DuiLib@@UAEX_N@Z 0040ccb8 f   DuiLib_d:DuiLib_d.dll
 0001:0000bcbe       ?GetUserData@CControlUI@DuiLib@@UAEABVCStdString@2@XZ 0040ccbe f   DuiLib_d:DuiLib_d.dll
 0001:0000bcc4       ?SetUserData@CControlUI@DuiLib@@UAEXPBD@Z 0040ccc4 f   DuiLib_d:DuiLib_d.dll
 0001:0000bcca       ?GetTag@CControlUI@DuiLib@@UBEIXZ 0040ccca f   DuiLib_d:DuiLib_d.dll
 0001:0000bcd0       ?SetTag@CControlUI@DuiLib@@UAEXI@Z 0040ccd0 f   DuiLib_d:DuiLib_d.dll
 0001:0000bcd6       ?IsVisible@CControlUI@DuiLib@@UBE_NXZ 0040ccd6 f   DuiLib_d:DuiLib_d.dll
 0001:0000bcdc       ?SetVisible@CListElementUI@DuiLib@@UAEX_N@Z 0040ccdc f   DuiLib_d:DuiLib_d.dll
 0001:0000bce2       ?SetInternVisible@CControlUI@DuiLib@@UAEX_N@Z 0040cce2 f   DuiLib_d:DuiLib_d.dll
 0001:0000bce8       ?IsEnabled@CControlUI@DuiLib@@UBE_NXZ 0040cce8 f   DuiLib_d:DuiLib_d.dll
 0001:0000bcee       ?SetEnabled@CListElementUI@DuiLib@@UAEX_N@Z 0040ccee f   DuiLib_d:DuiLib_d.dll
 0001:0000bcf4       ?IsMouseEnabled@CControlUI@DuiLib@@UBE_NXZ 0040ccf4 f   DuiLib_d:DuiLib_d.dll
 0001:0000bcfa       ?SetMouseEnabled@CControlUI@DuiLib@@UAEX_N@Z 0040ccfa f   DuiLib_d:DuiLib_d.dll
 0001:0000bd00       ?IsKeyboardEnabled@CControlUI@DuiLib@@UBE_NXZ 0040cd00 f   DuiLib_d:DuiLib_d.dll
 0001:0000bd06       ?SetKeyboardEnabled@CControlUI@DuiLib@@UAEX_N@Z 0040cd06 f   DuiLib_d:DuiLib_d.dll
 0001:0000bd0c       ?IsFocused@CControlUI@DuiLib@@UBE_NXZ 0040cd0c f   DuiLib_d:DuiLib_d.dll
 0001:0000bd12       ?SetFocus@CControlUI@DuiLib@@UAEXXZ 0040cd12 f   DuiLib_d:DuiLib_d.dll
 0001:0000bd18       ?IsFloat@CControlUI@DuiLib@@UBE_NXZ 0040cd18 f   DuiLib_d:DuiLib_d.dll
 0001:0000bd1e       ?SetFloat@CControlUI@DuiLib@@UAEX_N@Z 0040cd1e f   DuiLib_d:DuiLib_d.dll
 0001:0000bd24       ?FindControl@CControlUI@DuiLib@@UAEPAV12@P6GPAV12@PAV12@PAX@Z1I@Z 0040cd24 f   DuiLib_d:DuiLib_d.dll
 0001:0000bd2a       ?Init@CControlUI@DuiLib@@UAEXXZ 0040cd2a f   DuiLib_d:DuiLib_d.dll
 0001:0000bd30       ?DoInit@CControlUI@DuiLib@@UAEXXZ 0040cd30 f   DuiLib_d:DuiLib_d.dll
 0001:0000bd36       ?Event@CControlUI@DuiLib@@UAEXAAUtagTEventUI@2@@Z 0040cd36 f   DuiLib_d:DuiLib_d.dll
 0001:0000bd3c       ?DoEvent@CListTextElementUI@DuiLib@@UAEXAAUtagTEventUI@2@@Z 0040cd3c f   DuiLib_d:DuiLib_d.dll
 0001:0000bd42       ?SetAttribute@CListElementUI@DuiLib@@UAEXPBD0@Z 0040cd42 f   DuiLib_d:DuiLib_d.dll
 0001:0000bd48       ?EstimateSize@CListTextElementUI@DuiLib@@UAE?AUtagSIZE@@U3@@Z 0040cd48 f   DuiLib_d:DuiLib_d.dll
 0001:0000bd4e       ?DoPaint@CListLabelElementUI@DuiLib@@UAEXPAUHDC__@@ABUtagRECT@@@Z 0040cd4e f   DuiLib_d:DuiLib_d.dll
 0001:0000bd54       ?PaintBkColor@CControlUI@DuiLib@@UAEXPAUHDC__@@@Z 0040cd54 f   DuiLib_d:DuiLib_d.dll
 0001:0000bd5a       ?PaintBkImage@CControlUI@DuiLib@@UAEXPAUHDC__@@@Z 0040cd5a f   DuiLib_d:DuiLib_d.dll
 0001:0000bd60       ?PaintStatusImage@CControlUI@DuiLib@@UAEXPAUHDC__@@@Z 0040cd60 f   DuiLib_d:DuiLib_d.dll
 0001:0000bd66       ?PaintText@CControlUI@DuiLib@@UAEXPAUHDC__@@@Z 0040cd66 f   DuiLib_d:DuiLib_d.dll
 0001:0000bd6c       ?PaintBorder@CControlUI@DuiLib@@UAEXPAUHDC__@@@Z 0040cd6c f   DuiLib_d:DuiLib_d.dll
 0001:0000bd72       ?DoPostPaint@CControlUI@DuiLib@@UAEXPAUHDC__@@ABUtagRECT@@@Z 0040cd72 f   DuiLib_d:DuiLib_d.dll
 0001:0000bd78       ?AddAt@CListUI@DuiLib@@UAE_NPAVCControlUI@2@H@Z 0040cd78 f   DuiLib_d:DuiLib_d.dll
 0001:0000bd7e       ?SetBkImage@CControlUI@DuiLib@@QAEXPBD@Z 0040cd7e f   DuiLib_d:DuiLib_d.dll
 0001:0000bd84       ??4CStdString@DuiLib@@QAEABV01@PBD@Z 0040cd84 f   DuiLib_d:DuiLib_d.dll
 0001:0000bd8a       ??0CListLabelElementUI@DuiLib@@QAE@XZ 0040cd8a f   DuiLib_d:DuiLib_d.dll
 0001:0000bd90       ?GetClass@CListLabelElementUI@DuiLib@@UBEPBDXZ 0040cd90 f   DuiLib_d:DuiLib_d.dll
 0001:0000bd96       ?GetInterface@CListLabelElementUI@DuiLib@@UAEPAXPBD@Z 0040cd96 f   DuiLib_d:DuiLib_d.dll
 0001:0000bd9c       ?GetControlFlags@CListElementUI@DuiLib@@UBEIXZ 0040cd9c f   DuiLib_d:DuiLib_d.dll
 0001:0000bda2       ?DoEvent@CListLabelElementUI@DuiLib@@UAEXAAUtagTEventUI@2@@Z 0040cda2 f   DuiLib_d:DuiLib_d.dll
 0001:0000bda8       ?EstimateSize@CListLabelElementUI@DuiLib@@UAE?AUtagSIZE@@U3@@Z 0040cda8 f   DuiLib_d:DuiLib_d.dll
 0001:0000bdae       ??1CListLabelElementUI@DuiLib@@UAE@XZ 0040cdae f   DuiLib_d:DuiLib_d.dll
 0001:0000bdb4       ?RemovePreMessageFilter@CPaintManagerUI@DuiLib@@QAE_NPAVIMessageFilterUI@2@@Z 0040cdb4 f   DuiLib_d:DuiLib_d.dll
 0001:0000bdba       ?HandleMessage@CWindowWnd@DuiLib@@MAEJIIJ@Z 0040cdba f   DuiLib_d:DuiLib_d.dll
 0001:0000bdc0       ?MessageHandler@CPaintManagerUI@DuiLib@@QAE_NIIJAAJ@Z 0040cdc0 f   DuiLib_d:DuiLib_d.dll
 0001:0000bdc6       ??1CDialogBuilder@DuiLib@@QAE@XZ 0040cdc6 f   DuiLib_d:DuiLib_d.dll
 0001:0000bdcc       ?AddNotifier@CPaintManagerUI@DuiLib@@QAE_NPAVINotifyUI@2@@Z 0040cdcc f   DuiLib_d:DuiLib_d.dll
 0001:0000bdd2       ?AttachDialog@CPaintManagerUI@DuiLib@@QAE_NPAVCControlUI@2@@Z 0040cdd2 f   DuiLib_d:DuiLib_d.dll
 0001:0000bdd8       ?Create@CDialogBuilder@DuiLib@@QAEPAVCControlUI@2@VSTRINGorID@2@PBDPAVIDialogBuilderCallback@2@PAVCPaintManagerUI@2@PAV32@@Z 0040cdd8 f   DuiLib_d:DuiLib_d.dll
 0001:0000bdde       ??0CDialogBuilder@DuiLib@@QAE@XZ 0040cdde f   DuiLib_d:DuiLib_d.dll
 0001:0000bde4       ?AddPreMessageFilter@CPaintManagerUI@DuiLib@@QAE_NPAVIMessageFilterUI@2@@Z 0040cde4 f   DuiLib_d:DuiLib_d.dll
 0001:0000bdea       ?Init@CPaintManagerUI@DuiLib@@QAEXPAUHWND__@@@Z 0040cdea f   DuiLib_d:DuiLib_d.dll
 0001:0000bdf0       ?FindControl@CPaintManagerUI@DuiLib@@QBEPAVCControlUI@2@UtagPOINT@@@Z 0040cdf0 f   DuiLib_d:DuiLib_d.dll
 0001:0000bdf6       ?GetCaptionRect@CPaintManagerUI@DuiLib@@QAEAAUtagRECT@@XZ 0040cdf6 f   DuiLib_d:DuiLib_d.dll
 0001:0000bdfc       ?Offset@CRect@DuiLib@@QAEXHH@Z 0040cdfc f   DuiLib_d:DuiLib_d.dll
 0001:0000be02       ??0CRect@DuiLib@@QAE@XZ    0040ce02 f   DuiLib_d:DuiLib_d.dll
 0001:0000be08       ?GetRoundCorner@CPaintManagerUI@DuiLib@@QBE?AUtagSIZE@@XZ 0040ce08 f   DuiLib_d:DuiLib_d.dll
 0001:0000be0e       ?IsEmpty@CStdString@DuiLib@@QBE_NXZ 0040ce0e f   DuiLib_d:DuiLib_d.dll
 0001:0000be14       ??1CListUI@DuiLib@@UAE@XZ  0040ce14 f   DuiLib_d:DuiLib_d.dll
 0001:0000be1a       ?SetItemShowHtml@CListUI@DuiLib@@QAEX_N@Z 0040ce1a f   DuiLib_d:DuiLib_d.dll
 0001:0000be20       ??0CListUI@DuiLib@@QAE@XZ  0040ce20 f   DuiLib_d:DuiLib_d.dll
 0001:0000be26       ?GetClass@CListUI@DuiLib@@UBEPBDXZ 0040ce26 f   DuiLib_d:DuiLib_d.dll
 0001:0000be2c       ?GetInterface@CListUI@DuiLib@@UAEPAXPBD@Z 0040ce2c f   DuiLib_d:DuiLib_d.dll
 0001:0000be32       ?GetControlFlags@CListUI@DuiLib@@UBEIXZ 0040ce32 f   DuiLib_d:DuiLib_d.dll
 0001:0000be38       ?Activate@CControlUI@DuiLib@@UAE_NXZ 0040ce38 f   DuiLib_d:DuiLib_d.dll
 0001:0000be3e       ?SetManager@CContainerUI@DuiLib@@UAEXPAVCPaintManagerUI@2@PAVCControlUI@2@_N@Z 0040ce3e f   DuiLib_d:DuiLib_d.dll
 0001:0000be44       ?SetPos@CListUI@DuiLib@@UAEXUtagRECT@@@Z 0040ce44 f   DuiLib_d:DuiLib_d.dll
 0001:0000be4a       ?SetEnabled@CControlUI@DuiLib@@UAEX_N@Z 0040ce4a f   DuiLib_d:DuiLib_d.dll
 0001:0000be50       ?SetMouseEnabled@CContainerUI@DuiLib@@UAEX_N@Z 0040ce50 f   DuiLib_d:DuiLib_d.dll
 0001:0000be56       ?FindControl@CContainerUI@DuiLib@@UAEPAVCControlUI@2@P6GPAV32@PAV32@PAX@Z1I@Z 0040ce56 f   DuiLib_d:DuiLib_d.dll
 0001:0000be5c       ?SetAttribute@CListUI@DuiLib@@UAEXPBD0@Z 0040ce5c f   DuiLib_d:DuiLib_d.dll
 0001:0000be62       ?EstimateSize@CControlUI@DuiLib@@UAE?AUtagSIZE@@U3@@Z 0040ce62 f   DuiLib_d:DuiLib_d.dll
 0001:0000be68       ?DoPaint@CContainerUI@DuiLib@@UAEXPAUHDC__@@ABUtagRECT@@@Z 0040ce68 f   DuiLib_d:DuiLib_d.dll
 0001:0000be6e       ?DoPostPaint@CVerticalLayoutUI@DuiLib@@UAEXPAUHDC__@@ABUtagRECT@@@Z 0040ce6e f   DuiLib_d:DuiLib_d.dll
 0001:0000be74       ?GetInset@CContainerUI@DuiLib@@UBE?AUtagRECT@@XZ 0040ce74 f   DuiLib_d:DuiLib_d.dll
 0001:0000be7a       ?SetInset@CContainerUI@DuiLib@@UAEXUtagRECT@@@Z 0040ce7a f   DuiLib_d:DuiLib_d.dll
 0001:0000be80       ?GetChildPadding@CListUI@DuiLib@@UBEHXZ 0040ce80 f   DuiLib_d:DuiLib_d.dll
 0001:0000be86       ?SetChildPadding@CListUI@DuiLib@@UAEXH@Z 0040ce86 f   DuiLib_d:DuiLib_d.dll
 0001:0000be8c       ?IsAutoDestroy@CContainerUI@DuiLib@@UBE_NXZ 0040ce8c f   DuiLib_d:DuiLib_d.dll
 0001:0000be92       ?SetAutoDestroy@CContainerUI@DuiLib@@UAEX_N@Z 0040ce92 f   DuiLib_d:DuiLib_d.dll
 0001:0000be98       ?IsDelayedDestroy@CContainerUI@DuiLib@@UBE_NXZ 0040ce98 f   DuiLib_d:DuiLib_d.dll
 0001:0000be9e       ?SetDelayedDestroy@CContainerUI@DuiLib@@UAEX_N@Z 0040ce9e f   DuiLib_d:DuiLib_d.dll
 0001:0000bea4       ?IsMouseChildEnabled@CContainerUI@DuiLib@@UBE_NXZ 0040cea4 f   DuiLib_d:DuiLib_d.dll
 0001:0000beaa       ?SetMouseChildEnabled@CContainerUI@DuiLib@@UAEX_N@Z 0040ceaa f   DuiLib_d:DuiLib_d.dll
 0001:0000beb0       ?FindSelectable@CContainerUI@DuiLib@@UBEHH_N@Z 0040ceb0 f   DuiLib_d:DuiLib_d.dll
 0001:0000beb6       ?GetScrollPos@CListUI@DuiLib@@UBE?AUtagSIZE@@XZ 0040ceb6 f   DuiLib_d:DuiLib_d.dll
 0001:0000bebc       ?GetScrollRange@CListUI@DuiLib@@UBE?AUtagSIZE@@XZ 0040cebc f   DuiLib_d:DuiLib_d.dll
 0001:0000bec2       ?SetScrollPos@CListUI@DuiLib@@UAEXUtagSIZE@@@Z 0040cec2 f   DuiLib_d:DuiLib_d.dll
 0001:0000bec8       ?LineUp@CListUI@DuiLib@@UAEXXZ 0040cec8 f   DuiLib_d:DuiLib_d.dll
 0001:0000bece       ?LineDown@CListUI@DuiLib@@UAEXXZ 0040cece f   DuiLib_d:DuiLib_d.dll
 0001:0000bed4       ?PageUp@CListUI@DuiLib@@UAEXXZ 0040ced4 f   DuiLib_d:DuiLib_d.dll
 0001:0000beda       ?PageDown@CListUI@DuiLib@@UAEXXZ 0040ceda f   DuiLib_d:DuiLib_d.dll
 0001:0000bee0       ?HomeUp@CListUI@DuiLib@@UAEXXZ 0040cee0 f   DuiLib_d:DuiLib_d.dll
 0001:0000bee6       ?EndDown@CListUI@DuiLib@@UAEXXZ 0040cee6 f   DuiLib_d:DuiLib_d.dll
 0001:0000beec       ?LineLeft@CListUI@DuiLib@@UAEXXZ 0040ceec f   DuiLib_d:DuiLib_d.dll
 0001:0000bef2       ?LineRight@CListUI@DuiLib@@UAEXXZ 0040cef2 f   DuiLib_d:DuiLib_d.dll
 0001:0000bef8       ?PageLeft@CListUI@DuiLib@@UAEXXZ 0040cef8 f   DuiLib_d:DuiLib_d.dll
 0001:0000befe       ?PageRight@CListUI@DuiLib@@UAEXXZ 0040cefe f   DuiLib_d:DuiLib_d.dll
 0001:0000bf04       ?HomeLeft@CListUI@DuiLib@@UAEXXZ 0040cf04 f   DuiLib_d:DuiLib_d.dll
 0001:0000bf0a       ?EndRight@CListUI@DuiLib@@UAEXXZ 0040cf0a f   DuiLib_d:DuiLib_d.dll
 0001:0000bf10       ?EnableScrollBar@CListUI@DuiLib@@UAEX_N0@Z 0040cf10 f   DuiLib_d:DuiLib_d.dll
 0001:0000bf16       ?GetVerticalScrollBar@CListUI@DuiLib@@UBEPAVCScrollBarUI@2@XZ 0040cf16 f   DuiLib_d:DuiLib_d.dll
 0001:0000bf1c       ?GetHorizontalScrollBar@CListUI@DuiLib@@UBEPAVCScrollBarUI@2@XZ 0040cf1c f   DuiLib_d:DuiLib_d.dll
 0001:0000bf22       ?SetFloatPos@CContainerUI@DuiLib@@MAEXH@Z 0040cf22 f   DuiLib_d:DuiLib_d.dll
 0001:0000bf28       ?ProcessScrollBar@CContainerUI@DuiLib@@MAEXUtagRECT@@HH@Z 0040cf28 f   DuiLib_d:DuiLib_d.dll
 0001:0000bf2e       ?GetItemAt@CListUI@DuiLib@@UBEPAVCControlUI@2@H@Z 0040cf2e f   DuiLib_d:DuiLib_d.dll
 0001:0000bf34       ?GetItemIndex@CListUI@DuiLib@@UBEHPAVCControlUI@2@@Z 0040cf34 f   DuiLib_d:DuiLib_d.dll
 0001:0000bf3a       ?SetItemIndex@CListUI@DuiLib@@UAE_NPAVCControlUI@2@H@Z 0040cf3a f   DuiLib_d:DuiLib_d.dll
 0001:0000bf40       ?GetCount@CListUI@DuiLib@@UBEHXZ 0040cf40 f   DuiLib_d:DuiLib_d.dll
 0001:0000bf46       ?GetListInfo@CListUI@DuiLib@@UAEPAUtagTListInfoUI@2@XZ 0040cf46 f   DuiLib_d:DuiLib_d.dll
 0001:0000bf4c       ?GetCurSel@CListUI@DuiLib@@UBEHXZ 0040cf4c f   DuiLib_d:DuiLib_d.dll
 0001:0000bf52       ?SelectItem@CListUI@DuiLib@@UAE_NH_N@Z 0040cf52 f   DuiLib_d:DuiLib_d.dll
 0001:0000bf58       ?GetHeader@CListUI@DuiLib@@UBEPAVCListHeaderUI@2@XZ 0040cf58 f   DuiLib_d:DuiLib_d.dll
 0001:0000bf5e       ?GetList@CListUI@DuiLib@@UBEPAVCContainerUI@2@XZ 0040cf5e f   DuiLib_d:DuiLib_d.dll
 0001:0000bf64       ?GetTextCallback@CListUI@DuiLib@@UBEPAVIListCallbackUI@2@XZ 0040cf64 f   DuiLib_d:DuiLib_d.dll
 0001:0000bf6a       ?SetTextCallback@CListUI@DuiLib@@UAEXPAVIListCallbackUI@2@@Z 0040cf6a f   DuiLib_d:DuiLib_d.dll
 0001:0000bf70       ?ExpandItem@CListUI@DuiLib@@UAE_NH_N@Z 0040cf70 f   DuiLib_d:DuiLib_d.dll
 0001:0000bf76       ?GetExpandedItem@CListUI@DuiLib@@UBEHXZ 0040cf76 f   DuiLib_d:DuiLib_d.dll
 0001:0000bf7c       ?Add@CListUI@DuiLib@@UAE_NPAVCControlUI@2@@Z 0040cf7c f   DuiLib_d:DuiLib_d.dll
 0001:0000bf82       ?Remove@CListUI@DuiLib@@UAE_NPAVCControlUI@2@@Z 0040cf82 f   DuiLib_d:DuiLib_d.dll
 0001:0000bf88       ?RemoveAt@CListUI@DuiLib@@UAE_NH@Z 0040cf88 f   DuiLib_d:DuiLib_d.dll
 0001:0000bf8e       ?RemoveAll@CListUI@DuiLib@@UAEXXZ 0040cf8e f   DuiLib_d:DuiLib_d.dll
 0001:0000bf94       ?SetVisible@CControlUI@DuiLib@@UAEX_N@Z 0040cf94 f   DuiLib_d:DuiLib_d.dll
 0001:0000bf9a       ?DoEvent@CListUI@DuiLib@@UAEXAAUtagTEventUI@2@@Z 0040cf9a f   DuiLib_d:DuiLib_d.dll
 0001:0000bfa0       ?SetTimer@CPaintManagerUI@DuiLib@@QAE_NPAVCControlUI@2@II@Z 0040cfa0 f   DuiLib_d:DuiLib_d.dll
 0001:0000bfa6       ?KillTimer@CPaintManagerUI@DuiLib@@QAE_NPAVCControlUI@2@I@Z 0040cfa6 f   DuiLib_d:DuiLib_d.dll
 0001:0000bfac       ?DoEvent@CVerticalLayoutUI@DuiLib@@UAEXAAUtagTEventUI@2@@Z 0040cfac f   DuiLib_d:DuiLib_d.dll
 0001:0000bfb2       ??1CTileLayoutUI@DuiLib@@UAE@XZ 0040cfb2 f   DuiLib_d:DuiLib_d.dll
 0001:0000bfb8       ?RemoveAll@CContainerUI@DuiLib@@UAEXXZ 0040cfb8 f   DuiLib_d:DuiLib_d.dll
 0001:0000bfbe       ??0CStdString@DuiLib@@QAE@PBDH@Z 0040cfbe f   DuiLib_d:DuiLib_d.dll
 0001:0000bfc4       ?Add@CContainerUI@DuiLib@@UAE_NPAVCControlUI@2@@Z 0040cfc4 f   DuiLib_d:DuiLib_d.dll
 0001:0000bfca       ?Create@CDialogBuilder@DuiLib@@QAEPAVCControlUI@2@PAVIDialogBuilderCallback@2@PAVCPaintManagerUI@2@PAV32@@Z 0040cfca f   DuiLib_d:DuiLib_d.dll
 0001:0000bfd0       ?SetItemSize@CTileLayoutUI@DuiLib@@QAEXUtagSIZE@@@Z 0040cfd0 f   DuiLib_d:DuiLib_d.dll
 0001:0000bfd6       ??0CSize@DuiLib@@QAE@HH@Z  0040cfd6 f   DuiLib_d:DuiLib_d.dll
 0001:0000bfdc       ??0CTileLayoutUI@DuiLib@@QAE@XZ 0040cfdc f   DuiLib_d:DuiLib_d.dll
 0001:0000bfe2       ?GetClass@CTileLayoutUI@DuiLib@@UBEPBDXZ 0040cfe2 f   DuiLib_d:DuiLib_d.dll
 0001:0000bfe8       ?GetInterface@CTileLayoutUI@DuiLib@@UAEPAXPBD@Z 0040cfe8 f   DuiLib_d:DuiLib_d.dll
 0001:0000bfee       ?GetControlFlags@CControlUI@DuiLib@@UBEIXZ 0040cfee f   DuiLib_d:DuiLib_d.dll
 0001:0000bff4       ?SetPos@CTileLayoutUI@DuiLib@@UAEXUtagRECT@@@Z 0040cff4 f   DuiLib_d:DuiLib_d.dll
 0001:0000bffa       ?SetVisible@CContainerUI@DuiLib@@UAEX_N@Z 0040cffa f   DuiLib_d:DuiLib_d.dll
 0001:0000c000       ?SetInternVisible@CContainerUI@DuiLib@@UAEX_N@Z 0040d000 f   DuiLib_d:DuiLib_d.dll
 0001:0000c006       ?SetAttribute@CTileLayoutUI@DuiLib@@UAEXPBD0@Z 0040d006 f   DuiLib_d:DuiLib_d.dll
 0001:0000c00c       ?GetChildPadding@CContainerUI@DuiLib@@UBEHXZ 0040d00c f   DuiLib_d:DuiLib_d.dll
 0001:0000c012       ?SetChildPadding@CContainerUI@DuiLib@@UAEXH@Z 0040d012 f   DuiLib_d:DuiLib_d.dll
 0001:0000c018       ?GetScrollPos@CContainerUI@DuiLib@@UBE?AUtagSIZE@@XZ 0040d018 f   DuiLib_d:DuiLib_d.dll
 0001:0000c01e       ?GetScrollRange@CContainerUI@DuiLib@@UBE?AUtagSIZE@@XZ 0040d01e f   DuiLib_d:DuiLib_d.dll
 0001:0000c024       ?SetScrollPos@CContainerUI@DuiLib@@UAEXUtagSIZE@@@Z 0040d024 f   DuiLib_d:DuiLib_d.dll
 0001:0000c02a       ?LineUp@CContainerUI@DuiLib@@UAEXXZ 0040d02a f   DuiLib_d:DuiLib_d.dll
 0001:0000c030       ?LineDown@CContainerUI@DuiLib@@UAEXXZ 0040d030 f   DuiLib_d:DuiLib_d.dll
 0001:0000c036       ?PageUp@CContainerUI@DuiLib@@UAEXXZ 0040d036 f   DuiLib_d:DuiLib_d.dll
 0001:0000c03c       ?PageDown@CContainerUI@DuiLib@@UAEXXZ 0040d03c f   DuiLib_d:DuiLib_d.dll
 0001:0000c042       ?HomeUp@CContainerUI@DuiLib@@UAEXXZ 0040d042 f   DuiLib_d:DuiLib_d.dll
 0001:0000c048       ?EndDown@CContainerUI@DuiLib@@UAEXXZ 0040d048 f   DuiLib_d:DuiLib_d.dll
 0001:0000c04e       ?LineLeft@CContainerUI@DuiLib@@UAEXXZ 0040d04e f   DuiLib_d:DuiLib_d.dll
 0001:0000c054       ?LineRight@CContainerUI@DuiLib@@UAEXXZ 0040d054 f   DuiLib_d:DuiLib_d.dll
 0001:0000c05a       ?PageLeft@CContainerUI@DuiLib@@UAEXXZ 0040d05a f   DuiLib_d:DuiLib_d.dll
 0001:0000c060       ?PageRight@CContainerUI@DuiLib@@UAEXXZ 0040d060 f   DuiLib_d:DuiLib_d.dll
 0001:0000c066       ?HomeLeft@CContainerUI@DuiLib@@UAEXXZ 0040d066 f   DuiLib_d:DuiLib_d.dll
 0001:0000c06c       ?EndRight@CContainerUI@DuiLib@@UAEXXZ 0040d06c f   DuiLib_d:DuiLib_d.dll
 0001:0000c072       ?EnableScrollBar@CContainerUI@DuiLib@@UAEX_N0@Z 0040d072 f   DuiLib_d:DuiLib_d.dll
 0001:0000c078       ?GetVerticalScrollBar@CContainerUI@DuiLib@@UBEPAVCScrollBarUI@2@XZ 0040d078 f   DuiLib_d:DuiLib_d.dll
 0001:0000c07e       ?GetHorizontalScrollBar@CContainerUI@DuiLib@@UBEPAVCScrollBarUI@2@XZ 0040d07e f   DuiLib_d:DuiLib_d.dll
 0001:0000c084       ?GetItemAt@CContainerUI@DuiLib@@UBEPAVCControlUI@2@H@Z 0040d084 f   DuiLib_d:DuiLib_d.dll
 0001:0000c08a       ?GetItemIndex@CContainerUI@DuiLib@@UBEHPAVCControlUI@2@@Z 0040d08a f   DuiLib_d:DuiLib_d.dll
 0001:0000c090       ?SetItemIndex@CContainerUI@DuiLib@@UAE_NPAVCControlUI@2@H@Z 0040d090 f   DuiLib_d:DuiLib_d.dll
 0001:0000c096       ?GetCount@CContainerUI@DuiLib@@UBEHXZ 0040d096 f   DuiLib_d:DuiLib_d.dll
 0001:0000c09c       ?AddAt@CContainerUI@DuiLib@@UAE_NPAVCControlUI@2@H@Z 0040d09c f   DuiLib_d:DuiLib_d.dll
 0001:0000c0a2       ?Remove@CContainerUI@DuiLib@@UAE_NPAVCControlUI@2@@Z 0040d0a2 f   DuiLib_d:DuiLib_d.dll
 0001:0000c0a8       ?RemoveAt@CContainerUI@DuiLib@@UAE_NH@Z 0040d0a8 f   DuiLib_d:DuiLib_d.dll
 0001:0000c0ae       ?GetMousePos@CPaintManagerUI@DuiLib@@QBE?AUtagPOINT@@XZ 0040d0ae f   DuiLib_d:DuiLib_d.dll
 0001:0000c0b4       ?DoEvent@CContainerUI@DuiLib@@UAEXAAUtagTEventUI@2@@Z 0040d0b4 f   DuiLib_d:DuiLib_d.dll
 0001:0000c0ba       ??1CPaintManagerUI@DuiLib@@QAE@XZ 0040d0ba f   DuiLib_d:DuiLib_d.dll
 0001:0000c0c0       ?ReplaceSel@CRichEditUI@DuiLib@@QAEXPBD_N@Z 0040d0c0 f   DuiLib_d:DuiLib_d.dll
 0001:0000c0c6       ?GetControl@CActiveXUI@DuiLib@@QAEJU_GUID@@PAPAX@Z 0040d0c6 f   DuiLib_d:DuiLib_d.dll
 0001:0000c0cc       ?GetSizeBox@CPaintManagerUI@DuiLib@@QAEAAUtagRECT@@XZ 0040d0cc f   DuiLib_d:DuiLib_d.dll
 0001:0000c0d2       ??0CRect@DuiLib@@QAE@ABUtagRECT@@@Z 0040d0d2 f   DuiLib_d:DuiLib_d.dll
 0001:0000c0d8       ??1CListTextElementUI@DuiLib@@UAE@XZ 0040d0d8 f   DuiLib_d:DuiLib_d.dll
 0001:0000c0e0       ??0_Init_locks@std@@QAE@XZ 0040d0e0 f   libcpmtd:xlock.obj
 0001:0000c130       ??1_Init_locks@std@@QAE@XZ 0040d130 f   libcpmtd:xlock.obj
 0001:0000c180       ?_Init_locks_ctor@_Init_locks@std@@CAXPAV12@@Z 0040d180 f   libcpmtd:xlock.obj
 0001:0000c1d0       ?_Init_locks_dtor@_Init_locks@std@@CAXPAV12@@Z 0040d1d0 f   libcpmtd:xlock.obj
 0001:0000c220       ??0_Lockit@std@@QAE@XZ     0040d220 f   libcpmtd:xlock.obj
 0001:0000c250       ??0_Lockit@std@@QAE@H@Z    0040d250 f   libcpmtd:xlock.obj
 0001:0000c290       ??1_Lockit@std@@QAE@XZ     0040d290 f   libcpmtd:xlock.obj
 0001:0000c2c0       ?_Lockit_ctor@_Lockit@std@@CAXPAV12@@Z 0040d2c0 f   libcpmtd:xlock.obj
 0001:0000c2e0       ?_Lockit_ctor@_Lockit@std@@CAXPAV12@H@Z 0040d2e0 f   libcpmtd:xlock.obj
 0001:0000c310       ?_Lockit_dtor@_Lockit@std@@CAXPAV12@@Z 0040d310 f   libcpmtd:xlock.obj
 0001:0000c330       ?_Lockit_ctor@_Lockit@std@@SAXH@Z 0040d330 f   libcpmtd:xlock.obj
 0001:0000c350       ?_Lockit_dtor@_Lockit@std@@SAXH@Z 0040d350 f   libcpmtd:xlock.obj
 0001:0000c370       ?_Debug_message@std@@YAXPB_W0I@Z 0040d370 f   libcpmtd:stdthrow.obj
 0001:0000c3a0       ?_Debug_message@std@@YAXPBG0I@Z 0040d3a0 f   libcpmtd:stdthrow.obj
 0001:0000c3c0       ?_Xinvalid_argument@std@@YAXPBD@Z 0040d3c0 f   libcpmtd:xthrow.obj
 0001:0000c3f0       ??0invalid_argument@std@@QAE@PBD@Z 0040d3f0 f i libcpmtd:xthrow.obj
 0001:0000c420       ??0logic_error@std@@QAE@PBD@Z 0040d420 f i libcpmtd:xthrow.obj
 0001:0000c450       ??_Elogic_error@std@@UAEPAXI@Z 0040d450 f i libcpmtd:xthrow.obj
 0001:0000c450       ??_Glogic_error@std@@UAEPAXI@Z 0040d450 f i libcpmtd:xthrow.obj
 0001:0000c480       ??1logic_error@std@@UAE@XZ 0040d480 f i libcpmtd:xthrow.obj
 0001:0000c4a0       ??_Einvalid_argument@std@@UAEPAXI@Z 0040d4a0 f i libcpmtd:xthrow.obj
 0001:0000c4a0       ??_Ginvalid_argument@std@@UAEPAXI@Z 0040d4a0 f i libcpmtd:xthrow.obj
 0001:0000c4d0       ??1invalid_argument@std@@UAE@XZ 0040d4d0 f i libcpmtd:xthrow.obj
 0001:0000c4f0       ??0invalid_argument@std@@QAE@ABV01@@Z 0040d4f0 f i libcpmtd:xthrow.obj
 0001:0000c520       ??0logic_error@std@@QAE@ABV01@@Z 0040d520 f i libcpmtd:xthrow.obj
 0001:0000c550       ?_Xlength_error@std@@YAXPBD@Z 0040d550 f   libcpmtd:xthrow.obj
 0001:0000c580       ??0length_error@std@@QAE@PBD@Z 0040d580 f i libcpmtd:xthrow.obj
 0001:0000c5b0       ??_Elength_error@std@@UAEPAXI@Z 0040d5b0 f i libcpmtd:xthrow.obj
 0001:0000c5b0       ??_Glength_error@std@@UAEPAXI@Z 0040d5b0 f i libcpmtd:xthrow.obj
 0001:0000c5e0       ??1length_error@std@@UAE@XZ 0040d5e0 f i libcpmtd:xthrow.obj
 0001:0000c600       ??0length_error@std@@QAE@ABV01@@Z 0040d600 f i libcpmtd:xthrow.obj
 0001:0000c630       ?_Xout_of_range@std@@YAXPBD@Z 0040d630 f   libcpmtd:xthrow.obj
 0001:0000c660       ??0out_of_range@std@@QAE@PBD@Z 0040d660 f i libcpmtd:xthrow.obj
 0001:0000c690       ??_Eout_of_range@std@@UAEPAXI@Z 0040d690 f i libcpmtd:xthrow.obj
 0001:0000c690       ??_Gout_of_range@std@@UAEPAXI@Z 0040d690 f i libcpmtd:xthrow.obj
 0001:0000c6c0       ??1out_of_range@std@@UAE@XZ 0040d6c0 f i libcpmtd:xthrow.obj
 0001:0000c6e0       ??0out_of_range@std@@QAE@ABV01@@Z 0040d6e0 f i libcpmtd:xthrow.obj
 0001:0000c710       ?_Xoverflow_error@std@@YAXPBD@Z 0040d710 f   libcpmtd:xthrow.obj
 0001:0000c740       ??0overflow_error@std@@QAE@PBD@Z 0040d740 f i libcpmtd:xthrow.obj
 0001:0000c770       ??0runtime_error@std@@QAE@PBD@Z 0040d770 f i libcpmtd:xthrow.obj
 0001:0000c7a0       ??_Gruntime_error@std@@UAEPAXI@Z 0040d7a0 f i libcpmtd:xthrow.obj
 0001:0000c7a0       ??_Eruntime_error@std@@UAEPAXI@Z 0040d7a0 f i libcpmtd:xthrow.obj
 0001:0000c7d0       ??1runtime_error@std@@UAE@XZ 0040d7d0 f i libcpmtd:xthrow.obj
 0001:0000c7f0       ??_Goverflow_error@std@@UAEPAXI@Z 0040d7f0 f i libcpmtd:xthrow.obj
 0001:0000c7f0       ??_Eoverflow_error@std@@UAEPAXI@Z 0040d7f0 f i libcpmtd:xthrow.obj
 0001:0000c820       ??1overflow_error@std@@UAE@XZ 0040d820 f i libcpmtd:xthrow.obj
 0001:0000c840       ??0overflow_error@std@@QAE@ABV01@@Z 0040d840 f i libcpmtd:xthrow.obj
 0001:0000c870       ??0runtime_error@std@@QAE@ABV01@@Z 0040d870 f i libcpmtd:xthrow.obj
 0001:0000c8a0       ?_Xruntime_error@std@@YAXPBD@Z 0040d8a0 f   libcpmtd:xthrow.obj
 0001:0000c8d0       __Once                     0040d8d0 f   libcpmtd:xmtx.obj
 0001:0000c930       __Mtxinit                  0040d930 f   libcpmtd:xmtx.obj
 0001:0000c950       __Mtxdst                   0040d950 f   libcpmtd:xmtx.obj
 0001:0000c970       __Mtxlock                  0040d970 f   libcpmtd:xmtx.obj
 0001:0000c990       __Mtxunlock                0040d990 f   libcpmtd:xmtx.obj
 0001:0000c9b0       ??2@YAPAXI@Z               0040d9b0 f   LIBCMTD:new.obj
 0001:0000ca30       ??0bad_alloc@std@@QAE@XZ   0040da30 f i LIBCMTD:new.obj
 0001:0000ca60       @__security_check_cookie@4 0040da60 f   LIBCMTD:secchk.obj
 0001:0000ca70       __RTC_CheckEsp             0040da70 f   LIBCMTD:_stack_.obj
 0001:0000caa0       @_RTC_CheckStackVars@8     0040daa0 f   LIBCMTD:_stack_.obj
 0001:0000cb10       @_RTC_AllocaHelper@12      0040db10 f   LIBCMTD:_stack_.obj
 0001:0000cb50       @_RTC_CheckStackVars2@12   0040db50 f   LIBCMTD:_stack_.obj
 0001:0000cc30       __RTC_InitBase             0040dc30 f   LIBCMTD:_init_.obj
 0001:0000cc60       __RTC_Shutdown             0040dc60 f   LIBCMTD:_init_.obj
 0001:0000cc80       ?name@type_info@@QBEPBDPAU__type_info_node@@@Z 0040dc80 f   LIBCMTD:typinfo.obj
 0001:0000cca0       ??1type_info@@UAE@XZ       0040dca0 f   LIBCMTD:typinfo.obj
 0001:0000ccd0       ??_Gtype_info@@UAEPAXI@Z   0040dcd0 f i LIBCMTD:typinfo.obj
 0001:0000ccd0       ??_Etype_info@@UAEPAXI@Z   0040dcd0 f i LIBCMTD:typinfo.obj
 0001:0000cd00       ?_name_internal_method@type_info@@QBEPBDPAU__type_info_node@@@Z 0040dd00 f   LIBCMTD:typinfo.obj
 0001:0000cd20       ?_type_info_dtor_internal_method@type_info@@QAEXXZ 0040dd20 f   LIBCMTD:typinfo.obj
 0001:0000cd40       ??8type_info@@QBE_NABV0@@Z 0040dd40 f   LIBCMTD:typinfo.obj
 0001:0000cd70       ??9type_info@@QBE_NABV0@@Z 0040dd70 f   LIBCMTD:typinfo.obj
 0001:0000cda0       ?before@type_info@@QBEHABV1@@Z 0040dda0 f   LIBCMTD:typinfo.obj
 0001:0000cdd0       ?raw_name@type_info@@QBEPBDXZ 0040ddd0 f   LIBCMTD:typinfo.obj
 0001:0000cdf0       ??0type_info@@AAE@ABV0@@Z  0040ddf0 f   LIBCMTD:typinfo.obj
 0001:0000ce10       ??4type_info@@AAEAAV0@ABV0@@Z 0040de10 f   LIBCMTD:typinfo.obj
 0001:0000ce30       __purecall                 0040de30 f   LIBCMTD:purevirt.obj
 0001:0000ce70       __set_purecall_handler     0040de70 f   LIBCMTD:purevirt.obj
 0001:0000ceb0       __get_purecall_handler     0040deb0 f   LIBCMTD:purevirt.obj
 0001:0000ced0       _memset                    0040ded0 f   LIBCMTD:memset.obj
 0001:0000cf50       ?_JumpToContinuation@@YGXPAXPAUEHRegistrationNode@@@Z 0040df50 f   LIBCMTD:_trnsctrl_.obj
 0001:0000cf90       ?_CallMemberFunction0@@YGXPAX0@Z 0040df90 f   LIBCMTD:_trnsctrl_.obj
 0001:0000cfa0       ?_CallMemberFunction1@@YGXPAX00@Z 0040dfa0 f   LIBCMTD:_trnsctrl_.obj
 0001:0000cfb0       ?_CallMemberFunction2@@YGXPAX00H@Z 0040dfb0 f   LIBCMTD:_trnsctrl_.obj
 0001:0000cfc0       ?_UnwindNestedFrames@@YGXPAUEHRegistrationNode@@PAUEHExceptionRecord@@@Z 0040dfc0 f   LIBCMTD:_trnsctrl_.obj
 0001:0000d020       ___CxxFrameHandler         0040e020 f   LIBCMTD:_trnsctrl_.obj
 0001:0000d060       ___CxxFrameHandler3        0040e060 f   LIBCMTD:_trnsctrl_.obj
 0001:0000d0a0       ___CxxFrameHandler2        0040e0a0 f   LIBCMTD:_trnsctrl_.obj
 0001:0000d0e0       ___CxxLongjmpUnwind@4      0040e0e0 f   LIBCMTD:_trnsctrl_.obj
 0001:0000d110       ?_CallCatchBlock2@@YAPAXPAUEHRegistrationNode@@PBU_s_FuncInfo@@PAXHK@Z 0040e110 f   LIBCMTD:_trnsctrl_.obj
 0001:0000d1d0       ?_CallSETranslator@@YAHPAUEHExceptionRecord@@PAUEHRegistrationNode@@PAX2PBU_s_FuncInfo@@H1@Z 0040e1d0 f   LIBCMTD:_trnsctrl_.obj
 0001:0000d370       ?_GetRangeOfTrysToCheck@@YAPBU_s_TryBlockMapEntry@@PBU_s_FuncInfo@@HHPAI1@Z 0040e370 f   LIBCMTD:_trnsctrl_.obj
 0001:0000d3f0       __CreateFrameInfo          0040e3f0 f   LIBCMTD:_trnsctrl_.obj
 0001:0000d420       __IsExceptionObjectToBeDestroyed 0040e420 f   LIBCMTD:_trnsctrl_.obj
 0001:0000d450       __FindAndUnlinkFrame       0040e450 f   LIBCMTD:_trnsctrl_.obj
 0001:0000d4b0       __mbscmp_l                 0040e4b0 f   LIBCMTD:mbscmp.obj
 0001:0000d700       ??0_LocaleUpdate@@QAE@PAUlocaleinfo_struct@@@Z 0040e700 f i LIBCMTD:mbscmp.obj
 0001:0000d7e0       ??1_LocaleUpdate@@QAE@XZ   0040e7e0 f i LIBCMTD:mbscmp.obj
 0001:0000d810       ?GetLocaleT@_LocaleUpdate@@QAEPAUlocaleinfo_struct@@XZ 0040e810 f i LIBCMTD:mbscmp.obj
 0001:0000d820       __mbscmp                   0040e820 f   LIBCMTD:mbscmp.obj
 0001:0000d840       ??3@YAXPAX@Z               0040e840 f   LIBCMTD:dbgdel.obj
 0001:0000d930       __CrtSetReportHookW2       0040e930 f   LIBCMTD:dbgrptw.obj
 0001:0000dc60       __CrtDbgReportW            0040ec60 f   LIBCMTD:dbgrptw.obj
 0001:0000dca0       __CrtDbgReportWV           0040eca0 f i LIBCMTD:dbgrptw.obj
 0001:0000dcd0       ___crtMessageWindowW       0040ecd0 f   LIBCMTD:dbgrptw.obj
 0001:0000e0d0       __invoke_watson_if_error   0040f0d0 f i LIBCMTD:dbgrptw.obj
 0001:0000e100       __invoke_watson_if_oneof   0040f100 f i LIBCMTD:dbgrptw.obj
 0001:0000e140       ?_CrtDbgReportW@@YAHHPBGH00ZZ 0040f140 f   LIBCMTD:dbgrptw.obj
 0001:0000e180       __CIsqrt                   0040f180 f   LIBCMTD:_sqrt_.obj
 0001:0000e194       _sqrt                      0040f194     LIBCMTD:_sqrt_.obj
 0001:0000e240       __fpmath                   0040f240 f   LIBCMTD:_fpinit_.obj
 0001:0000e260       __cfltcvt_init             0040f260 f   LIBCMTD:_fpinit_.obj
 0001:0000e2d0       ___setfflag                0040f2d0 f   LIBCMTD:_fpinit_.obj
 0001:0000e2f0       __ftol2_sse                0040f2f0 f   LIBCMTD:ftol2.obj
 0001:0000e2f9       __ftol2_pentium4           0040f2f9 f   LIBCMTD:ftol2.obj
 0001:0000e30c       __ftol2_sse_excpt          0040f30c f   LIBCMTD:ftol2.obj
 0001:0000e326       __ftol2                    0040f326 f   LIBCMTD:ftol2.obj
 0001:0000e3a0       _labs                      0040f3a0 f   LIBCMTD:labs.obj
 0001:0000e3d0       __itoa                     0040f3d0 f   LIBCMTD:xtoa.obj
 0001:0000e4e0       __ltoa                     0040f4e0 f   LIBCMTD:xtoa.obj
 0001:0000e520       __ultoa                    0040f520 f   LIBCMTD:xtoa.obj
 0001:0000e540       __i64toa                   0040f540 f   LIBCMTD:xtoa.obj
 0001:0000e690       __ui64toa                  0040f690 f   LIBCMTD:xtoa.obj
 0001:0000e6b0       __initp_misc_invarg        0040f6b0 f   LIBCMTD:invarg.obj
 0001:0000e6c0       __invalid_parameter        0040f6c0 f   LIBCMTD:invarg.obj
 0001:0000e720       __invoke_watson            0040f720 f   LIBCMTD:invarg.obj
 0001:0000e750       __call_reportfault         0040f750 f   LIBCMTD:invarg.obj
 0001:0000e8a0       __set_invalid_parameter_handler 0040f8a0 f   LIBCMTD:invarg.obj
 0001:0000e8e0       __get_invalid_parameter_handler 0040f8e0 f   LIBCMTD:invarg.obj
 0001:0000e910       ?_invalid_parameter@@YAXPBG00II@Z 0040f910 f   LIBCMTD:invarg.obj
 0001:0000e940       ?_invoke_watson@@YAXPBG00II@Z 0040f940 f   LIBCMTD:invarg.obj
 0001:0000e960       __CxxThrowException@8      0040f960 f   LIBCMTD:throw.obj
 0001:0000e9c0       ??0exception@std@@QAE@XZ   0040f9c0 f   LIBCMTD:stdexcpt.obj
 0001:0000e9f0       ??_Eexception@std@@UAEPAXI@Z 0040f9f0 f i LIBCMTD:stdexcpt.obj
 0001:0000e9f0       ??_Gexception@std@@UAEPAXI@Z 0040f9f0 f i LIBCMTD:stdexcpt.obj
 0001:0000ea20       ??0exception@std@@QAE@ABQBD@Z 0040fa20 f   LIBCMTD:stdexcpt.obj
 0001:0000ea60       ??0exception@std@@QAE@ABQBDH@Z 0040fa60 f   LIBCMTD:stdexcpt.obj
 0001:0000ea90       ??0exception@std@@QAE@ABV01@@Z 0040fa90 f   LIBCMTD:stdexcpt.obj
 0001:0000ead0       ??4exception@std@@QAEAAV01@ABV01@@Z 0040fad0 f   LIBCMTD:stdexcpt.obj
 0001:0000eb20       ??1exception@std@@UAE@XZ   0040fb20 f   LIBCMTD:stdexcpt.obj
 0001:0000eb40       ?what@exception@std@@UBEPBDXZ 0040fb40 f   LIBCMTD:stdexcpt.obj
 0001:0000eb70       ?_Copy_str@exception@std@@AAEXPBD@Z 0040fb70 f   LIBCMTD:stdexcpt.obj
 0001:0000ebe0       ?_Tidy@exception@std@@AAEXXZ 0040fbe0 f   LIBCMTD:stdexcpt.obj
 0001:0000ec20       ??0bad_cast@std@@QAE@PBD@Z 0040fc20 f   LIBCMTD:stdexcpt.obj
 0001:0000ec50       ??_Gbad_cast@std@@UAEPAXI@Z 0040fc50 f i LIBCMTD:stdexcpt.obj
 0001:0000ec50       ??_Ebad_cast@std@@UAEPAXI@Z 0040fc50 f i LIBCMTD:stdexcpt.obj
 0001:0000ec80       ??0bad_cast@std@@QAE@ABV01@@Z 0040fc80 f   LIBCMTD:stdexcpt.obj
 0001:0000ecb0       ??1bad_cast@std@@UAE@XZ    0040fcb0 f   LIBCMTD:stdexcpt.obj
 0001:0000ecd0       ??0bad_typeid@std@@QAE@PBD@Z 0040fcd0 f   LIBCMTD:stdexcpt.obj
 0001:0000ed00       ??_Ebad_typeid@std@@UAEPAXI@Z 0040fd00 f i LIBCMTD:stdexcpt.obj
 0001:0000ed00       ??_Gbad_typeid@std@@UAEPAXI@Z 0040fd00 f i LIBCMTD:stdexcpt.obj
 0001:0000ed30       ??0bad_typeid@std@@QAE@ABV01@@Z 0040fd30 f   LIBCMTD:stdexcpt.obj
 0001:0000ed60       ??1bad_typeid@std@@UAE@XZ  0040fd60 f   LIBCMTD:stdexcpt.obj
 0001:0000ed80       ??0__non_rtti_object@std@@QAE@PBD@Z 0040fd80 f   LIBCMTD:stdexcpt.obj
 0001:0000edb0       ??_G__non_rtti_object@std@@UAEPAXI@Z 0040fdb0 f i LIBCMTD:stdexcpt.obj
 0001:0000edb0       ??_E__non_rtti_object@std@@UAEPAXI@Z 0040fdb0 f i LIBCMTD:stdexcpt.obj
 0001:0000ede0       ??0__non_rtti_object@std@@QAE@ABV01@@Z 0040fde0 f   LIBCMTD:stdexcpt.obj
 0001:0000ee10       ??1__non_rtti_object@std@@UAE@XZ 0040fe10 f   LIBCMTD:stdexcpt.obj
 0001:0000ee30       _memmove                   0040fe30 f   LIBCMTD:memmove.obj
 0001:0000f1a0       __onexit                   004101a0 f   LIBCMTD:onexit.obj
 0001:0000f370       _atexit                    00410370 f   LIBCMTD:onexit.obj
 0001:0000f390       ___onexitinit              00410390 f   LIBCMTD:onexit.obj
 0001:0000f3f0       __wassert                  004103f0 f   LIBCMTD:wassert.obj
 0001:0000ffc0       _sprintf                   00410fc0 f   LIBCMTD:sprintf.obj
 0001:00010160       __sprintf_l                00411160 f   LIBCMTD:sprintf.obj
 0001:00010190       _sprintf_s                 00411190 f   LIBCMTD:sprintf.obj
 0001:000101c0       __sprintf_s_l              004111c0 f   LIBCMTD:sprintf.obj
 0001:000101f0       __snprintf_s               004111f0 f   LIBCMTD:sprintf.obj
 0001:00010220       __snprintf_s_l             00411220 f   LIBCMTD:sprintf.obj
 0001:00010250       __sprintf_p                00411250 f   LIBCMTD:sprintf.obj
 0001:00010280       __sprintf_p_l              00411280 f   LIBCMTD:sprintf.obj
 0001:000102b0       __scprintf                 004112b0 f   LIBCMTD:sprintf.obj
 0001:000102d0       __scprintf_p               004112d0 f   LIBCMTD:sprintf.obj
 0001:000102f0       __scprintf_l               004112f0 f   LIBCMTD:sprintf.obj
 0001:00010320       __scprintf_p_l             00411320 f   LIBCMTD:sprintf.obj
 0001:00010350       __time64                   00411350 f   LIBCMTD:time64.obj
 0001:000103d0       _strcpy                    004113d0 f   LIBCMTD:strcat.obj
 0001:000103e0       _strcat                    004113e0 f   LIBCMTD:strcat.obj
 0001:000104d0       __chkstk                   004114d0 f   LIBCMTD:chkstk.obj
 0001:000104d0       __alloca_probe             004114d0     LIBCMTD:chkstk.obj
 0001:00010500       __mbsrchr_l                00411500 f   LIBCMTD:mbsrchr.obj
 0001:00010660       __mbsrchr                  00411660 f   LIBCMTD:mbsrchr.obj
 0001:00010680       _WinMainCRTStartup         00411680 f   LIBCMTD:wincrt0.obj
 0001:00010900       __initp_heap_handler       00411900 f   LIBCMTD:handler.obj
 0001:00010910       ?_set_new_handler@@YAP6AHI@ZP6AHI@Z@Z 00411910 f   LIBCMTD:handler.obj
 0001:00010950       ?_set_new_handler@@YAP6AHI@ZH@Z 00411950 f   LIBCMTD:handler.obj
 0001:00010990       ?_query_new_handler@@YAP6AHI@ZXZ 00411990 f   LIBCMTD:handler.obj
 0001:000109b0       __callnewh                 004119b0 f   LIBCMTD:handler.obj
 0001:000109f0       _malloc                    004119f0 f   LIBCMTD:dbgmalloc.obj
 0001:00010a20       ___report_gsfailure        00411a20 f   LIBCMTD:gs_report.obj
 0001:00010b30       ?_RTC_Failure@@YAXPAXH@Z   00411b30 f   LIBCMTD:_error_.obj
 0001:00010ee0       ?_RTC_StackFailure@@YAXPAXPBD@Z 00411ee0 f   LIBCMTD:_error_.obj
 0001:00010fe0       ?_RTC_AllocaFailure@@YAXPAXPAU_RTC_ALLOCA_NODE@@H@Z 00411fe0 f   LIBCMTD:_error_.obj
 0001:00011190       __RTC_UninitUse            00412190 f   LIBCMTD:_error_.obj
 0001:00011280       __RTC_NumErrors            00412280 f   LIBCMTD:_userapi_.obj
 0001:00011290       __RTC_GetErrDesc           00412290 f   LIBCMTD:_userapi_.obj
 0001:000112b0       __RTC_SetErrorType         004122b0 f   LIBCMTD:_userapi_.obj
 0001:000112e0       __RTC_SetErrorFunc         004122e0 f   LIBCMTD:_userapi_.obj
 0001:00011300       __RTC_SetErrorFuncW        00412300 f   LIBCMTD:_userapi_.obj
 0001:00011320       ?_RTC_GetErrorFunc@@YAP6AHHPBDH00ZZPBX@Z 00412320 f   LIBCMTD:_userapi_.obj
 0001:00011330       ?_RTC_GetErrorFuncW@@YAP6AHHPB_WH00ZZPBX@Z 00412330 f   LIBCMTD:_userapi_.obj
 0001:00011340       __chkesp                   00412340 f   LIBCMTD:chkesp.obj
 0001:00011380       __CRT_RTC_INIT             00412380 f   LIBCMTD:chkesp.obj
 0001:00011390       __CRT_RTC_INITW            00412390 f   LIBCMTD:chkesp.obj
 0001:000113a0       ?_Type_info_dtor@type_info@@CAXPAV1@@Z 004123a0 f   LIBCMTD:typname.obj
 0001:000114b0       ?_Name_base@type_info@@CAPBDPBV1@PAU__type_info_node@@@Z 004124b0 f   LIBCMTD:typname.obj
 0001:00011660       ?_Type_info_dtor_internal@type_info@@CAXPAV1@@Z 00412660 f   LIBCMTD:typname.obj
 0001:00011770       ___unDNameHelper           00412770 f   LIBCMTD:typname.obj
 0001:000117b0       ?_Name_base_internal@type_info@@CAPBDPBV1@PAU__type_info_node@@@Z 004127b0 f   LIBCMTD:typname.obj
 0001:00011970       ___clean_type_info_names_internal 00412970 f   LIBCMTD:typname.obj
 0001:00011a30       _strcmp                    00412a30 f   LIBCMTD:strcmp.obj
 0001:00011ac0       _abort                     00412ac0 f   LIBCMTD:abort.obj
 0001:00011b20       __set_abort_behavior       00412b20 f   LIBCMTD:abort.obj
 0001:00011b50       __FF_MSGBANNER             00412b50 f   LIBCMTD:crt0msg.obj
 0001:00011ba0       __GET_RTERRMSG             00412ba0 f   LIBCMTD:crt0msg.obj
 0001:00011bf0       __NMSG_WRITE               00412bf0 f   LIBCMTD:crt0msg.obj
 0001:00011f30       ___getlocaleinfo           00412f30 f   LIBCMTD:inithelp.obj
 0001:00012210       __initp_misc_purevirt      00413210 f   LIBCMTD:inithelp.obj
 0001:00012220       __VEC_memzero              00413220 f   LIBCMTD:p4_memset.obj
 0001:000122e0       ___sse2_available_init     004132e0 f   LIBCMTD:cpu_disp.obj
 0001:00012300       ___InternalCxxFrameHandler 00413300 f   LIBCMTD:frame.obj
 0001:00012900       ??0bad_exception@std@@QAE@PBD@Z 00413900 f i LIBCMTD:frame.obj
 0001:00012930       ??1bad_exception@std@@UAE@XZ 00413930 f i LIBCMTD:frame.obj
 0001:00012950       ??_Gbad_exception@std@@UAEPAXI@Z 00413950 f i LIBCMTD:frame.obj
 0001:00012950       ??_Ebad_exception@std@@UAEPAXI@Z 00413950 f i LIBCMTD:frame.obj
 0001:00012980       ??0bad_exception@std@@QAE@ABV01@@Z 00413980 f i LIBCMTD:frame.obj
 0001:00012b40       ___TypeMatch               00413b40 f   LIBCMTD:frame.obj
 0001:00012bf0       ___FrameUnwindFilter       00413bf0 f   LIBCMTD:frame.obj
 0001:00012c70       ___FrameUnwindToState      00413c70 f   LIBCMTD:frame.obj
 0001:000131b0       ___BuildCatchObjectHelper  004141b0 f   LIBCMTD:frame.obj
 0001:00013420       ___BuildCatchObject        00414420 f   LIBCMTD:frame.obj
 0001:00013530       ___DestructExceptionObject 00414530 f   LIBCMTD:frame.obj
 0001:000135e0       ___AdjustPointer           004145e0 f   LIBCMTD:frame.obj
 0001:00013630       ?__uncaught_exception@@YA_NXZ 00414630 f   LIBCMTD:frame.obj
 0001:00013650       ___CxxExceptionFilter      00414650 f   LIBCMTD:frame.obj
 0001:00013850       ___CxxRegisterExceptionObject 00414850 f   LIBCMTD:frame.obj
 0001:00013980       ___CxxDetectRethrow        00414980 f   LIBCMTD:frame.obj
 0001:00013a10       ___CxxUnregisterExceptionObject 00414a10 f   LIBCMTD:frame.obj
 0001:00013b90       ___CxxQueryExceptionSize   00414b90 f   LIBCMTD:frame.obj
 0001:00013ba0       ___CxxCallUnwindDtor       00414ba0 f   LIBCMTD:frame.obj
 0001:00013c20       ___CxxCallUnwindDelDtor    00414c20 f   LIBCMTD:frame.obj
 0001:00013ca0       ___CxxCallUnwindStdDelDtor 00414ca0 f   LIBCMTD:frame.obj
 0001:00013d20       ___CxxCallUnwindVecDtor    00414d20 f   LIBCMTD:frame.obj
 0001:00013f50       ?_is_exception_typeof@@YAHABVtype_info@@PAU_EXCEPTION_POINTERS@@@Z 00414f50 f   LIBCMTD:frame.obj
 0001:00014030       __CallSettingFrame@12      00415030 f   LIBCMTD:lowhelpr.obj
 0001:00014057       __NLG_Return               00415057     LIBCMTD:lowhelpr.obj
 0001:00014080       __encoded_null             00415080 f   LIBCMTD:tidtable.obj
 0001:00014090       ___crtTlsAlloc@4           00415090 f   LIBCMTD:tidtable.obj
 0001:000140a0       ___fls_getvalue@4          004150a0 f   LIBCMTD:tidtable.obj
 0001:000140c0       ___get_flsindex            004150c0 f   LIBCMTD:tidtable.obj
 0001:000140d0       ___set_flsgetvalue         004150d0 f   LIBCMTD:tidtable.obj
 0001:00014120       ___fls_setvalue@8          00415120 f   LIBCMTD:tidtable.obj
 0001:00014140       __mtinit                   00415140 f   LIBCMTD:tidtable.obj
 0001:00014340       __mtterm                   00415340 f   LIBCMTD:tidtable.obj
 0001:000143a0       __initptd                  004153a0 f   LIBCMTD:tidtable.obj
 0001:000144d0       __getptd_noexit            004154d0 f   LIBCMTD:tidtable.obj
 0001:00014590       __getptd                   00415590 f   LIBCMTD:tidtable.obj
 0001:000145c0       __freefls@4                004155c0 f   LIBCMTD:tidtable.obj
 0001:000147d0       __freeptd                  004157d0 f   LIBCMTD:tidtable.obj
 0001:00014850       ___threadid                00415850 f   LIBCMTD:tidtable.obj
 0001:00014860       ___threadhandle            00415860 f   LIBCMTD:tidtable.obj
 0001:00014870       __initp_eh_hooks           00415870 f   LIBCMTD:hooks.obj
 0001:00014890       ?terminate@@YAXXZ          00415890 f   LIBCMTD:hooks.obj
 0001:00014910       ?unexpected@@YAXXZ         00415910 f   LIBCMTD:hooks.obj
 0001:00014940       ?_inconsistency@@YAXXZ     00415940 f   LIBCMTD:hooks.obj
 0001:000149d0       __dosmaperr                004159d0 f   LIBCMTD:dosmap.obj
 0001:00014a00       __get_errno_from_oserr     00415a00 f   LIBCMTD:dosmap.obj
 0001:00014a80       __set_errno                00415a80 f   LIBCMTD:dosmap.obj
 0001:00014ab0       __get_errno                00415ab0 f   LIBCMTD:dosmap.obj
 0001:00014b30       __set_doserrno             00415b30 f   LIBCMTD:dosmap.obj
 0001:00014b60       __get_doserrno             00415b60 f   LIBCMTD:dosmap.obj
 0001:00014be0       __errno                    00415be0 f   LIBCMTD:dosmap.obj
 0001:00014c10       ___doserrno                00415c10 f   LIBCMTD:dosmap.obj
 0001:00014c40       ___updatetmbcinfo          00415c40 f   LIBCMTD:mbctype.obj
 0001:00014d50       __setmbcp                  00415d50 f   LIBCMTD:mbctype.obj
 0001:00015100       __setmbcp_nolock           00416100 f   LIBCMTD:mbctype.obj
 0001:000158f0       __getmbcp                  004168f0 f   LIBCMTD:mbctype.obj
 0001:00015960       ___initmbctable            00416960 f   LIBCMTD:mbctype.obj
 0001:00015990       ___addlocaleref            00416990 f   LIBCMTD:localref.obj
 0001:00015ab0       ___removelocaleref         00416ab0 f   LIBCMTD:localref.obj
 0001:00015be0       ___freetlocinfo            00416be0 f   LIBCMTD:localref.obj
 0001:00015ec0       __updatetlocinfoEx_nolock  00416ec0 f   LIBCMTD:localref.obj
 0001:00015f40       ___updatetlocinfo          00416f40 f   LIBCMTD:localref.obj
 0001:00016010       __mtinitlocks              00417010 f   LIBCMTD:mlock.obj
 0001:000160a0       __mtdeletelocks            004170a0 f   LIBCMTD:mlock.obj
 0001:00016160       __mtinitlocknum            00417160 f   LIBCMTD:mlock.obj
 0001:000162b0       __lock                     004172b0 f   LIBCMTD:mlock.obj
 0001:000162f0       __unlock                   004172f0 f   LIBCMTD:mlock.obj
 0001:00016310       __lockerr_exit             00417310 f   LIBCMTD:mlock.obj
 0001:00016330       __malloc_dbg               00417330 f   LIBCMTD:dbgheap.obj
 0001:00016360       __nh_malloc                00417360 f   LIBCMTD:dbgheap.obj
 0001:00016380       __nh_malloc_dbg            00417380 f   LIBCMTD:dbgheap.obj
 0001:00016460       __heap_alloc               00417460 f   LIBCMTD:dbgheap.obj
 0001:00016840       __heap_alloc_dbg           00417840 f   LIBCMTD:dbgheap.obj
 0001:000168a0       __calloc_dbg_impl          004178a0 f   LIBCMTD:dbgheap.obj
 0001:00016920       __calloc_dbg               00417920 f   LIBCMTD:dbgheap.obj
 0001:00016980       __recalloc                 00417980 f   LIBCMTD:dbgheap.obj
 0001:000169b0       __realloc_dbg              004179b0 f   LIBCMTD:dbgheap.obj
 0001:00017050       __recalloc_dbg             00418050 f   LIBCMTD:dbgheap.obj
 0001:00017100       __expand                   00418100 f   LIBCMTD:dbgheap.obj
 0001:00017130       __expand_dbg               00418130 f   LIBCMTD:dbgheap.obj
 0001:00017240       __free_nolock              00418240 f   LIBCMTD:dbgheap.obj
 0001:00017260       __free_dbg                 00418260 f   LIBCMTD:dbgheap.obj
 0001:000172e0       __free_dbg_nolock          004182e0 f   LIBCMTD:dbgheap.obj
 0001:000177c0       __msize                    004187c0 f   LIBCMTD:dbgheap.obj
 0001:000177e0       __msize_dbg                004187e0 f   LIBCMTD:dbgheap.obj
 0001:000179d0       __CrtSetBreakAlloc         004189d0 f   LIBCMTD:dbgheap.obj
 0001:000179f0       __CrtSetDbgBlockType       004189f0 f   LIBCMTD:dbgheap.obj
 0001:00017ae0       __CrtSetAllocHook          00418ae0 f   LIBCMTD:dbgheap.obj
 0001:00017b00       __CrtGetAllocHook          00418b00 f   LIBCMTD:dbgheap.obj
[...]
 0004:00000b14       __imp_?DoEvent@CListLabelElementUI@DuiLib@@UAEXAAUtagTEventUI@2@@Z 00481b14     DuiLib_d:DuiLib_d.dll
 0004:00000b18       __imp_?EstimateSize@CListLabelElementUI@DuiLib@@UAE?AUtagSIZE@@U3@@Z 00481b18     DuiLib_d:DuiLib_d.dll
 0004:00000b1c       __imp_??1CListLabelElementUI@DuiLib@@UAE@XZ 00481b1c     DuiLib_d:DuiLib_d.dll
 0004:00000b20       __imp_?RemovePreMessageFilter@CPaintManagerUI@DuiLib@@QAE_NPAVIMessageFilterUI@2@@Z 00481b20     DuiLib_d:DuiLib_d.dll
 0004:00000b24       __imp_?HandleMessage@CWindowWnd@DuiLib@@MAEJIIJ@Z 00481b24     DuiLib_d:DuiLib_d.dll
 0004:00000b28       __imp_?MessageHandler@CPaintManagerUI@DuiLib@@QAE_NIIJAAJ@Z 00481b28     DuiLib_d:DuiLib_d.dll
 0004:00000b2c       __imp_??1CDialogBuilder@DuiLib@@QAE@XZ 00481b2c     DuiLib_d:DuiLib_d.dll
 0004:00000b30       __imp_?AddNotifier@CPaintManagerUI@DuiLib@@QAE_NPAVINotifyUI@2@@Z 00481b30     DuiLib_d:DuiLib_d.dll
 0004:00000b34       __imp_?AttachDialog@CPaintManagerUI@DuiLib@@QAE_NPAVCControlUI@2@@Z 00481b34     DuiLib_d:DuiLib_d.dll
 0004:00000b38       __imp_?Create@CDialogBuilder@DuiLib@@QAEPAVCControlUI@2@VSTRINGorID@2@PBDPAVIDialogBuilderCallback@2@PAVCPaintManagerUI@2@PAV32@@Z 00481b38     DuiLib_d:DuiLib_d.dll
 0004:00000b3c       __imp_??0CDialogBuilder@DuiLib@@QAE@XZ 00481b3c     DuiLib_d:DuiLib_d.dll
 0004:00000b40       __imp_?AddPreMessageFilter@CPaintManagerUI@DuiLib@@QAE_NPAVIMessageFilterUI@2@@Z 00481b40     DuiLib_d:DuiLib_d.dll
 0004:00000b44       __imp_?Init@CPaintManagerUI@DuiLib@@QAEXPAUHWND__@@@Z 00481b44     DuiLib_d:DuiLib_d.dll
 0004:00000b48       __imp_?FindControl@CPaintManagerUI@DuiLib@@QBEPAVCControlUI@2@UtagPOINT@@@Z 00481b48     DuiLib_d:DuiLib_d.dll
 0004:00000b4c       __imp_?GetCaptionRect@CPaintManagerUI@DuiLib@@QAEAAUtagRECT@@XZ 00481b4c     DuiLib_d:DuiLib_d.dll
 0004:00000b50       __imp_?Offset@CRect@DuiLib@@QAEXHH@Z 00481b50     DuiLib_d:DuiLib_d.dll
 0004:00000b54       __imp_??0CRect@DuiLib@@QAE@XZ 00481b54     DuiLib_d:DuiLib_d.dll
 0004:00000b58       __imp_?GetRoundCorner@CPaintManagerUI@DuiLib@@QBE?AUtagSIZE@@XZ 00481b58     DuiLib_d:DuiLib_d.dll
 0004:00000b5c       __imp_?IsEmpty@CStdString@DuiLib@@QBE_NXZ 00481b5c     DuiLib_d:DuiLib_d.dll
 0004:00000b60       __imp_??1CListUI@DuiLib@@UAE@XZ 00481b60     DuiLib_d:DuiLib_d.dll
 0004:00000b64       __imp_?SetItemShowHtml@CListUI@DuiLib@@QAEX_N@Z 00481b64     DuiLib_d:DuiLib_d.dll
 0004:00000b68       __imp_??0CListUI@DuiLib@@QAE@XZ 00481b68     DuiLib_d:DuiLib_d.dll
 0004:00000b6c       __imp_?GetClass@CListUI@DuiLib@@UBEPBDXZ 00481b6c     DuiLib_d:DuiLib_d.dll
 0004:00000b70       __imp_?GetControlFlags@CControlUI@DuiLib@@UBEIXZ 00481b70     DuiLib_d:DuiLib_d.dll
 0004:00000b74       __imp_?GetControlFlags@CListUI@DuiLib@@UBEIXZ 00481b74     DuiLib_d:DuiLib_d.dll
 0004:00000b78       __imp_?Activate@CControlUI@DuiLib@@UAE_NXZ 00481b78     DuiLib_d:DuiLib_d.dll
 0004:00000b7c       __imp_?SetManager@CContainerUI@DuiLib@@UAEXPAVCPaintManagerUI@2@PAVCControlUI@2@_N@Z 00481b7c     DuiLib_d:DuiLib_d.dll
 0004:00000b80       __imp_?SetPos@CListUI@DuiLib@@UAEXUtagRECT@@@Z 00481b80     DuiLib_d:DuiLib_d.dll
 0004:00000b84       __imp_?SetEnabled@CControlUI@DuiLib@@UAEX_N@Z 00481b84     DuiLib_d:DuiLib_d.dll
 0004:00000b88       __imp_?SetMouseEnabled@CContainerUI@DuiLib@@UAEX_N@Z 00481b88     DuiLib_d:DuiLib_d.dll
 0004:00000b8c       __imp_?FindControl@CContainerUI@DuiLib@@UAEPAVCControlUI@2@P6GPAV32@PAV32@PAX@Z1I@Z 00481b8c     DuiLib_d:DuiLib_d.dll
 0004:00000b90       __imp_?SetAttribute@CListUI@DuiLib@@UAEXPBD0@Z 00481b90     DuiLib_d:DuiLib_d.dll
 0004:00000b94       __imp_?EstimateSize@CControlUI@DuiLib@@UAE?AUtagSIZE@@U3@@Z 00481b94     DuiLib_d:DuiLib_d.dll
 0004:00000b98       __imp_?DoPaint@CContainerUI@DuiLib@@UAEXPAUHDC__@@ABUtagRECT@@@Z 00481b98     DuiLib_d:DuiLib_d.dll
 0004:00000b9c       __imp_?DoPostPaint@CVerticalLayoutUI@DuiLib@@UAEXPAUHDC__@@ABUtagRECT@@@Z 00481b9c     DuiLib_d:DuiLib_d.dll
 0004:00000ba0       __imp_?GetInset@CContainerUI@DuiLib@@UBE?AUtagRECT@@XZ 00481ba0     DuiLib_d:DuiLib_d.dll
 0004:00000ba4       __imp_?SetInset@CContainerUI@DuiLib@@UAEXUtagRECT@@@Z 00481ba4     DuiLib_d:DuiLib_d.dll
 0004:00000ba8       __imp_?GetChildPadding@CListUI@DuiLib@@UBEHXZ 00481ba8     DuiLib_d:DuiLib_d.dll
 0004:00000bac       __imp_?SetChildPadding@CListUI@DuiLib@@UAEXH@Z 00481bac     DuiLib_d:DuiLib_d.dll
 0004:00000bb0       __imp_?IsAutoDestroy@CContainerUI@DuiLib@@UBE_NXZ 00481bb0     DuiLib_d:DuiLib_d.dll
 0004:00000bb4       __imp_?SetAutoDestroy@CContainerUI@DuiLib@@UAEX_N@Z 00481bb4     DuiLib_d:DuiLib_d.dll
 0004:00000bb8       __imp_?IsDelayedDestroy@CContainerUI@DuiLib@@UBE_NXZ 00481bb8     DuiLib_d:DuiLib_d.dll
 0004:00000bbc       __imp_?SetDelayedDestroy@CContainerUI@DuiLib@@UAEX_N@Z 00481bbc     DuiLib_d:DuiLib_d.dll
 0004:00000bc0       __imp_?IsMouseChildEnabled@CContainerUI@DuiLib@@UBE_NXZ 00481bc0     DuiLib_d:DuiLib_d.dll
 0004:00000bc4       __imp_?SetMouseChildEnabled@CContainerUI@DuiLib@@UAEX_N@Z 00481bc4     DuiLib_d:DuiLib_d.dll
 0004:00000bc8       __imp_?FindSelectable@CContainerUI@DuiLib@@UBEHH_N@Z 00481bc8     DuiLib_d:DuiLib_d.dll
 0004:00000bcc       __imp_?GetScrollPos@CListUI@DuiLib@@UBE?AUtagSIZE@@XZ 00481bcc     DuiLib_d:DuiLib_d.dll
 0004:00000bd0       __imp_?GetScrollRange@CListUI@DuiLib@@UBE?AUtagSIZE@@XZ 00481bd0     DuiLib_d:DuiLib_d.dll
 0004:00000bd4       __imp_?SetScrollPos@CListUI@DuiLib@@UAEXUtagSIZE@@@Z 00481bd4     DuiLib_d:DuiLib_d.dll
 0004:00000bd8       __imp_?LineUp@CListUI@DuiLib@@UAEXXZ 00481bd8     DuiLib_d:DuiLib_d.dll
 0004:00000bdc       __imp_?LineDown@CListUI@DuiLib@@UAEXXZ 00481bdc     DuiLib_d:DuiLib_d.dll
 0004:00000be0       __imp_?PageUp@CListUI@DuiLib@@UAEXXZ 00481be0     DuiLib_d:DuiLib_d.dll
 0004:00000be4       __imp_?PageDown@CListUI@DuiLib@@UAEXXZ 00481be4     DuiLib_d:DuiLib_d.dll
 0004:00000be8       __imp_?HomeUp@CListUI@DuiLib@@UAEXXZ 00481be8     DuiLib_d:DuiLib_d.dll
 0004:00000bec       __imp_?EndDown@CListUI@DuiLib@@UAEXXZ 00481bec     DuiLib_d:DuiLib_d.dll
 0004:00000bf0       __imp_?LineLeft@CListUI@DuiLib@@UAEXXZ 00481bf0     DuiLib_d:DuiLib_d.dll
 0004:00000bf4       __imp_?LineRight@CListUI@DuiLib@@UAEXXZ 00481bf4     DuiLib_d:DuiLib_d.dll
 0004:00000bf8       __imp_?PageLeft@CListUI@DuiLib@@UAEXXZ 00481bf8     DuiLib_d:DuiLib_d.dll
 0004:00000bfc       __imp_?PageRight@CListUI@DuiLib@@UAEXXZ 00481bfc     DuiLib_d:DuiLib_d.dll
 0004:00000c00       __imp_?HomeLeft@CListUI@DuiLib@@UAEXXZ 00481c00     DuiLib_d:DuiLib_d.dll
 0004:00000c04       __imp_?EndRight@CListUI@DuiLib@@UAEXXZ 00481c04     DuiLib_d:DuiLib_d.dll
 0004:00000c08       __imp_?EnableScrollBar@CListUI@DuiLib@@UAEX_N0@Z 00481c08     DuiLib_d:DuiLib_d.dll
 0004:00000c0c       __imp_?GetVerticalScrollBar@CListUI@DuiLib@@UBEPAVCScrollBarUI@2@XZ 00481c0c     DuiLib_d:DuiLib_d.dll
 0004:00000c10       __imp_?GetHorizontalScrollBar@CListUI@DuiLib@@UBEPAVCScrollBarUI@2@XZ 00481c10     DuiLib_d:DuiLib_d.dll
 0004:00000c14       __imp_?SetFloatPos@CContainerUI@DuiLib@@MAEXH@Z 00481c14     DuiLib_d:DuiLib_d.dll
 0004:00000c18       __imp_?ProcessScrollBar@CContainerUI@DuiLib@@MAEXUtagRECT@@HH@Z 00481c18     DuiLib_d:DuiLib_d.dll
 0004:00000c1c       __imp_?GetItemAt@CListUI@DuiLib@@UBEPAVCControlUI@2@H@Z 00481c1c     DuiLib_d:DuiLib_d.dll
 0004:00000c20       __imp_?GetItemIndex@CListUI@DuiLib@@UBEHPAVCControlUI@2@@Z 00481c20     DuiLib_d:DuiLib_d.dll
 0004:00000c24       __imp_?SetItemIndex@CListUI@DuiLib@@UAE_NPAVCControlUI@2@H@Z 00481c24     DuiLib_d:DuiLib_d.dll
 0004:00000c28       __imp_?GetCount@CListUI@DuiLib@@UBEHXZ 00481c28     DuiLib_d:DuiLib_d.dll
 0004:00000c2c       __imp_?GetListInfo@CListUI@DuiLib@@UAEPAUtagTListInfoUI@2@XZ 00481c2c     DuiLib_d:DuiLib_d.dll
 0004:00000c30       __imp_?GetCurSel@CListUI@DuiLib@@UBEHXZ 00481c30     DuiLib_d:DuiLib_d.dll
 0004:00000c34       __imp_?SelectItem@CListUI@DuiLib@@UAE_NH_N@Z 00481c34     DuiLib_d:DuiLib_d.dll
 0004:00000c38       __imp_?GetHeader@CListUI@DuiLib@@UBEPAVCListHeaderUI@2@XZ 00481c38     DuiLib_d:DuiLib_d.dll
 0004:00000c3c       __imp_?GetList@CListUI@DuiLib@@UBEPAVCContainerUI@2@XZ 00481c3c     DuiLib_d:DuiLib_d.dll
 0004:00000c40       __imp_?GetTextCallback@CListUI@DuiLib@@UBEPAVIListCallbackUI@2@XZ 00481c40     DuiLib_d:DuiLib_d.dll
 0004:00000c44       __imp_?SetTextCallback@CListUI@DuiLib@@UAEXPAVIListCallbackUI@2@@Z 00481c44     DuiLib_d:DuiLib_d.dll
 0004:00000c48       __imp_?ExpandItem@CListUI@DuiLib@@UAE_NH_N@Z 00481c48     DuiLib_d:DuiLib_d.dll
 0004:00000c4c       __imp_?GetExpandedItem@CListUI@DuiLib@@UBEHXZ 00481c4c     DuiLib_d:DuiLib_d.dll
 0004:00000c50       __imp_?Add@CListUI@DuiLib@@UAE_NPAVCControlUI@2@@Z 00481c50     DuiLib_d:DuiLib_d.dll
 0004:00000c54       __imp_?Remove@CListUI@DuiLib@@UAE_NPAVCControlUI@2@@Z 00481c54     DuiLib_d:DuiLib_d.dll
 0004:00000c58       __imp_?RemoveAt@CListUI@DuiLib@@UAE_NH@Z 00481c58     DuiLib_d:DuiLib_d.dll
 0004:00000c5c       __imp_?RemoveAll@CListUI@DuiLib@@UAEXXZ 00481c5c     DuiLib_d:DuiLib_d.dll
 0004:00000c60       __imp_?SetVisible@CControlUI@DuiLib@@UAEX_N@Z 00481c60     DuiLib_d:DuiLib_d.dll
 0004:00000c64       __imp_?DoEvent@CListUI@DuiLib@@UAEXAAUtagTEventUI@2@@Z 00481c64     DuiLib_d:DuiLib_d.dll
 0004:00000c68       __imp_?SetTimer@CPaintManagerUI@DuiLib@@QAE_NPAVCControlUI@2@II@Z 00481c68     DuiLib_d:DuiLib_d.dll
 0004:00000c6c       __imp_?KillTimer@CPaintManagerUI@DuiLib@@QAE_NPAVCControlUI@2@I@Z 00481c6c     DuiLib_d:DuiLib_d.dll
 0004:00000c70       __imp_?DoEvent@CVerticalLayoutUI@DuiLib@@UAEXAAUtagTEventUI@2@@Z 00481c70     DuiLib_d:DuiLib_d.dll
 0004:00000c74       __imp_??1CTileLayoutUI@DuiLib@@UAE@XZ 00481c74     DuiLib_d:DuiLib_d.dll
 0004:00000c78       __imp_?RemoveAll@CContainerUI@DuiLib@@UAEXXZ 00481c78     DuiLib_d:DuiLib_d.dll
 0004:00000c7c       __imp_??0CStdString@DuiLib@@QAE@PBDH@Z 00481c7c     DuiLib_d:DuiLib_d.dll
 0004:00000c80       __imp_?Add@CContainerUI@DuiLib@@UAE_NPAVCControlUI@2@@Z 00481c80     DuiLib_d:DuiLib_d.dll
 0004:00000c84       __imp_?Create@CDialogBuilder@DuiLib@@QAEPAVCControlUI@2@PAVIDialogBuilderCallback@2@PAVCPaintManagerUI@2@PAV32@@Z 00481c84     DuiLib_d:DuiLib_d.dll
 0004:00000c88       __imp_?SetItemSize@CTileLayoutUI@DuiLib@@QAEXUtagSIZE@@@Z 00481c88     DuiLib_d:DuiLib_d.dll
 0004:00000c8c       __imp_??0CSize@DuiLib@@QAE@HH@Z 00481c8c     DuiLib_d:DuiLib_d.dll
 0004:00000c90       __imp_??0CTileLayoutUI@DuiLib@@QAE@XZ 00481c90     DuiLib_d:DuiLib_d.dll
 0004:00000c94       __imp_?GetClass@CTileLayoutUI@DuiLib@@UBEPBDXZ 00481c94     DuiLib_d:DuiLib_d.dll
 0004:00000c98       __imp_?GetInterface@CTileLayoutUI@DuiLib@@UAEPAXPBD@Z 00481c98     DuiLib_d:DuiLib_d.dll
 0004:00000c9c       \177DuiLib_d_NULL_THUNK_DATA 00481c9c     DuiLib_d:DuiLib_d.dll
 0004:00000d94       __imp__CreateRoundRectRgn@24 00481d94     gdi32:GDI32.dll
 0004:00000d98       __imp__DeleteObject@4      00481d98     gdi32:GDI32.dll
 0004:00000d9c       \177GDI32_NULL_THUNK_DATA  00481d9c     gdi32:GDI32.dll
 0004:00000dc8       __imp__HeapAlloc@12        00481dc8     kernel32:KERNEL32.dll
 0004:00000dcc       __imp__HeapFree@12         00481dcc     kernel32:KERNEL32.dll
 0004:00000dd0       __imp__HeapDestroy@4       00481dd0     kernel32:KERNEL32.dll
 0004:00000dd4       __imp__GetProcessHeap@0    00481dd4     kernel32:KERNEL32.dll
 0004:00000dd8       __imp__VirtualQuery@12     00481dd8     kernel32:KERNEL32.dll
 0004:00000ddc       __imp__FreeLibrary@4       00481ddc     kernel32:KERNEL32.dll
 0004:00000de0       __imp__LCMapStringW@24     00481de0     kernel32:KERNEL32.dll
 0004:00000de4       __imp__GetStringTypeW@16   00481de4     kernel32:KERNEL32.dll
 0004:00000de8       __imp__HeapReAlloc@16      00481de8     kernel32:KERNEL32.dll
 0004:00000dec       __imp__HeapSize@12         00481dec     kernel32:KERNEL32.dll
 0004:00000df0       __imp__HeapQueryInformation@20 00481df0     kernel32:KERNEL32.dll
 0004:00000df4       __imp__FlushFileBuffers@4  00481df4     kernel32:KERNEL32.dll
 0004:00000df8       __imp__GetConsoleCP@0      00481df8     kernel32:KERNEL32.dll
 0004:00000dfc       __imp__GetConsoleMode@8    00481dfc     kernel32:KERNEL32.dll
 0004:00000e00       __imp__SetFilePointer@16   00481e00     kernel32:KERNEL32.dll
 0004:00000e04       __imp__SetStdHandle@8      00481e04     kernel32:KERNEL32.dll
 0004:00000e08       __imp__GetLocaleInfoA@16   00481e08     kernel32:KERNEL32.dll
 0004:00000e0c       __imp__IsValidLocale@8     00481e0c     kernel32:KERNEL32.dll
 0004:00000e10       __imp__EnumSystemLocalesA@8 00481e10     kernel32:KERNEL32.dll
 0004:00000e14       __imp__GetUserDefaultLCID@0 00481e14     kernel32:KERNEL32.dll
 0004:00000e18       __imp__GetModuleFileNameA@12 00481e18     kernel32:KERNEL32.dll
 0004:00000e1c       __imp__LoadLibraryA@4      00481e1c     kernel32:KERNEL32.dll
 0004:00000e20       __imp__GetProcAddress@8    00481e20     kernel32:KERNEL32.dll
 0004:00000e24       __imp__CreateFileA@28      00481e24     kernel32:KERNEL32.dll
 0004:00000e28       __imp__GetCurrentThreadId@0 00481e28     kernel32:KERNEL32.dll
 0004:00000e2c       __imp__EnterCriticalSection@4 00481e2c     kernel32:KERNEL32.dll
 0004:00000e30       __imp__GetCurrentProcessId@0 00481e30     kernel32:KERNEL32.dll
 0004:00000e34       __imp__LeaveCriticalSection@4 00481e34     kernel32:KERNEL32.dll
 0004:00000e38       __imp__CloseHandle@4       00481e38     kernel32:KERNEL32.dll
 0004:00000e3c       __imp__TerminateProcess@8  00481e3c     kernel32:KERNEL32.dll
 0004:00000e40       __imp__GetCurrentThread@0  00481e40     kernel32:KERNEL32.dll
 0004:00000e44       __imp__GetLastError@0      00481e44     kernel32:KERNEL32.dll
 0004:00000e48       __imp__GetCurrentProcess@0 00481e48     kernel32:KERNEL32.dll
 0004:00000e4c       __imp__DeleteCriticalSection@4 00481e4c     kernel32:KERNEL32.dll
 0004:00000e50       __imp__SetUnhandledExceptionFilter@4 00481e50     kernel32:KERNEL32.dll
 0004:00000e54       __imp__InitializeCriticalSection@4 00481e54     kernel32:KERNEL32.dll
 0004:00000e58       __imp__InterlockedIncrement@4 00481e58     kernel32:KERNEL32.dll
 0004:00000e5c       __imp__InterlockedDecrement@4 00481e5c     kernel32:KERNEL32.dll
 0004:00000e60       __imp__Sleep@4             00481e60     kernel32:KERNEL32.dll
 0004:00000e64       __imp__InterlockedExchange@8 00481e64     kernel32:KERNEL32.dll
 0004:00000e68       __imp__DecodePointer@4     00481e68     kernel32:KERNEL32.dll
 0004:00000e6c       __imp__EncodePointer@4     00481e6c     kernel32:KERNEL32.dll
 0004:00000e70       __imp__RtlUnwind@16        00481e70     kernel32:KERNEL32.dll
 0004:00000e74       __imp__GetModuleFileNameW@12 00481e74     kernel32:KERNEL32.dll
 0004:00000e78       __imp__UnhandledExceptionFilter@4 00481e78     kernel32:KERNEL32.dll
 0004:00000e7c       __imp__IsDebuggerPresent@0 00481e7c     kernel32:KERNEL32.dll
 0004:00000e80       __imp__RaiseException@16   00481e80     kernel32:KERNEL32.dll
 0004:00000e84       __imp__WriteConsoleW@20    00481e84     kernel32:KERNEL32.dll
 0004:00000e88       __imp__GetFileType@4       00481e88     kernel32:KERNEL32.dll
 0004:00000e8c       __imp__GetStdHandle@4      00481e8c     kernel32:KERNEL32.dll
 0004:00000e90       __imp__GetSystemTimeAsFileTime@4 00481e90     kernel32:KERNEL32.dll
 0004:00000e94       __imp__GetCommandLineA@0   00481e94     kernel32:KERNEL32.dll
 0004:00000e98       __imp__HeapSetInformation@16 00481e98     kernel32:KERNEL32.dll
 0004:00000e9c       __imp__GetStartupInfoW@4   00481e9c     kernel32:KERNEL32.dll
 0004:00000ea0       __imp__WideCharToMultiByte@32 00481ea0     kernel32:KERNEL32.dll
 0004:00000ea4       __imp__MultiByteToWideChar@24 00481ea4     kernel32:KERNEL32.dll
 0004:00000ea8       __imp__lstrlenA@4          00481ea8     kernel32:KERNEL32.dll
 0004:00000eac       __imp__LoadLibraryW@4      00481eac     kernel32:KERNEL32.dll
 0004:00000eb0       __imp__WriteFile@20        00481eb0     kernel32:KERNEL32.dll
 0004:00000eb4       __imp__GetLocaleInfoW@16   00481eb4     kernel32:KERNEL32.dll
 0004:00000eb8       __imp__IsProcessorFeaturePresent@4 00481eb8     kernel32:KERNEL32.dll
 0004:00000ebc       __imp__TlsAlloc@0          00481ebc     kernel32:KERNEL32.dll
 0004:00000ec0       __imp__TlsGetValue@4       00481ec0     kernel32:KERNEL32.dll
 0004:00000ec4       __imp__TlsSetValue@8       00481ec4     kernel32:KERNEL32.dll
 0004:00000ec8       __imp__TlsFree@4           00481ec8     kernel32:KERNEL32.dll
 0004:00000ecc       __imp__GetModuleHandleW@4  00481ecc     kernel32:KERNEL32.dll
 0004:00000ed0       __imp__SetLastError@4      00481ed0     kernel32:KERNEL32.dll
 0004:00000ed4       __imp__GetACP@0            00481ed4     kernel32:KERNEL32.dll
 0004:00000ed8       __imp__GetOEMCP@0          00481ed8     kernel32:KERNEL32.dll
 0004:00000edc       __imp__GetCPInfo@8         00481edc     kernel32:KERNEL32.dll
 0004:00000ee0       __imp__IsValidCodePage@4   00481ee0     kernel32:KERNEL32.dll
 0004:00000ee4       __imp__InitializeCriticalSectionAndSpinCount@8 00481ee4     kernel32:KERNEL32.dll
 0004:00000ee8       __imp__FatalAppExitA@8     00481ee8     kernel32:KERNEL32.dll
 0004:00000eec       __imp__HeapValidate@12     00481eec     kernel32:KERNEL32.dll
 0004:00000ef0       __imp__IsBadReadPtr@8      00481ef0     kernel32:KERNEL32.dll
 0004:00000ef4       __imp__OutputDebugStringA@4 00481ef4     kernel32:KERNEL32.dll
 0004:00000ef8       __imp__OutputDebugStringW@4 00481ef8     kernel32:KERNEL32.dll
 0004:00000efc       __imp__ExitProcess@4       00481efc     kernel32:KERNEL32.dll
 0004:00000f00       __imp__SetConsoleCtrlHandler@8 00481f00     kernel32:KERNEL32.dll
 0004:00000f04       __imp__QueryPerformanceCounter@4 00481f04     kernel32:KERNEL32.dll
 0004:00000f08       __imp__GetTickCount@0      00481f08     kernel32:KERNEL32.dll
 0004:00000f0c       __imp__FreeEnvironmentStringsW@4 00481f0c     kernel32:KERNEL32.dll
 0004:00000f10       __imp__GetEnvironmentStringsW@0 00481f10     kernel32:KERNEL32.dll
 0004:00000f14       __imp__SetHandleCount@4    00481f14     kernel32:KERNEL32.dll
 0004:00000f18       __imp__HeapCreate@12       00481f18     kernel32:KERNEL32.dll
 0004:00000f1c       __imp__CreateFileW@28      00481f1c     kernel32:KERNEL32.dll
 0004:00000f20       \177KERNEL32_NULL_THUNK_DATA 00481f20     kernel32:KERNEL32.dll
 0004:00000f90       __imp__ShowWindow@8        00481f90     user32:USER32.dll
 0004:00000f94       __imp__ScreenToClient@8    00481f94     user32:USER32.dll
 0004:00000f98       __imp__MessageBoxA@16      00481f98     user32:USER32.dll
 0004:00000f9c       __imp__MonitorFromWindow@8 00481f9c     user32:USER32.dll
 0004:00000fa0       __imp__GetMonitorInfoA@8   00481fa0     user32:USER32.dll
 0004:00000fa4       __imp__IsZoomed@4          00481fa4     user32:USER32.dll
 0004:00000fa8       __imp__LoadCursorA@8       00481fa8     user32:USER32.dll
 0004:00000fac       __imp__SetCursor@4         00481fac     user32:USER32.dll
 0004:00000fb0       __imp__GetWindowRect@8     00481fb0     user32:USER32.dll
 0004:00000fb4       __imp__SetWindowRgn@12     00481fb4     user32:USER32.dll
 0004:00000fb8       __imp__GetClientRect@8     00481fb8     user32:USER32.dll
 0004:00000fbc       __imp__IsIconic@4          00481fbc     user32:USER32.dll
 0004:00000fc0       __imp__GetWindowLongA@8    00481fc0     user32:USER32.dll
 0004:00000fc4       __imp__SetWindowLongA@12   00481fc4     user32:USER32.dll
 0004:00000fc8       __imp__PostQuitMessage@4   00481fc8     user32:USER32.dll
 0004:00000fcc       __imp__GetCursorPos@4      00481fcc     user32:USER32.dll
 0004:00000fd0       \177USER32_NULL_THUNK_DATA 00481fd0     user32:USER32.dll
 0004:00001008       __imp__CoInitialize@4      00482008     ole32:ole32.dll
 0004:0000100c       __imp__CoUninitialize@0    0048200c     ole32:ole32.dll
 0004:00001010       \177ole32_NULL_THUNK_DATA  00482010     ole32:ole32.dll

 entry point at        0001:00010680

